23-11-27 05:10:45.450 :   phase: train
  device: cuda
  dataset:[
    root: ./CAVE
    hsi_dir: hsi_5
    msi_dir: msi
    gt_dir: gt
    bands: 31
    bands_msi: 3
    height_hsi: 16
    width_hsi: 16
    scale_factor: 32
    num_endmember: 16
  ]
  model:[
    ConvLayerKernelParam:[
      mode: conv2d
      depth: 2
      bands: 64
      layers: ['SR', 'SR']
      layers_param: [[1, 31, 31, 3, 3, 0, 0, 1], [1, 31, 31, 3, 3, 0, 0, 1]]
    ]
    GaussianSRFParam:[
      factor: 4
    ]
    DenseSRFParam:[
      mode: dnn
      depth: 1
      bands: 64
      layers: ['DS']
      layers_param: [[31, 3]]
    ]
    ConvLayerAbundanceParam:[
      Encoder_0:[
        mode: conv2d
        depth: 1
        bands: 64
        layers: ['Sl']
        layers_param: [[1, 3, 4, 1, 1, 0, 0, 1]]
      ]
      Encoder_1:[
        mode: conv2d
        depth: 1
        bands: 64
        layers: ['Sl']
        layers_param: [[1, 7, 8, 1, 1, 0, 0, 1]]
      ]
      Encoder_2:[
        mode: conv2d
        depth: 1
        bands: 64
        layers: ['Sl']
        layers_param: [[1, 11, 16, 1, 1, 0, 0, 1]]
      ]
      Encoder_3:[
        mode: conv2d
        depth: 1
        bands: 64
        layers: ['Sl']
        layers_param: [[1, 19, 24, 1, 1, 0, 0, 1]]
      ]
      Encoder_4:[
        mode: conv2d
        depth: 1
        bands: 64
        layers: ['Sr']
        layers_param: [[1, 27, 16, 1, 1, 0, 0, 1]]
      ]
    ]
    ConvLayerSpectralParamMean:[
      mode: dnn
      depth: 6
      bands: 64
      layers: ['DL', 'DL', 'DL', 'DL', 'DL', 'DL']
      layers_param: [[16, 18], [18, 22], [22, 26], [26, 30], [30, 32], [32, 31]]
    ]
    ConvLayerSpectralParamMean_:[
      mode: dnn
      depth: 2
      bands: 64
      layers: ['DL', 'DL']
      layers_param: [[16, 24], [24, 31]]
    ]
    ConvLayerSpectralParamVar:[
      mode: dnn
      depth: 2
      bands: 64
      layers: ['DL', 'DL']
      layers_param: [[16, 24], [24, 31]]
    ]
  ]
  loss:[
    type_train_theta: ['l1', 'l1', 'l1']
    weights_train_theta: [0.5, 0.2, 0.2]
    type_test_theta: ['l1', 'l1', 'l1']
    weights_test_theta: [0.5, 0.2, 0.2]
    type_train_phi: ['l1']
    weights_train_phi: [0.5]
    type_test_phi: ['l1']
    weights_test_phi: [0.5]
  ]
  train:[
    pretrained_path: None
    load: 1
    batchsize: 64
    blocksize: [4, 4]
    shuffle: True
    num_epoch: 100
    manual_seed: 123
    G_optimizer_lr: 0.001
    G_scheduler_milestones: [250, 450, 650, 850, 1050]
    G_scheduler_gamma: 0.5
    pth_save_dir: ./pths
    pth_save_interval: 10
    val_interval: 10
    checkpoint_interval: 1
  ]
  test:[
    pretrained_path: ./pths/net99.pth
    load: 1
    num_epoch: 500
    G_optimizer_lr: 0.005
    G_scheduler_milestones: [25, 45, 65, 85, 105, 125, 145, 165]
    G_scheduler_gamma: 0.5
    result_save_dir: ./results
    val_interval: 20
    load_whole: 1
    pth_path: ./pths/net3900.pth
    pth_num: 35500
    pth_save_dir: ./pths
    pth_save_interval: 20
  ]
  log:[
    path: ./
  ]

23-11-27 05:10:53.700 : , G_loss_test: 1.371e-02, hsi_likelihood_test: 5.885e-03, msi_likelihood_test: 7.825e-03, regularization_degradation_test: 4.209e-09, regularization_phi_test: 6.019e-03, psnr_xr_test: 3.197e+01, sam_xr_test: 1.049e+01, psnr_yr_test: 2.553e+01, sam_yr_test: 1.823e+01, psnr_zr_test: 3.322e+01, sam_zr_test: 1.242e+01, ssim_zr_test: 9.329e-01, rmse_zr_test: 6.570e+00, ergas_zr_test: 6.485e-01, uqi_zr_test: 9.022e-01, psnr_xdsr_test: 3.183e+01, sam_xdsr_test: 1.081e+01
23-11-27 05:10:53.700 : , G_loss_test: 1.371e-02, hsi_likelihood_test: 5.885e-03, msi_likelihood_test: 7.825e-03, regularization_degradation_test: 4.209e-09, regularization_phi_test: 6.019e-03, psnr_xr_test: 3.197e+01, sam_xr_test: 1.049e+01, psnr_yr_test: 2.553e+01, sam_yr_test: 1.823e+01, psnr_zr_test: 3.322e+01, sam_zr_test: 1.242e+01, ssim_zr_test: 9.329e-01, rmse_zr_test: 6.570e+00, ergas_zr_test: 6.485e-01, uqi_zr_test: 9.022e-01, psnr_xdsr_test: 3.183e+01, sam_xdsr_test: 1.081e+01
23-11-27 05:10:57.875 : , G_loss_test: 1.308e-02, hsi_likelihood_test: 5.254e-03, msi_likelihood_test: 7.827e-03, regularization_degradation_test: 4.287e-09, regularization_phi_test: 5.365e-03, psnr_xr_test: 3.306e+01, sam_xr_test: 8.935e+00, psnr_yr_test: 2.536e+01, sam_yr_test: 1.679e+01, psnr_zr_test: 3.404e+01, sam_zr_test: 1.084e+01, ssim_zr_test: 9.421e-01, rmse_zr_test: 6.085e+00, ergas_zr_test: 6.013e-01, uqi_zr_test: 9.218e-01, psnr_xdsr_test: 3.299e+01, sam_xdsr_test: 9.291e+00
23-11-27 05:10:57.876 : , G_loss_test: 1.308e-02, hsi_likelihood_test: 5.254e-03, msi_likelihood_test: 7.827e-03, regularization_degradation_test: 4.287e-09, regularization_phi_test: 5.365e-03, psnr_xr_test: 3.306e+01, sam_xr_test: 8.935e+00, psnr_yr_test: 2.536e+01, sam_yr_test: 1.679e+01, psnr_zr_test: 3.404e+01, sam_zr_test: 1.084e+01, ssim_zr_test: 9.421e-01, rmse_zr_test: 6.085e+00, ergas_zr_test: 6.013e-01, uqi_zr_test: 9.218e-01, psnr_xdsr_test: 3.299e+01, sam_xdsr_test: 9.291e+00
23-11-27 05:11:02.073 : , G_loss_test: 1.292e-02, hsi_likelihood_test: 4.871e-03, msi_likelihood_test: 8.045e-03, regularization_degradation_test: 4.217e-09, regularization_phi_test: 4.977e-03, psnr_xr_test: 3.356e+01, sam_xr_test: 8.692e+00, psnr_yr_test: 2.500e+01, sam_yr_test: 1.711e+01, psnr_zr_test: 3.436e+01, sam_zr_test: 1.065e+01, ssim_zr_test: 9.492e-01, rmse_zr_test: 5.859e+00, ergas_zr_test: 5.820e-01, uqi_zr_test: 9.359e-01, psnr_xdsr_test: 3.351e+01, sam_xdsr_test: 8.993e+00
23-11-27 05:11:02.073 : , G_loss_test: 1.292e-02, hsi_likelihood_test: 4.871e-03, msi_likelihood_test: 8.045e-03, regularization_degradation_test: 4.217e-09, regularization_phi_test: 4.977e-03, psnr_xr_test: 3.356e+01, sam_xr_test: 8.692e+00, psnr_yr_test: 2.500e+01, sam_yr_test: 1.711e+01, psnr_zr_test: 3.436e+01, sam_zr_test: 1.065e+01, ssim_zr_test: 9.492e-01, rmse_zr_test: 5.859e+00, ergas_zr_test: 5.820e-01, uqi_zr_test: 9.359e-01, psnr_xdsr_test: 3.351e+01, sam_xdsr_test: 8.993e+00
23-11-27 05:11:06.203 : , G_loss_test: 1.263e-02, hsi_likelihood_test: 4.635e-03, msi_likelihood_test: 7.996e-03, regularization_degradation_test: 4.235e-09, regularization_phi_test: 4.730e-03, psnr_xr_test: 3.397e+01, sam_xr_test: 8.268e+00, psnr_yr_test: 2.509e+01, sam_yr_test: nan, psnr_zr_test: 3.464e+01, sam_zr_test: 1.020e+01, ssim_zr_test: 9.519e-01, rmse_zr_test: 5.701e+00, ergas_zr_test: 5.672e-01, uqi_zr_test: 9.415e-01, psnr_xdsr_test: 3.394e+01, sam_xdsr_test: 8.576e+00
23-11-27 05:11:06.204 : , G_loss_test: 1.263e-02, hsi_likelihood_test: 4.635e-03, msi_likelihood_test: 7.996e-03, regularization_degradation_test: 4.235e-09, regularization_phi_test: 4.730e-03, psnr_xr_test: 3.397e+01, sam_xr_test: 8.268e+00, psnr_yr_test: 2.509e+01, sam_yr_test: nan, psnr_zr_test: 3.464e+01, sam_zr_test: 1.020e+01, ssim_zr_test: 9.519e-01, rmse_zr_test: 5.701e+00, ergas_zr_test: 5.672e-01, uqi_zr_test: 9.415e-01, psnr_xdsr_test: 3.394e+01, sam_xdsr_test: 8.576e+00
23-11-27 05:11:10.449 : , G_loss_test: 1.238e-02, hsi_likelihood_test: 4.434e-03, msi_likelihood_test: 7.943e-03, regularization_degradation_test: 4.030e-09, regularization_phi_test: 4.523e-03, psnr_xr_test: 3.440e+01, sam_xr_test: 7.989e+00, psnr_yr_test: 2.501e+01, sam_yr_test: 1.711e+01, psnr_zr_test: 3.491e+01, sam_zr_test: 9.919e+00, ssim_zr_test: 9.532e-01, rmse_zr_test: 5.530e+00, ergas_zr_test: 5.553e-01, uqi_zr_test: 9.453e-01, psnr_xdsr_test: 3.439e+01, sam_xdsr_test: 8.275e+00
23-11-27 05:11:10.450 : , G_loss_test: 1.238e-02, hsi_likelihood_test: 4.434e-03, msi_likelihood_test: 7.943e-03, regularization_degradation_test: 4.030e-09, regularization_phi_test: 4.523e-03, psnr_xr_test: 3.440e+01, sam_xr_test: 7.989e+00, psnr_yr_test: 2.501e+01, sam_yr_test: 1.711e+01, psnr_zr_test: 3.491e+01, sam_zr_test: 9.919e+00, ssim_zr_test: 9.532e-01, rmse_zr_test: 5.530e+00, ergas_zr_test: 5.553e-01, uqi_zr_test: 9.453e-01, psnr_xdsr_test: 3.439e+01, sam_xdsr_test: 8.275e+00
23-11-27 05:11:15.078 : , G_loss_test: 1.225e-02, hsi_likelihood_test: 4.266e-03, msi_likelihood_test: 7.988e-03, regularization_degradation_test: 3.920e-09, regularization_phi_test: 4.372e-03, psnr_xr_test: 3.473e+01, sam_xr_test: 7.776e+00, psnr_yr_test: 2.484e+01, sam_yr_test: 1.701e+01, psnr_zr_test: 3.514e+01, sam_zr_test: 9.726e+00, ssim_zr_test: 9.551e-01, rmse_zr_test: 5.383e+00, ergas_zr_test: 5.437e-01, uqi_zr_test: 9.486e-01, psnr_xdsr_test: 3.464e+01, sam_xdsr_test: 8.067e+00
23-11-27 05:11:15.078 : , G_loss_test: 1.225e-02, hsi_likelihood_test: 4.266e-03, msi_likelihood_test: 7.988e-03, regularization_degradation_test: 3.920e-09, regularization_phi_test: 4.372e-03, psnr_xr_test: 3.473e+01, sam_xr_test: 7.776e+00, psnr_yr_test: 2.484e+01, sam_yr_test: 1.701e+01, psnr_zr_test: 3.514e+01, sam_zr_test: 9.726e+00, ssim_zr_test: 9.551e-01, rmse_zr_test: 5.383e+00, ergas_zr_test: 5.437e-01, uqi_zr_test: 9.486e-01, psnr_xdsr_test: 3.464e+01, sam_xdsr_test: 8.067e+00
23-11-27 05:11:19.841 : , G_loss_test: 1.217e-02, hsi_likelihood_test: 4.187e-03, msi_likelihood_test: 7.984e-03, regularization_degradation_test: 3.937e-09, regularization_phi_test: 4.263e-03, psnr_xr_test: 3.493e+01, sam_xr_test: 7.597e+00, psnr_yr_test: 2.481e+01, sam_yr_test: 1.705e+01, psnr_zr_test: 3.530e+01, sam_zr_test: 9.573e+00, ssim_zr_test: 9.563e-01, rmse_zr_test: 5.245e+00, ergas_zr_test: 5.330e-01, uqi_zr_test: 9.502e-01, psnr_xdsr_test: 3.491e+01, sam_xdsr_test: 7.850e+00
23-11-27 05:11:19.842 : , G_loss_test: 1.217e-02, hsi_likelihood_test: 4.187e-03, msi_likelihood_test: 7.984e-03, regularization_degradation_test: 3.937e-09, regularization_phi_test: 4.263e-03, psnr_xr_test: 3.493e+01, sam_xr_test: 7.597e+00, psnr_yr_test: 2.481e+01, sam_yr_test: 1.705e+01, psnr_zr_test: 3.530e+01, sam_zr_test: 9.573e+00, ssim_zr_test: 9.563e-01, rmse_zr_test: 5.245e+00, ergas_zr_test: 5.330e-01, uqi_zr_test: 9.502e-01, psnr_xdsr_test: 3.491e+01, sam_xdsr_test: 7.850e+00
23-11-27 05:11:24.392 : , G_loss_test: 1.206e-02, hsi_likelihood_test: 4.014e-03, msi_likelihood_test: 8.048e-03, regularization_degradation_test: 4.550e-09, regularization_phi_test: 4.080e-03, psnr_xr_test: 3.532e+01, sam_xr_test: 7.385e+00, psnr_yr_test: 2.480e+01, sam_yr_test: 1.699e+01, psnr_zr_test: 3.558e+01, sam_zr_test: 9.390e+00, ssim_zr_test: 9.576e-01, rmse_zr_test: 5.108e+00, ergas_zr_test: 5.209e-01, uqi_zr_test: 9.526e-01, psnr_xdsr_test: 3.532e+01, sam_xdsr_test: 7.657e+00
23-11-27 05:11:24.393 : , G_loss_test: 1.206e-02, hsi_likelihood_test: 4.014e-03, msi_likelihood_test: 8.048e-03, regularization_degradation_test: 4.550e-09, regularization_phi_test: 4.080e-03, psnr_xr_test: 3.532e+01, sam_xr_test: 7.385e+00, psnr_yr_test: 2.480e+01, sam_yr_test: 1.699e+01, psnr_zr_test: 3.558e+01, sam_zr_test: 9.390e+00, ssim_zr_test: 9.576e-01, rmse_zr_test: 5.108e+00, ergas_zr_test: 5.209e-01, uqi_zr_test: 9.526e-01, psnr_xdsr_test: 3.532e+01, sam_xdsr_test: 7.657e+00
23-11-27 05:11:28.998 : , G_loss_test: 1.183e-02, hsi_likelihood_test: 3.876e-03, msi_likelihood_test: 7.950e-03, regularization_degradation_test: 3.921e-09, regularization_phi_test: 3.938e-03, psnr_xr_test: 3.562e+01, sam_xr_test: 7.164e+00, psnr_yr_test: 2.488e+01, sam_yr_test: 1.712e+01, psnr_zr_test: 3.579e+01, sam_zr_test: 9.162e+00, ssim_zr_test: 9.591e-01, rmse_zr_test: 4.996e+00, ergas_zr_test: 5.107e-01, uqi_zr_test: 9.543e-01, psnr_xdsr_test: 3.560e+01, sam_xdsr_test: 7.436e+00
23-11-27 05:11:28.999 : , G_loss_test: 1.183e-02, hsi_likelihood_test: 3.876e-03, msi_likelihood_test: 7.950e-03, regularization_degradation_test: 3.921e-09, regularization_phi_test: 3.938e-03, psnr_xr_test: 3.562e+01, sam_xr_test: 7.164e+00, psnr_yr_test: 2.488e+01, sam_yr_test: 1.712e+01, psnr_zr_test: 3.579e+01, sam_zr_test: 9.162e+00, ssim_zr_test: 9.591e-01, rmse_zr_test: 4.996e+00, ergas_zr_test: 5.107e-01, uqi_zr_test: 9.543e-01, psnr_xdsr_test: 3.560e+01, sam_xdsr_test: 7.436e+00
23-11-27 05:11:33.508 : , G_loss_test: 1.176e-02, hsi_likelihood_test: 3.792e-03, msi_likelihood_test: 7.972e-03, regularization_degradation_test: 3.998e-09, regularization_phi_test: 3.858e-03, psnr_xr_test: 3.579e+01, sam_xr_test: 6.907e+00, psnr_yr_test: 2.477e+01, sam_yr_test: nan, psnr_zr_test: 3.595e+01, sam_zr_test: 8.921e+00, ssim_zr_test: 9.604e-01, rmse_zr_test: 4.887e+00, ergas_zr_test: 5.003e-01, uqi_zr_test: 9.560e-01, psnr_xdsr_test: 3.579e+01, sam_xdsr_test: 7.216e+00
23-11-27 05:11:33.508 : , G_loss_test: 1.176e-02, hsi_likelihood_test: 3.792e-03, msi_likelihood_test: 7.972e-03, regularization_degradation_test: 3.998e-09, regularization_phi_test: 3.858e-03, psnr_xr_test: 3.579e+01, sam_xr_test: 6.907e+00, psnr_yr_test: 2.477e+01, sam_yr_test: nan, psnr_zr_test: 3.595e+01, sam_zr_test: 8.921e+00, ssim_zr_test: 9.604e-01, rmse_zr_test: 4.887e+00, ergas_zr_test: 5.003e-01, uqi_zr_test: 9.560e-01, psnr_xdsr_test: 3.579e+01, sam_xdsr_test: 7.216e+00
23-11-27 05:11:38.032 : , G_loss_test: 1.164e-02, hsi_likelihood_test: 3.618e-03, msi_likelihood_test: 8.024e-03, regularization_degradation_test: 4.101e-09, regularization_phi_test: 3.677e-03, psnr_xr_test: 3.624e+01, sam_xr_test: 6.675e+00, psnr_yr_test: 2.475e+01, sam_yr_test: nan, psnr_zr_test: 3.617e+01, sam_zr_test: 8.733e+00, ssim_zr_test: 9.612e-01, rmse_zr_test: 4.775e+00, ergas_zr_test: 4.899e-01, uqi_zr_test: 9.583e-01, psnr_xdsr_test: 3.624e+01, sam_xdsr_test: 6.983e+00
23-11-27 05:11:38.032 : , G_loss_test: 1.164e-02, hsi_likelihood_test: 3.618e-03, msi_likelihood_test: 8.024e-03, regularization_degradation_test: 4.101e-09, regularization_phi_test: 3.677e-03, psnr_xr_test: 3.624e+01, sam_xr_test: 6.675e+00, psnr_yr_test: 2.475e+01, sam_yr_test: nan, psnr_zr_test: 3.617e+01, sam_zr_test: 8.733e+00, ssim_zr_test: 9.612e-01, rmse_zr_test: 4.775e+00, ergas_zr_test: 4.899e-01, uqi_zr_test: 9.583e-01, psnr_xdsr_test: 3.624e+01, sam_xdsr_test: 6.983e+00
23-11-27 05:11:42.578 : , G_loss_test: 1.168e-02, hsi_likelihood_test: 3.544e-03, msi_likelihood_test: 8.137e-03, regularization_degradation_test: 3.948e-09, regularization_phi_test: 3.591e-03, psnr_xr_test: 3.647e+01, sam_xr_test: 6.504e+00, psnr_yr_test: 2.456e+01, sam_yr_test: 1.706e+01, psnr_zr_test: 3.628e+01, sam_zr_test: 8.584e+00, ssim_zr_test: 9.627e-01, rmse_zr_test: 4.671e+00, ergas_zr_test: 4.797e-01, uqi_zr_test: 9.594e-01, psnr_xdsr_test: 3.650e+01, sam_xdsr_test: 6.776e+00
23-11-27 05:11:42.579 : , G_loss_test: 1.168e-02, hsi_likelihood_test: 3.544e-03, msi_likelihood_test: 8.137e-03, regularization_degradation_test: 3.948e-09, regularization_phi_test: 3.591e-03, psnr_xr_test: 3.647e+01, sam_xr_test: 6.504e+00, psnr_yr_test: 2.456e+01, sam_yr_test: 1.706e+01, psnr_zr_test: 3.628e+01, sam_zr_test: 8.584e+00, ssim_zr_test: 9.627e-01, rmse_zr_test: 4.671e+00, ergas_zr_test: 4.797e-01, uqi_zr_test: 9.594e-01, psnr_xdsr_test: 3.650e+01, sam_xdsr_test: 6.776e+00
23-11-27 05:11:47.151 : , G_loss_test: 1.145e-02, hsi_likelihood_test: 3.412e-03, msi_likelihood_test: 8.042e-03, regularization_degradation_test: 4.201e-09, regularization_phi_test: 3.447e-03, psnr_xr_test: 3.668e+01, sam_xr_test: 6.305e+00, psnr_yr_test: 2.467e+01, sam_yr_test: 1.718e+01, psnr_zr_test: 3.641e+01, sam_zr_test: 8.365e+00, ssim_zr_test: 9.650e-01, rmse_zr_test: 4.566e+00, ergas_zr_test: 4.696e-01, uqi_zr_test: 9.635e-01, psnr_xdsr_test: 3.677e+01, sam_xdsr_test: 6.538e+00
23-11-27 05:11:47.151 : , G_loss_test: 1.145e-02, hsi_likelihood_test: 3.412e-03, msi_likelihood_test: 8.042e-03, regularization_degradation_test: 4.201e-09, regularization_phi_test: 3.447e-03, psnr_xr_test: 3.668e+01, sam_xr_test: 6.305e+00, psnr_yr_test: 2.467e+01, sam_yr_test: 1.718e+01, psnr_zr_test: 3.641e+01, sam_zr_test: 8.365e+00, ssim_zr_test: 9.650e-01, rmse_zr_test: 4.566e+00, ergas_zr_test: 4.696e-01, uqi_zr_test: 9.635e-01, psnr_xdsr_test: 3.677e+01, sam_xdsr_test: 6.538e+00
23-11-27 05:11:51.607 : , G_loss_test: 1.132e-02, hsi_likelihood_test: 3.314e-03, msi_likelihood_test: 8.004e-03, regularization_degradation_test: 4.263e-09, regularization_phi_test: 3.343e-03, psnr_xr_test: 3.690e+01, sam_xr_test: 6.122e+00, psnr_yr_test: 2.481e+01, sam_yr_test: nan, psnr_zr_test: 3.651e+01, sam_zr_test: 8.201e+00, ssim_zr_test: 9.655e-01, rmse_zr_test: 4.518e+00, ergas_zr_test: 4.650e-01, uqi_zr_test: 9.647e-01, psnr_xdsr_test: 3.699e+01, sam_xdsr_test: 6.381e+00
23-11-27 05:11:51.607 : , G_loss_test: 1.132e-02, hsi_likelihood_test: 3.314e-03, msi_likelihood_test: 8.004e-03, regularization_degradation_test: 4.263e-09, regularization_phi_test: 3.343e-03, psnr_xr_test: 3.690e+01, sam_xr_test: 6.122e+00, psnr_yr_test: 2.481e+01, sam_yr_test: nan, psnr_zr_test: 3.651e+01, sam_zr_test: 8.201e+00, ssim_zr_test: 9.655e-01, rmse_zr_test: 4.518e+00, ergas_zr_test: 4.650e-01, uqi_zr_test: 9.647e-01, psnr_xdsr_test: 3.699e+01, sam_xdsr_test: 6.381e+00
23-11-27 05:11:56.062 : , G_loss_test: 1.127e-02, hsi_likelihood_test: 3.252e-03, msi_likelihood_test: 8.019e-03, regularization_degradation_test: 4.205e-09, regularization_phi_test: 3.274e-03, psnr_xr_test: 3.704e+01, sam_xr_test: 6.026e+00, psnr_yr_test: 2.480e+01, sam_yr_test: 1.723e+01, psnr_zr_test: 3.660e+01, sam_zr_test: 8.115e+00, ssim_zr_test: 9.659e-01, rmse_zr_test: 4.460e+00, ergas_zr_test: 4.593e-01, uqi_zr_test: 9.654e-01, psnr_xdsr_test: 3.717e+01, sam_xdsr_test: 6.274e+00
23-11-27 05:11:56.063 : , G_loss_test: 1.127e-02, hsi_likelihood_test: 3.252e-03, msi_likelihood_test: 8.019e-03, regularization_degradation_test: 4.205e-09, regularization_phi_test: 3.274e-03, psnr_xr_test: 3.704e+01, sam_xr_test: 6.026e+00, psnr_yr_test: 2.480e+01, sam_yr_test: 1.723e+01, psnr_zr_test: 3.660e+01, sam_zr_test: 8.115e+00, ssim_zr_test: 9.659e-01, rmse_zr_test: 4.460e+00, ergas_zr_test: 4.593e-01, uqi_zr_test: 9.654e-01, psnr_xdsr_test: 3.717e+01, sam_xdsr_test: 6.274e+00
23-11-27 05:12:00.639 : , G_loss_test: 1.127e-02, hsi_likelihood_test: 3.210e-03, msi_likelihood_test: 8.057e-03, regularization_degradation_test: 4.131e-09, regularization_phi_test: 3.225e-03, psnr_xr_test: 3.716e+01, sam_xr_test: 5.935e+00, psnr_yr_test: 2.475e+01, sam_yr_test: nan, psnr_zr_test: 3.667e+01, sam_zr_test: 8.033e+00, ssim_zr_test: 9.663e-01, rmse_zr_test: 4.413e+00, ergas_zr_test: 4.547e-01, uqi_zr_test: 9.658e-01, psnr_xdsr_test: 3.731e+01, sam_xdsr_test: 6.169e+00
23-11-27 05:12:00.640 : , G_loss_test: 1.127e-02, hsi_likelihood_test: 3.210e-03, msi_likelihood_test: 8.057e-03, regularization_degradation_test: 4.131e-09, regularization_phi_test: 3.225e-03, psnr_xr_test: 3.716e+01, sam_xr_test: 5.935e+00, psnr_yr_test: 2.475e+01, sam_yr_test: nan, psnr_zr_test: 3.667e+01, sam_zr_test: 8.033e+00, ssim_zr_test: 9.663e-01, rmse_zr_test: 4.413e+00, ergas_zr_test: 4.547e-01, uqi_zr_test: 9.658e-01, psnr_xdsr_test: 3.731e+01, sam_xdsr_test: 6.169e+00
23-11-27 05:12:05.022 : , G_loss_test: 1.122e-02, hsi_likelihood_test: 3.164e-03, msi_likelihood_test: 8.056e-03, regularization_degradation_test: 4.108e-09, regularization_phi_test: 3.171e-03, psnr_xr_test: 3.726e+01, sam_xr_test: 5.844e+00, psnr_yr_test: 2.477e+01, sam_yr_test: nan, psnr_zr_test: 3.675e+01, sam_zr_test: 7.963e+00, ssim_zr_test: 9.666e-01, rmse_zr_test: 4.363e+00, ergas_zr_test: 4.496e-01, uqi_zr_test: 9.658e-01, psnr_xdsr_test: 3.744e+01, sam_xdsr_test: 6.101e+00
23-11-27 05:12:05.022 : , G_loss_test: 1.122e-02, hsi_likelihood_test: 3.164e-03, msi_likelihood_test: 8.056e-03, regularization_degradation_test: 4.108e-09, regularization_phi_test: 3.171e-03, psnr_xr_test: 3.726e+01, sam_xr_test: 5.844e+00, psnr_yr_test: 2.477e+01, sam_yr_test: nan, psnr_zr_test: 3.675e+01, sam_zr_test: 7.963e+00, ssim_zr_test: 9.666e-01, rmse_zr_test: 4.363e+00, ergas_zr_test: 4.496e-01, uqi_zr_test: 9.658e-01, psnr_xdsr_test: 3.744e+01, sam_xdsr_test: 6.101e+00
23-11-27 05:12:09.680 : , G_loss_test: 1.118e-02, hsi_likelihood_test: 3.122e-03, msi_likelihood_test: 8.059e-03, regularization_degradation_test: 4.313e-09, regularization_phi_test: 3.130e-03, psnr_xr_test: 3.739e+01, sam_xr_test: 5.752e+00, psnr_yr_test: 2.474e+01, sam_yr_test: nan, psnr_zr_test: 3.681e+01, sam_zr_test: 7.865e+00, ssim_zr_test: 9.669e-01, rmse_zr_test: 4.321e+00, ergas_zr_test: 4.458e-01, uqi_zr_test: 9.665e-01, psnr_xdsr_test: 3.750e+01, sam_xdsr_test: 5.991e+00
23-11-27 05:12:09.680 : , G_loss_test: 1.118e-02, hsi_likelihood_test: 3.122e-03, msi_likelihood_test: 8.059e-03, regularization_degradation_test: 4.313e-09, regularization_phi_test: 3.130e-03, psnr_xr_test: 3.739e+01, sam_xr_test: 5.752e+00, psnr_yr_test: 2.474e+01, sam_yr_test: nan, psnr_zr_test: 3.681e+01, sam_zr_test: 7.865e+00, ssim_zr_test: 9.669e-01, rmse_zr_test: 4.321e+00, ergas_zr_test: 4.458e-01, uqi_zr_test: 9.665e-01, psnr_xdsr_test: 3.750e+01, sam_xdsr_test: 5.991e+00
23-11-27 05:12:14.359 : , G_loss_test: 1.110e-02, hsi_likelihood_test: 3.083e-03, msi_likelihood_test: 8.020e-03, regularization_degradation_test: 4.149e-09, regularization_phi_test: 3.081e-03, psnr_xr_test: 3.745e+01, sam_xr_test: 5.666e+00, psnr_yr_test: 2.477e+01, sam_yr_test: nan, psnr_zr_test: 3.686e+01, sam_zr_test: 7.782e+00, ssim_zr_test: 9.673e-01, rmse_zr_test: 4.283e+00, ergas_zr_test: 4.421e-01, uqi_zr_test: 9.669e-01, psnr_xdsr_test: 3.764e+01, sam_xdsr_test: 5.906e+00
23-11-27 05:12:14.360 : , G_loss_test: 1.110e-02, hsi_likelihood_test: 3.083e-03, msi_likelihood_test: 8.020e-03, regularization_degradation_test: 4.149e-09, regularization_phi_test: 3.081e-03, psnr_xr_test: 3.745e+01, sam_xr_test: 5.666e+00, psnr_yr_test: 2.477e+01, sam_yr_test: nan, psnr_zr_test: 3.686e+01, sam_zr_test: 7.782e+00, ssim_zr_test: 9.673e-01, rmse_zr_test: 4.283e+00, ergas_zr_test: 4.421e-01, uqi_zr_test: 9.669e-01, psnr_xdsr_test: 3.764e+01, sam_xdsr_test: 5.906e+00
23-11-27 05:12:19.098 : , G_loss_test: 1.110e-02, hsi_likelihood_test: 3.034e-03, msi_likelihood_test: 8.067e-03, regularization_degradation_test: 4.141e-09, regularization_phi_test: 3.028e-03, psnr_xr_test: 3.761e+01, sam_xr_test: 5.557e+00, psnr_yr_test: 2.473e+01, sam_yr_test: 1.744e+01, psnr_zr_test: 3.696e+01, sam_zr_test: 7.703e+00, ssim_zr_test: 9.676e-01, rmse_zr_test: 4.234e+00, ergas_zr_test: 4.372e-01, uqi_zr_test: 9.668e-01, psnr_xdsr_test: 3.783e+01, sam_xdsr_test: 5.809e+00
23-11-27 05:12:19.099 : , G_loss_test: 1.110e-02, hsi_likelihood_test: 3.034e-03, msi_likelihood_test: 8.067e-03, regularization_degradation_test: 4.141e-09, regularization_phi_test: 3.028e-03, psnr_xr_test: 3.761e+01, sam_xr_test: 5.557e+00, psnr_yr_test: 2.473e+01, sam_yr_test: 1.744e+01, psnr_zr_test: 3.696e+01, sam_zr_test: 7.703e+00, ssim_zr_test: 9.676e-01, rmse_zr_test: 4.234e+00, ergas_zr_test: 4.372e-01, uqi_zr_test: 9.668e-01, psnr_xdsr_test: 3.783e+01, sam_xdsr_test: 5.809e+00
23-11-27 05:12:23.672 : , G_loss_test: 1.108e-02, hsi_likelihood_test: 2.999e-03, msi_likelihood_test: 8.080e-03, regularization_degradation_test: 4.251e-09, regularization_phi_test: 2.984e-03, psnr_xr_test: 3.769e+01, sam_xr_test: 5.470e+00, psnr_yr_test: 2.474e+01, sam_yr_test: 1.750e+01, psnr_zr_test: 3.702e+01, sam_zr_test: 7.619e+00, ssim_zr_test: 9.680e-01, rmse_zr_test: 4.199e+00, ergas_zr_test: 4.336e-01, uqi_zr_test: 9.671e-01, psnr_xdsr_test: 3.794e+01, sam_xdsr_test: 5.699e+00
23-11-27 05:12:23.672 : , G_loss_test: 1.108e-02, hsi_likelihood_test: 2.999e-03, msi_likelihood_test: 8.080e-03, regularization_degradation_test: 4.251e-09, regularization_phi_test: 2.984e-03, psnr_xr_test: 3.769e+01, sam_xr_test: 5.470e+00, psnr_yr_test: 2.474e+01, sam_yr_test: 1.750e+01, psnr_zr_test: 3.702e+01, sam_zr_test: 7.619e+00, ssim_zr_test: 9.680e-01, rmse_zr_test: 4.199e+00, ergas_zr_test: 4.336e-01, uqi_zr_test: 9.671e-01, psnr_xdsr_test: 3.794e+01, sam_xdsr_test: 5.699e+00
23-11-27 05:12:28.313 : , G_loss_test: 1.103e-02, hsi_likelihood_test: 2.964e-03, msi_likelihood_test: 8.071e-03, regularization_degradation_test: 3.831e-09, regularization_phi_test: 2.936e-03, psnr_xr_test: 3.779e+01, sam_xr_test: 5.406e+00, psnr_yr_test: 2.471e+01, sam_yr_test: nan, psnr_zr_test: 3.708e+01, sam_zr_test: 7.550e+00, ssim_zr_test: 9.683e-01, rmse_zr_test: 4.164e+00, ergas_zr_test: 4.303e-01, uqi_zr_test: 9.676e-01, psnr_xdsr_test: 3.807e+01, sam_xdsr_test: 5.615e+00
23-11-27 05:12:28.314 : , G_loss_test: 1.103e-02, hsi_likelihood_test: 2.964e-03, msi_likelihood_test: 8.071e-03, regularization_degradation_test: 3.831e-09, regularization_phi_test: 2.936e-03, psnr_xr_test: 3.779e+01, sam_xr_test: 5.406e+00, psnr_yr_test: 2.471e+01, sam_yr_test: nan, psnr_zr_test: 3.708e+01, sam_zr_test: 7.550e+00, ssim_zr_test: 9.683e-01, rmse_zr_test: 4.164e+00, ergas_zr_test: 4.303e-01, uqi_zr_test: 9.676e-01, psnr_xdsr_test: 3.807e+01, sam_xdsr_test: 5.615e+00
23-11-27 05:12:32.960 : , G_loss_test: 1.101e-02, hsi_likelihood_test: 2.915e-03, msi_likelihood_test: 8.090e-03, regularization_degradation_test: 4.056e-09, regularization_phi_test: 2.894e-03, psnr_xr_test: 3.790e+01, sam_xr_test: 5.298e+00, psnr_yr_test: 2.470e+01, sam_yr_test: 1.759e+01, psnr_zr_test: 3.715e+01, sam_zr_test: 7.464e+00, ssim_zr_test: 9.690e-01, rmse_zr_test: 4.117e+00, ergas_zr_test: 4.257e-01, uqi_zr_test: 9.681e-01, psnr_xdsr_test: 3.816e+01, sam_xdsr_test: 5.535e+00
23-11-27 05:12:32.961 : , G_loss_test: 1.101e-02, hsi_likelihood_test: 2.915e-03, msi_likelihood_test: 8.090e-03, regularization_degradation_test: 4.056e-09, regularization_phi_test: 2.894e-03, psnr_xr_test: 3.790e+01, sam_xr_test: 5.298e+00, psnr_yr_test: 2.470e+01, sam_yr_test: 1.759e+01, psnr_zr_test: 3.715e+01, sam_zr_test: 7.464e+00, ssim_zr_test: 9.690e-01, rmse_zr_test: 4.117e+00, ergas_zr_test: 4.257e-01, uqi_zr_test: 9.681e-01, psnr_xdsr_test: 3.816e+01, sam_xdsr_test: 5.535e+00
23-11-27 05:12:37.579 : , G_loss_test: 1.100e-02, hsi_likelihood_test: 2.895e-03, msi_likelihood_test: 8.108e-03, regularization_degradation_test: 4.081e-09, regularization_phi_test: 2.870e-03, psnr_xr_test: 3.796e+01, sam_xr_test: 5.254e+00, psnr_yr_test: 2.469e+01, sam_yr_test: 1.754e+01, psnr_zr_test: 3.718e+01, sam_zr_test: 7.424e+00, ssim_zr_test: 9.691e-01, rmse_zr_test: 4.104e+00, ergas_zr_test: 4.246e-01, uqi_zr_test: 9.682e-01, psnr_xdsr_test: 3.825e+01, sam_xdsr_test: 5.485e+00
23-11-27 05:12:37.580 : , G_loss_test: 1.100e-02, hsi_likelihood_test: 2.895e-03, msi_likelihood_test: 8.108e-03, regularization_degradation_test: 4.081e-09, regularization_phi_test: 2.870e-03, psnr_xr_test: 3.796e+01, sam_xr_test: 5.254e+00, psnr_yr_test: 2.469e+01, sam_yr_test: 1.754e+01, psnr_zr_test: 3.718e+01, sam_zr_test: 7.424e+00, ssim_zr_test: 9.691e-01, rmse_zr_test: 4.104e+00, ergas_zr_test: 4.246e-01, uqi_zr_test: 9.682e-01, psnr_xdsr_test: 3.825e+01, sam_xdsr_test: 5.485e+00
23-11-27 05:12:46.812 : , G_loss_test: 1.026e-02, hsi_likelihood_test: 4.190e-03, msi_likelihood_test: 6.072e-03, regularization_degradation_test: 1.775e-09, regularization_phi_test: 4.324e-03, psnr_xr_test: 3.443e+01, sam_xr_test: 1.335e+01, psnr_yr_test: 2.532e+01, sam_yr_test: nan, psnr_zr_test: 3.475e+01, sam_zr_test: 1.538e+01, ssim_zr_test: 9.365e-01, rmse_zr_test: 5.481e+00, ergas_zr_test: 6.978e-01, uqi_zr_test: 7.014e-01, psnr_xdsr_test: 3.425e+01, sam_xdsr_test: 1.413e+01
23-11-27 05:12:46.812 : , G_loss_test: 1.026e-02, hsi_likelihood_test: 4.190e-03, msi_likelihood_test: 6.072e-03, regularization_degradation_test: 1.775e-09, regularization_phi_test: 4.324e-03, psnr_xr_test: 3.443e+01, sam_xr_test: 1.335e+01, psnr_yr_test: 2.532e+01, sam_yr_test: nan, psnr_zr_test: 3.475e+01, sam_zr_test: 1.538e+01, ssim_zr_test: 9.365e-01, rmse_zr_test: 5.481e+00, ergas_zr_test: 6.978e-01, uqi_zr_test: 7.014e-01, psnr_xdsr_test: 3.425e+01, sam_xdsr_test: 1.413e+01
23-11-27 05:12:51.371 : , G_loss_test: 9.796e-03, hsi_likelihood_test: 3.770e-03, msi_likelihood_test: 6.026e-03, regularization_degradation_test: 1.700e-09, regularization_phi_test: 3.867e-03, psnr_xr_test: 3.555e+01, sam_xr_test: 1.107e+01, psnr_yr_test: 2.585e+01, sam_yr_test: 2.777e+01, psnr_zr_test: 3.577e+01, sam_zr_test: 1.313e+01, ssim_zr_test: 9.472e-01, rmse_zr_test: 5.340e+00, ergas_zr_test: 6.632e-01, uqi_zr_test: 7.277e-01, psnr_xdsr_test: 3.546e+01, sam_xdsr_test: 1.181e+01
23-11-27 05:12:51.372 : , G_loss_test: 9.796e-03, hsi_likelihood_test: 3.770e-03, msi_likelihood_test: 6.026e-03, regularization_degradation_test: 1.700e-09, regularization_phi_test: 3.867e-03, psnr_xr_test: 3.555e+01, sam_xr_test: 1.107e+01, psnr_yr_test: 2.585e+01, sam_yr_test: 2.777e+01, psnr_zr_test: 3.577e+01, sam_zr_test: 1.313e+01, ssim_zr_test: 9.472e-01, rmse_zr_test: 5.340e+00, ergas_zr_test: 6.632e-01, uqi_zr_test: 7.277e-01, psnr_xdsr_test: 3.546e+01, sam_xdsr_test: 1.181e+01
23-11-27 05:12:56.151 : , G_loss_test: 9.583e-03, hsi_likelihood_test: 3.566e-03, msi_likelihood_test: 6.017e-03, regularization_degradation_test: 1.674e-09, regularization_phi_test: 3.679e-03, psnr_xr_test: 3.615e+01, sam_xr_test: 1.015e+01, psnr_yr_test: 2.612e+01, sam_yr_test: 2.763e+01, psnr_zr_test: 3.628e+01, sam_zr_test: 1.213e+01, ssim_zr_test: 9.520e-01, rmse_zr_test: 5.116e+00, ergas_zr_test: 6.337e-01, uqi_zr_test: 7.375e-01, psnr_xdsr_test: 3.594e+01, sam_xdsr_test: 1.071e+01
23-11-27 05:12:56.152 : , G_loss_test: 9.583e-03, hsi_likelihood_test: 3.566e-03, msi_likelihood_test: 6.017e-03, regularization_degradation_test: 1.674e-09, regularization_phi_test: 3.679e-03, psnr_xr_test: 3.615e+01, sam_xr_test: 1.015e+01, psnr_yr_test: 2.612e+01, sam_yr_test: 2.763e+01, psnr_zr_test: 3.628e+01, sam_zr_test: 1.213e+01, ssim_zr_test: 9.520e-01, rmse_zr_test: 5.116e+00, ergas_zr_test: 6.337e-01, uqi_zr_test: 7.375e-01, psnr_xdsr_test: 3.594e+01, sam_xdsr_test: 1.071e+01
23-11-27 05:13:00.743 : , G_loss_test: 9.441e-03, hsi_likelihood_test: 3.457e-03, msi_likelihood_test: 5.984e-03, regularization_degradation_test: 1.740e-09, regularization_phi_test: 3.548e-03, psnr_xr_test: 3.652e+01, sam_xr_test: 9.790e+00, psnr_yr_test: 2.671e+01, sam_yr_test: nan, psnr_zr_test: 3.663e+01, sam_zr_test: 1.177e+01, ssim_zr_test: 9.529e-01, rmse_zr_test: 4.908e+00, ergas_zr_test: 6.051e-01, uqi_zr_test: 7.393e-01, psnr_xdsr_test: 3.634e+01, sam_xdsr_test: 1.034e+01
23-11-27 05:13:00.744 : , G_loss_test: 9.441e-03, hsi_likelihood_test: 3.457e-03, msi_likelihood_test: 5.984e-03, regularization_degradation_test: 1.740e-09, regularization_phi_test: 3.548e-03, psnr_xr_test: 3.652e+01, sam_xr_test: 9.790e+00, psnr_yr_test: 2.671e+01, sam_yr_test: nan, psnr_zr_test: 3.663e+01, sam_zr_test: 1.177e+01, ssim_zr_test: 9.529e-01, rmse_zr_test: 4.908e+00, ergas_zr_test: 6.051e-01, uqi_zr_test: 7.393e-01, psnr_xdsr_test: 3.634e+01, sam_xdsr_test: 1.034e+01
23-11-27 05:13:05.609 : , G_loss_test: 9.350e-03, hsi_likelihood_test: 3.326e-03, msi_likelihood_test: 6.025e-03, regularization_degradation_test: 1.585e-09, regularization_phi_test: 3.424e-03, psnr_xr_test: 3.689e+01, sam_xr_test: 9.801e+00, psnr_yr_test: 2.647e+01, sam_yr_test: 2.733e+01, psnr_zr_test: 3.694e+01, sam_zr_test: 1.178e+01, ssim_zr_test: 9.552e-01, rmse_zr_test: 4.672e+00, ergas_zr_test: 5.789e-01, uqi_zr_test: 7.390e-01, psnr_xdsr_test: 3.674e+01, sam_xdsr_test: 1.037e+01
23-11-27 05:13:05.610 : , G_loss_test: 9.350e-03, hsi_likelihood_test: 3.326e-03, msi_likelihood_test: 6.025e-03, regularization_degradation_test: 1.585e-09, regularization_phi_test: 3.424e-03, psnr_xr_test: 3.689e+01, sam_xr_test: 9.801e+00, psnr_yr_test: 2.647e+01, sam_yr_test: 2.733e+01, psnr_zr_test: 3.694e+01, sam_zr_test: 1.178e+01, ssim_zr_test: 9.552e-01, rmse_zr_test: 4.672e+00, ergas_zr_test: 5.789e-01, uqi_zr_test: 7.390e-01, psnr_xdsr_test: 3.674e+01, sam_xdsr_test: 1.037e+01
23-11-27 05:13:10.310 : , G_loss_test: 9.229e-03, hsi_likelihood_test: 3.196e-03, msi_likelihood_test: 6.033e-03, regularization_degradation_test: 1.480e-09, regularization_phi_test: 3.294e-03, psnr_xr_test: 3.731e+01, sam_xr_test: 9.269e+00, psnr_yr_test: 2.689e+01, sam_yr_test: 2.776e+01, psnr_zr_test: 3.729e+01, sam_zr_test: 1.139e+01, ssim_zr_test: 9.562e-01, rmse_zr_test: 4.466e+00, ergas_zr_test: 5.514e-01, uqi_zr_test: 7.404e-01, psnr_xdsr_test: 3.715e+01, sam_xdsr_test: 9.963e+00
23-11-27 05:13:10.311 : , G_loss_test: 9.229e-03, hsi_likelihood_test: 3.196e-03, msi_likelihood_test: 6.033e-03, regularization_degradation_test: 1.480e-09, regularization_phi_test: 3.294e-03, psnr_xr_test: 3.731e+01, sam_xr_test: 9.269e+00, psnr_yr_test: 2.689e+01, sam_yr_test: 2.776e+01, psnr_zr_test: 3.729e+01, sam_zr_test: 1.139e+01, ssim_zr_test: 9.562e-01, rmse_zr_test: 4.466e+00, ergas_zr_test: 5.514e-01, uqi_zr_test: 7.404e-01, psnr_xdsr_test: 3.715e+01, sam_xdsr_test: 9.963e+00
23-11-27 05:13:15.345 : , G_loss_test: 9.128e-03, hsi_likelihood_test: 3.136e-03, msi_likelihood_test: 5.991e-03, regularization_degradation_test: 1.673e-09, regularization_phi_test: 3.237e-03, psnr_xr_test: 3.750e+01, sam_xr_test: 9.551e+00, psnr_yr_test: 2.718e+01, sam_yr_test: nan, psnr_zr_test: 3.747e+01, sam_zr_test: 1.156e+01, ssim_zr_test: 9.550e-01, rmse_zr_test: 4.300e+00, ergas_zr_test: 5.302e-01, uqi_zr_test: 7.343e-01, psnr_xdsr_test: 3.728e+01, sam_xdsr_test: 1.006e+01
23-11-27 05:13:15.346 : , G_loss_test: 9.128e-03, hsi_likelihood_test: 3.136e-03, msi_likelihood_test: 5.991e-03, regularization_degradation_test: 1.673e-09, regularization_phi_test: 3.237e-03, psnr_xr_test: 3.750e+01, sam_xr_test: 9.551e+00, psnr_yr_test: 2.718e+01, sam_yr_test: nan, psnr_zr_test: 3.747e+01, sam_zr_test: 1.156e+01, ssim_zr_test: 9.550e-01, rmse_zr_test: 4.300e+00, ergas_zr_test: 5.302e-01, uqi_zr_test: 7.343e-01, psnr_xdsr_test: 3.728e+01, sam_xdsr_test: 1.006e+01
23-11-27 05:13:20.040 : , G_loss_test: 9.047e-03, hsi_likelihood_test: 3.004e-03, msi_likelihood_test: 6.044e-03, regularization_degradation_test: 1.749e-09, regularization_phi_test: 3.098e-03, psnr_xr_test: 3.789e+01, sam_xr_test: 8.953e+00, psnr_yr_test: 2.705e+01, sam_yr_test: nan, psnr_zr_test: 3.777e+01, sam_zr_test: 1.094e+01, ssim_zr_test: 9.591e-01, rmse_zr_test: 4.096e+00, ergas_zr_test: 5.072e-01, uqi_zr_test: 7.381e-01, psnr_xdsr_test: 3.772e+01, sam_xdsr_test: 9.417e+00
23-11-27 05:13:20.041 : , G_loss_test: 9.047e-03, hsi_likelihood_test: 3.004e-03, msi_likelihood_test: 6.044e-03, regularization_degradation_test: 1.749e-09, regularization_phi_test: 3.098e-03, psnr_xr_test: 3.789e+01, sam_xr_test: 8.953e+00, psnr_yr_test: 2.705e+01, sam_yr_test: nan, psnr_zr_test: 3.777e+01, sam_zr_test: 1.094e+01, ssim_zr_test: 9.591e-01, rmse_zr_test: 4.096e+00, ergas_zr_test: 5.072e-01, uqi_zr_test: 7.381e-01, psnr_xdsr_test: 3.772e+01, sam_xdsr_test: 9.417e+00
23-11-27 05:13:26.040 : , G_loss_test: 9.054e-03, hsi_likelihood_test: 2.950e-03, msi_likelihood_test: 6.104e-03, regularization_degradation_test: 1.634e-09, regularization_phi_test: 3.060e-03, psnr_xr_test: 3.795e+01, sam_xr_test: 9.478e+00, psnr_yr_test: 2.646e+01, sam_yr_test: 2.742e+01, psnr_zr_test: 3.782e+01, sam_zr_test: 1.139e+01, ssim_zr_test: 9.578e-01, rmse_zr_test: 3.835e+00, ergas_zr_test: 4.893e-01, uqi_zr_test: 7.374e-01, psnr_xdsr_test: 3.777e+01, sam_xdsr_test: 1.015e+01
23-11-27 05:13:26.041 : , G_loss_test: 9.054e-03, hsi_likelihood_test: 2.950e-03, msi_likelihood_test: 6.104e-03, regularization_degradation_test: 1.634e-09, regularization_phi_test: 3.060e-03, psnr_xr_test: 3.795e+01, sam_xr_test: 9.478e+00, psnr_yr_test: 2.646e+01, sam_yr_test: 2.742e+01, psnr_zr_test: 3.782e+01, sam_zr_test: 1.139e+01, ssim_zr_test: 9.578e-01, rmse_zr_test: 3.835e+00, ergas_zr_test: 4.893e-01, uqi_zr_test: 7.374e-01, psnr_xdsr_test: 3.777e+01, sam_xdsr_test: 1.015e+01
23-11-27 05:13:31.562 : , G_loss_test: 8.828e-03, hsi_likelihood_test: 2.769e-03, msi_likelihood_test: 6.059e-03, regularization_degradation_test: 1.823e-09, regularization_phi_test: 2.878e-03, psnr_xr_test: 3.850e+01, sam_xr_test: 8.249e+00, psnr_yr_test: 2.685e+01, sam_yr_test: 2.794e+01, psnr_zr_test: 3.827e+01, sam_zr_test: 1.034e+01, ssim_zr_test: 9.615e-01, rmse_zr_test: 3.655e+00, ergas_zr_test: 4.649e-01, uqi_zr_test: 7.465e-01, psnr_xdsr_test: 3.829e+01, sam_xdsr_test: 8.807e+00
23-11-27 05:13:31.562 : , G_loss_test: 8.828e-03, hsi_likelihood_test: 2.769e-03, msi_likelihood_test: 6.059e-03, regularization_degradation_test: 1.823e-09, regularization_phi_test: 2.878e-03, psnr_xr_test: 3.850e+01, sam_xr_test: 8.249e+00, psnr_yr_test: 2.685e+01, sam_yr_test: 2.794e+01, psnr_zr_test: 3.827e+01, sam_zr_test: 1.034e+01, ssim_zr_test: 9.615e-01, rmse_zr_test: 3.655e+00, ergas_zr_test: 4.649e-01, uqi_zr_test: 7.465e-01, psnr_xdsr_test: 3.829e+01, sam_xdsr_test: 8.807e+00
23-11-27 05:13:36.110 : , G_loss_test: 8.804e-03, hsi_likelihood_test: 2.802e-03, msi_likelihood_test: 6.003e-03, regularization_degradation_test: 1.472e-09, regularization_phi_test: 2.932e-03, psnr_xr_test: 3.843e+01, sam_xr_test: 9.064e+00, psnr_yr_test: 2.742e+01, sam_yr_test: nan, psnr_zr_test: 3.825e+01, sam_zr_test: 1.105e+01, ssim_zr_test: 9.571e-01, rmse_zr_test: 3.563e+00, ergas_zr_test: 4.547e-01, uqi_zr_test: 7.284e-01, psnr_xdsr_test: 3.815e+01, sam_xdsr_test: 9.747e+00
23-11-27 05:13:36.110 : , G_loss_test: 8.804e-03, hsi_likelihood_test: 2.802e-03, msi_likelihood_test: 6.003e-03, regularization_degradation_test: 1.472e-09, regularization_phi_test: 2.932e-03, psnr_xr_test: 3.843e+01, sam_xr_test: 9.064e+00, psnr_yr_test: 2.742e+01, sam_yr_test: nan, psnr_zr_test: 3.825e+01, sam_zr_test: 1.105e+01, ssim_zr_test: 9.571e-01, rmse_zr_test: 3.563e+00, ergas_zr_test: 4.547e-01, uqi_zr_test: 7.284e-01, psnr_xdsr_test: 3.815e+01, sam_xdsr_test: 9.747e+00
23-11-27 05:13:41.366 : , G_loss_test: 8.842e-03, hsi_likelihood_test: 2.730e-03, msi_likelihood_test: 6.112e-03, regularization_degradation_test: 1.861e-09, regularization_phi_test: 2.848e-03, psnr_xr_test: 3.840e+01, sam_xr_test: 8.867e+00, psnr_yr_test: 2.639e+01, sam_yr_test: nan, psnr_zr_test: 3.821e+01, sam_zr_test: 1.082e+01, ssim_zr_test: 9.594e-01, rmse_zr_test: 3.397e+00, ergas_zr_test: 4.468e-01, uqi_zr_test: 7.329e-01, psnr_xdsr_test: 3.825e+01, sam_xdsr_test: 9.524e+00
23-11-27 05:13:41.366 : , G_loss_test: 8.842e-03, hsi_likelihood_test: 2.730e-03, msi_likelihood_test: 6.112e-03, regularization_degradation_test: 1.861e-09, regularization_phi_test: 2.848e-03, psnr_xr_test: 3.840e+01, sam_xr_test: 8.867e+00, psnr_yr_test: 2.639e+01, sam_yr_test: nan, psnr_zr_test: 3.821e+01, sam_zr_test: 1.082e+01, ssim_zr_test: 9.594e-01, rmse_zr_test: 3.397e+00, ergas_zr_test: 4.468e-01, uqi_zr_test: 7.329e-01, psnr_xdsr_test: 3.825e+01, sam_xdsr_test: 9.524e+00
23-11-27 05:13:46.881 : , G_loss_test: 8.610e-03, hsi_likelihood_test: 2.574e-03, msi_likelihood_test: 6.036e-03, regularization_degradation_test: 1.526e-09, regularization_phi_test: 2.674e-03, psnr_xr_test: 3.897e+01, sam_xr_test: 8.111e+00, psnr_yr_test: 2.675e+01, sam_yr_test: nan, psnr_zr_test: 3.859e+01, sam_zr_test: 1.016e+01, ssim_zr_test: 9.624e-01, rmse_zr_test: 3.260e+00, ergas_zr_test: 4.281e-01, uqi_zr_test: 7.476e-01, psnr_xdsr_test: 3.883e+01, sam_xdsr_test: 8.645e+00
23-11-27 05:13:46.881 : , G_loss_test: 8.610e-03, hsi_likelihood_test: 2.574e-03, msi_likelihood_test: 6.036e-03, regularization_degradation_test: 1.526e-09, regularization_phi_test: 2.674e-03, psnr_xr_test: 3.897e+01, sam_xr_test: 8.111e+00, psnr_yr_test: 2.675e+01, sam_yr_test: nan, psnr_zr_test: 3.859e+01, sam_zr_test: 1.016e+01, ssim_zr_test: 9.624e-01, rmse_zr_test: 3.260e+00, ergas_zr_test: 4.281e-01, uqi_zr_test: 7.476e-01, psnr_xdsr_test: 3.883e+01, sam_xdsr_test: 8.645e+00
23-11-27 05:13:51.565 : , G_loss_test: 8.561e-03, hsi_likelihood_test: 2.501e-03, msi_likelihood_test: 6.060e-03, regularization_degradation_test: 1.688e-09, regularization_phi_test: 2.606e-03, psnr_xr_test: 3.917e+01, sam_xr_test: 7.746e+00, psnr_yr_test: 2.673e+01, sam_yr_test: nan, psnr_zr_test: 3.878e+01, sam_zr_test: 9.814e+00, ssim_zr_test: 9.632e-01, rmse_zr_test: 3.233e+00, ergas_zr_test: 4.232e-01, uqi_zr_test: 7.491e-01, psnr_xdsr_test: 3.898e+01, sam_xdsr_test: 8.176e+00
23-11-27 05:13:51.565 : , G_loss_test: 8.561e-03, hsi_likelihood_test: 2.501e-03, msi_likelihood_test: 6.060e-03, regularization_degradation_test: 1.688e-09, regularization_phi_test: 2.606e-03, psnr_xr_test: 3.917e+01, sam_xr_test: 7.746e+00, psnr_yr_test: 2.673e+01, sam_yr_test: nan, psnr_zr_test: 3.878e+01, sam_zr_test: 9.814e+00, ssim_zr_test: 9.632e-01, rmse_zr_test: 3.233e+00, ergas_zr_test: 4.232e-01, uqi_zr_test: 7.491e-01, psnr_xdsr_test: 3.898e+01, sam_xdsr_test: 8.176e+00
23-11-27 05:13:56.298 : , G_loss_test: 8.508e-03, hsi_likelihood_test: 2.468e-03, msi_likelihood_test: 6.039e-03, regularization_degradation_test: 1.602e-09, regularization_phi_test: 2.573e-03, psnr_xr_test: 3.927e+01, sam_xr_test: 7.641e+00, psnr_yr_test: 2.683e+01, sam_yr_test: nan, psnr_zr_test: 3.886e+01, sam_zr_test: 9.712e+00, ssim_zr_test: 9.638e-01, rmse_zr_test: 3.200e+00, ergas_zr_test: 4.183e-01, uqi_zr_test: 7.505e-01, psnr_xdsr_test: 3.906e+01, sam_xdsr_test: 8.068e+00
23-11-27 05:13:56.298 : , G_loss_test: 8.508e-03, hsi_likelihood_test: 2.468e-03, msi_likelihood_test: 6.039e-03, regularization_degradation_test: 1.602e-09, regularization_phi_test: 2.573e-03, psnr_xr_test: 3.927e+01, sam_xr_test: 7.641e+00, psnr_yr_test: 2.683e+01, sam_yr_test: nan, psnr_zr_test: 3.886e+01, sam_zr_test: 9.712e+00, ssim_zr_test: 9.638e-01, rmse_zr_test: 3.200e+00, ergas_zr_test: 4.183e-01, uqi_zr_test: 7.505e-01, psnr_xdsr_test: 3.906e+01, sam_xdsr_test: 8.068e+00
23-11-27 05:14:01.047 : , G_loss_test: 8.476e-03, hsi_likelihood_test: 2.443e-03, msi_likelihood_test: 6.033e-03, regularization_degradation_test: 1.555e-09, regularization_phi_test: 2.545e-03, psnr_xr_test: 3.933e+01, sam_xr_test: 7.567e+00, psnr_yr_test: 2.692e+01, sam_yr_test: nan, psnr_zr_test: 3.890e+01, sam_zr_test: 9.673e+00, ssim_zr_test: 9.639e-01, rmse_zr_test: 3.171e+00, ergas_zr_test: 4.143e-01, uqi_zr_test: 7.499e-01, psnr_xdsr_test: 3.914e+01, sam_xdsr_test: 8.045e+00
23-11-27 05:14:01.047 : , G_loss_test: 8.476e-03, hsi_likelihood_test: 2.443e-03, msi_likelihood_test: 6.033e-03, regularization_degradation_test: 1.555e-09, regularization_phi_test: 2.545e-03, psnr_xr_test: 3.933e+01, sam_xr_test: 7.567e+00, psnr_yr_test: 2.692e+01, sam_yr_test: nan, psnr_zr_test: 3.890e+01, sam_zr_test: 9.673e+00, ssim_zr_test: 9.639e-01, rmse_zr_test: 3.171e+00, ergas_zr_test: 4.143e-01, uqi_zr_test: 7.499e-01, psnr_xdsr_test: 3.914e+01, sam_xdsr_test: 8.045e+00
23-11-27 05:14:05.754 : , G_loss_test: 8.466e-03, hsi_likelihood_test: 2.419e-03, msi_likelihood_test: 6.046e-03, regularization_degradation_test: 1.705e-09, regularization_phi_test: 2.532e-03, psnr_xr_test: 3.940e+01, sam_xr_test: 7.606e+00, psnr_yr_test: 2.688e+01, sam_yr_test: nan, psnr_zr_test: 3.894e+01, sam_zr_test: 9.696e+00, ssim_zr_test: 9.643e-01, rmse_zr_test: 3.138e+00, ergas_zr_test: 4.108e-01, uqi_zr_test: 7.505e-01, psnr_xdsr_test: 3.918e+01, sam_xdsr_test: 8.085e+00
23-11-27 05:14:05.755 : , G_loss_test: 8.466e-03, hsi_likelihood_test: 2.419e-03, msi_likelihood_test: 6.046e-03, regularization_degradation_test: 1.705e-09, regularization_phi_test: 2.532e-03, psnr_xr_test: 3.940e+01, sam_xr_test: 7.606e+00, psnr_yr_test: 2.688e+01, sam_yr_test: nan, psnr_zr_test: 3.894e+01, sam_zr_test: 9.696e+00, ssim_zr_test: 9.643e-01, rmse_zr_test: 3.138e+00, ergas_zr_test: 4.108e-01, uqi_zr_test: 7.505e-01, psnr_xdsr_test: 3.918e+01, sam_xdsr_test: 8.085e+00
23-11-27 05:14:10.376 : , G_loss_test: 8.476e-03, hsi_likelihood_test: 2.421e-03, msi_likelihood_test: 6.054e-03, regularization_degradation_test: 1.667e-09, regularization_phi_test: 2.554e-03, psnr_xr_test: 3.934e+01, sam_xr_test: 7.632e+00, psnr_yr_test: 2.710e+01, sam_yr_test: nan, psnr_zr_test: 3.890e+01, sam_zr_test: 9.728e+00, ssim_zr_test: 9.638e-01, rmse_zr_test: 3.136e+00, ergas_zr_test: 4.101e-01, uqi_zr_test: 7.472e-01, psnr_xdsr_test: 3.906e+01, sam_xdsr_test: 8.166e+00
23-11-27 05:14:10.376 : , G_loss_test: 8.476e-03, hsi_likelihood_test: 2.421e-03, msi_likelihood_test: 6.054e-03, regularization_degradation_test: 1.667e-09, regularization_phi_test: 2.554e-03, psnr_xr_test: 3.934e+01, sam_xr_test: 7.632e+00, psnr_yr_test: 2.710e+01, sam_yr_test: nan, psnr_zr_test: 3.890e+01, sam_zr_test: 9.728e+00, ssim_zr_test: 9.638e-01, rmse_zr_test: 3.136e+00, ergas_zr_test: 4.101e-01, uqi_zr_test: 7.472e-01, psnr_xdsr_test: 3.906e+01, sam_xdsr_test: 8.166e+00
23-11-27 05:14:15.044 : , G_loss_test: 8.421e-03, hsi_likelihood_test: 2.386e-03, msi_likelihood_test: 6.035e-03, regularization_degradation_test: 1.451e-09, regularization_phi_test: 2.489e-03, psnr_xr_test: 3.952e+01, sam_xr_test: 7.508e+00, psnr_yr_test: 2.691e+01, sam_yr_test: nan, psnr_zr_test: 3.904e+01, sam_zr_test: 9.623e+00, ssim_zr_test: 9.644e-01, rmse_zr_test: 3.095e+00, ergas_zr_test: 4.053e-01, uqi_zr_test: 7.498e-01, psnr_xdsr_test: 3.931e+01, sam_xdsr_test: 7.974e+00
23-11-27 05:14:15.045 : , G_loss_test: 8.421e-03, hsi_likelihood_test: 2.386e-03, msi_likelihood_test: 6.035e-03, regularization_degradation_test: 1.451e-09, regularization_phi_test: 2.489e-03, psnr_xr_test: 3.952e+01, sam_xr_test: 7.508e+00, psnr_yr_test: 2.691e+01, sam_yr_test: nan, psnr_zr_test: 3.904e+01, sam_zr_test: 9.623e+00, ssim_zr_test: 9.644e-01, rmse_zr_test: 3.095e+00, ergas_zr_test: 4.053e-01, uqi_zr_test: 7.498e-01, psnr_xdsr_test: 3.931e+01, sam_xdsr_test: 7.974e+00
23-11-27 05:14:19.727 : , G_loss_test: 8.417e-03, hsi_likelihood_test: 2.361e-03, msi_likelihood_test: 6.056e-03, regularization_degradation_test: 1.658e-09, regularization_phi_test: 2.473e-03, psnr_xr_test: 3.960e+01, sam_xr_test: 7.494e+00, psnr_yr_test: 2.698e+01, sam_yr_test: 2.814e+01, psnr_zr_test: 3.909e+01, sam_zr_test: 9.621e+00, ssim_zr_test: 9.647e-01, rmse_zr_test: 3.075e+00, ergas_zr_test: 4.023e-01, uqi_zr_test: 7.499e-01, psnr_xdsr_test: 3.936e+01, sam_xdsr_test: 7.928e+00
23-11-27 05:14:19.728 : , G_loss_test: 8.417e-03, hsi_likelihood_test: 2.361e-03, msi_likelihood_test: 6.056e-03, regularization_degradation_test: 1.658e-09, regularization_phi_test: 2.473e-03, psnr_xr_test: 3.960e+01, sam_xr_test: 7.494e+00, psnr_yr_test: 2.698e+01, sam_yr_test: 2.814e+01, psnr_zr_test: 3.909e+01, sam_zr_test: 9.621e+00, ssim_zr_test: 9.647e-01, rmse_zr_test: 3.075e+00, ergas_zr_test: 4.023e-01, uqi_zr_test: 7.499e-01, psnr_xdsr_test: 3.936e+01, sam_xdsr_test: 7.928e+00
23-11-27 05:14:24.263 : , G_loss_test: 8.407e-03, hsi_likelihood_test: 2.337e-03, msi_likelihood_test: 6.069e-03, regularization_degradation_test: 1.685e-09, regularization_phi_test: 2.446e-03, psnr_xr_test: 3.965e+01, sam_xr_test: 7.455e+00, psnr_yr_test: 2.700e+01, sam_yr_test: 2.808e+01, psnr_zr_test: 3.912e+01, sam_zr_test: 9.588e+00, ssim_zr_test: 9.650e-01, rmse_zr_test: 3.038e+00, ergas_zr_test: 3.994e-01, uqi_zr_test: 7.522e-01, psnr_xdsr_test: 3.943e+01, sam_xdsr_test: 7.918e+00
23-11-27 05:14:24.263 : , G_loss_test: 8.407e-03, hsi_likelihood_test: 2.337e-03, msi_likelihood_test: 6.069e-03, regularization_degradation_test: 1.685e-09, regularization_phi_test: 2.446e-03, psnr_xr_test: 3.965e+01, sam_xr_test: 7.455e+00, psnr_yr_test: 2.700e+01, sam_yr_test: 2.808e+01, psnr_zr_test: 3.912e+01, sam_zr_test: 9.588e+00, ssim_zr_test: 9.650e-01, rmse_zr_test: 3.038e+00, ergas_zr_test: 3.994e-01, uqi_zr_test: 7.522e-01, psnr_xdsr_test: 3.943e+01, sam_xdsr_test: 7.918e+00
23-11-27 05:14:28.944 : , G_loss_test: 8.377e-03, hsi_likelihood_test: 2.312e-03, msi_likelihood_test: 6.065e-03, regularization_degradation_test: 1.805e-09, regularization_phi_test: 2.422e-03, psnr_xr_test: 3.973e+01, sam_xr_test: 7.369e+00, psnr_yr_test: 2.712e+01, sam_yr_test: nan, psnr_zr_test: 3.918e+01, sam_zr_test: 9.494e+00, ssim_zr_test: 9.651e-01, rmse_zr_test: 3.027e+00, ergas_zr_test: 3.969e-01, uqi_zr_test: 7.523e-01, psnr_xdsr_test: 3.947e+01, sam_xdsr_test: 7.828e+00
23-11-27 05:14:28.944 : , G_loss_test: 8.377e-03, hsi_likelihood_test: 2.312e-03, msi_likelihood_test: 6.065e-03, regularization_degradation_test: 1.805e-09, regularization_phi_test: 2.422e-03, psnr_xr_test: 3.973e+01, sam_xr_test: 7.369e+00, psnr_yr_test: 2.712e+01, sam_yr_test: nan, psnr_zr_test: 3.918e+01, sam_zr_test: 9.494e+00, ssim_zr_test: 9.651e-01, rmse_zr_test: 3.027e+00, ergas_zr_test: 3.969e-01, uqi_zr_test: 7.523e-01, psnr_xdsr_test: 3.947e+01, sam_xdsr_test: 7.828e+00
23-11-27 05:14:33.572 : , G_loss_test: 8.362e-03, hsi_likelihood_test: 2.293e-03, msi_likelihood_test: 6.069e-03, regularization_degradation_test: 1.685e-09, regularization_phi_test: 2.398e-03, psnr_xr_test: 3.972e+01, sam_xr_test: 7.342e+00, psnr_yr_test: 2.713e+01, sam_yr_test: 2.813e+01, psnr_zr_test: 3.916e+01, sam_zr_test: 9.491e+00, ssim_zr_test: 9.652e-01, rmse_zr_test: 3.019e+00, ergas_zr_test: 3.960e-01, uqi_zr_test: 7.516e-01, psnr_xdsr_test: 3.949e+01, sam_xdsr_test: 7.822e+00
23-11-27 05:14:33.573 : , G_loss_test: 8.362e-03, hsi_likelihood_test: 2.293e-03, msi_likelihood_test: 6.069e-03, regularization_degradation_test: 1.685e-09, regularization_phi_test: 2.398e-03, psnr_xr_test: 3.972e+01, sam_xr_test: 7.342e+00, psnr_yr_test: 2.713e+01, sam_yr_test: 2.813e+01, psnr_zr_test: 3.916e+01, sam_zr_test: 9.491e+00, ssim_zr_test: 9.652e-01, rmse_zr_test: 3.019e+00, ergas_zr_test: 3.960e-01, uqi_zr_test: 7.516e-01, psnr_xdsr_test: 3.949e+01, sam_xdsr_test: 7.822e+00
23-11-27 05:14:38.197 : , G_loss_test: 8.334e-03, hsi_likelihood_test: 2.277e-03, msi_likelihood_test: 6.057e-03, regularization_degradation_test: 1.707e-09, regularization_phi_test: 2.372e-03, psnr_xr_test: 3.979e+01, sam_xr_test: 7.375e+00, psnr_yr_test: 2.702e+01, sam_yr_test: nan, psnr_zr_test: 3.922e+01, sam_zr_test: 9.502e+00, ssim_zr_test: 9.655e-01, rmse_zr_test: 2.991e+00, ergas_zr_test: 3.931e-01, uqi_zr_test: 7.525e-01, psnr_xdsr_test: 3.956e+01, sam_xdsr_test: 7.771e+00
23-11-27 05:14:38.198 : , G_loss_test: 8.334e-03, hsi_likelihood_test: 2.277e-03, msi_likelihood_test: 6.057e-03, regularization_degradation_test: 1.707e-09, regularization_phi_test: 2.372e-03, psnr_xr_test: 3.979e+01, sam_xr_test: 7.375e+00, psnr_yr_test: 2.702e+01, sam_yr_test: nan, psnr_zr_test: 3.922e+01, sam_zr_test: 9.502e+00, ssim_zr_test: 9.655e-01, rmse_zr_test: 2.991e+00, ergas_zr_test: 3.931e-01, uqi_zr_test: 7.525e-01, psnr_xdsr_test: 3.956e+01, sam_xdsr_test: 7.771e+00
23-11-27 05:14:47.261 : , G_loss_test: 1.752e-02, hsi_likelihood_test: 4.877e-03, msi_likelihood_test: 1.264e-02, regularization_degradation_test: 3.872e-09, regularization_phi_test: 4.833e-03, psnr_xr_test: 3.060e+01, sam_xr_test: 5.108e+00, psnr_yr_test: 2.355e+01, sam_yr_test: 1.888e+01, psnr_zr_test: 3.375e+01, sam_zr_test: 7.776e+00, ssim_zr_test: 9.646e-01, rmse_zr_test: 6.107e+00, ergas_zr_test: 6.120e-01, uqi_zr_test: 9.635e-01, psnr_xdsr_test: 3.077e+01, sam_xdsr_test: 5.198e+00
23-11-27 05:14:47.261 : , G_loss_test: 1.752e-02, hsi_likelihood_test: 4.877e-03, msi_likelihood_test: 1.264e-02, regularization_degradation_test: 3.872e-09, regularization_phi_test: 4.833e-03, psnr_xr_test: 3.060e+01, sam_xr_test: 5.108e+00, psnr_yr_test: 2.355e+01, sam_yr_test: 1.888e+01, psnr_zr_test: 3.375e+01, sam_zr_test: 7.776e+00, ssim_zr_test: 9.646e-01, rmse_zr_test: 6.107e+00, ergas_zr_test: 6.120e-01, uqi_zr_test: 9.635e-01, psnr_xdsr_test: 3.077e+01, sam_xdsr_test: 5.198e+00
23-11-27 05:14:52.881 : , G_loss_test: 1.719e-02, hsi_likelihood_test: 4.301e-03, msi_likelihood_test: 1.288e-02, regularization_degradation_test: 3.785e-09, regularization_phi_test: 4.324e-03, psnr_xr_test: 3.135e+01, sam_xr_test: 4.635e+00, psnr_yr_test: 2.342e+01, sam_yr_test: nan, psnr_zr_test: 3.430e+01, sam_zr_test: 7.361e+00, ssim_zr_test: 9.698e-01, rmse_zr_test: 5.644e+00, ergas_zr_test: 5.739e-01, uqi_zr_test: 9.725e-01, psnr_xdsr_test: 3.143e+01, sam_xdsr_test: 4.669e+00
23-11-27 05:14:52.881 : , G_loss_test: 1.719e-02, hsi_likelihood_test: 4.301e-03, msi_likelihood_test: 1.288e-02, regularization_degradation_test: 3.785e-09, regularization_phi_test: 4.324e-03, psnr_xr_test: 3.135e+01, sam_xr_test: 4.635e+00, psnr_yr_test: 2.342e+01, sam_yr_test: nan, psnr_zr_test: 3.430e+01, sam_zr_test: 7.361e+00, ssim_zr_test: 9.698e-01, rmse_zr_test: 5.644e+00, ergas_zr_test: 5.739e-01, uqi_zr_test: 9.725e-01, psnr_xdsr_test: 3.143e+01, sam_xdsr_test: 4.669e+00
23-11-27 05:14:58.932 : , G_loss_test: 1.699e-02, hsi_likelihood_test: 4.110e-03, msi_likelihood_test: 1.288e-02, regularization_degradation_test: 3.676e-09, regularization_phi_test: 4.114e-03, psnr_xr_test: 3.169e+01, sam_xr_test: 4.332e+00, psnr_yr_test: 2.339e+01, sam_yr_test: 1.869e+01, psnr_zr_test: 3.450e+01, sam_zr_test: 7.072e+00, ssim_zr_test: 9.706e-01, rmse_zr_test: 5.477e+00, ergas_zr_test: 5.577e-01, uqi_zr_test: 9.736e-01, psnr_xdsr_test: 3.180e+01, sam_xdsr_test: 4.387e+00
23-11-27 05:14:58.933 : , G_loss_test: 1.699e-02, hsi_likelihood_test: 4.110e-03, msi_likelihood_test: 1.288e-02, regularization_degradation_test: 3.676e-09, regularization_phi_test: 4.114e-03, psnr_xr_test: 3.169e+01, sam_xr_test: 4.332e+00, psnr_yr_test: 2.339e+01, sam_yr_test: 1.869e+01, psnr_zr_test: 3.450e+01, sam_zr_test: 7.072e+00, ssim_zr_test: 9.706e-01, rmse_zr_test: 5.477e+00, ergas_zr_test: 5.577e-01, uqi_zr_test: 9.736e-01, psnr_xdsr_test: 3.180e+01, sam_xdsr_test: 4.387e+00
23-11-27 05:15:03.203 : , G_loss_test: 1.674e-02, hsi_likelihood_test: 4.039e-03, msi_likelihood_test: 1.270e-02, regularization_degradation_test: 3.878e-09, regularization_phi_test: 3.991e-03, psnr_xr_test: 3.181e+01, sam_xr_test: 4.388e+00, psnr_yr_test: 2.379e+01, sam_yr_test: 1.882e+01, psnr_zr_test: 3.455e+01, sam_zr_test: 7.049e+00, ssim_zr_test: 9.708e-01, rmse_zr_test: 5.383e+00, ergas_zr_test: 5.494e-01, uqi_zr_test: 9.740e-01, psnr_xdsr_test: 3.197e+01, sam_xdsr_test: 4.360e+00
23-11-27 05:15:03.204 : , G_loss_test: 1.674e-02, hsi_likelihood_test: 4.039e-03, msi_likelihood_test: 1.270e-02, regularization_degradation_test: 3.878e-09, regularization_phi_test: 3.991e-03, psnr_xr_test: 3.181e+01, sam_xr_test: 4.388e+00, psnr_yr_test: 2.379e+01, sam_yr_test: 1.882e+01, psnr_zr_test: 3.455e+01, sam_zr_test: 7.049e+00, ssim_zr_test: 9.708e-01, rmse_zr_test: 5.383e+00, ergas_zr_test: 5.494e-01, uqi_zr_test: 9.740e-01, psnr_xdsr_test: 3.197e+01, sam_xdsr_test: 4.360e+00
23-11-27 05:15:07.623 : , G_loss_test: 1.683e-02, hsi_likelihood_test: 3.868e-03, msi_likelihood_test: 1.296e-02, regularization_degradation_test: 3.909e-09, regularization_phi_test: 3.777e-03, psnr_xr_test: 3.208e+01, sam_xr_test: 4.156e+00, psnr_yr_test: 2.339e+01, sam_yr_test: 1.875e+01, psnr_zr_test: 3.471e+01, sam_zr_test: 6.924e+00, ssim_zr_test: 9.706e-01, rmse_zr_test: 5.264e+00, ergas_zr_test: 5.399e-01, uqi_zr_test: 9.739e-01, psnr_xdsr_test: 3.230e+01, sam_xdsr_test: 4.199e+00
23-11-27 05:15:07.623 : , G_loss_test: 1.683e-02, hsi_likelihood_test: 3.868e-03, msi_likelihood_test: 1.296e-02, regularization_degradation_test: 3.909e-09, regularization_phi_test: 3.777e-03, psnr_xr_test: 3.208e+01, sam_xr_test: 4.156e+00, psnr_yr_test: 2.339e+01, sam_yr_test: 1.875e+01, psnr_zr_test: 3.471e+01, sam_zr_test: 6.924e+00, ssim_zr_test: 9.706e-01, rmse_zr_test: 5.264e+00, ergas_zr_test: 5.399e-01, uqi_zr_test: 9.739e-01, psnr_xdsr_test: 3.230e+01, sam_xdsr_test: 4.199e+00
23-11-27 05:15:11.976 : , G_loss_test: 1.673e-02, hsi_likelihood_test: 3.776e-03, msi_likelihood_test: 1.295e-02, regularization_degradation_test: 3.709e-09, regularization_phi_test: 3.719e-03, psnr_xr_test: 3.219e+01, sam_xr_test: 4.110e+00, psnr_yr_test: 2.336e+01, sam_yr_test: 1.871e+01, psnr_zr_test: 3.478e+01, sam_zr_test: 6.900e+00, ssim_zr_test: 9.697e-01, rmse_zr_test: 5.204e+00, ergas_zr_test: 5.346e-01, uqi_zr_test: 9.730e-01, psnr_xdsr_test: 3.237e+01, sam_xdsr_test: 4.218e+00
23-11-27 05:15:11.976 : , G_loss_test: 1.673e-02, hsi_likelihood_test: 3.776e-03, msi_likelihood_test: 1.295e-02, regularization_degradation_test: 3.709e-09, regularization_phi_test: 3.719e-03, psnr_xr_test: 3.219e+01, sam_xr_test: 4.110e+00, psnr_yr_test: 2.336e+01, sam_yr_test: 1.871e+01, psnr_zr_test: 3.478e+01, sam_zr_test: 6.900e+00, ssim_zr_test: 9.697e-01, rmse_zr_test: 5.204e+00, ergas_zr_test: 5.346e-01, uqi_zr_test: 9.730e-01, psnr_xdsr_test: 3.237e+01, sam_xdsr_test: 4.218e+00
23-11-27 05:15:16.214 : , G_loss_test: 1.635e-02, hsi_likelihood_test: 3.719e-03, msi_likelihood_test: 1.263e-02, regularization_degradation_test: 3.515e-09, regularization_phi_test: 3.695e-03, psnr_xr_test: 3.228e+01, sam_xr_test: 4.136e+00, psnr_yr_test: 2.391e+01, sam_yr_test: 1.878e+01, psnr_zr_test: 3.480e+01, sam_zr_test: 6.844e+00, ssim_zr_test: 9.706e-01, rmse_zr_test: 5.188e+00, ergas_zr_test: 5.324e-01, uqi_zr_test: 9.744e-01, psnr_xdsr_test: 3.236e+01, sam_xdsr_test: 4.180e+00
23-11-27 05:15:16.214 : , G_loss_test: 1.635e-02, hsi_likelihood_test: 3.719e-03, msi_likelihood_test: 1.263e-02, regularization_degradation_test: 3.515e-09, regularization_phi_test: 3.695e-03, psnr_xr_test: 3.228e+01, sam_xr_test: 4.136e+00, psnr_yr_test: 2.391e+01, sam_yr_test: 1.878e+01, psnr_zr_test: 3.480e+01, sam_zr_test: 6.844e+00, ssim_zr_test: 9.706e-01, rmse_zr_test: 5.188e+00, ergas_zr_test: 5.324e-01, uqi_zr_test: 9.744e-01, psnr_xdsr_test: 3.236e+01, sam_xdsr_test: 4.180e+00
23-11-27 05:15:20.537 : , G_loss_test: 1.636e-02, hsi_likelihood_test: 3.617e-03, msi_likelihood_test: 1.275e-02, regularization_degradation_test: 3.456e-09, regularization_phi_test: 3.518e-03, psnr_xr_test: 3.248e+01, sam_xr_test: 4.081e+00, psnr_yr_test: 2.369e+01, sam_yr_test: 1.882e+01, psnr_zr_test: 3.489e+01, sam_zr_test: 6.848e+00, ssim_zr_test: 9.703e-01, rmse_zr_test: 5.131e+00, ergas_zr_test: 5.269e-01, uqi_zr_test: 9.750e-01, psnr_xdsr_test: 3.269e+01, sam_xdsr_test: 4.077e+00
23-11-27 05:15:20.537 : , G_loss_test: 1.636e-02, hsi_likelihood_test: 3.617e-03, msi_likelihood_test: 1.275e-02, regularization_degradation_test: 3.456e-09, regularization_phi_test: 3.518e-03, psnr_xr_test: 3.248e+01, sam_xr_test: 4.081e+00, psnr_yr_test: 2.369e+01, sam_yr_test: 1.882e+01, psnr_zr_test: 3.489e+01, sam_zr_test: 6.848e+00, ssim_zr_test: 9.703e-01, rmse_zr_test: 5.131e+00, ergas_zr_test: 5.269e-01, uqi_zr_test: 9.750e-01, psnr_xdsr_test: 3.269e+01, sam_xdsr_test: 4.077e+00
23-11-27 05:15:24.855 : , G_loss_test: 1.626e-02, hsi_likelihood_test: 3.571e-03, msi_likelihood_test: 1.269e-02, regularization_degradation_test: 3.850e-09, regularization_phi_test: 3.481e-03, psnr_xr_test: 3.259e+01, sam_xr_test: 3.934e+00, psnr_yr_test: 2.383e+01, sam_yr_test: 1.877e+01, psnr_zr_test: 3.498e+01, sam_zr_test: 6.687e+00, ssim_zr_test: 9.711e-01, rmse_zr_test: 5.087e+00, ergas_zr_test: 5.190e-01, uqi_zr_test: 9.760e-01, psnr_xdsr_test: 3.280e+01, sam_xdsr_test: 3.988e+00
23-11-27 05:15:24.856 : , G_loss_test: 1.626e-02, hsi_likelihood_test: 3.571e-03, msi_likelihood_test: 1.269e-02, regularization_degradation_test: 3.850e-09, regularization_phi_test: 3.481e-03, psnr_xr_test: 3.259e+01, sam_xr_test: 3.934e+00, psnr_yr_test: 2.383e+01, sam_yr_test: 1.877e+01, psnr_zr_test: 3.498e+01, sam_zr_test: 6.687e+00, ssim_zr_test: 9.711e-01, rmse_zr_test: 5.087e+00, ergas_zr_test: 5.190e-01, uqi_zr_test: 9.760e-01, psnr_xdsr_test: 3.280e+01, sam_xdsr_test: 3.988e+00
23-11-27 05:15:29.127 : , G_loss_test: 1.634e-02, hsi_likelihood_test: 3.422e-03, msi_likelihood_test: 1.291e-02, regularization_degradation_test: 3.939e-09, regularization_phi_test: 3.330e-03, psnr_xr_test: 3.284e+01, sam_xr_test: 3.832e+00, psnr_yr_test: 2.336e+01, sam_yr_test: 1.878e+01, psnr_zr_test: 3.514e+01, sam_zr_test: 6.654e+00, ssim_zr_test: 9.715e-01, rmse_zr_test: 5.002e+00, ergas_zr_test: 5.102e-01, uqi_zr_test: 9.770e-01, psnr_xdsr_test: 3.304e+01, sam_xdsr_test: 3.859e+00
23-11-27 05:15:29.127 : , G_loss_test: 1.634e-02, hsi_likelihood_test: 3.422e-03, msi_likelihood_test: 1.291e-02, regularization_degradation_test: 3.939e-09, regularization_phi_test: 3.330e-03, psnr_xr_test: 3.284e+01, sam_xr_test: 3.832e+00, psnr_yr_test: 2.336e+01, sam_yr_test: 1.878e+01, psnr_zr_test: 3.514e+01, sam_zr_test: 6.654e+00, ssim_zr_test: 9.715e-01, rmse_zr_test: 5.002e+00, ergas_zr_test: 5.102e-01, uqi_zr_test: 9.770e-01, psnr_xdsr_test: 3.304e+01, sam_xdsr_test: 3.859e+00
23-11-27 05:15:33.481 : , G_loss_test: 1.624e-02, hsi_likelihood_test: 3.380e-03, msi_likelihood_test: 1.286e-02, regularization_degradation_test: 3.708e-09, regularization_phi_test: 3.293e-03, psnr_xr_test: 3.298e+01, sam_xr_test: 3.864e+00, psnr_yr_test: 2.342e+01, sam_yr_test: 1.885e+01, psnr_zr_test: 3.522e+01, sam_zr_test: 6.652e+00, ssim_zr_test: 9.725e-01, rmse_zr_test: 4.958e+00, ergas_zr_test: 5.055e-01, uqi_zr_test: 9.776e-01, psnr_xdsr_test: 3.319e+01, sam_xdsr_test: 3.859e+00
23-11-27 05:15:33.482 : , G_loss_test: 1.624e-02, hsi_likelihood_test: 3.380e-03, msi_likelihood_test: 1.286e-02, regularization_degradation_test: 3.708e-09, regularization_phi_test: 3.293e-03, psnr_xr_test: 3.298e+01, sam_xr_test: 3.864e+00, psnr_yr_test: 2.342e+01, sam_yr_test: 1.885e+01, psnr_zr_test: 3.522e+01, sam_zr_test: 6.652e+00, ssim_zr_test: 9.725e-01, rmse_zr_test: 4.958e+00, ergas_zr_test: 5.055e-01, uqi_zr_test: 9.776e-01, psnr_xdsr_test: 3.319e+01, sam_xdsr_test: 3.859e+00
23-11-27 05:15:37.778 : , G_loss_test: 1.604e-02, hsi_likelihood_test: 3.318e-03, msi_likelihood_test: 1.273e-02, regularization_degradation_test: 3.769e-09, regularization_phi_test: 3.210e-03, psnr_xr_test: 3.309e+01, sam_xr_test: 3.734e+00, psnr_yr_test: 2.356e+01, sam_yr_test: 1.881e+01, psnr_zr_test: 3.527e+01, sam_zr_test: 6.550e+00, ssim_zr_test: 9.735e-01, rmse_zr_test: 4.942e+00, ergas_zr_test: 5.036e-01, uqi_zr_test: 9.792e-01, psnr_xdsr_test: 3.335e+01, sam_xdsr_test: 3.773e+00
23-11-27 05:15:37.779 : , G_loss_test: 1.604e-02, hsi_likelihood_test: 3.318e-03, msi_likelihood_test: 1.273e-02, regularization_degradation_test: 3.769e-09, regularization_phi_test: 3.210e-03, psnr_xr_test: 3.309e+01, sam_xr_test: 3.734e+00, psnr_yr_test: 2.356e+01, sam_yr_test: 1.881e+01, psnr_zr_test: 3.527e+01, sam_zr_test: 6.550e+00, ssim_zr_test: 9.735e-01, rmse_zr_test: 4.942e+00, ergas_zr_test: 5.036e-01, uqi_zr_test: 9.792e-01, psnr_xdsr_test: 3.335e+01, sam_xdsr_test: 3.773e+00
23-11-27 05:15:42.076 : , G_loss_test: 1.609e-02, hsi_likelihood_test: 3.232e-03, msi_likelihood_test: 1.286e-02, regularization_degradation_test: 3.697e-09, regularization_phi_test: 3.137e-03, psnr_xr_test: 3.331e+01, sam_xr_test: 3.746e+00, psnr_yr_test: 2.330e+01, sam_yr_test: 1.880e+01, psnr_zr_test: 3.540e+01, sam_zr_test: 6.551e+00, ssim_zr_test: 9.738e-01, rmse_zr_test: 4.877e+00, ergas_zr_test: 4.966e-01, uqi_zr_test: 9.797e-01, psnr_xdsr_test: 3.357e+01, sam_xdsr_test: 3.750e+00
23-11-27 05:15:42.077 : , G_loss_test: 1.609e-02, hsi_likelihood_test: 3.232e-03, msi_likelihood_test: 1.286e-02, regularization_degradation_test: 3.697e-09, regularization_phi_test: 3.137e-03, psnr_xr_test: 3.331e+01, sam_xr_test: 3.746e+00, psnr_yr_test: 2.330e+01, sam_yr_test: 1.880e+01, psnr_zr_test: 3.540e+01, sam_zr_test: 6.551e+00, ssim_zr_test: 9.738e-01, rmse_zr_test: 4.877e+00, ergas_zr_test: 4.966e-01, uqi_zr_test: 9.797e-01, psnr_xdsr_test: 3.357e+01, sam_xdsr_test: 3.750e+00
23-11-27 05:15:46.291 : , G_loss_test: 1.606e-02, hsi_likelihood_test: 3.175e-03, msi_likelihood_test: 1.289e-02, regularization_degradation_test: 3.769e-09, regularization_phi_test: 3.061e-03, psnr_xr_test: 3.339e+01, sam_xr_test: 3.669e+00, psnr_yr_test: 2.323e+01, sam_yr_test: 1.882e+01, psnr_zr_test: 3.543e+01, sam_zr_test: 6.483e+00, ssim_zr_test: 9.740e-01, rmse_zr_test: 4.864e+00, ergas_zr_test: 4.950e-01, uqi_zr_test: 9.801e-01, psnr_xdsr_test: 3.363e+01, sam_xdsr_test: 3.656e+00
23-11-27 05:15:46.291 : , G_loss_test: 1.606e-02, hsi_likelihood_test: 3.175e-03, msi_likelihood_test: 1.289e-02, regularization_degradation_test: 3.769e-09, regularization_phi_test: 3.061e-03, psnr_xr_test: 3.339e+01, sam_xr_test: 3.669e+00, psnr_yr_test: 2.323e+01, sam_yr_test: 1.882e+01, psnr_zr_test: 3.543e+01, sam_zr_test: 6.483e+00, ssim_zr_test: 9.740e-01, rmse_zr_test: 4.864e+00, ergas_zr_test: 4.950e-01, uqi_zr_test: 9.801e-01, psnr_xdsr_test: 3.363e+01, sam_xdsr_test: 3.656e+00
23-11-27 05:15:50.563 : , G_loss_test: 1.598e-02, hsi_likelihood_test: 3.144e-03, msi_likelihood_test: 1.283e-02, regularization_degradation_test: 3.673e-09, regularization_phi_test: 3.028e-03, psnr_xr_test: 3.347e+01, sam_xr_test: 3.648e+00, psnr_yr_test: 2.325e+01, sam_yr_test: 1.879e+01, psnr_zr_test: 3.548e+01, sam_zr_test: 6.446e+00, ssim_zr_test: 9.744e-01, rmse_zr_test: 4.846e+00, ergas_zr_test: 4.927e-01, uqi_zr_test: 9.805e-01, psnr_xdsr_test: 3.375e+01, sam_xdsr_test: 3.624e+00
23-11-27 05:15:50.563 : , G_loss_test: 1.598e-02, hsi_likelihood_test: 3.144e-03, msi_likelihood_test: 1.283e-02, regularization_degradation_test: 3.673e-09, regularization_phi_test: 3.028e-03, psnr_xr_test: 3.347e+01, sam_xr_test: 3.648e+00, psnr_yr_test: 2.325e+01, sam_yr_test: 1.879e+01, psnr_zr_test: 3.548e+01, sam_zr_test: 6.446e+00, ssim_zr_test: 9.744e-01, rmse_zr_test: 4.846e+00, ergas_zr_test: 4.927e-01, uqi_zr_test: 9.805e-01, psnr_xdsr_test: 3.375e+01, sam_xdsr_test: 3.624e+00
23-11-27 05:15:54.795 : , G_loss_test: 1.587e-02, hsi_likelihood_test: 3.126e-03, msi_likelihood_test: 1.274e-02, regularization_degradation_test: 3.697e-09, regularization_phi_test: 2.985e-03, psnr_xr_test: 3.350e+01, sam_xr_test: 3.611e+00, psnr_yr_test: 2.333e+01, sam_yr_test: 1.878e+01, psnr_zr_test: 3.549e+01, sam_zr_test: 6.426e+00, ssim_zr_test: 9.745e-01, rmse_zr_test: 4.833e+00, ergas_zr_test: 4.918e-01, uqi_zr_test: 9.806e-01, psnr_xdsr_test: 3.382e+01, sam_xdsr_test: 3.605e+00
23-11-27 05:15:54.796 : , G_loss_test: 1.587e-02, hsi_likelihood_test: 3.126e-03, msi_likelihood_test: 1.274e-02, regularization_degradation_test: 3.697e-09, regularization_phi_test: 2.985e-03, psnr_xr_test: 3.350e+01, sam_xr_test: 3.611e+00, psnr_yr_test: 2.333e+01, sam_yr_test: 1.878e+01, psnr_zr_test: 3.549e+01, sam_zr_test: 6.426e+00, ssim_zr_test: 9.745e-01, rmse_zr_test: 4.833e+00, ergas_zr_test: 4.918e-01, uqi_zr_test: 9.806e-01, psnr_xdsr_test: 3.382e+01, sam_xdsr_test: 3.605e+00
23-11-27 05:15:59.035 : , G_loss_test: 1.591e-02, hsi_likelihood_test: 3.083e-03, msi_likelihood_test: 1.283e-02, regularization_degradation_test: 3.618e-09, regularization_phi_test: 2.947e-03, psnr_xr_test: 3.363e+01, sam_xr_test: 3.586e+00, psnr_yr_test: 2.318e+01, sam_yr_test: 1.879e+01, psnr_zr_test: 3.557e+01, sam_zr_test: 6.402e+00, ssim_zr_test: 9.748e-01, rmse_zr_test: 4.797e+00, ergas_zr_test: 4.882e-01, uqi_zr_test: 9.808e-01, psnr_xdsr_test: 3.392e+01, sam_xdsr_test: 3.574e+00
23-11-27 05:15:59.035 : , G_loss_test: 1.591e-02, hsi_likelihood_test: 3.083e-03, msi_likelihood_test: 1.283e-02, regularization_degradation_test: 3.618e-09, regularization_phi_test: 2.947e-03, psnr_xr_test: 3.363e+01, sam_xr_test: 3.586e+00, psnr_yr_test: 2.318e+01, sam_yr_test: 1.879e+01, psnr_zr_test: 3.557e+01, sam_zr_test: 6.402e+00, ssim_zr_test: 9.748e-01, rmse_zr_test: 4.797e+00, ergas_zr_test: 4.882e-01, uqi_zr_test: 9.808e-01, psnr_xdsr_test: 3.392e+01, sam_xdsr_test: 3.574e+00
23-11-27 05:16:03.387 : , G_loss_test: 1.583e-02, hsi_likelihood_test: 3.033e-03, msi_likelihood_test: 1.279e-02, regularization_degradation_test: 3.772e-09, regularization_phi_test: 2.903e-03, psnr_xr_test: 3.377e+01, sam_xr_test: 3.555e+00, psnr_yr_test: 2.319e+01, sam_yr_test: 1.879e+01, psnr_zr_test: 3.564e+01, sam_zr_test: 6.359e+00, ssim_zr_test: 9.753e-01, rmse_zr_test: 4.762e+00, ergas_zr_test: 4.844e-01, uqi_zr_test: 9.812e-01, psnr_xdsr_test: 3.406e+01, sam_xdsr_test: 3.541e+00
23-11-27 05:16:03.387 : , G_loss_test: 1.583e-02, hsi_likelihood_test: 3.033e-03, msi_likelihood_test: 1.279e-02, regularization_degradation_test: 3.772e-09, regularization_phi_test: 2.903e-03, psnr_xr_test: 3.377e+01, sam_xr_test: 3.555e+00, psnr_yr_test: 2.319e+01, sam_yr_test: 1.879e+01, psnr_zr_test: 3.564e+01, sam_zr_test: 6.359e+00, ssim_zr_test: 9.753e-01, rmse_zr_test: 4.762e+00, ergas_zr_test: 4.844e-01, uqi_zr_test: 9.812e-01, psnr_xdsr_test: 3.406e+01, sam_xdsr_test: 3.541e+00
23-11-27 05:16:07.586 : , G_loss_test: 1.577e-02, hsi_likelihood_test: 3.008e-03, msi_likelihood_test: 1.276e-02, regularization_degradation_test: 3.847e-09, regularization_phi_test: 2.868e-03, psnr_xr_test: 3.384e+01, sam_xr_test: 3.541e+00, psnr_yr_test: 2.322e+01, sam_yr_test: 1.879e+01, psnr_zr_test: 3.569e+01, sam_zr_test: 6.343e+00, ssim_zr_test: 9.755e-01, rmse_zr_test: 4.738e+00, ergas_zr_test: 4.823e-01, uqi_zr_test: 9.815e-01, psnr_xdsr_test: 3.417e+01, sam_xdsr_test: 3.519e+00
23-11-27 05:16:07.587 : , G_loss_test: 1.577e-02, hsi_likelihood_test: 3.008e-03, msi_likelihood_test: 1.276e-02, regularization_degradation_test: 3.847e-09, regularization_phi_test: 2.868e-03, psnr_xr_test: 3.384e+01, sam_xr_test: 3.541e+00, psnr_yr_test: 2.322e+01, sam_yr_test: 1.879e+01, psnr_zr_test: 3.569e+01, sam_zr_test: 6.343e+00, ssim_zr_test: 9.755e-01, rmse_zr_test: 4.738e+00, ergas_zr_test: 4.823e-01, uqi_zr_test: 9.815e-01, psnr_xdsr_test: 3.417e+01, sam_xdsr_test: 3.519e+00
23-11-27 05:16:11.733 : , G_loss_test: 1.569e-02, hsi_likelihood_test: 2.972e-03, msi_likelihood_test: 1.272e-02, regularization_degradation_test: 3.900e-09, regularization_phi_test: 2.838e-03, psnr_xr_test: 3.394e+01, sam_xr_test: 3.513e+00, psnr_yr_test: 2.325e+01, sam_yr_test: 1.878e+01, psnr_zr_test: 3.575e+01, sam_zr_test: 6.311e+00, ssim_zr_test: 9.758e-01, rmse_zr_test: 4.705e+00, ergas_zr_test: 4.792e-01, uqi_zr_test: 9.818e-01, psnr_xdsr_test: 3.425e+01, sam_xdsr_test: 3.471e+00
23-11-27 05:16:11.733 : , G_loss_test: 1.569e-02, hsi_likelihood_test: 2.972e-03, msi_likelihood_test: 1.272e-02, regularization_degradation_test: 3.900e-09, regularization_phi_test: 2.838e-03, psnr_xr_test: 3.394e+01, sam_xr_test: 3.513e+00, psnr_yr_test: 2.325e+01, sam_yr_test: 1.878e+01, psnr_zr_test: 3.575e+01, sam_zr_test: 6.311e+00, ssim_zr_test: 9.758e-01, rmse_zr_test: 4.705e+00, ergas_zr_test: 4.792e-01, uqi_zr_test: 9.818e-01, psnr_xdsr_test: 3.425e+01, sam_xdsr_test: 3.471e+00
23-11-27 05:16:15.936 : , G_loss_test: 1.567e-02, hsi_likelihood_test: 2.935e-03, msi_likelihood_test: 1.273e-02, regularization_degradation_test: 3.758e-09, regularization_phi_test: 2.806e-03, psnr_xr_test: 3.405e+01, sam_xr_test: 3.492e+00, psnr_yr_test: 2.322e+01, sam_yr_test: 1.879e+01, psnr_zr_test: 3.580e+01, sam_zr_test: 6.285e+00, ssim_zr_test: 9.761e-01, rmse_zr_test: 4.674e+00, ergas_zr_test: 4.761e-01, uqi_zr_test: 9.821e-01, psnr_xdsr_test: 3.437e+01, sam_xdsr_test: 3.444e+00
23-11-27 05:16:15.936 : , G_loss_test: 1.567e-02, hsi_likelihood_test: 2.935e-03, msi_likelihood_test: 1.273e-02, regularization_degradation_test: 3.758e-09, regularization_phi_test: 2.806e-03, psnr_xr_test: 3.405e+01, sam_xr_test: 3.492e+00, psnr_yr_test: 2.322e+01, sam_yr_test: 1.879e+01, psnr_zr_test: 3.580e+01, sam_zr_test: 6.285e+00, ssim_zr_test: 9.761e-01, rmse_zr_test: 4.674e+00, ergas_zr_test: 4.761e-01, uqi_zr_test: 9.821e-01, psnr_xdsr_test: 3.437e+01, sam_xdsr_test: 3.444e+00
23-11-27 05:16:20.149 : , G_loss_test: 1.563e-02, hsi_likelihood_test: 2.923e-03, msi_likelihood_test: 1.271e-02, regularization_degradation_test: 3.641e-09, regularization_phi_test: 2.780e-03, psnr_xr_test: 3.409e+01, sam_xr_test: 3.484e+00, psnr_yr_test: 2.326e+01, sam_yr_test: 1.878e+01, psnr_zr_test: 3.581e+01, sam_zr_test: 6.270e+00, ssim_zr_test: 9.763e-01, rmse_zr_test: 4.657e+00, ergas_zr_test: 4.745e-01, uqi_zr_test: 9.823e-01, psnr_xdsr_test: 3.443e+01, sam_xdsr_test: 3.431e+00
23-11-27 05:16:20.149 : , G_loss_test: 1.563e-02, hsi_likelihood_test: 2.923e-03, msi_likelihood_test: 1.271e-02, regularization_degradation_test: 3.641e-09, regularization_phi_test: 2.780e-03, psnr_xr_test: 3.409e+01, sam_xr_test: 3.484e+00, psnr_yr_test: 2.326e+01, sam_yr_test: 1.878e+01, psnr_zr_test: 3.581e+01, sam_zr_test: 6.270e+00, ssim_zr_test: 9.763e-01, rmse_zr_test: 4.657e+00, ergas_zr_test: 4.745e-01, uqi_zr_test: 9.823e-01, psnr_xdsr_test: 3.443e+01, sam_xdsr_test: 3.431e+00
23-11-27 05:16:24.267 : , G_loss_test: 1.564e-02, hsi_likelihood_test: 2.889e-03, msi_likelihood_test: 1.276e-02, regularization_degradation_test: 3.771e-09, regularization_phi_test: 2.753e-03, psnr_xr_test: 3.417e+01, sam_xr_test: 3.448e+00, psnr_yr_test: 2.316e+01, sam_yr_test: 1.880e+01, psnr_zr_test: 3.586e+01, sam_zr_test: 6.240e+00, ssim_zr_test: 9.764e-01, rmse_zr_test: 4.631e+00, ergas_zr_test: 4.723e-01, uqi_zr_test: 9.824e-01, psnr_xdsr_test: 3.451e+01, sam_xdsr_test: 3.408e+00
23-11-27 05:16:24.267 : , G_loss_test: 1.564e-02, hsi_likelihood_test: 2.889e-03, msi_likelihood_test: 1.276e-02, regularization_degradation_test: 3.771e-09, regularization_phi_test: 2.753e-03, psnr_xr_test: 3.417e+01, sam_xr_test: 3.448e+00, psnr_yr_test: 2.316e+01, sam_yr_test: 1.880e+01, psnr_zr_test: 3.586e+01, sam_zr_test: 6.240e+00, ssim_zr_test: 9.764e-01, rmse_zr_test: 4.631e+00, ergas_zr_test: 4.723e-01, uqi_zr_test: 9.824e-01, psnr_xdsr_test: 3.451e+01, sam_xdsr_test: 3.408e+00
23-11-27 05:16:28.422 : , G_loss_test: 1.559e-02, hsi_likelihood_test: 2.884e-03, msi_likelihood_test: 1.270e-02, regularization_degradation_test: 3.549e-09, regularization_phi_test: 2.749e-03, psnr_xr_test: 3.419e+01, sam_xr_test: 3.431e+00, psnr_yr_test: 2.321e+01, sam_yr_test: 1.878e+01, psnr_zr_test: 3.586e+01, sam_zr_test: 6.215e+00, ssim_zr_test: 9.765e-01, rmse_zr_test: 4.626e+00, ergas_zr_test: 4.717e-01, uqi_zr_test: 9.824e-01, psnr_xdsr_test: 3.453e+01, sam_xdsr_test: 3.389e+00
23-11-27 05:16:28.423 : , G_loss_test: 1.559e-02, hsi_likelihood_test: 2.884e-03, msi_likelihood_test: 1.270e-02, regularization_degradation_test: 3.549e-09, regularization_phi_test: 2.749e-03, psnr_xr_test: 3.419e+01, sam_xr_test: 3.431e+00, psnr_yr_test: 2.321e+01, sam_yr_test: 1.878e+01, psnr_zr_test: 3.586e+01, sam_zr_test: 6.215e+00, ssim_zr_test: 9.765e-01, rmse_zr_test: 4.626e+00, ergas_zr_test: 4.717e-01, uqi_zr_test: 9.824e-01, psnr_xdsr_test: 3.453e+01, sam_xdsr_test: 3.389e+00
23-11-27 05:16:36.439 : , G_loss_test: 8.824e-03, hsi_likelihood_test: 2.861e-03, msi_likelihood_test: 5.963e-03, regularization_degradation_test: 2.495e-09, regularization_phi_test: 2.894e-03, psnr_xr_test: 4.158e+01, sam_xr_test: 7.669e+00, psnr_yr_test: 2.821e+01, sam_yr_test: nan, psnr_zr_test: 4.075e+01, sam_zr_test: 1.031e+01, ssim_zr_test: 9.740e-01, rmse_zr_test: 3.176e+00, ergas_zr_test: 3.706e-01, uqi_zr_test: 9.305e-01, psnr_xdsr_test: 4.149e+01, sam_xdsr_test: 7.958e+00
23-11-27 05:16:36.440 : , G_loss_test: 8.824e-03, hsi_likelihood_test: 2.861e-03, msi_likelihood_test: 5.963e-03, regularization_degradation_test: 2.495e-09, regularization_phi_test: 2.894e-03, psnr_xr_test: 4.158e+01, sam_xr_test: 7.669e+00, psnr_yr_test: 2.821e+01, sam_yr_test: nan, psnr_zr_test: 4.075e+01, sam_zr_test: 1.031e+01, ssim_zr_test: 9.740e-01, rmse_zr_test: 3.176e+00, ergas_zr_test: 3.706e-01, uqi_zr_test: 9.305e-01, psnr_xdsr_test: 4.149e+01, sam_xdsr_test: 7.958e+00
23-11-27 05:16:40.682 : , G_loss_test: 8.166e-03, hsi_likelihood_test: 1.933e-03, msi_likelihood_test: 6.233e-03, regularization_degradation_test: 2.604e-09, regularization_phi_test: 1.995e-03, psnr_xr_test: 4.450e+01, sam_xr_test: 5.791e+00, psnr_yr_test: 2.753e+01, sam_yr_test: 1.706e+01, psnr_zr_test: 4.272e+01, sam_zr_test: 8.390e+00, ssim_zr_test: 9.811e-01, rmse_zr_test: 2.516e+00, ergas_zr_test: 3.046e-01, uqi_zr_test: 9.435e-01, psnr_xdsr_test: 4.418e+01, sam_xdsr_test: 6.070e+00
23-11-27 05:16:40.683 : , G_loss_test: 8.166e-03, hsi_likelihood_test: 1.933e-03, msi_likelihood_test: 6.233e-03, regularization_degradation_test: 2.604e-09, regularization_phi_test: 1.995e-03, psnr_xr_test: 4.450e+01, sam_xr_test: 5.791e+00, psnr_yr_test: 2.753e+01, sam_yr_test: 1.706e+01, psnr_zr_test: 4.272e+01, sam_zr_test: 8.390e+00, ssim_zr_test: 9.811e-01, rmse_zr_test: 2.516e+00, ergas_zr_test: 3.046e-01, uqi_zr_test: 9.435e-01, psnr_xdsr_test: 4.418e+01, sam_xdsr_test: 6.070e+00
23-11-27 05:16:44.851 : , G_loss_test: 7.858e-03, hsi_likelihood_test: 1.673e-03, msi_likelihood_test: 6.185e-03, regularization_degradation_test: 2.446e-09, regularization_phi_test: 1.751e-03, psnr_xr_test: 4.549e+01, sam_xr_test: 4.872e+00, psnr_yr_test: 2.759e+01, sam_yr_test: 1.724e+01, psnr_zr_test: 4.322e+01, sam_zr_test: 7.506e+00, ssim_zr_test: 9.838e-01, rmse_zr_test: 2.176e+00, ergas_zr_test: 2.822e-01, uqi_zr_test: 9.491e-01, psnr_xdsr_test: 4.514e+01, sam_xdsr_test: 5.157e+00
23-11-27 05:16:44.851 : , G_loss_test: 7.858e-03, hsi_likelihood_test: 1.673e-03, msi_likelihood_test: 6.185e-03, regularization_degradation_test: 2.446e-09, regularization_phi_test: 1.751e-03, psnr_xr_test: 4.549e+01, sam_xr_test: 4.872e+00, psnr_yr_test: 2.759e+01, sam_yr_test: 1.724e+01, psnr_zr_test: 4.322e+01, sam_zr_test: 7.506e+00, ssim_zr_test: 9.838e-01, rmse_zr_test: 2.176e+00, ergas_zr_test: 2.822e-01, uqi_zr_test: 9.491e-01, psnr_xdsr_test: 4.514e+01, sam_xdsr_test: 5.157e+00
23-11-27 05:16:49.069 : , G_loss_test: 7.845e-03, hsi_likelihood_test: 1.634e-03, msi_likelihood_test: 6.212e-03, regularization_degradation_test: 3.041e-09, regularization_phi_test: 1.708e-03, psnr_xr_test: 4.557e+01, sam_xr_test: 4.816e+00, psnr_yr_test: 2.761e+01, sam_yr_test: 1.721e+01, psnr_zr_test: 4.327e+01, sam_zr_test: 7.413e+00, ssim_zr_test: 9.841e-01, rmse_zr_test: 2.087e+00, ergas_zr_test: 2.784e-01, uqi_zr_test: 9.511e-01, psnr_xdsr_test: 4.531e+01, sam_xdsr_test: 5.079e+00
23-11-27 05:16:49.069 : , G_loss_test: 7.845e-03, hsi_likelihood_test: 1.634e-03, msi_likelihood_test: 6.212e-03, regularization_degradation_test: 3.041e-09, regularization_phi_test: 1.708e-03, psnr_xr_test: 4.557e+01, sam_xr_test: 4.816e+00, psnr_yr_test: 2.761e+01, sam_yr_test: 1.721e+01, psnr_zr_test: 4.327e+01, sam_zr_test: 7.413e+00, ssim_zr_test: 9.841e-01, rmse_zr_test: 2.087e+00, ergas_zr_test: 2.784e-01, uqi_zr_test: 9.511e-01, psnr_xdsr_test: 4.531e+01, sam_xdsr_test: 5.079e+00
23-11-27 05:16:53.352 : , G_loss_test: 7.828e-03, hsi_likelihood_test: 1.579e-03, msi_likelihood_test: 6.249e-03, regularization_degradation_test: 2.727e-09, regularization_phi_test: 1.645e-03, psnr_xr_test: 4.594e+01, sam_xr_test: 4.668e+00, psnr_yr_test: 2.753e+01, sam_yr_test: 1.715e+01, psnr_zr_test: 4.348e+01, sam_zr_test: 7.282e+00, ssim_zr_test: 9.844e-01, rmse_zr_test: 2.056e+00, ergas_zr_test: 2.736e-01, uqi_zr_test: 9.518e-01, psnr_xdsr_test: 4.566e+01, sam_xdsr_test: 4.919e+00
23-11-27 05:16:53.353 : , G_loss_test: 7.828e-03, hsi_likelihood_test: 1.579e-03, msi_likelihood_test: 6.249e-03, regularization_degradation_test: 2.727e-09, regularization_phi_test: 1.645e-03, psnr_xr_test: 4.594e+01, sam_xr_test: 4.668e+00, psnr_yr_test: 2.753e+01, sam_yr_test: 1.715e+01, psnr_zr_test: 4.348e+01, sam_zr_test: 7.282e+00, ssim_zr_test: 9.844e-01, rmse_zr_test: 2.056e+00, ergas_zr_test: 2.736e-01, uqi_zr_test: 9.518e-01, psnr_xdsr_test: 4.566e+01, sam_xdsr_test: 4.919e+00
23-11-27 05:16:57.542 : , G_loss_test: 7.764e-03, hsi_likelihood_test: 1.552e-03, msi_likelihood_test: 6.212e-03, regularization_degradation_test: 2.452e-09, regularization_phi_test: 1.610e-03, psnr_xr_test: 4.609e+01, sam_xr_test: 4.541e+00, psnr_yr_test: 2.765e+01, sam_yr_test: 1.714e+01, psnr_zr_test: 4.358e+01, sam_zr_test: 7.197e+00, ssim_zr_test: 9.846e-01, rmse_zr_test: 2.036e+00, ergas_zr_test: 2.707e-01, uqi_zr_test: 9.524e-01, psnr_xdsr_test: 4.592e+01, sam_xdsr_test: 4.794e+00
23-11-27 05:16:57.543 : , G_loss_test: 7.764e-03, hsi_likelihood_test: 1.552e-03, msi_likelihood_test: 6.212e-03, regularization_degradation_test: 2.452e-09, regularization_phi_test: 1.610e-03, psnr_xr_test: 4.609e+01, sam_xr_test: 4.541e+00, psnr_yr_test: 2.765e+01, sam_yr_test: 1.714e+01, psnr_zr_test: 4.358e+01, sam_zr_test: 7.197e+00, ssim_zr_test: 9.846e-01, rmse_zr_test: 2.036e+00, ergas_zr_test: 2.707e-01, uqi_zr_test: 9.524e-01, psnr_xdsr_test: 4.592e+01, sam_xdsr_test: 4.794e+00
23-11-27 05:17:01.679 : , G_loss_test: 7.840e-03, hsi_likelihood_test: 1.619e-03, msi_likelihood_test: 6.220e-03, regularization_degradation_test: 2.817e-09, regularization_phi_test: 1.649e-03, psnr_xr_test: 4.566e+01, sam_xr_test: 4.739e+00, psnr_yr_test: 2.769e+01, sam_yr_test: 1.717e+01, psnr_zr_test: 4.336e+01, sam_zr_test: 7.320e+00, ssim_zr_test: 9.844e-01, rmse_zr_test: 2.064e+00, ergas_zr_test: 2.724e-01, uqi_zr_test: 9.520e-01, psnr_xdsr_test: 4.564e+01, sam_xdsr_test: 4.911e+00
23-11-27 05:17:01.680 : , G_loss_test: 7.840e-03, hsi_likelihood_test: 1.619e-03, msi_likelihood_test: 6.220e-03, regularization_degradation_test: 2.817e-09, regularization_phi_test: 1.649e-03, psnr_xr_test: 4.566e+01, sam_xr_test: 4.739e+00, psnr_yr_test: 2.769e+01, sam_yr_test: 1.717e+01, psnr_zr_test: 4.336e+01, sam_zr_test: 7.320e+00, ssim_zr_test: 9.844e-01, rmse_zr_test: 2.064e+00, ergas_zr_test: 2.724e-01, uqi_zr_test: 9.520e-01, psnr_xdsr_test: 4.564e+01, sam_xdsr_test: 4.911e+00
23-11-27 05:17:05.943 : , G_loss_test: 7.708e-03, hsi_likelihood_test: 1.529e-03, msi_likelihood_test: 6.179e-03, regularization_degradation_test: 2.668e-09, regularization_phi_test: 1.570e-03, psnr_xr_test: 4.614e+01, sam_xr_test: 4.503e+00, psnr_yr_test: 2.772e+01, sam_yr_test: 1.711e+01, psnr_zr_test: 4.361e+01, sam_zr_test: 7.120e+00, ssim_zr_test: 9.849e-01, rmse_zr_test: 2.017e+00, ergas_zr_test: 2.681e-01, uqi_zr_test: 9.531e-01, psnr_xdsr_test: 4.602e+01, sam_xdsr_test: 4.684e+00
23-11-27 05:17:05.944 : , G_loss_test: 7.708e-03, hsi_likelihood_test: 1.529e-03, msi_likelihood_test: 6.179e-03, regularization_degradation_test: 2.668e-09, regularization_phi_test: 1.570e-03, psnr_xr_test: 4.614e+01, sam_xr_test: 4.503e+00, psnr_yr_test: 2.772e+01, sam_yr_test: 1.711e+01, psnr_zr_test: 4.361e+01, sam_zr_test: 7.120e+00, ssim_zr_test: 9.849e-01, rmse_zr_test: 2.017e+00, ergas_zr_test: 2.681e-01, uqi_zr_test: 9.531e-01, psnr_xdsr_test: 4.602e+01, sam_xdsr_test: 4.684e+00
23-11-27 05:17:10.131 : , G_loss_test: 7.757e-03, hsi_likelihood_test: 1.523e-03, msi_likelihood_test: 6.234e-03, regularization_degradation_test: 2.326e-09, regularization_phi_test: 1.561e-03, psnr_xr_test: 4.621e+01, sam_xr_test: 4.515e+00, psnr_yr_test: 2.757e+01, sam_yr_test: 1.713e+01, psnr_zr_test: 4.365e+01, sam_zr_test: 7.141e+00, ssim_zr_test: 9.849e-01, rmse_zr_test: 2.016e+00, ergas_zr_test: 2.670e-01, uqi_zr_test: 9.527e-01, psnr_xdsr_test: 4.610e+01, sam_xdsr_test: 4.715e+00
23-11-27 05:17:10.131 : , G_loss_test: 7.757e-03, hsi_likelihood_test: 1.523e-03, msi_likelihood_test: 6.234e-03, regularization_degradation_test: 2.326e-09, regularization_phi_test: 1.561e-03, psnr_xr_test: 4.621e+01, sam_xr_test: 4.515e+00, psnr_yr_test: 2.757e+01, sam_yr_test: 1.713e+01, psnr_zr_test: 4.365e+01, sam_zr_test: 7.141e+00, ssim_zr_test: 9.849e-01, rmse_zr_test: 2.016e+00, ergas_zr_test: 2.670e-01, uqi_zr_test: 9.527e-01, psnr_xdsr_test: 4.610e+01, sam_xdsr_test: 4.715e+00
23-11-27 05:17:14.314 : , G_loss_test: 7.755e-03, hsi_likelihood_test: 1.547e-03, msi_likelihood_test: 6.208e-03, regularization_degradation_test: 2.600e-09, regularization_phi_test: 1.624e-03, psnr_xr_test: 4.613e+01, sam_xr_test: 4.433e+00, psnr_yr_test: 2.753e+01, sam_yr_test: 1.710e+01, psnr_zr_test: 4.363e+01, sam_zr_test: 7.046e+00, ssim_zr_test: 9.848e-01, rmse_zr_test: 2.003e+00, ergas_zr_test: 2.662e-01, uqi_zr_test: 9.512e-01, psnr_xdsr_test: 4.578e+01, sam_xdsr_test: 4.648e+00
23-11-27 05:17:14.315 : , G_loss_test: 7.755e-03, hsi_likelihood_test: 1.547e-03, msi_likelihood_test: 6.208e-03, regularization_degradation_test: 2.600e-09, regularization_phi_test: 1.624e-03, psnr_xr_test: 4.613e+01, sam_xr_test: 4.433e+00, psnr_yr_test: 2.753e+01, sam_yr_test: 1.710e+01, psnr_zr_test: 4.363e+01, sam_zr_test: 7.046e+00, ssim_zr_test: 9.848e-01, rmse_zr_test: 2.003e+00, ergas_zr_test: 2.662e-01, uqi_zr_test: 9.512e-01, psnr_xdsr_test: 4.578e+01, sam_xdsr_test: 4.648e+00
23-11-27 05:17:18.475 : , G_loss_test: 7.717e-03, hsi_likelihood_test: 1.551e-03, msi_likelihood_test: 6.166e-03, regularization_degradation_test: 2.543e-09, regularization_phi_test: 1.561e-03, psnr_xr_test: 4.592e+01, sam_xr_test: 4.429e+00, psnr_yr_test: 2.780e+01, sam_yr_test: 1.705e+01, psnr_zr_test: 4.350e+01, sam_zr_test: 7.055e+00, ssim_zr_test: 9.852e-01, rmse_zr_test: 2.024e+00, ergas_zr_test: 2.687e-01, uqi_zr_test: 9.532e-01, psnr_xdsr_test: 4.603e+01, sam_xdsr_test: 4.580e+00
23-11-27 05:17:18.475 : , G_loss_test: 7.717e-03, hsi_likelihood_test: 1.551e-03, msi_likelihood_test: 6.166e-03, regularization_degradation_test: 2.543e-09, regularization_phi_test: 1.561e-03, psnr_xr_test: 4.592e+01, sam_xr_test: 4.429e+00, psnr_yr_test: 2.780e+01, sam_yr_test: 1.705e+01, psnr_zr_test: 4.350e+01, sam_zr_test: 7.055e+00, ssim_zr_test: 9.852e-01, rmse_zr_test: 2.024e+00, ergas_zr_test: 2.687e-01, uqi_zr_test: 9.532e-01, psnr_xdsr_test: 4.603e+01, sam_xdsr_test: 4.580e+00
23-11-27 05:17:22.681 : , G_loss_test: 7.674e-03, hsi_likelihood_test: 1.477e-03, msi_likelihood_test: 6.197e-03, regularization_degradation_test: 2.609e-09, regularization_phi_test: 1.512e-03, psnr_xr_test: 4.642e+01, sam_xr_test: 4.359e+00, psnr_yr_test: 2.762e+01, sam_yr_test: 1.708e+01, psnr_zr_test: 4.375e+01, sam_zr_test: 7.018e+00, ssim_zr_test: 9.853e-01, rmse_zr_test: 1.994e+00, ergas_zr_test: 2.643e-01, uqi_zr_test: 9.534e-01, psnr_xdsr_test: 4.640e+01, sam_xdsr_test: 4.559e+00
23-11-27 05:17:22.681 : , G_loss_test: 7.674e-03, hsi_likelihood_test: 1.477e-03, msi_likelihood_test: 6.197e-03, regularization_degradation_test: 2.609e-09, regularization_phi_test: 1.512e-03, psnr_xr_test: 4.642e+01, sam_xr_test: 4.359e+00, psnr_yr_test: 2.762e+01, sam_yr_test: 1.708e+01, psnr_zr_test: 4.375e+01, sam_zr_test: 7.018e+00, ssim_zr_test: 9.853e-01, rmse_zr_test: 1.994e+00, ergas_zr_test: 2.643e-01, uqi_zr_test: 9.534e-01, psnr_xdsr_test: 4.640e+01, sam_xdsr_test: 4.559e+00
23-11-27 05:17:26.852 : , G_loss_test: 7.700e-03, hsi_likelihood_test: 1.489e-03, msi_likelihood_test: 6.210e-03, regularization_degradation_test: 2.501e-09, regularization_phi_test: 1.538e-03, psnr_xr_test: 4.635e+01, sam_xr_test: 4.321e+00, psnr_yr_test: 2.748e+01, sam_yr_test: 1.699e+01, psnr_zr_test: 4.371e+01, sam_zr_test: 6.970e+00, ssim_zr_test: 9.853e-01, rmse_zr_test: 1.990e+00, ergas_zr_test: 2.642e-01, uqi_zr_test: 9.531e-01, psnr_xdsr_test: 4.622e+01, sam_xdsr_test: 4.526e+00
23-11-27 05:17:26.852 : , G_loss_test: 7.700e-03, hsi_likelihood_test: 1.489e-03, msi_likelihood_test: 6.210e-03, regularization_degradation_test: 2.501e-09, regularization_phi_test: 1.538e-03, psnr_xr_test: 4.635e+01, sam_xr_test: 4.321e+00, psnr_yr_test: 2.748e+01, sam_yr_test: 1.699e+01, psnr_zr_test: 4.371e+01, sam_zr_test: 6.970e+00, ssim_zr_test: 9.853e-01, rmse_zr_test: 1.990e+00, ergas_zr_test: 2.642e-01, uqi_zr_test: 9.531e-01, psnr_xdsr_test: 4.622e+01, sam_xdsr_test: 4.526e+00
23-11-27 05:17:30.979 : , G_loss_test: 7.659e-03, hsi_likelihood_test: 1.459e-03, msi_likelihood_test: 6.200e-03, regularization_degradation_test: 2.458e-09, regularization_phi_test: 1.484e-03, psnr_xr_test: 4.646e+01, sam_xr_test: 4.272e+00, psnr_yr_test: 2.756e+01, sam_yr_test: 1.703e+01, psnr_zr_test: 4.375e+01, sam_zr_test: 6.916e+00, ssim_zr_test: 9.856e-01, rmse_zr_test: 1.986e+00, ergas_zr_test: 2.637e-01, uqi_zr_test: 9.543e-01, psnr_xdsr_test: 4.647e+01, sam_xdsr_test: 4.414e+00
23-11-27 05:17:30.980 : , G_loss_test: 7.659e-03, hsi_likelihood_test: 1.459e-03, msi_likelihood_test: 6.200e-03, regularization_degradation_test: 2.458e-09, regularization_phi_test: 1.484e-03, psnr_xr_test: 4.646e+01, sam_xr_test: 4.272e+00, psnr_yr_test: 2.756e+01, sam_yr_test: 1.703e+01, psnr_zr_test: 4.375e+01, sam_zr_test: 6.916e+00, ssim_zr_test: 9.856e-01, rmse_zr_test: 1.986e+00, ergas_zr_test: 2.637e-01, uqi_zr_test: 9.543e-01, psnr_xdsr_test: 4.647e+01, sam_xdsr_test: 4.414e+00
23-11-27 05:17:35.096 : , G_loss_test: 7.654e-03, hsi_likelihood_test: 1.456e-03, msi_likelihood_test: 6.198e-03, regularization_degradation_test: 2.319e-09, regularization_phi_test: 1.477e-03, psnr_xr_test: 4.649e+01, sam_xr_test: 4.263e+00, psnr_yr_test: 2.758e+01, sam_yr_test: 1.702e+01, psnr_zr_test: 4.375e+01, sam_zr_test: 6.917e+00, ssim_zr_test: 9.856e-01, rmse_zr_test: 1.984e+00, ergas_zr_test: 2.634e-01, uqi_zr_test: 9.543e-01, psnr_xdsr_test: 4.647e+01, sam_xdsr_test: 4.432e+00
23-11-27 05:17:35.096 : , G_loss_test: 7.654e-03, hsi_likelihood_test: 1.456e-03, msi_likelihood_test: 6.198e-03, regularization_degradation_test: 2.319e-09, regularization_phi_test: 1.477e-03, psnr_xr_test: 4.649e+01, sam_xr_test: 4.263e+00, psnr_yr_test: 2.758e+01, sam_yr_test: 1.702e+01, psnr_zr_test: 4.375e+01, sam_zr_test: 6.917e+00, ssim_zr_test: 9.856e-01, rmse_zr_test: 1.984e+00, ergas_zr_test: 2.634e-01, uqi_zr_test: 9.543e-01, psnr_xdsr_test: 4.647e+01, sam_xdsr_test: 4.432e+00
23-11-27 05:17:39.266 : , G_loss_test: 7.633e-03, hsi_likelihood_test: 1.451e-03, msi_likelihood_test: 6.182e-03, regularization_degradation_test: 2.597e-09, regularization_phi_test: 1.471e-03, psnr_xr_test: 4.648e+01, sam_xr_test: 4.231e+00, psnr_yr_test: 2.765e+01, sam_yr_test: 1.702e+01, psnr_zr_test: 4.375e+01, sam_zr_test: 6.882e+00, ssim_zr_test: 9.857e-01, rmse_zr_test: 1.983e+00, ergas_zr_test: 2.632e-01, uqi_zr_test: 9.547e-01, psnr_xdsr_test: 4.652e+01, sam_xdsr_test: 4.377e+00
23-11-27 05:17:39.267 : , G_loss_test: 7.633e-03, hsi_likelihood_test: 1.451e-03, msi_likelihood_test: 6.182e-03, regularization_degradation_test: 2.597e-09, regularization_phi_test: 1.471e-03, psnr_xr_test: 4.648e+01, sam_xr_test: 4.231e+00, psnr_yr_test: 2.765e+01, sam_yr_test: 1.702e+01, psnr_zr_test: 4.375e+01, sam_zr_test: 6.882e+00, ssim_zr_test: 9.857e-01, rmse_zr_test: 1.983e+00, ergas_zr_test: 2.632e-01, uqi_zr_test: 9.547e-01, psnr_xdsr_test: 4.652e+01, sam_xdsr_test: 4.377e+00
23-11-27 05:17:43.396 : , G_loss_test: 7.641e-03, hsi_likelihood_test: 1.446e-03, msi_likelihood_test: 6.195e-03, regularization_degradation_test: 2.567e-09, regularization_phi_test: 1.470e-03, psnr_xr_test: 4.653e+01, sam_xr_test: 4.218e+00, psnr_yr_test: 2.760e+01, sam_yr_test: 1.701e+01, psnr_zr_test: 4.378e+01, sam_zr_test: 6.871e+00, ssim_zr_test: 9.857e-01, rmse_zr_test: 1.978e+00, ergas_zr_test: 2.625e-01, uqi_zr_test: 9.546e-01, psnr_xdsr_test: 4.656e+01, sam_xdsr_test: 4.370e+00
23-11-27 05:17:43.397 : , G_loss_test: 7.641e-03, hsi_likelihood_test: 1.446e-03, msi_likelihood_test: 6.195e-03, regularization_degradation_test: 2.567e-09, regularization_phi_test: 1.470e-03, psnr_xr_test: 4.653e+01, sam_xr_test: 4.218e+00, psnr_yr_test: 2.760e+01, sam_yr_test: 1.701e+01, psnr_zr_test: 4.378e+01, sam_zr_test: 6.871e+00, ssim_zr_test: 9.857e-01, rmse_zr_test: 1.978e+00, ergas_zr_test: 2.625e-01, uqi_zr_test: 9.546e-01, psnr_xdsr_test: 4.656e+01, sam_xdsr_test: 4.370e+00
23-11-27 05:17:47.476 : , G_loss_test: 7.604e-03, hsi_likelihood_test: 1.452e-03, msi_likelihood_test: 6.151e-03, regularization_degradation_test: 2.599e-09, regularization_phi_test: 1.462e-03, psnr_xr_test: 4.644e+01, sam_xr_test: 4.229e+00, psnr_yr_test: 2.779e+01, sam_yr_test: 1.700e+01, psnr_zr_test: 4.375e+01, sam_zr_test: 6.883e+00, ssim_zr_test: 9.858e-01, rmse_zr_test: 1.984e+00, ergas_zr_test: 2.630e-01, uqi_zr_test: 9.547e-01, psnr_xdsr_test: 4.655e+01, sam_xdsr_test: 4.389e+00
23-11-27 05:17:47.477 : , G_loss_test: 7.604e-03, hsi_likelihood_test: 1.452e-03, msi_likelihood_test: 6.151e-03, regularization_degradation_test: 2.599e-09, regularization_phi_test: 1.462e-03, psnr_xr_test: 4.644e+01, sam_xr_test: 4.229e+00, psnr_yr_test: 2.779e+01, sam_yr_test: 1.700e+01, psnr_zr_test: 4.375e+01, sam_zr_test: 6.883e+00, ssim_zr_test: 9.858e-01, rmse_zr_test: 1.984e+00, ergas_zr_test: 2.630e-01, uqi_zr_test: 9.547e-01, psnr_xdsr_test: 4.655e+01, sam_xdsr_test: 4.389e+00
23-11-27 05:17:51.532 : , G_loss_test: 7.611e-03, hsi_likelihood_test: 1.439e-03, msi_likelihood_test: 6.172e-03, regularization_degradation_test: 2.433e-09, regularization_phi_test: 1.457e-03, psnr_xr_test: 4.655e+01, sam_xr_test: 4.171e+00, psnr_yr_test: 2.767e+01, sam_yr_test: 1.697e+01, psnr_zr_test: 4.379e+01, sam_zr_test: 6.829e+00, ssim_zr_test: 9.859e-01, rmse_zr_test: 1.976e+00, ergas_zr_test: 2.620e-01, uqi_zr_test: 9.550e-01, psnr_xdsr_test: 4.660e+01, sam_xdsr_test: 4.290e+00
23-11-27 05:17:51.533 : , G_loss_test: 7.611e-03, hsi_likelihood_test: 1.439e-03, msi_likelihood_test: 6.172e-03, regularization_degradation_test: 2.433e-09, regularization_phi_test: 1.457e-03, psnr_xr_test: 4.655e+01, sam_xr_test: 4.171e+00, psnr_yr_test: 2.767e+01, sam_yr_test: 1.697e+01, psnr_zr_test: 4.379e+01, sam_zr_test: 6.829e+00, ssim_zr_test: 9.859e-01, rmse_zr_test: 1.976e+00, ergas_zr_test: 2.620e-01, uqi_zr_test: 9.550e-01, psnr_xdsr_test: 4.660e+01, sam_xdsr_test: 4.290e+00
23-11-27 05:17:55.612 : , G_loss_test: 7.607e-03, hsi_likelihood_test: 1.441e-03, msi_likelihood_test: 6.166e-03, regularization_degradation_test: 2.383e-09, regularization_phi_test: 1.453e-03, psnr_xr_test: 4.650e+01, sam_xr_test: 4.179e+00, psnr_yr_test: 2.767e+01, sam_yr_test: 1.695e+01, psnr_zr_test: 4.377e+01, sam_zr_test: 6.838e+00, ssim_zr_test: 9.859e-01, rmse_zr_test: 1.978e+00, ergas_zr_test: 2.623e-01, uqi_zr_test: 9.552e-01, psnr_xdsr_test: 4.659e+01, sam_xdsr_test: 4.304e+00
23-11-27 05:17:55.612 : , G_loss_test: 7.607e-03, hsi_likelihood_test: 1.441e-03, msi_likelihood_test: 6.166e-03, regularization_degradation_test: 2.383e-09, regularization_phi_test: 1.453e-03, psnr_xr_test: 4.650e+01, sam_xr_test: 4.179e+00, psnr_yr_test: 2.767e+01, sam_yr_test: 1.695e+01, psnr_zr_test: 4.377e+01, sam_zr_test: 6.838e+00, ssim_zr_test: 9.859e-01, rmse_zr_test: 1.978e+00, ergas_zr_test: 2.623e-01, uqi_zr_test: 9.552e-01, psnr_xdsr_test: 4.659e+01, sam_xdsr_test: 4.304e+00
23-11-27 05:17:59.671 : , G_loss_test: 7.649e-03, hsi_likelihood_test: 1.440e-03, msi_likelihood_test: 6.208e-03, regularization_degradation_test: 2.348e-09, regularization_phi_test: 1.443e-03, psnr_xr_test: 4.653e+01, sam_xr_test: 4.173e+00, psnr_yr_test: 2.750e+01, sam_yr_test: 1.694e+01, psnr_zr_test: 4.377e+01, sam_zr_test: 6.828e+00, ssim_zr_test: 9.859e-01, rmse_zr_test: 1.975e+00, ergas_zr_test: 2.619e-01, uqi_zr_test: 9.552e-01, psnr_xdsr_test: 4.665e+01, sam_xdsr_test: 4.282e+00
23-11-27 05:17:59.672 : , G_loss_test: 7.649e-03, hsi_likelihood_test: 1.440e-03, msi_likelihood_test: 6.208e-03, regularization_degradation_test: 2.348e-09, regularization_phi_test: 1.443e-03, psnr_xr_test: 4.653e+01, sam_xr_test: 4.173e+00, psnr_yr_test: 2.750e+01, sam_yr_test: 1.694e+01, psnr_zr_test: 4.377e+01, sam_zr_test: 6.828e+00, ssim_zr_test: 9.859e-01, rmse_zr_test: 1.975e+00, ergas_zr_test: 2.619e-01, uqi_zr_test: 9.552e-01, psnr_xdsr_test: 4.665e+01, sam_xdsr_test: 4.282e+00
23-11-27 05:18:03.795 : , G_loss_test: 7.606e-03, hsi_likelihood_test: 1.432e-03, msi_likelihood_test: 6.174e-03, regularization_degradation_test: 2.424e-09, regularization_phi_test: 1.440e-03, psnr_xr_test: 4.654e+01, sam_xr_test: 4.165e+00, psnr_yr_test: 2.763e+01, sam_yr_test: 1.692e+01, psnr_zr_test: 4.378e+01, sam_zr_test: 6.826e+00, ssim_zr_test: 9.860e-01, rmse_zr_test: 1.974e+00, ergas_zr_test: 2.615e-01, uqi_zr_test: 9.553e-01, psnr_xdsr_test: 4.665e+01, sam_xdsr_test: 4.266e+00
23-11-27 05:18:03.796 : , G_loss_test: 7.606e-03, hsi_likelihood_test: 1.432e-03, msi_likelihood_test: 6.174e-03, regularization_degradation_test: 2.424e-09, regularization_phi_test: 1.440e-03, psnr_xr_test: 4.654e+01, sam_xr_test: 4.165e+00, psnr_yr_test: 2.763e+01, sam_yr_test: 1.692e+01, psnr_zr_test: 4.378e+01, sam_zr_test: 6.826e+00, ssim_zr_test: 9.860e-01, rmse_zr_test: 1.974e+00, ergas_zr_test: 2.615e-01, uqi_zr_test: 9.553e-01, psnr_xdsr_test: 4.665e+01, sam_xdsr_test: 4.266e+00
23-11-27 05:18:07.903 : , G_loss_test: 7.650e-03, hsi_likelihood_test: 1.439e-03, msi_likelihood_test: 6.210e-03, regularization_degradation_test: 2.395e-09, regularization_phi_test: 1.439e-03, psnr_xr_test: 4.651e+01, sam_xr_test: 4.168e+00, psnr_yr_test: 2.748e+01, sam_yr_test: 1.694e+01, psnr_zr_test: 4.376e+01, sam_zr_test: 6.828e+00, ssim_zr_test: 9.860e-01, rmse_zr_test: 1.977e+00, ergas_zr_test: 2.620e-01, uqi_zr_test: 9.552e-01, psnr_xdsr_test: 4.667e+01, sam_xdsr_test: 4.268e+00
23-11-27 05:18:07.903 : , G_loss_test: 7.650e-03, hsi_likelihood_test: 1.439e-03, msi_likelihood_test: 6.210e-03, regularization_degradation_test: 2.395e-09, regularization_phi_test: 1.439e-03, psnr_xr_test: 4.651e+01, sam_xr_test: 4.168e+00, psnr_yr_test: 2.748e+01, sam_yr_test: 1.694e+01, psnr_zr_test: 4.376e+01, sam_zr_test: 6.828e+00, ssim_zr_test: 9.860e-01, rmse_zr_test: 1.977e+00, ergas_zr_test: 2.620e-01, uqi_zr_test: 9.552e-01, psnr_xdsr_test: 4.667e+01, sam_xdsr_test: 4.268e+00
23-11-27 05:18:11.998 : , G_loss_test: 7.598e-03, hsi_likelihood_test: 1.431e-03, msi_likelihood_test: 6.167e-03, regularization_degradation_test: 2.671e-09, regularization_phi_test: 1.444e-03, psnr_xr_test: 4.651e+01, sam_xr_test: 4.137e+00, psnr_yr_test: 2.767e+01, sam_yr_test: 1.691e+01, psnr_zr_test: 4.376e+01, sam_zr_test: 6.800e+00, ssim_zr_test: 9.861e-01, rmse_zr_test: 1.976e+00, ergas_zr_test: 2.617e-01, uqi_zr_test: 9.554e-01, psnr_xdsr_test: 4.659e+01, sam_xdsr_test: 4.257e+00
23-11-27 05:18:11.998 : , G_loss_test: 7.598e-03, hsi_likelihood_test: 1.431e-03, msi_likelihood_test: 6.167e-03, regularization_degradation_test: 2.671e-09, regularization_phi_test: 1.444e-03, psnr_xr_test: 4.651e+01, sam_xr_test: 4.137e+00, psnr_yr_test: 2.767e+01, sam_yr_test: 1.691e+01, psnr_zr_test: 4.376e+01, sam_zr_test: 6.800e+00, ssim_zr_test: 9.861e-01, rmse_zr_test: 1.976e+00, ergas_zr_test: 2.617e-01, uqi_zr_test: 9.554e-01, psnr_xdsr_test: 4.659e+01, sam_xdsr_test: 4.257e+00
23-11-27 05:18:20.529 : , G_loss_test: 1.560e-02, hsi_likelihood_test: 5.857e-03, msi_likelihood_test: 9.746e-03, regularization_degradation_test: 3.301e-09, regularization_phi_test: 5.941e-03, psnr_xr_test: 3.233e+01, sam_xr_test: 7.644e+00, psnr_yr_test: 2.714e+01, sam_yr_test: 2.010e+01, psnr_zr_test: 3.422e+01, sam_zr_test: 9.258e+00, ssim_zr_test: 9.617e-01, rmse_zr_test: 6.095e+00, ergas_zr_test: 4.984e-01, uqi_zr_test: 9.464e-01, psnr_xdsr_test: 3.230e+01, sam_xdsr_test: 7.868e+00
23-11-27 05:18:20.529 : , G_loss_test: 1.560e-02, hsi_likelihood_test: 5.857e-03, msi_likelihood_test: 9.746e-03, regularization_degradation_test: 3.301e-09, regularization_phi_test: 5.941e-03, psnr_xr_test: 3.233e+01, sam_xr_test: 7.644e+00, psnr_yr_test: 2.714e+01, sam_yr_test: 2.010e+01, psnr_zr_test: 3.422e+01, sam_zr_test: 9.258e+00, ssim_zr_test: 9.617e-01, rmse_zr_test: 6.095e+00, ergas_zr_test: 4.984e-01, uqi_zr_test: 9.464e-01, psnr_xdsr_test: 3.230e+01, sam_xdsr_test: 7.868e+00
23-11-27 05:18:24.698 : , G_loss_test: 1.512e-02, hsi_likelihood_test: 5.333e-03, msi_likelihood_test: 9.792e-03, regularization_degradation_test: 3.367e-09, regularization_phi_test: 5.392e-03, psnr_xr_test: 3.289e+01, sam_xr_test: 7.148e+00, psnr_yr_test: 2.674e+01, sam_yr_test: 2.016e+01, psnr_zr_test: 3.466e+01, sam_zr_test: 8.599e+00, ssim_zr_test: 9.643e-01, rmse_zr_test: 5.783e+00, ergas_zr_test: 4.766e-01, uqi_zr_test: 9.545e-01, psnr_xdsr_test: 3.285e+01, sam_xdsr_test: 7.271e+00
23-11-27 05:18:24.698 : , G_loss_test: 1.512e-02, hsi_likelihood_test: 5.333e-03, msi_likelihood_test: 9.792e-03, regularization_degradation_test: 3.367e-09, regularization_phi_test: 5.392e-03, psnr_xr_test: 3.289e+01, sam_xr_test: 7.148e+00, psnr_yr_test: 2.674e+01, sam_yr_test: 2.016e+01, psnr_zr_test: 3.466e+01, sam_zr_test: 8.599e+00, ssim_zr_test: 9.643e-01, rmse_zr_test: 5.783e+00, ergas_zr_test: 4.766e-01, uqi_zr_test: 9.545e-01, psnr_xdsr_test: 3.285e+01, sam_xdsr_test: 7.271e+00
23-11-27 05:18:28.915 : , G_loss_test: 1.485e-02, hsi_likelihood_test: 5.163e-03, msi_likelihood_test: 9.682e-03, regularization_degradation_test: 3.510e-09, regularization_phi_test: 5.197e-03, psnr_xr_test: 3.309e+01, sam_xr_test: 6.998e+00, psnr_yr_test: 2.681e+01, sam_yr_test: nan, psnr_zr_test: 3.484e+01, sam_zr_test: 8.474e+00, ssim_zr_test: 9.655e-01, rmse_zr_test: 5.712e+00, ergas_zr_test: 4.697e-01, uqi_zr_test: 9.561e-01, psnr_xdsr_test: 3.316e+01, sam_xdsr_test: 7.098e+00
23-11-27 05:18:28.915 : , G_loss_test: 1.485e-02, hsi_likelihood_test: 5.163e-03, msi_likelihood_test: 9.682e-03, regularization_degradation_test: 3.510e-09, regularization_phi_test: 5.197e-03, psnr_xr_test: 3.309e+01, sam_xr_test: 6.998e+00, psnr_yr_test: 2.681e+01, sam_yr_test: nan, psnr_zr_test: 3.484e+01, sam_zr_test: 8.474e+00, ssim_zr_test: 9.655e-01, rmse_zr_test: 5.712e+00, ergas_zr_test: 4.697e-01, uqi_zr_test: 9.561e-01, psnr_xdsr_test: 3.316e+01, sam_xdsr_test: 7.098e+00
23-11-27 05:18:33.006 : , G_loss_test: 1.483e-02, hsi_likelihood_test: 5.033e-03, msi_likelihood_test: 9.793e-03, regularization_degradation_test: 3.196e-09, regularization_phi_test: 5.080e-03, psnr_xr_test: 3.331e+01, sam_xr_test: 6.829e+00, psnr_yr_test: 2.678e+01, sam_yr_test: 2.012e+01, psnr_zr_test: 3.499e+01, sam_zr_test: 8.301e+00, ssim_zr_test: 9.659e-01, rmse_zr_test: 5.624e+00, ergas_zr_test: 4.623e-01, uqi_zr_test: 9.567e-01, psnr_xdsr_test: 3.336e+01, sam_xdsr_test: 6.937e+00
23-11-27 05:18:33.006 : , G_loss_test: 1.483e-02, hsi_likelihood_test: 5.033e-03, msi_likelihood_test: 9.793e-03, regularization_degradation_test: 3.196e-09, regularization_phi_test: 5.080e-03, psnr_xr_test: 3.331e+01, sam_xr_test: 6.829e+00, psnr_yr_test: 2.678e+01, sam_yr_test: 2.012e+01, psnr_zr_test: 3.499e+01, sam_zr_test: 8.301e+00, ssim_zr_test: 9.659e-01, rmse_zr_test: 5.624e+00, ergas_zr_test: 4.623e-01, uqi_zr_test: 9.567e-01, psnr_xdsr_test: 3.336e+01, sam_xdsr_test: 6.937e+00
23-11-27 05:18:37.200 : , G_loss_test: 1.469e-02, hsi_likelihood_test: 4.960e-03, msi_likelihood_test: 9.728e-03, regularization_degradation_test: 3.254e-09, regularization_phi_test: 4.988e-03, psnr_xr_test: 3.341e+01, sam_xr_test: 6.728e+00, psnr_yr_test: 2.684e+01, sam_yr_test: 2.015e+01, psnr_zr_test: 3.507e+01, sam_zr_test: 8.178e+00, ssim_zr_test: 9.662e-01, rmse_zr_test: 5.576e+00, ergas_zr_test: 4.582e-01, uqi_zr_test: 9.568e-01, psnr_xdsr_test: 3.348e+01, sam_xdsr_test: 6.831e+00
23-11-27 05:18:37.201 : , G_loss_test: 1.469e-02, hsi_likelihood_test: 4.960e-03, msi_likelihood_test: 9.728e-03, regularization_degradation_test: 3.254e-09, regularization_phi_test: 4.988e-03, psnr_xr_test: 3.341e+01, sam_xr_test: 6.728e+00, psnr_yr_test: 2.684e+01, sam_yr_test: 2.015e+01, psnr_zr_test: 3.507e+01, sam_zr_test: 8.178e+00, ssim_zr_test: 9.662e-01, rmse_zr_test: 5.576e+00, ergas_zr_test: 4.582e-01, uqi_zr_test: 9.568e-01, psnr_xdsr_test: 3.348e+01, sam_xdsr_test: 6.831e+00
23-11-27 05:18:41.288 : , G_loss_test: 1.471e-02, hsi_likelihood_test: 4.886e-03, msi_likelihood_test: 9.819e-03, regularization_degradation_test: 3.413e-09, regularization_phi_test: 4.907e-03, psnr_xr_test: 3.355e+01, sam_xr_test: 6.652e+00, psnr_yr_test: 2.674e+01, sam_yr_test: 2.007e+01, psnr_zr_test: 3.518e+01, sam_zr_test: 8.108e+00, ssim_zr_test: 9.663e-01, rmse_zr_test: 5.517e+00, ergas_zr_test: 4.532e-01, uqi_zr_test: 9.568e-01, psnr_xdsr_test: 3.361e+01, sam_xdsr_test: 6.745e+00
23-11-27 05:18:41.288 : , G_loss_test: 1.471e-02, hsi_likelihood_test: 4.886e-03, msi_likelihood_test: 9.819e-03, regularization_degradation_test: 3.413e-09, regularization_phi_test: 4.907e-03, psnr_xr_test: 3.355e+01, sam_xr_test: 6.652e+00, psnr_yr_test: 2.674e+01, sam_yr_test: 2.007e+01, psnr_zr_test: 3.518e+01, sam_zr_test: 8.108e+00, ssim_zr_test: 9.663e-01, rmse_zr_test: 5.517e+00, ergas_zr_test: 4.532e-01, uqi_zr_test: 9.568e-01, psnr_xdsr_test: 3.361e+01, sam_xdsr_test: 6.745e+00
23-11-27 05:18:45.428 : , G_loss_test: 1.465e-02, hsi_likelihood_test: 4.821e-03, msi_likelihood_test: 9.832e-03, regularization_degradation_test: 3.390e-09, regularization_phi_test: 4.860e-03, psnr_xr_test: 3.362e+01, sam_xr_test: 6.579e+00, psnr_yr_test: 2.678e+01, sam_yr_test: 2.000e+01, psnr_zr_test: 3.522e+01, sam_zr_test: 8.047e+00, ssim_zr_test: 9.666e-01, rmse_zr_test: 5.485e+00, ergas_zr_test: 4.512e-01, uqi_zr_test: 9.573e-01, psnr_xdsr_test: 3.366e+01, sam_xdsr_test: 6.679e+00
23-11-27 05:18:45.428 : , G_loss_test: 1.465e-02, hsi_likelihood_test: 4.821e-03, msi_likelihood_test: 9.832e-03, regularization_degradation_test: 3.390e-09, regularization_phi_test: 4.860e-03, psnr_xr_test: 3.362e+01, sam_xr_test: 6.579e+00, psnr_yr_test: 2.678e+01, sam_yr_test: 2.000e+01, psnr_zr_test: 3.522e+01, sam_zr_test: 8.047e+00, ssim_zr_test: 9.666e-01, rmse_zr_test: 5.485e+00, ergas_zr_test: 4.512e-01, uqi_zr_test: 9.573e-01, psnr_xdsr_test: 3.366e+01, sam_xdsr_test: 6.679e+00
23-11-27 05:18:49.497 : , G_loss_test: 1.460e-02, hsi_likelihood_test: 4.796e-03, msi_likelihood_test: 9.809e-03, regularization_degradation_test: 3.329e-09, regularization_phi_test: 4.815e-03, psnr_xr_test: 3.365e+01, sam_xr_test: 6.537e+00, psnr_yr_test: 2.674e+01, sam_yr_test: 2.009e+01, psnr_zr_test: 3.525e+01, sam_zr_test: 8.024e+00, ssim_zr_test: 9.670e-01, rmse_zr_test: 5.464e+00, ergas_zr_test: 4.496e-01, uqi_zr_test: 9.579e-01, psnr_xdsr_test: 3.372e+01, sam_xdsr_test: 6.625e+00
23-11-27 05:18:49.497 : , G_loss_test: 1.460e-02, hsi_likelihood_test: 4.796e-03, msi_likelihood_test: 9.809e-03, regularization_degradation_test: 3.329e-09, regularization_phi_test: 4.815e-03, psnr_xr_test: 3.365e+01, sam_xr_test: 6.537e+00, psnr_yr_test: 2.674e+01, sam_yr_test: 2.009e+01, psnr_zr_test: 3.525e+01, sam_zr_test: 8.024e+00, ssim_zr_test: 9.670e-01, rmse_zr_test: 5.464e+00, ergas_zr_test: 4.496e-01, uqi_zr_test: 9.579e-01, psnr_xdsr_test: 3.372e+01, sam_xdsr_test: 6.625e+00
23-11-27 05:18:53.569 : , G_loss_test: 1.454e-02, hsi_likelihood_test: 4.756e-03, msi_likelihood_test: 9.785e-03, regularization_degradation_test: 3.395e-09, regularization_phi_test: 4.807e-03, psnr_xr_test: 3.367e+01, sam_xr_test: 6.492e+00, psnr_yr_test: 2.676e+01, sam_yr_test: 2.006e+01, psnr_zr_test: 3.528e+01, sam_zr_test: 7.998e+00, ssim_zr_test: 9.672e-01, rmse_zr_test: 5.446e+00, ergas_zr_test: 4.489e-01, uqi_zr_test: 9.582e-01, psnr_xdsr_test: 3.370e+01, sam_xdsr_test: 6.598e+00
23-11-27 05:18:53.569 : , G_loss_test: 1.454e-02, hsi_likelihood_test: 4.756e-03, msi_likelihood_test: 9.785e-03, regularization_degradation_test: 3.395e-09, regularization_phi_test: 4.807e-03, psnr_xr_test: 3.367e+01, sam_xr_test: 6.492e+00, psnr_yr_test: 2.676e+01, sam_yr_test: 2.006e+01, psnr_zr_test: 3.528e+01, sam_zr_test: 7.998e+00, ssim_zr_test: 9.672e-01, rmse_zr_test: 5.446e+00, ergas_zr_test: 4.489e-01, uqi_zr_test: 9.582e-01, psnr_xdsr_test: 3.370e+01, sam_xdsr_test: 6.598e+00
23-11-27 05:18:57.725 : , G_loss_test: 1.468e-02, hsi_likelihood_test: 4.753e-03, msi_likelihood_test: 9.927e-03, regularization_degradation_test: 3.169e-09, regularization_phi_test: 4.762e-03, psnr_xr_test: 3.366e+01, sam_xr_test: 6.470e+00, psnr_yr_test: 2.664e+01, sam_yr_test: 1.993e+01, psnr_zr_test: 3.524e+01, sam_zr_test: 7.965e+00, ssim_zr_test: 9.673e-01, rmse_zr_test: 5.442e+00, ergas_zr_test: 4.489e-01, uqi_zr_test: 9.581e-01, psnr_xdsr_test: 3.376e+01, sam_xdsr_test: 6.563e+00
23-11-27 05:18:57.725 : , G_loss_test: 1.468e-02, hsi_likelihood_test: 4.753e-03, msi_likelihood_test: 9.927e-03, regularization_degradation_test: 3.169e-09, regularization_phi_test: 4.762e-03, psnr_xr_test: 3.366e+01, sam_xr_test: 6.470e+00, psnr_yr_test: 2.664e+01, sam_yr_test: 1.993e+01, psnr_zr_test: 3.524e+01, sam_zr_test: 7.965e+00, ssim_zr_test: 9.673e-01, rmse_zr_test: 5.442e+00, ergas_zr_test: 4.489e-01, uqi_zr_test: 9.581e-01, psnr_xdsr_test: 3.376e+01, sam_xdsr_test: 6.563e+00
23-11-27 05:19:01.915 : , G_loss_test: 1.468e-02, hsi_likelihood_test: 4.715e-03, msi_likelihood_test: 9.963e-03, regularization_degradation_test: 3.148e-09, regularization_phi_test: 4.736e-03, psnr_xr_test: 3.375e+01, sam_xr_test: 6.415e+00, psnr_yr_test: 2.651e+01, sam_yr_test: 1.991e+01, psnr_zr_test: 3.530e+01, sam_zr_test: 7.925e+00, ssim_zr_test: 9.677e-01, rmse_zr_test: 5.425e+00, ergas_zr_test: 4.469e-01, uqi_zr_test: 9.586e-01, psnr_xdsr_test: 3.382e+01, sam_xdsr_test: 6.506e+00
23-11-27 05:19:01.915 : , G_loss_test: 1.468e-02, hsi_likelihood_test: 4.715e-03, msi_likelihood_test: 9.963e-03, regularization_degradation_test: 3.148e-09, regularization_phi_test: 4.736e-03, psnr_xr_test: 3.375e+01, sam_xr_test: 6.415e+00, psnr_yr_test: 2.651e+01, sam_yr_test: 1.991e+01, psnr_zr_test: 3.530e+01, sam_zr_test: 7.925e+00, ssim_zr_test: 9.677e-01, rmse_zr_test: 5.425e+00, ergas_zr_test: 4.469e-01, uqi_zr_test: 9.586e-01, psnr_xdsr_test: 3.382e+01, sam_xdsr_test: 6.506e+00
23-11-27 05:19:05.959 : , G_loss_test: 1.455e-02, hsi_likelihood_test: 4.676e-03, msi_likelihood_test: 9.876e-03, regularization_degradation_test: 3.084e-09, regularization_phi_test: 4.713e-03, psnr_xr_test: 3.383e+01, sam_xr_test: 6.379e+00, psnr_yr_test: 2.678e+01, sam_yr_test: 1.991e+01, psnr_zr_test: 3.539e+01, sam_zr_test: 7.878e+00, ssim_zr_test: 9.678e-01, rmse_zr_test: 5.398e+00, ergas_zr_test: 4.439e-01, uqi_zr_test: 9.589e-01, psnr_xdsr_test: 3.387e+01, sam_xdsr_test: 6.474e+00
23-11-27 05:19:05.959 : , G_loss_test: 1.455e-02, hsi_likelihood_test: 4.676e-03, msi_likelihood_test: 9.876e-03, regularization_degradation_test: 3.084e-09, regularization_phi_test: 4.713e-03, psnr_xr_test: 3.383e+01, sam_xr_test: 6.379e+00, psnr_yr_test: 2.678e+01, sam_yr_test: 1.991e+01, psnr_zr_test: 3.539e+01, sam_zr_test: 7.878e+00, ssim_zr_test: 9.678e-01, rmse_zr_test: 5.398e+00, ergas_zr_test: 4.439e-01, uqi_zr_test: 9.589e-01, psnr_xdsr_test: 3.387e+01, sam_xdsr_test: 6.474e+00
23-11-27 05:19:10.084 : , G_loss_test: 1.449e-02, hsi_likelihood_test: 4.657e-03, msi_likelihood_test: 9.836e-03, regularization_degradation_test: 3.182e-09, regularization_phi_test: 4.683e-03, psnr_xr_test: 3.383e+01, sam_xr_test: 6.383e+00, psnr_yr_test: 2.676e+01, sam_yr_test: 1.997e+01, psnr_zr_test: 3.538e+01, sam_zr_test: 7.901e+00, ssim_zr_test: 9.682e-01, rmse_zr_test: 5.402e+00, ergas_zr_test: 4.447e-01, uqi_zr_test: 9.598e-01, psnr_xdsr_test: 3.389e+01, sam_xdsr_test: 6.478e+00
23-11-27 05:19:10.084 : , G_loss_test: 1.449e-02, hsi_likelihood_test: 4.657e-03, msi_likelihood_test: 9.836e-03, regularization_degradation_test: 3.182e-09, regularization_phi_test: 4.683e-03, psnr_xr_test: 3.383e+01, sam_xr_test: 6.383e+00, psnr_yr_test: 2.676e+01, sam_yr_test: 1.997e+01, psnr_zr_test: 3.538e+01, sam_zr_test: 7.901e+00, ssim_zr_test: 9.682e-01, rmse_zr_test: 5.402e+00, ergas_zr_test: 4.447e-01, uqi_zr_test: 9.598e-01, psnr_xdsr_test: 3.389e+01, sam_xdsr_test: 6.478e+00
23-11-27 05:19:14.167 : , G_loss_test: 1.446e-02, hsi_likelihood_test: 4.641e-03, msi_likelihood_test: 9.821e-03, regularization_degradation_test: 3.271e-09, regularization_phi_test: 4.657e-03, psnr_xr_test: 3.386e+01, sam_xr_test: 6.340e+00, psnr_yr_test: 2.677e+01, sam_yr_test: 2.000e+01, psnr_zr_test: 3.541e+01, sam_zr_test: 7.836e+00, ssim_zr_test: 9.686e-01, rmse_zr_test: 5.386e+00, ergas_zr_test: 4.434e-01, uqi_zr_test: 9.605e-01, psnr_xdsr_test: 3.393e+01, sam_xdsr_test: 6.428e+00
23-11-27 05:19:14.168 : , G_loss_test: 1.446e-02, hsi_likelihood_test: 4.641e-03, msi_likelihood_test: 9.821e-03, regularization_degradation_test: 3.271e-09, regularization_phi_test: 4.657e-03, psnr_xr_test: 3.386e+01, sam_xr_test: 6.340e+00, psnr_yr_test: 2.677e+01, sam_yr_test: 2.000e+01, psnr_zr_test: 3.541e+01, sam_zr_test: 7.836e+00, ssim_zr_test: 9.686e-01, rmse_zr_test: 5.386e+00, ergas_zr_test: 4.434e-01, uqi_zr_test: 9.605e-01, psnr_xdsr_test: 3.393e+01, sam_xdsr_test: 6.428e+00
23-11-27 05:19:18.210 : , G_loss_test: 1.446e-02, hsi_likelihood_test: 4.632e-03, msi_likelihood_test: 9.828e-03, regularization_degradation_test: 3.236e-09, regularization_phi_test: 4.654e-03, psnr_xr_test: 3.389e+01, sam_xr_test: 6.328e+00, psnr_yr_test: 2.675e+01, sam_yr_test: 2.003e+01, psnr_zr_test: 3.543e+01, sam_zr_test: 7.834e+00, ssim_zr_test: 9.687e-01, rmse_zr_test: 5.382e+00, ergas_zr_test: 4.426e-01, uqi_zr_test: 9.605e-01, psnr_xdsr_test: 3.395e+01, sam_xdsr_test: 6.423e+00
23-11-27 05:19:18.211 : , G_loss_test: 1.446e-02, hsi_likelihood_test: 4.632e-03, msi_likelihood_test: 9.828e-03, regularization_degradation_test: 3.236e-09, regularization_phi_test: 4.654e-03, psnr_xr_test: 3.389e+01, sam_xr_test: 6.328e+00, psnr_yr_test: 2.675e+01, sam_yr_test: 2.003e+01, psnr_zr_test: 3.543e+01, sam_zr_test: 7.834e+00, ssim_zr_test: 9.687e-01, rmse_zr_test: 5.382e+00, ergas_zr_test: 4.426e-01, uqi_zr_test: 9.605e-01, psnr_xdsr_test: 3.395e+01, sam_xdsr_test: 6.423e+00
23-11-27 05:19:22.214 : , G_loss_test: 1.444e-02, hsi_likelihood_test: 4.626e-03, msi_likelihood_test: 9.816e-03, regularization_degradation_test: 3.025e-09, regularization_phi_test: 4.643e-03, psnr_xr_test: 3.389e+01, sam_xr_test: 6.306e+00, psnr_yr_test: 2.676e+01, sam_yr_test: 2.006e+01, psnr_zr_test: 3.543e+01, sam_zr_test: 7.798e+00, ssim_zr_test: 9.689e-01, rmse_zr_test: 5.374e+00, ergas_zr_test: 4.420e-01, uqi_zr_test: 9.608e-01, psnr_xdsr_test: 3.394e+01, sam_xdsr_test: 6.395e+00
23-11-27 05:19:22.215 : , G_loss_test: 1.444e-02, hsi_likelihood_test: 4.626e-03, msi_likelihood_test: 9.816e-03, regularization_degradation_test: 3.025e-09, regularization_phi_test: 4.643e-03, psnr_xr_test: 3.389e+01, sam_xr_test: 6.306e+00, psnr_yr_test: 2.676e+01, sam_yr_test: 2.006e+01, psnr_zr_test: 3.543e+01, sam_zr_test: 7.798e+00, ssim_zr_test: 9.689e-01, rmse_zr_test: 5.374e+00, ergas_zr_test: 4.420e-01, uqi_zr_test: 9.608e-01, psnr_xdsr_test: 3.394e+01, sam_xdsr_test: 6.395e+00
23-11-27 05:19:26.222 : , G_loss_test: 1.449e-02, hsi_likelihood_test: 4.622e-03, msi_likelihood_test: 9.866e-03, regularization_degradation_test: 3.170e-09, regularization_phi_test: 4.634e-03, psnr_xr_test: 3.388e+01, sam_xr_test: 6.308e+00, psnr_yr_test: 2.675e+01, sam_yr_test: 1.993e+01, psnr_zr_test: 3.541e+01, sam_zr_test: 7.803e+00, ssim_zr_test: 9.689e-01, rmse_zr_test: 5.374e+00, ergas_zr_test: 4.423e-01, uqi_zr_test: 9.606e-01, psnr_xdsr_test: 3.396e+01, sam_xdsr_test: 6.395e+00
23-11-27 05:19:26.222 : , G_loss_test: 1.449e-02, hsi_likelihood_test: 4.622e-03, msi_likelihood_test: 9.866e-03, regularization_degradation_test: 3.170e-09, regularization_phi_test: 4.634e-03, psnr_xr_test: 3.388e+01, sam_xr_test: 6.308e+00, psnr_yr_test: 2.675e+01, sam_yr_test: 1.993e+01, psnr_zr_test: 3.541e+01, sam_zr_test: 7.803e+00, ssim_zr_test: 9.689e-01, rmse_zr_test: 5.374e+00, ergas_zr_test: 4.423e-01, uqi_zr_test: 9.606e-01, psnr_xdsr_test: 3.396e+01, sam_xdsr_test: 6.395e+00
23-11-27 05:19:30.421 : , G_loss_test: 1.445e-02, hsi_likelihood_test: 4.600e-03, msi_likelihood_test: 9.853e-03, regularization_degradation_test: 3.156e-09, regularization_phi_test: 4.628e-03, psnr_xr_test: 3.392e+01, sam_xr_test: 6.282e+00, psnr_yr_test: 2.675e+01, sam_yr_test: 1.989e+01, psnr_zr_test: 3.544e+01, sam_zr_test: 7.777e+00, ssim_zr_test: 9.691e-01, rmse_zr_test: 5.364e+00, ergas_zr_test: 4.413e-01, uqi_zr_test: 9.610e-01, psnr_xdsr_test: 3.396e+01, sam_xdsr_test: 6.380e+00
23-11-27 05:19:30.422 : , G_loss_test: 1.445e-02, hsi_likelihood_test: 4.600e-03, msi_likelihood_test: 9.853e-03, regularization_degradation_test: 3.156e-09, regularization_phi_test: 4.628e-03, psnr_xr_test: 3.392e+01, sam_xr_test: 6.282e+00, psnr_yr_test: 2.675e+01, sam_yr_test: 1.989e+01, psnr_zr_test: 3.544e+01, sam_zr_test: 7.777e+00, ssim_zr_test: 9.691e-01, rmse_zr_test: 5.364e+00, ergas_zr_test: 4.413e-01, uqi_zr_test: 9.610e-01, psnr_xdsr_test: 3.396e+01, sam_xdsr_test: 6.380e+00
23-11-27 05:19:34.602 : , G_loss_test: 1.452e-02, hsi_likelihood_test: 4.598e-03, msi_likelihood_test: 9.922e-03, regularization_degradation_test: 3.076e-09, regularization_phi_test: 4.618e-03, psnr_xr_test: 3.393e+01, sam_xr_test: 6.263e+00, psnr_yr_test: 2.663e+01, sam_yr_test: 1.998e+01, psnr_zr_test: 3.543e+01, sam_zr_test: 7.761e+00, ssim_zr_test: 9.694e-01, rmse_zr_test: 5.361e+00, ergas_zr_test: 4.410e-01, uqi_zr_test: 9.613e-01, psnr_xdsr_test: 3.397e+01, sam_xdsr_test: 6.362e+00
23-11-27 05:19:34.603 : , G_loss_test: 1.452e-02, hsi_likelihood_test: 4.598e-03, msi_likelihood_test: 9.922e-03, regularization_degradation_test: 3.076e-09, regularization_phi_test: 4.618e-03, psnr_xr_test: 3.393e+01, sam_xr_test: 6.263e+00, psnr_yr_test: 2.663e+01, sam_yr_test: 1.998e+01, psnr_zr_test: 3.543e+01, sam_zr_test: 7.761e+00, ssim_zr_test: 9.694e-01, rmse_zr_test: 5.361e+00, ergas_zr_test: 4.410e-01, uqi_zr_test: 9.613e-01, psnr_xdsr_test: 3.397e+01, sam_xdsr_test: 6.362e+00
23-11-27 05:19:38.736 : , G_loss_test: 1.447e-02, hsi_likelihood_test: 4.591e-03, msi_likelihood_test: 9.878e-03, regularization_degradation_test: 3.434e-09, regularization_phi_test: 4.603e-03, psnr_xr_test: 3.393e+01, sam_xr_test: 6.262e+00, psnr_yr_test: 2.676e+01, sam_yr_test: 1.992e+01, psnr_zr_test: 3.544e+01, sam_zr_test: 7.754e+00, ssim_zr_test: 9.693e-01, rmse_zr_test: 5.358e+00, ergas_zr_test: 4.407e-01, uqi_zr_test: 9.612e-01, psnr_xdsr_test: 3.399e+01, sam_xdsr_test: 6.359e+00
23-11-27 05:19:38.736 : , G_loss_test: 1.447e-02, hsi_likelihood_test: 4.591e-03, msi_likelihood_test: 9.878e-03, regularization_degradation_test: 3.434e-09, regularization_phi_test: 4.603e-03, psnr_xr_test: 3.393e+01, sam_xr_test: 6.262e+00, psnr_yr_test: 2.676e+01, sam_yr_test: 1.992e+01, psnr_zr_test: 3.544e+01, sam_zr_test: 7.754e+00, ssim_zr_test: 9.693e-01, rmse_zr_test: 5.358e+00, ergas_zr_test: 4.407e-01, uqi_zr_test: 9.612e-01, psnr_xdsr_test: 3.399e+01, sam_xdsr_test: 6.359e+00
23-11-27 05:19:42.811 : , G_loss_test: 1.439e-02, hsi_likelihood_test: 4.575e-03, msi_likelihood_test: 9.813e-03, regularization_degradation_test: 3.170e-09, regularization_phi_test: 4.592e-03, psnr_xr_test: 3.398e+01, sam_xr_test: 6.239e+00, psnr_yr_test: 2.678e+01, sam_yr_test: 1.991e+01, psnr_zr_test: 3.548e+01, sam_zr_test: 7.732e+00, ssim_zr_test: 9.698e-01, rmse_zr_test: 5.345e+00, ergas_zr_test: 4.395e-01, uqi_zr_test: 9.620e-01, psnr_xdsr_test: 3.403e+01, sam_xdsr_test: 6.348e+00
23-11-27 05:19:42.811 : , G_loss_test: 1.439e-02, hsi_likelihood_test: 4.575e-03, msi_likelihood_test: 9.813e-03, regularization_degradation_test: 3.170e-09, regularization_phi_test: 4.592e-03, psnr_xr_test: 3.398e+01, sam_xr_test: 6.239e+00, psnr_yr_test: 2.678e+01, sam_yr_test: 1.991e+01, psnr_zr_test: 3.548e+01, sam_zr_test: 7.732e+00, ssim_zr_test: 9.698e-01, rmse_zr_test: 5.345e+00, ergas_zr_test: 4.395e-01, uqi_zr_test: 9.620e-01, psnr_xdsr_test: 3.403e+01, sam_xdsr_test: 6.348e+00
23-11-27 05:19:47.031 : , G_loss_test: 1.437e-02, hsi_likelihood_test: 4.567e-03, msi_likelihood_test: 9.805e-03, regularization_degradation_test: 2.915e-09, regularization_phi_test: 4.589e-03, psnr_xr_test: 3.398e+01, sam_xr_test: 6.238e+00, psnr_yr_test: 2.678e+01, sam_yr_test: 1.993e+01, psnr_zr_test: 3.548e+01, sam_zr_test: 7.743e+00, ssim_zr_test: 9.699e-01, rmse_zr_test: 5.341e+00, ergas_zr_test: 4.395e-01, uqi_zr_test: 9.622e-01, psnr_xdsr_test: 3.404e+01, sam_xdsr_test: 6.351e+00
23-11-27 05:19:47.032 : , G_loss_test: 1.437e-02, hsi_likelihood_test: 4.567e-03, msi_likelihood_test: 9.805e-03, regularization_degradation_test: 2.915e-09, regularization_phi_test: 4.589e-03, psnr_xr_test: 3.398e+01, sam_xr_test: 6.238e+00, psnr_yr_test: 2.678e+01, sam_yr_test: 1.993e+01, psnr_zr_test: 3.548e+01, sam_zr_test: 7.743e+00, ssim_zr_test: 9.699e-01, rmse_zr_test: 5.341e+00, ergas_zr_test: 4.395e-01, uqi_zr_test: 9.622e-01, psnr_xdsr_test: 3.404e+01, sam_xdsr_test: 6.351e+00
23-11-27 05:19:51.341 : , G_loss_test: 1.434e-02, hsi_likelihood_test: 4.546e-03, msi_likelihood_test: 9.794e-03, regularization_degradation_test: 3.168e-09, regularization_phi_test: 4.573e-03, psnr_xr_test: 3.401e+01, sam_xr_test: 6.204e+00, psnr_yr_test: 2.681e+01, sam_yr_test: 1.991e+01, psnr_zr_test: 3.550e+01, sam_zr_test: 7.706e+00, ssim_zr_test: 9.701e-01, rmse_zr_test: 5.332e+00, ergas_zr_test: 4.384e-01, uqi_zr_test: 9.624e-01, psnr_xdsr_test: 3.407e+01, sam_xdsr_test: 6.310e+00
23-11-27 05:19:51.341 : , G_loss_test: 1.434e-02, hsi_likelihood_test: 4.546e-03, msi_likelihood_test: 9.794e-03, regularization_degradation_test: 3.168e-09, regularization_phi_test: 4.573e-03, psnr_xr_test: 3.401e+01, sam_xr_test: 6.204e+00, psnr_yr_test: 2.681e+01, sam_yr_test: 1.991e+01, psnr_zr_test: 3.550e+01, sam_zr_test: 7.706e+00, ssim_zr_test: 9.701e-01, rmse_zr_test: 5.332e+00, ergas_zr_test: 4.384e-01, uqi_zr_test: 9.624e-01, psnr_xdsr_test: 3.407e+01, sam_xdsr_test: 6.310e+00
23-11-27 05:19:55.646 : , G_loss_test: 1.435e-02, hsi_likelihood_test: 4.546e-03, msi_likelihood_test: 9.808e-03, regularization_degradation_test: 3.291e-09, regularization_phi_test: 4.568e-03, psnr_xr_test: 3.401e+01, sam_xr_test: 6.206e+00, psnr_yr_test: 2.680e+01, sam_yr_test: 1.991e+01, psnr_zr_test: 3.550e+01, sam_zr_test: 7.707e+00, ssim_zr_test: 9.702e-01, rmse_zr_test: 5.329e+00, ergas_zr_test: 4.383e-01, uqi_zr_test: 9.626e-01, psnr_xdsr_test: 3.407e+01, sam_xdsr_test: 6.311e+00
23-11-27 05:19:55.646 : , G_loss_test: 1.435e-02, hsi_likelihood_test: 4.546e-03, msi_likelihood_test: 9.808e-03, regularization_degradation_test: 3.291e-09, regularization_phi_test: 4.568e-03, psnr_xr_test: 3.401e+01, sam_xr_test: 6.206e+00, psnr_yr_test: 2.680e+01, sam_yr_test: 1.991e+01, psnr_zr_test: 3.550e+01, sam_zr_test: 7.707e+00, ssim_zr_test: 9.702e-01, rmse_zr_test: 5.329e+00, ergas_zr_test: 4.383e-01, uqi_zr_test: 9.626e-01, psnr_xdsr_test: 3.407e+01, sam_xdsr_test: 6.311e+00
23-11-27 05:20:03.800 : , G_loss_test: 1.143e-02, hsi_likelihood_test: 3.058e-03, msi_likelihood_test: 8.370e-03, regularization_degradation_test: 2.887e-09, regularization_phi_test: 3.141e-03, psnr_xr_test: 3.587e+01, sam_xr_test: 5.286e+00, psnr_yr_test: 2.535e+01, sam_yr_test: 1.572e+01, psnr_zr_test: 3.775e+01, sam_zr_test: 7.624e+00, ssim_zr_test: 9.588e-01, rmse_zr_test: 3.287e+00, ergas_zr_test: 3.194e-01, uqi_zr_test: 9.611e-01, psnr_xdsr_test: 3.562e+01, sam_xdsr_test: 5.377e+00
23-11-27 05:20:03.801 : , G_loss_test: 1.143e-02, hsi_likelihood_test: 3.058e-03, msi_likelihood_test: 8.370e-03, regularization_degradation_test: 2.887e-09, regularization_phi_test: 3.141e-03, psnr_xr_test: 3.587e+01, sam_xr_test: 5.286e+00, psnr_yr_test: 2.535e+01, sam_yr_test: 1.572e+01, psnr_zr_test: 3.775e+01, sam_zr_test: 7.624e+00, ssim_zr_test: 9.588e-01, rmse_zr_test: 3.287e+00, ergas_zr_test: 3.194e-01, uqi_zr_test: 9.611e-01, psnr_xdsr_test: 3.562e+01, sam_xdsr_test: 5.377e+00
23-11-27 05:20:08.053 : , G_loss_test: 1.031e-02, hsi_likelihood_test: 2.216e-03, msi_likelihood_test: 8.094e-03, regularization_degradation_test: 3.254e-09, regularization_phi_test: 2.309e-03, psnr_xr_test: 3.827e+01, sam_xr_test: 3.585e+00, psnr_yr_test: 2.643e+01, sam_yr_test: 1.671e+01, psnr_zr_test: 3.905e+01, sam_zr_test: 5.877e+00, ssim_zr_test: 9.680e-01, rmse_zr_test: 2.953e+00, ergas_zr_test: 2.878e-01, uqi_zr_test: 9.788e-01, psnr_xdsr_test: 3.797e+01, sam_xdsr_test: 3.738e+00
23-11-27 05:20:08.053 : , G_loss_test: 1.031e-02, hsi_likelihood_test: 2.216e-03, msi_likelihood_test: 8.094e-03, regularization_degradation_test: 3.254e-09, regularization_phi_test: 2.309e-03, psnr_xr_test: 3.827e+01, sam_xr_test: 3.585e+00, psnr_yr_test: 2.643e+01, sam_yr_test: 1.671e+01, psnr_zr_test: 3.905e+01, sam_zr_test: 5.877e+00, ssim_zr_test: 9.680e-01, rmse_zr_test: 2.953e+00, ergas_zr_test: 2.878e-01, uqi_zr_test: 9.788e-01, psnr_xdsr_test: 3.797e+01, sam_xdsr_test: 3.738e+00
23-11-27 05:20:12.267 : , G_loss_test: 1.012e-02, hsi_likelihood_test: 2.120e-03, msi_likelihood_test: 8.003e-03, regularization_degradation_test: 3.077e-09, regularization_phi_test: 2.200e-03, psnr_xr_test: 3.842e+01, sam_xr_test: 3.255e+00, psnr_yr_test: 2.653e+01, sam_yr_test: 1.698e+01, psnr_zr_test: 3.910e+01, sam_zr_test: 5.604e+00, ssim_zr_test: 9.692e-01, rmse_zr_test: 2.942e+00, ergas_zr_test: 2.874e-01, uqi_zr_test: 9.797e-01, psnr_xdsr_test: 3.819e+01, sam_xdsr_test: 3.407e+00
23-11-27 05:20:12.267 : , G_loss_test: 1.012e-02, hsi_likelihood_test: 2.120e-03, msi_likelihood_test: 8.003e-03, regularization_degradation_test: 3.077e-09, regularization_phi_test: 2.200e-03, psnr_xr_test: 3.842e+01, sam_xr_test: 3.255e+00, psnr_yr_test: 2.653e+01, sam_yr_test: 1.698e+01, psnr_zr_test: 3.910e+01, sam_zr_test: 5.604e+00, ssim_zr_test: 9.692e-01, rmse_zr_test: 2.942e+00, ergas_zr_test: 2.874e-01, uqi_zr_test: 9.797e-01, psnr_xdsr_test: 3.819e+01, sam_xdsr_test: 3.407e+00
23-11-27 05:20:16.376 : , G_loss_test: 1.012e-02, hsi_likelihood_test: 2.087e-03, msi_likelihood_test: 8.035e-03, regularization_degradation_test: 3.073e-09, regularization_phi_test: 2.144e-03, psnr_xr_test: 3.863e+01, sam_xr_test: 3.258e+00, psnr_yr_test: 2.633e+01, sam_yr_test: 1.677e+01, psnr_zr_test: 3.921e+01, sam_zr_test: 5.596e+00, ssim_zr_test: 9.696e-01, rmse_zr_test: 2.923e+00, ergas_zr_test: 2.859e-01, uqi_zr_test: 9.808e-01, psnr_xdsr_test: 3.844e+01, sam_xdsr_test: 3.369e+00
23-11-27 05:20:16.377 : , G_loss_test: 1.012e-02, hsi_likelihood_test: 2.087e-03, msi_likelihood_test: 8.035e-03, regularization_degradation_test: 3.073e-09, regularization_phi_test: 2.144e-03, psnr_xr_test: 3.863e+01, sam_xr_test: 3.258e+00, psnr_yr_test: 2.633e+01, sam_yr_test: 1.677e+01, psnr_zr_test: 3.921e+01, sam_zr_test: 5.596e+00, ssim_zr_test: 9.696e-01, rmse_zr_test: 2.923e+00, ergas_zr_test: 2.859e-01, uqi_zr_test: 9.808e-01, psnr_xdsr_test: 3.844e+01, sam_xdsr_test: 3.369e+00
23-11-27 05:20:20.510 : , G_loss_test: 1.007e-02, hsi_likelihood_test: 2.047e-03, msi_likelihood_test: 8.026e-03, regularization_degradation_test: 2.896e-09, regularization_phi_test: 2.140e-03, psnr_xr_test: 3.874e+01, sam_xr_test: 3.189e+00, psnr_yr_test: 2.633e+01, sam_yr_test: 1.677e+01, psnr_zr_test: 3.926e+01, sam_zr_test: 5.473e+00, ssim_zr_test: 9.700e-01, rmse_zr_test: 2.909e+00, ergas_zr_test: 2.850e-01, uqi_zr_test: 9.824e-01, psnr_xdsr_test: 3.843e+01, sam_xdsr_test: 3.305e+00
23-11-27 05:20:20.510 : , G_loss_test: 1.007e-02, hsi_likelihood_test: 2.047e-03, msi_likelihood_test: 8.026e-03, regularization_degradation_test: 2.896e-09, regularization_phi_test: 2.140e-03, psnr_xr_test: 3.874e+01, sam_xr_test: 3.189e+00, psnr_yr_test: 2.633e+01, sam_yr_test: 1.677e+01, psnr_zr_test: 3.926e+01, sam_zr_test: 5.473e+00, ssim_zr_test: 9.700e-01, rmse_zr_test: 2.909e+00, ergas_zr_test: 2.850e-01, uqi_zr_test: 9.824e-01, psnr_xdsr_test: 3.843e+01, sam_xdsr_test: 3.305e+00
23-11-27 05:20:24.572 : , G_loss_test: 1.000e-02, hsi_likelihood_test: 2.033e-03, msi_likelihood_test: 7.969e-03, regularization_degradation_test: 3.337e-09, regularization_phi_test: 2.091e-03, psnr_xr_test: 3.880e+01, sam_xr_test: 3.139e+00, psnr_yr_test: 2.645e+01, sam_yr_test: 1.674e+01, psnr_zr_test: 3.930e+01, sam_zr_test: 5.423e+00, ssim_zr_test: 9.702e-01, rmse_zr_test: 2.906e+00, ergas_zr_test: 2.845e-01, uqi_zr_test: 9.835e-01, psnr_xdsr_test: 3.857e+01, sam_xdsr_test: 3.231e+00
23-11-27 05:20:24.572 : , G_loss_test: 1.000e-02, hsi_likelihood_test: 2.033e-03, msi_likelihood_test: 7.969e-03, regularization_degradation_test: 3.337e-09, regularization_phi_test: 2.091e-03, psnr_xr_test: 3.880e+01, sam_xr_test: 3.139e+00, psnr_yr_test: 2.645e+01, sam_yr_test: 1.674e+01, psnr_zr_test: 3.930e+01, sam_zr_test: 5.423e+00, ssim_zr_test: 9.702e-01, rmse_zr_test: 2.906e+00, ergas_zr_test: 2.845e-01, uqi_zr_test: 9.835e-01, psnr_xdsr_test: 3.857e+01, sam_xdsr_test: 3.231e+00
23-11-27 05:20:28.701 : , G_loss_test: 1.004e-02, hsi_likelihood_test: 2.035e-03, msi_likelihood_test: 8.009e-03, regularization_degradation_test: 2.977e-09, regularization_phi_test: 2.079e-03, psnr_xr_test: 3.882e+01, sam_xr_test: 3.158e+00, psnr_yr_test: 2.634e+01, sam_yr_test: nan, psnr_zr_test: 3.929e+01, sam_zr_test: 5.456e+00, ssim_zr_test: 9.702e-01, rmse_zr_test: 2.905e+00, ergas_zr_test: 2.847e-01, uqi_zr_test: 9.834e-01, psnr_xdsr_test: 3.861e+01, sam_xdsr_test: 3.226e+00
23-11-27 05:20:28.702 : , G_loss_test: 1.004e-02, hsi_likelihood_test: 2.035e-03, msi_likelihood_test: 8.009e-03, regularization_degradation_test: 2.977e-09, regularization_phi_test: 2.079e-03, psnr_xr_test: 3.882e+01, sam_xr_test: 3.158e+00, psnr_yr_test: 2.634e+01, sam_yr_test: nan, psnr_zr_test: 3.929e+01, sam_zr_test: 5.456e+00, ssim_zr_test: 9.702e-01, rmse_zr_test: 2.905e+00, ergas_zr_test: 2.847e-01, uqi_zr_test: 9.834e-01, psnr_xdsr_test: 3.861e+01, sam_xdsr_test: 3.226e+00
23-11-27 05:20:32.977 : , G_loss_test: 9.943e-03, hsi_likelihood_test: 1.960e-03, msi_likelihood_test: 7.982e-03, regularization_degradation_test: 3.037e-09, regularization_phi_test: 2.001e-03, psnr_xr_test: 3.902e+01, sam_xr_test: 3.062e+00, psnr_yr_test: 2.649e+01, sam_yr_test: 1.675e+01, psnr_zr_test: 3.932e+01, sam_zr_test: 5.388e+00, ssim_zr_test: 9.705e-01, rmse_zr_test: 2.893e+00, ergas_zr_test: 2.836e-01, uqi_zr_test: 9.836e-01, psnr_xdsr_test: 3.887e+01, sam_xdsr_test: 3.149e+00
23-11-27 05:20:32.977 : , G_loss_test: 9.943e-03, hsi_likelihood_test: 1.960e-03, msi_likelihood_test: 7.982e-03, regularization_degradation_test: 3.037e-09, regularization_phi_test: 2.001e-03, psnr_xr_test: 3.902e+01, sam_xr_test: 3.062e+00, psnr_yr_test: 2.649e+01, sam_yr_test: 1.675e+01, psnr_zr_test: 3.932e+01, sam_zr_test: 5.388e+00, ssim_zr_test: 9.705e-01, rmse_zr_test: 2.893e+00, ergas_zr_test: 2.836e-01, uqi_zr_test: 9.836e-01, psnr_xdsr_test: 3.887e+01, sam_xdsr_test: 3.149e+00
23-11-27 05:20:37.078 : , G_loss_test: 9.860e-03, hsi_likelihood_test: 1.952e-03, msi_likelihood_test: 7.908e-03, regularization_degradation_test: 3.285e-09, regularization_phi_test: 2.012e-03, psnr_xr_test: 3.906e+01, sam_xr_test: 3.054e+00, psnr_yr_test: 2.674e+01, sam_yr_test: 1.676e+01, psnr_zr_test: 3.937e+01, sam_zr_test: 5.399e+00, ssim_zr_test: 9.706e-01, rmse_zr_test: 2.888e+00, ergas_zr_test: 2.833e-01, uqi_zr_test: 9.841e-01, psnr_xdsr_test: 3.884e+01, sam_xdsr_test: 3.163e+00
23-11-27 05:20:37.078 : , G_loss_test: 9.860e-03, hsi_likelihood_test: 1.952e-03, msi_likelihood_test: 7.908e-03, regularization_degradation_test: 3.285e-09, regularization_phi_test: 2.012e-03, psnr_xr_test: 3.906e+01, sam_xr_test: 3.054e+00, psnr_yr_test: 2.674e+01, sam_yr_test: 1.676e+01, psnr_zr_test: 3.937e+01, sam_zr_test: 5.399e+00, ssim_zr_test: 9.706e-01, rmse_zr_test: 2.888e+00, ergas_zr_test: 2.833e-01, uqi_zr_test: 9.841e-01, psnr_xdsr_test: 3.884e+01, sam_xdsr_test: 3.163e+00
23-11-27 05:20:41.255 : , G_loss_test: 9.937e-03, hsi_likelihood_test: 1.920e-03, msi_likelihood_test: 8.018e-03, regularization_degradation_test: 3.209e-09, regularization_phi_test: 1.980e-03, psnr_xr_test: 3.921e+01, sam_xr_test: 3.016e+00, psnr_yr_test: 2.639e+01, sam_yr_test: 1.672e+01, psnr_zr_test: 3.939e+01, sam_zr_test: 5.368e+00, ssim_zr_test: 9.706e-01, rmse_zr_test: 2.879e+00, ergas_zr_test: 2.826e-01, uqi_zr_test: 9.841e-01, psnr_xdsr_test: 3.900e+01, sam_xdsr_test: 3.111e+00
23-11-27 05:20:41.256 : , G_loss_test: 9.937e-03, hsi_likelihood_test: 1.920e-03, msi_likelihood_test: 8.018e-03, regularization_degradation_test: 3.209e-09, regularization_phi_test: 1.980e-03, psnr_xr_test: 3.921e+01, sam_xr_test: 3.016e+00, psnr_yr_test: 2.639e+01, sam_yr_test: 1.672e+01, psnr_zr_test: 3.939e+01, sam_zr_test: 5.368e+00, ssim_zr_test: 9.706e-01, rmse_zr_test: 2.879e+00, ergas_zr_test: 2.826e-01, uqi_zr_test: 9.841e-01, psnr_xdsr_test: 3.900e+01, sam_xdsr_test: 3.111e+00
23-11-27 05:20:45.377 : , G_loss_test: 9.785e-03, hsi_likelihood_test: 1.906e-03, msi_likelihood_test: 7.879e-03, regularization_degradation_test: 2.977e-09, regularization_phi_test: 1.937e-03, psnr_xr_test: 3.923e+01, sam_xr_test: 3.002e+00, psnr_yr_test: 2.677e+01, sam_yr_test: 1.676e+01, psnr_zr_test: 3.939e+01, sam_zr_test: 5.349e+00, ssim_zr_test: 9.707e-01, rmse_zr_test: 2.877e+00, ergas_zr_test: 2.825e-01, uqi_zr_test: 9.841e-01, psnr_xdsr_test: 3.914e+01, sam_xdsr_test: 3.076e+00
23-11-27 05:20:45.377 : , G_loss_test: 9.785e-03, hsi_likelihood_test: 1.906e-03, msi_likelihood_test: 7.879e-03, regularization_degradation_test: 2.977e-09, regularization_phi_test: 1.937e-03, psnr_xr_test: 3.923e+01, sam_xr_test: 3.002e+00, psnr_yr_test: 2.677e+01, sam_yr_test: 1.676e+01, psnr_zr_test: 3.939e+01, sam_zr_test: 5.349e+00, ssim_zr_test: 9.707e-01, rmse_zr_test: 2.877e+00, ergas_zr_test: 2.825e-01, uqi_zr_test: 9.841e-01, psnr_xdsr_test: 3.914e+01, sam_xdsr_test: 3.076e+00
23-11-27 05:20:49.483 : , G_loss_test: 9.921e-03, hsi_likelihood_test: 1.966e-03, msi_likelihood_test: 7.956e-03, regularization_degradation_test: 2.957e-09, regularization_phi_test: 1.993e-03, psnr_xr_test: 3.910e+01, sam_xr_test: 3.036e+00, psnr_yr_test: 2.656e+01, sam_yr_test: 1.672e+01, psnr_zr_test: 3.937e+01, sam_zr_test: 5.372e+00, ssim_zr_test: 9.705e-01, rmse_zr_test: 2.888e+00, ergas_zr_test: 2.833e-01, uqi_zr_test: 9.839e-01, psnr_xdsr_test: 3.896e+01, sam_xdsr_test: 3.103e+00
23-11-27 05:20:49.483 : , G_loss_test: 9.921e-03, hsi_likelihood_test: 1.966e-03, msi_likelihood_test: 7.956e-03, regularization_degradation_test: 2.957e-09, regularization_phi_test: 1.993e-03, psnr_xr_test: 3.910e+01, sam_xr_test: 3.036e+00, psnr_yr_test: 2.656e+01, sam_yr_test: 1.672e+01, psnr_zr_test: 3.937e+01, sam_zr_test: 5.372e+00, ssim_zr_test: 9.705e-01, rmse_zr_test: 2.888e+00, ergas_zr_test: 2.833e-01, uqi_zr_test: 9.839e-01, psnr_xdsr_test: 3.896e+01, sam_xdsr_test: 3.103e+00
23-11-27 05:20:53.667 : , G_loss_test: 9.787e-03, hsi_likelihood_test: 1.910e-03, msi_likelihood_test: 7.878e-03, regularization_degradation_test: 3.000e-09, regularization_phi_test: 1.929e-03, psnr_xr_test: 3.922e+01, sam_xr_test: 3.011e+00, psnr_yr_test: 2.692e+01, sam_yr_test: nan, psnr_zr_test: 3.938e+01, sam_zr_test: 5.350e+00, ssim_zr_test: 9.706e-01, rmse_zr_test: 2.885e+00, ergas_zr_test: 2.835e-01, uqi_zr_test: 9.837e-01, psnr_xdsr_test: 3.917e+01, sam_xdsr_test: 3.080e+00
23-11-27 05:20:53.667 : , G_loss_test: 9.787e-03, hsi_likelihood_test: 1.910e-03, msi_likelihood_test: 7.878e-03, regularization_degradation_test: 3.000e-09, regularization_phi_test: 1.929e-03, psnr_xr_test: 3.922e+01, sam_xr_test: 3.011e+00, psnr_yr_test: 2.692e+01, sam_yr_test: nan, psnr_zr_test: 3.938e+01, sam_zr_test: 5.350e+00, ssim_zr_test: 9.706e-01, rmse_zr_test: 2.885e+00, ergas_zr_test: 2.835e-01, uqi_zr_test: 9.837e-01, psnr_xdsr_test: 3.917e+01, sam_xdsr_test: 3.080e+00
23-11-27 05:20:57.819 : , G_loss_test: 9.773e-03, hsi_likelihood_test: 1.864e-03, msi_likelihood_test: 7.909e-03, regularization_degradation_test: 2.896e-09, regularization_phi_test: 1.880e-03, psnr_xr_test: 3.936e+01, sam_xr_test: 2.945e+00, psnr_yr_test: 2.677e+01, sam_yr_test: 1.677e+01, psnr_zr_test: 3.944e+01, sam_zr_test: 5.293e+00, ssim_zr_test: 9.708e-01, rmse_zr_test: 2.868e+00, ergas_zr_test: 2.820e-01, uqi_zr_test: 9.843e-01, psnr_xdsr_test: 3.929e+01, sam_xdsr_test: 3.005e+00
23-11-27 05:20:57.820 : , G_loss_test: 9.773e-03, hsi_likelihood_test: 1.864e-03, msi_likelihood_test: 7.909e-03, regularization_degradation_test: 2.896e-09, regularization_phi_test: 1.880e-03, psnr_xr_test: 3.936e+01, sam_xr_test: 2.945e+00, psnr_yr_test: 2.677e+01, sam_yr_test: 1.677e+01, psnr_zr_test: 3.944e+01, sam_zr_test: 5.293e+00, ssim_zr_test: 9.708e-01, rmse_zr_test: 2.868e+00, ergas_zr_test: 2.820e-01, uqi_zr_test: 9.843e-01, psnr_xdsr_test: 3.929e+01, sam_xdsr_test: 3.005e+00
23-11-27 05:21:02.054 : , G_loss_test: 9.777e-03, hsi_likelihood_test: 1.850e-03, msi_likelihood_test: 7.927e-03, regularization_degradation_test: 2.972e-09, regularization_phi_test: 1.876e-03, psnr_xr_test: 3.943e+01, sam_xr_test: 2.929e+00, psnr_yr_test: 2.667e+01, sam_yr_test: 1.678e+01, psnr_zr_test: 3.946e+01, sam_zr_test: 5.284e+00, ssim_zr_test: 9.708e-01, rmse_zr_test: 2.863e+00, ergas_zr_test: 2.815e-01, uqi_zr_test: 9.845e-01, psnr_xdsr_test: 3.931e+01, sam_xdsr_test: 2.995e+00
23-11-27 05:21:02.055 : , G_loss_test: 9.777e-03, hsi_likelihood_test: 1.850e-03, msi_likelihood_test: 7.927e-03, regularization_degradation_test: 2.972e-09, regularization_phi_test: 1.876e-03, psnr_xr_test: 3.943e+01, sam_xr_test: 2.929e+00, psnr_yr_test: 2.667e+01, sam_yr_test: 1.678e+01, psnr_zr_test: 3.946e+01, sam_zr_test: 5.284e+00, ssim_zr_test: 9.708e-01, rmse_zr_test: 2.863e+00, ergas_zr_test: 2.815e-01, uqi_zr_test: 9.845e-01, psnr_xdsr_test: 3.931e+01, sam_xdsr_test: 2.995e+00
23-11-27 05:21:06.301 : , G_loss_test: 9.806e-03, hsi_likelihood_test: 1.847e-03, msi_likelihood_test: 7.959e-03, regularization_degradation_test: 3.280e-09, regularization_phi_test: 1.863e-03, psnr_xr_test: 3.945e+01, sam_xr_test: 2.910e+00, psnr_yr_test: 2.655e+01, sam_yr_test: 1.678e+01, psnr_zr_test: 3.945e+01, sam_zr_test: 5.276e+00, ssim_zr_test: 9.708e-01, rmse_zr_test: 2.863e+00, ergas_zr_test: 2.815e-01, uqi_zr_test: 9.845e-01, psnr_xdsr_test: 3.936e+01, sam_xdsr_test: 2.964e+00
23-11-27 05:21:06.301 : , G_loss_test: 9.806e-03, hsi_likelihood_test: 1.847e-03, msi_likelihood_test: 7.959e-03, regularization_degradation_test: 3.280e-09, regularization_phi_test: 1.863e-03, psnr_xr_test: 3.945e+01, sam_xr_test: 2.910e+00, psnr_yr_test: 2.655e+01, sam_yr_test: 1.678e+01, psnr_zr_test: 3.945e+01, sam_zr_test: 5.276e+00, ssim_zr_test: 9.708e-01, rmse_zr_test: 2.863e+00, ergas_zr_test: 2.815e-01, uqi_zr_test: 9.845e-01, psnr_xdsr_test: 3.936e+01, sam_xdsr_test: 2.964e+00
23-11-27 05:21:10.517 : , G_loss_test: 9.774e-03, hsi_likelihood_test: 1.836e-03, msi_likelihood_test: 7.938e-03, regularization_degradation_test: 3.229e-09, regularization_phi_test: 1.858e-03, psnr_xr_test: 3.948e+01, sam_xr_test: 2.906e+00, psnr_yr_test: 2.665e+01, sam_yr_test: 1.679e+01, psnr_zr_test: 3.948e+01, sam_zr_test: 5.273e+00, ssim_zr_test: 9.709e-01, rmse_zr_test: 2.860e+00, ergas_zr_test: 2.812e-01, uqi_zr_test: 9.847e-01, psnr_xdsr_test: 3.939e+01, sam_xdsr_test: 2.967e+00
23-11-27 05:21:10.517 : , G_loss_test: 9.774e-03, hsi_likelihood_test: 1.836e-03, msi_likelihood_test: 7.938e-03, regularization_degradation_test: 3.229e-09, regularization_phi_test: 1.858e-03, psnr_xr_test: 3.948e+01, sam_xr_test: 2.906e+00, psnr_yr_test: 2.665e+01, sam_yr_test: 1.679e+01, psnr_zr_test: 3.948e+01, sam_zr_test: 5.273e+00, ssim_zr_test: 9.709e-01, rmse_zr_test: 2.860e+00, ergas_zr_test: 2.812e-01, uqi_zr_test: 9.847e-01, psnr_xdsr_test: 3.939e+01, sam_xdsr_test: 2.967e+00
23-11-27 05:21:14.721 : , G_loss_test: 9.800e-03, hsi_likelihood_test: 1.833e-03, msi_likelihood_test: 7.966e-03, regularization_degradation_test: 3.110e-09, regularization_phi_test: 1.853e-03, psnr_xr_test: 3.950e+01, sam_xr_test: 2.890e+00, psnr_yr_test: 2.657e+01, sam_yr_test: 1.678e+01, psnr_zr_test: 3.947e+01, sam_zr_test: 5.265e+00, ssim_zr_test: 9.709e-01, rmse_zr_test: 2.860e+00, ergas_zr_test: 2.812e-01, uqi_zr_test: 9.847e-01, psnr_xdsr_test: 3.939e+01, sam_xdsr_test: 2.950e+00
23-11-27 05:21:14.721 : , G_loss_test: 9.800e-03, hsi_likelihood_test: 1.833e-03, msi_likelihood_test: 7.966e-03, regularization_degradation_test: 3.110e-09, regularization_phi_test: 1.853e-03, psnr_xr_test: 3.950e+01, sam_xr_test: 2.890e+00, psnr_yr_test: 2.657e+01, sam_yr_test: 1.678e+01, psnr_zr_test: 3.947e+01, sam_zr_test: 5.265e+00, ssim_zr_test: 9.709e-01, rmse_zr_test: 2.860e+00, ergas_zr_test: 2.812e-01, uqi_zr_test: 9.847e-01, psnr_xdsr_test: 3.939e+01, sam_xdsr_test: 2.950e+00
23-11-27 05:21:18.967 : , G_loss_test: 9.778e-03, hsi_likelihood_test: 1.829e-03, msi_likelihood_test: 7.948e-03, regularization_degradation_test: 3.383e-09, regularization_phi_test: 1.846e-03, psnr_xr_test: 3.952e+01, sam_xr_test: 2.886e+00, psnr_yr_test: 2.665e+01, sam_yr_test: 1.676e+01, psnr_zr_test: 3.948e+01, sam_zr_test: 5.266e+00, ssim_zr_test: 9.709e-01, rmse_zr_test: 2.859e+00, ergas_zr_test: 2.811e-01, uqi_zr_test: 9.847e-01, psnr_xdsr_test: 3.942e+01, sam_xdsr_test: 2.942e+00
23-11-27 05:21:18.967 : , G_loss_test: 9.778e-03, hsi_likelihood_test: 1.829e-03, msi_likelihood_test: 7.948e-03, regularization_degradation_test: 3.383e-09, regularization_phi_test: 1.846e-03, psnr_xr_test: 3.952e+01, sam_xr_test: 2.886e+00, psnr_yr_test: 2.665e+01, sam_yr_test: 1.676e+01, psnr_zr_test: 3.948e+01, sam_zr_test: 5.266e+00, ssim_zr_test: 9.709e-01, rmse_zr_test: 2.859e+00, ergas_zr_test: 2.811e-01, uqi_zr_test: 9.847e-01, psnr_xdsr_test: 3.942e+01, sam_xdsr_test: 2.942e+00
23-11-27 05:21:23.267 : , G_loss_test: 9.766e-03, hsi_likelihood_test: 1.822e-03, msi_likelihood_test: 7.944e-03, regularization_degradation_test: 3.263e-09, regularization_phi_test: 1.844e-03, psnr_xr_test: 3.954e+01, sam_xr_test: 2.889e+00, psnr_yr_test: 2.666e+01, sam_yr_test: 1.677e+01, psnr_zr_test: 3.949e+01, sam_zr_test: 5.273e+00, ssim_zr_test: 9.709e-01, rmse_zr_test: 2.856e+00, ergas_zr_test: 2.809e-01, uqi_zr_test: 9.848e-01, psnr_xdsr_test: 3.943e+01, sam_xdsr_test: 2.954e+00
23-11-27 05:21:23.267 : , G_loss_test: 9.766e-03, hsi_likelihood_test: 1.822e-03, msi_likelihood_test: 7.944e-03, regularization_degradation_test: 3.263e-09, regularization_phi_test: 1.844e-03, psnr_xr_test: 3.954e+01, sam_xr_test: 2.889e+00, psnr_yr_test: 2.666e+01, sam_yr_test: 1.677e+01, psnr_zr_test: 3.949e+01, sam_zr_test: 5.273e+00, ssim_zr_test: 9.709e-01, rmse_zr_test: 2.856e+00, ergas_zr_test: 2.809e-01, uqi_zr_test: 9.848e-01, psnr_xdsr_test: 3.943e+01, sam_xdsr_test: 2.954e+00
23-11-27 05:21:27.363 : , G_loss_test: 9.763e-03, hsi_likelihood_test: 1.818e-03, msi_likelihood_test: 7.945e-03, regularization_degradation_test: 3.413e-09, regularization_phi_test: 1.839e-03, psnr_xr_test: 3.955e+01, sam_xr_test: 2.875e+00, psnr_yr_test: 2.661e+01, sam_yr_test: 1.676e+01, psnr_zr_test: 3.948e+01, sam_zr_test: 5.255e+00, ssim_zr_test: 9.709e-01, rmse_zr_test: 2.854e+00, ergas_zr_test: 2.807e-01, uqi_zr_test: 9.847e-01, psnr_xdsr_test: 3.945e+01, sam_xdsr_test: 2.934e+00
23-11-27 05:21:27.364 : , G_loss_test: 9.763e-03, hsi_likelihood_test: 1.818e-03, msi_likelihood_test: 7.945e-03, regularization_degradation_test: 3.413e-09, regularization_phi_test: 1.839e-03, psnr_xr_test: 3.955e+01, sam_xr_test: 2.875e+00, psnr_yr_test: 2.661e+01, sam_yr_test: 1.676e+01, psnr_zr_test: 3.948e+01, sam_zr_test: 5.255e+00, ssim_zr_test: 9.709e-01, rmse_zr_test: 2.854e+00, ergas_zr_test: 2.807e-01, uqi_zr_test: 9.847e-01, psnr_xdsr_test: 3.945e+01, sam_xdsr_test: 2.934e+00
23-11-27 05:21:31.502 : , G_loss_test: 9.804e-03, hsi_likelihood_test: 1.825e-03, msi_likelihood_test: 7.979e-03, regularization_degradation_test: 3.087e-09, regularization_phi_test: 1.838e-03, psnr_xr_test: 3.956e+01, sam_xr_test: 2.875e+00, psnr_yr_test: 2.659e+01, sam_yr_test: 1.679e+01, psnr_zr_test: 3.949e+01, sam_zr_test: 5.262e+00, ssim_zr_test: 9.709e-01, rmse_zr_test: 2.854e+00, ergas_zr_test: 2.807e-01, uqi_zr_test: 9.849e-01, psnr_xdsr_test: 3.947e+01, sam_xdsr_test: 2.919e+00
23-11-27 05:21:31.503 : , G_loss_test: 9.804e-03, hsi_likelihood_test: 1.825e-03, msi_likelihood_test: 7.979e-03, regularization_degradation_test: 3.087e-09, regularization_phi_test: 1.838e-03, psnr_xr_test: 3.956e+01, sam_xr_test: 2.875e+00, psnr_yr_test: 2.659e+01, sam_yr_test: 1.679e+01, psnr_zr_test: 3.949e+01, sam_zr_test: 5.262e+00, ssim_zr_test: 9.709e-01, rmse_zr_test: 2.854e+00, ergas_zr_test: 2.807e-01, uqi_zr_test: 9.849e-01, psnr_xdsr_test: 3.947e+01, sam_xdsr_test: 2.919e+00
23-11-27 05:21:35.718 : , G_loss_test: 9.738e-03, hsi_likelihood_test: 1.825e-03, msi_likelihood_test: 7.913e-03, regularization_degradation_test: 3.168e-09, regularization_phi_test: 1.829e-03, psnr_xr_test: 3.953e+01, sam_xr_test: 2.873e+00, psnr_yr_test: 2.679e+01, sam_yr_test: 1.678e+01, psnr_zr_test: 3.950e+01, sam_zr_test: 5.256e+00, ssim_zr_test: 9.710e-01, rmse_zr_test: 2.854e+00, ergas_zr_test: 2.807e-01, uqi_zr_test: 9.849e-01, psnr_xdsr_test: 3.948e+01, sam_xdsr_test: 2.919e+00
23-11-27 05:21:35.719 : , G_loss_test: 9.738e-03, hsi_likelihood_test: 1.825e-03, msi_likelihood_test: 7.913e-03, regularization_degradation_test: 3.168e-09, regularization_phi_test: 1.829e-03, psnr_xr_test: 3.953e+01, sam_xr_test: 2.873e+00, psnr_yr_test: 2.679e+01, sam_yr_test: 1.678e+01, psnr_zr_test: 3.950e+01, sam_zr_test: 5.256e+00, ssim_zr_test: 9.710e-01, rmse_zr_test: 2.854e+00, ergas_zr_test: 2.807e-01, uqi_zr_test: 9.849e-01, psnr_xdsr_test: 3.948e+01, sam_xdsr_test: 2.919e+00
23-11-27 05:21:39.844 : , G_loss_test: 9.777e-03, hsi_likelihood_test: 1.810e-03, msi_likelihood_test: 7.968e-03, regularization_degradation_test: 3.340e-09, regularization_phi_test: 1.824e-03, psnr_xr_test: 3.960e+01, sam_xr_test: 2.860e+00, psnr_yr_test: 2.658e+01, sam_yr_test: 1.676e+01, psnr_zr_test: 3.949e+01, sam_zr_test: 5.249e+00, ssim_zr_test: 9.709e-01, rmse_zr_test: 2.852e+00, ergas_zr_test: 2.806e-01, uqi_zr_test: 9.849e-01, psnr_xdsr_test: 3.951e+01, sam_xdsr_test: 2.900e+00
23-11-27 05:21:39.845 : , G_loss_test: 9.777e-03, hsi_likelihood_test: 1.810e-03, msi_likelihood_test: 7.968e-03, regularization_degradation_test: 3.340e-09, regularization_phi_test: 1.824e-03, psnr_xr_test: 3.960e+01, sam_xr_test: 2.860e+00, psnr_yr_test: 2.658e+01, sam_yr_test: 1.676e+01, psnr_zr_test: 3.949e+01, sam_zr_test: 5.249e+00, ssim_zr_test: 9.709e-01, rmse_zr_test: 2.852e+00, ergas_zr_test: 2.806e-01, uqi_zr_test: 9.849e-01, psnr_xdsr_test: 3.951e+01, sam_xdsr_test: 2.900e+00
23-11-27 05:21:48.102 : , G_loss_test: 1.244e-02, hsi_likelihood_test: 4.468e-03, msi_likelihood_test: 7.970e-03, regularization_degradation_test: 7.380e-09, regularization_phi_test: 4.554e-03, psnr_xr_test: 3.402e+01, sam_xr_test: 5.243e+00, psnr_yr_test: 2.565e+01, sam_yr_test: nan, psnr_zr_test: 3.503e+01, sam_zr_test: 7.737e+00, ssim_zr_test: 9.728e-01, rmse_zr_test: 5.087e+00, ergas_zr_test: 3.238e-01, uqi_zr_test: 9.760e-01, psnr_xdsr_test: 3.388e+01, sam_xdsr_test: 5.388e+00
23-11-27 05:21:48.102 : , G_loss_test: 1.244e-02, hsi_likelihood_test: 4.468e-03, msi_likelihood_test: 7.970e-03, regularization_degradation_test: 7.380e-09, regularization_phi_test: 4.554e-03, psnr_xr_test: 3.402e+01, sam_xr_test: 5.243e+00, psnr_yr_test: 2.565e+01, sam_yr_test: nan, psnr_zr_test: 3.503e+01, sam_zr_test: 7.737e+00, ssim_zr_test: 9.728e-01, rmse_zr_test: 5.087e+00, ergas_zr_test: 3.238e-01, uqi_zr_test: 9.760e-01, psnr_xdsr_test: 3.388e+01, sam_xdsr_test: 5.388e+00
23-11-27 05:21:52.412 : , G_loss_test: 1.129e-02, hsi_likelihood_test: 3.939e-03, msi_likelihood_test: 7.355e-03, regularization_degradation_test: 6.826e-09, regularization_phi_test: 4.006e-03, psnr_xr_test: 3.475e+01, sam_xr_test: 4.601e+00, psnr_yr_test: 2.699e+01, sam_yr_test: 1.225e+01, psnr_zr_test: 3.558e+01, sam_zr_test: 7.247e+00, ssim_zr_test: 9.756e-01, rmse_zr_test: 4.861e+00, ergas_zr_test: 3.099e-01, uqi_zr_test: 9.809e-01, psnr_xdsr_test: 3.465e+01, sam_xdsr_test: 4.724e+00
23-11-27 05:21:52.412 : , G_loss_test: 1.129e-02, hsi_likelihood_test: 3.939e-03, msi_likelihood_test: 7.355e-03, regularization_degradation_test: 6.826e-09, regularization_phi_test: 4.006e-03, psnr_xr_test: 3.475e+01, sam_xr_test: 4.601e+00, psnr_yr_test: 2.699e+01, sam_yr_test: 1.225e+01, psnr_zr_test: 3.558e+01, sam_zr_test: 7.247e+00, ssim_zr_test: 9.756e-01, rmse_zr_test: 4.861e+00, ergas_zr_test: 3.099e-01, uqi_zr_test: 9.809e-01, psnr_xdsr_test: 3.465e+01, sam_xdsr_test: 4.724e+00
23-11-27 05:21:56.689 : , G_loss_test: 1.093e-02, hsi_likelihood_test: 3.765e-03, msi_likelihood_test: 7.169e-03, regularization_degradation_test: 7.178e-09, regularization_phi_test: 3.854e-03, psnr_xr_test: 3.499e+01, sam_xr_test: 4.346e+00, psnr_yr_test: 2.731e+01, sam_yr_test: 1.211e+01, psnr_zr_test: 3.573e+01, sam_zr_test: 7.034e+00, ssim_zr_test: 9.760e-01, rmse_zr_test: 4.779e+00, ergas_zr_test: 3.054e-01, uqi_zr_test: 9.818e-01, psnr_xdsr_test: 3.482e+01, sam_xdsr_test: 4.455e+00
23-11-27 05:21:56.689 : , G_loss_test: 1.093e-02, hsi_likelihood_test: 3.765e-03, msi_likelihood_test: 7.169e-03, regularization_degradation_test: 7.178e-09, regularization_phi_test: 3.854e-03, psnr_xr_test: 3.499e+01, sam_xr_test: 4.346e+00, psnr_yr_test: 2.731e+01, sam_yr_test: 1.211e+01, psnr_zr_test: 3.573e+01, sam_zr_test: 7.034e+00, ssim_zr_test: 9.760e-01, rmse_zr_test: 4.779e+00, ergas_zr_test: 3.054e-01, uqi_zr_test: 9.818e-01, psnr_xdsr_test: 3.482e+01, sam_xdsr_test: 4.455e+00
23-11-27 05:22:01.008 : , G_loss_test: 1.121e-02, hsi_likelihood_test: 3.754e-03, msi_likelihood_test: 7.456e-03, regularization_degradation_test: 7.267e-09, regularization_phi_test: 3.790e-03, psnr_xr_test: 3.500e+01, sam_xr_test: 4.303e+00, psnr_yr_test: 2.685e+01, sam_yr_test: 1.220e+01, psnr_zr_test: 3.576e+01, sam_zr_test: 7.002e+00, ssim_zr_test: 9.760e-01, rmse_zr_test: 4.754e+00, ergas_zr_test: 3.038e-01, uqi_zr_test: 9.821e-01, psnr_xdsr_test: 3.495e+01, sam_xdsr_test: 4.395e+00
23-11-27 05:22:01.009 : , G_loss_test: 1.121e-02, hsi_likelihood_test: 3.754e-03, msi_likelihood_test: 7.456e-03, regularization_degradation_test: 7.267e-09, regularization_phi_test: 3.790e-03, psnr_xr_test: 3.500e+01, sam_xr_test: 4.303e+00, psnr_yr_test: 2.685e+01, sam_yr_test: 1.220e+01, psnr_zr_test: 3.576e+01, sam_zr_test: 7.002e+00, ssim_zr_test: 9.760e-01, rmse_zr_test: 4.754e+00, ergas_zr_test: 3.038e-01, uqi_zr_test: 9.821e-01, psnr_xdsr_test: 3.495e+01, sam_xdsr_test: 4.395e+00
23-11-27 05:22:05.299 : , G_loss_test: 1.087e-02, hsi_likelihood_test: 3.655e-03, msi_likelihood_test: 7.216e-03, regularization_degradation_test: 7.079e-09, regularization_phi_test: 3.741e-03, psnr_xr_test: 3.514e+01, sam_xr_test: 4.219e+00, psnr_yr_test: 2.731e+01, sam_yr_test: 1.227e+01, psnr_zr_test: 3.584e+01, sam_zr_test: 6.948e+00, ssim_zr_test: 9.760e-01, rmse_zr_test: 4.721e+00, ergas_zr_test: 3.018e-01, uqi_zr_test: 9.824e-01, psnr_xdsr_test: 3.496e+01, sam_xdsr_test: 4.310e+00
23-11-27 05:22:05.299 : , G_loss_test: 1.087e-02, hsi_likelihood_test: 3.655e-03, msi_likelihood_test: 7.216e-03, regularization_degradation_test: 7.079e-09, regularization_phi_test: 3.741e-03, psnr_xr_test: 3.514e+01, sam_xr_test: 4.219e+00, psnr_yr_test: 2.731e+01, sam_yr_test: 1.227e+01, psnr_zr_test: 3.584e+01, sam_zr_test: 6.948e+00, ssim_zr_test: 9.760e-01, rmse_zr_test: 4.721e+00, ergas_zr_test: 3.018e-01, uqi_zr_test: 9.824e-01, psnr_xdsr_test: 3.496e+01, sam_xdsr_test: 4.310e+00
23-11-27 05:22:09.434 : , G_loss_test: 1.082e-02, hsi_likelihood_test: 3.642e-03, msi_likelihood_test: 7.177e-03, regularization_degradation_test: 7.003e-09, regularization_phi_test: 3.737e-03, psnr_xr_test: 3.514e+01, sam_xr_test: 4.190e+00, psnr_yr_test: 2.742e+01, sam_yr_test: 1.226e+01, psnr_zr_test: 3.582e+01, sam_zr_test: 6.915e+00, ssim_zr_test: 9.761e-01, rmse_zr_test: 4.714e+00, ergas_zr_test: 3.015e-01, uqi_zr_test: 9.824e-01, psnr_xdsr_test: 3.497e+01, sam_xdsr_test: 4.271e+00
23-11-27 05:22:09.434 : , G_loss_test: 1.082e-02, hsi_likelihood_test: 3.642e-03, msi_likelihood_test: 7.177e-03, regularization_degradation_test: 7.003e-09, regularization_phi_test: 3.737e-03, psnr_xr_test: 3.514e+01, sam_xr_test: 4.190e+00, psnr_yr_test: 2.742e+01, sam_yr_test: 1.226e+01, psnr_zr_test: 3.582e+01, sam_zr_test: 6.915e+00, ssim_zr_test: 9.761e-01, rmse_zr_test: 4.714e+00, ergas_zr_test: 3.015e-01, uqi_zr_test: 9.824e-01, psnr_xdsr_test: 3.497e+01, sam_xdsr_test: 4.271e+00
23-11-27 05:22:13.646 : , G_loss_test: 1.084e-02, hsi_likelihood_test: 3.691e-03, msi_likelihood_test: 7.145e-03, regularization_degradation_test: 6.886e-09, regularization_phi_test: 3.798e-03, psnr_xr_test: 3.513e+01, sam_xr_test: 4.253e+00, psnr_yr_test: 2.745e+01, sam_yr_test: 1.230e+01, psnr_zr_test: 3.582e+01, sam_zr_test: 6.933e+00, ssim_zr_test: 9.760e-01, rmse_zr_test: 4.705e+00, ergas_zr_test: 3.011e-01, uqi_zr_test: 9.823e-01, psnr_xdsr_test: 3.492e+01, sam_xdsr_test: 4.325e+00
23-11-27 05:22:13.646 : , G_loss_test: 1.084e-02, hsi_likelihood_test: 3.691e-03, msi_likelihood_test: 7.145e-03, regularization_degradation_test: 6.886e-09, regularization_phi_test: 3.798e-03, psnr_xr_test: 3.513e+01, sam_xr_test: 4.253e+00, psnr_yr_test: 2.745e+01, sam_yr_test: 1.230e+01, psnr_zr_test: 3.582e+01, sam_zr_test: 6.933e+00, ssim_zr_test: 9.760e-01, rmse_zr_test: 4.705e+00, ergas_zr_test: 3.011e-01, uqi_zr_test: 9.823e-01, psnr_xdsr_test: 3.492e+01, sam_xdsr_test: 4.325e+00
23-11-27 05:22:17.843 : , G_loss_test: 1.087e-02, hsi_likelihood_test: 3.585e-03, msi_likelihood_test: 7.284e-03, regularization_degradation_test: 6.339e-09, regularization_phi_test: 3.626e-03, psnr_xr_test: 3.528e+01, sam_xr_test: 4.093e+00, psnr_yr_test: 2.718e+01, sam_yr_test: 1.232e+01, psnr_zr_test: 3.593e+01, sam_zr_test: 6.842e+00, ssim_zr_test: 9.761e-01, rmse_zr_test: 4.684e+00, ergas_zr_test: 2.996e-01, uqi_zr_test: 9.826e-01, psnr_xdsr_test: 3.519e+01, sam_xdsr_test: 4.156e+00
23-11-27 05:22:17.843 : , G_loss_test: 1.087e-02, hsi_likelihood_test: 3.585e-03, msi_likelihood_test: 7.284e-03, regularization_degradation_test: 6.339e-09, regularization_phi_test: 3.626e-03, psnr_xr_test: 3.528e+01, sam_xr_test: 4.093e+00, psnr_yr_test: 2.718e+01, sam_yr_test: 1.232e+01, psnr_zr_test: 3.593e+01, sam_zr_test: 6.842e+00, ssim_zr_test: 9.761e-01, rmse_zr_test: 4.684e+00, ergas_zr_test: 2.996e-01, uqi_zr_test: 9.826e-01, psnr_xdsr_test: 3.519e+01, sam_xdsr_test: 4.156e+00
23-11-27 05:22:22.039 : , G_loss_test: 1.088e-02, hsi_likelihood_test: 3.589e-03, msi_likelihood_test: 7.296e-03, regularization_degradation_test: 6.532e-09, regularization_phi_test: 3.677e-03, psnr_xr_test: 3.529e+01, sam_xr_test: 4.139e+00, psnr_yr_test: 2.721e+01, sam_yr_test: 1.228e+01, psnr_zr_test: 3.591e+01, sam_zr_test: 6.872e+00, ssim_zr_test: 9.760e-01, rmse_zr_test: 4.689e+00, ergas_zr_test: 2.998e-01, uqi_zr_test: 9.822e-01, psnr_xdsr_test: 3.512e+01, sam_xdsr_test: 4.210e+00
23-11-27 05:22:22.040 : , G_loss_test: 1.088e-02, hsi_likelihood_test: 3.589e-03, msi_likelihood_test: 7.296e-03, regularization_degradation_test: 6.532e-09, regularization_phi_test: 3.677e-03, psnr_xr_test: 3.529e+01, sam_xr_test: 4.139e+00, psnr_yr_test: 2.721e+01, sam_yr_test: 1.228e+01, psnr_zr_test: 3.591e+01, sam_zr_test: 6.872e+00, ssim_zr_test: 9.760e-01, rmse_zr_test: 4.689e+00, ergas_zr_test: 2.998e-01, uqi_zr_test: 9.822e-01, psnr_xdsr_test: 3.512e+01, sam_xdsr_test: 4.210e+00
23-11-27 05:22:26.182 : , G_loss_test: 1.074e-02, hsi_likelihood_test: 3.532e-03, msi_likelihood_test: 7.204e-03, regularization_degradation_test: 6.473e-09, regularization_phi_test: 3.589e-03, psnr_xr_test: 3.536e+01, sam_xr_test: 4.061e+00, psnr_yr_test: 2.731e+01, sam_yr_test: nan, psnr_zr_test: 3.598e+01, sam_zr_test: 6.813e+00, ssim_zr_test: 9.762e-01, rmse_zr_test: 4.660e+00, ergas_zr_test: 2.983e-01, uqi_zr_test: 9.828e-01, psnr_xdsr_test: 3.527e+01, sam_xdsr_test: 4.115e+00
23-11-27 05:22:26.182 : , G_loss_test: 1.074e-02, hsi_likelihood_test: 3.532e-03, msi_likelihood_test: 7.204e-03, regularization_degradation_test: 6.473e-09, regularization_phi_test: 3.589e-03, psnr_xr_test: 3.536e+01, sam_xr_test: 4.061e+00, psnr_yr_test: 2.731e+01, sam_yr_test: nan, psnr_zr_test: 3.598e+01, sam_zr_test: 6.813e+00, ssim_zr_test: 9.762e-01, rmse_zr_test: 4.660e+00, ergas_zr_test: 2.983e-01, uqi_zr_test: 9.828e-01, psnr_xdsr_test: 3.527e+01, sam_xdsr_test: 4.115e+00
23-11-27 05:22:30.465 : , G_loss_test: 1.112e-02, hsi_likelihood_test: 3.596e-03, msi_likelihood_test: 7.526e-03, regularization_degradation_test: 6.954e-09, regularization_phi_test: 3.640e-03, psnr_xr_test: 3.526e+01, sam_xr_test: 4.048e+00, psnr_yr_test: 2.675e+01, sam_yr_test: nan, psnr_zr_test: 3.591e+01, sam_zr_test: 6.803e+00, ssim_zr_test: 9.761e-01, rmse_zr_test: 4.682e+00, ergas_zr_test: 2.996e-01, uqi_zr_test: 9.826e-01, psnr_xdsr_test: 3.521e+01, sam_xdsr_test: 4.100e+00
23-11-27 05:22:30.465 : , G_loss_test: 1.112e-02, hsi_likelihood_test: 3.596e-03, msi_likelihood_test: 7.526e-03, regularization_degradation_test: 6.954e-09, regularization_phi_test: 3.640e-03, psnr_xr_test: 3.526e+01, sam_xr_test: 4.048e+00, psnr_yr_test: 2.675e+01, sam_yr_test: nan, psnr_zr_test: 3.591e+01, sam_zr_test: 6.803e+00, ssim_zr_test: 9.761e-01, rmse_zr_test: 4.682e+00, ergas_zr_test: 2.996e-01, uqi_zr_test: 9.826e-01, psnr_xdsr_test: 3.521e+01, sam_xdsr_test: 4.100e+00
23-11-27 05:22:34.629 : , G_loss_test: 1.125e-02, hsi_likelihood_test: 3.699e-03, msi_likelihood_test: 7.547e-03, regularization_degradation_test: 7.373e-09, regularization_phi_test: 3.719e-03, psnr_xr_test: 3.514e+01, sam_xr_test: 4.146e+00, psnr_yr_test: 2.675e+01, sam_yr_test: 1.223e+01, psnr_zr_test: 3.583e+01, sam_zr_test: 6.853e+00, ssim_zr_test: 9.759e-01, rmse_zr_test: 4.691e+00, ergas_zr_test: 3.003e-01, uqi_zr_test: 9.823e-01, psnr_xdsr_test: 3.513e+01, sam_xdsr_test: 4.188e+00
23-11-27 05:22:34.629 : , G_loss_test: 1.125e-02, hsi_likelihood_test: 3.699e-03, msi_likelihood_test: 7.547e-03, regularization_degradation_test: 7.373e-09, regularization_phi_test: 3.719e-03, psnr_xr_test: 3.514e+01, sam_xr_test: 4.146e+00, psnr_yr_test: 2.675e+01, sam_yr_test: 1.223e+01, psnr_zr_test: 3.583e+01, sam_zr_test: 6.853e+00, ssim_zr_test: 9.759e-01, rmse_zr_test: 4.691e+00, ergas_zr_test: 3.003e-01, uqi_zr_test: 9.823e-01, psnr_xdsr_test: 3.513e+01, sam_xdsr_test: 4.188e+00
23-11-27 05:22:38.803 : , G_loss_test: 1.054e-02, hsi_likelihood_test: 3.483e-03, msi_likelihood_test: 7.061e-03, regularization_degradation_test: 6.801e-09, regularization_phi_test: 3.560e-03, psnr_xr_test: 3.541e+01, sam_xr_test: 3.977e+00, psnr_yr_test: 2.771e+01, sam_yr_test: nan, psnr_zr_test: 3.596e+01, sam_zr_test: 6.744e+00, ssim_zr_test: 9.758e-01, rmse_zr_test: 4.658e+00, ergas_zr_test: 2.983e-01, uqi_zr_test: 9.829e-01, psnr_xdsr_test: 3.527e+01, sam_xdsr_test: 4.048e+00
23-11-27 05:22:38.804 : , G_loss_test: 1.054e-02, hsi_likelihood_test: 3.483e-03, msi_likelihood_test: 7.061e-03, regularization_degradation_test: 6.801e-09, regularization_phi_test: 3.560e-03, psnr_xr_test: 3.541e+01, sam_xr_test: 3.977e+00, psnr_yr_test: 2.771e+01, sam_yr_test: nan, psnr_zr_test: 3.596e+01, sam_zr_test: 6.744e+00, ssim_zr_test: 9.758e-01, rmse_zr_test: 4.658e+00, ergas_zr_test: 2.983e-01, uqi_zr_test: 9.829e-01, psnr_xdsr_test: 3.527e+01, sam_xdsr_test: 4.048e+00
23-11-27 05:22:43.039 : , G_loss_test: 1.068e-02, hsi_likelihood_test: 3.439e-03, msi_likelihood_test: 7.244e-03, regularization_degradation_test: 7.180e-09, regularization_phi_test: 3.484e-03, psnr_xr_test: 3.548e+01, sam_xr_test: 3.935e+00, psnr_yr_test: 2.730e+01, sam_yr_test: nan, psnr_zr_test: 3.603e+01, sam_zr_test: 6.712e+00, ssim_zr_test: 9.762e-01, rmse_zr_test: 4.645e+00, ergas_zr_test: 2.973e-01, uqi_zr_test: 9.830e-01, psnr_xdsr_test: 3.539e+01, sam_xdsr_test: 3.980e+00
23-11-27 05:22:43.039 : , G_loss_test: 1.068e-02, hsi_likelihood_test: 3.439e-03, msi_likelihood_test: 7.244e-03, regularization_degradation_test: 7.180e-09, regularization_phi_test: 3.484e-03, psnr_xr_test: 3.548e+01, sam_xr_test: 3.935e+00, psnr_yr_test: 2.730e+01, sam_yr_test: nan, psnr_zr_test: 3.603e+01, sam_zr_test: 6.712e+00, ssim_zr_test: 9.762e-01, rmse_zr_test: 4.645e+00, ergas_zr_test: 2.973e-01, uqi_zr_test: 9.830e-01, psnr_xdsr_test: 3.539e+01, sam_xdsr_test: 3.980e+00
23-11-27 05:22:47.260 : , G_loss_test: 1.072e-02, hsi_likelihood_test: 3.436e-03, msi_likelihood_test: 7.285e-03, regularization_degradation_test: 6.668e-09, regularization_phi_test: 3.481e-03, psnr_xr_test: 3.549e+01, sam_xr_test: 3.920e+00, psnr_yr_test: 2.723e+01, sam_yr_test: 1.226e+01, psnr_zr_test: 3.603e+01, sam_zr_test: 6.696e+00, ssim_zr_test: 9.762e-01, rmse_zr_test: 4.646e+00, ergas_zr_test: 2.974e-01, uqi_zr_test: 9.830e-01, psnr_xdsr_test: 3.537e+01, sam_xdsr_test: 3.961e+00
23-11-27 05:22:47.260 : , G_loss_test: 1.072e-02, hsi_likelihood_test: 3.436e-03, msi_likelihood_test: 7.285e-03, regularization_degradation_test: 6.668e-09, regularization_phi_test: 3.481e-03, psnr_xr_test: 3.549e+01, sam_xr_test: 3.920e+00, psnr_yr_test: 2.723e+01, sam_yr_test: 1.226e+01, psnr_zr_test: 3.603e+01, sam_zr_test: 6.696e+00, ssim_zr_test: 9.762e-01, rmse_zr_test: 4.646e+00, ergas_zr_test: 2.974e-01, uqi_zr_test: 9.830e-01, psnr_xdsr_test: 3.537e+01, sam_xdsr_test: 3.961e+00
23-11-27 05:22:51.531 : , G_loss_test: 1.070e-02, hsi_likelihood_test: 3.436e-03, msi_likelihood_test: 7.261e-03, regularization_degradation_test: 7.075e-09, regularization_phi_test: 3.475e-03, psnr_xr_test: 3.549e+01, sam_xr_test: 3.923e+00, psnr_yr_test: 2.722e+01, sam_yr_test: nan, psnr_zr_test: 3.603e+01, sam_zr_test: 6.701e+00, ssim_zr_test: 9.762e-01, rmse_zr_test: 4.649e+00, ergas_zr_test: 2.977e-01, uqi_zr_test: 9.830e-01, psnr_xdsr_test: 3.541e+01, sam_xdsr_test: 3.962e+00
23-11-27 05:22:51.532 : , G_loss_test: 1.070e-02, hsi_likelihood_test: 3.436e-03, msi_likelihood_test: 7.261e-03, regularization_degradation_test: 7.075e-09, regularization_phi_test: 3.475e-03, psnr_xr_test: 3.549e+01, sam_xr_test: 3.923e+00, psnr_yr_test: 2.722e+01, sam_yr_test: nan, psnr_zr_test: 3.603e+01, sam_zr_test: 6.701e+00, ssim_zr_test: 9.762e-01, rmse_zr_test: 4.649e+00, ergas_zr_test: 2.977e-01, uqi_zr_test: 9.830e-01, psnr_xdsr_test: 3.541e+01, sam_xdsr_test: 3.962e+00
23-11-27 05:22:55.657 : , G_loss_test: 1.068e-02, hsi_likelihood_test: 3.418e-03, msi_likelihood_test: 7.264e-03, regularization_degradation_test: 7.279e-09, regularization_phi_test: 3.453e-03, psnr_xr_test: 3.552e+01, sam_xr_test: 3.901e+00, psnr_yr_test: 2.726e+01, sam_yr_test: 1.225e+01, psnr_zr_test: 3.604e+01, sam_zr_test: 6.684e+00, ssim_zr_test: 9.762e-01, rmse_zr_test: 4.642e+00, ergas_zr_test: 2.972e-01, uqi_zr_test: 9.830e-01, psnr_xdsr_test: 3.544e+01, sam_xdsr_test: 3.938e+00
23-11-27 05:22:55.657 : , G_loss_test: 1.068e-02, hsi_likelihood_test: 3.418e-03, msi_likelihood_test: 7.264e-03, regularization_degradation_test: 7.279e-09, regularization_phi_test: 3.453e-03, psnr_xr_test: 3.552e+01, sam_xr_test: 3.901e+00, psnr_yr_test: 2.726e+01, sam_yr_test: 1.225e+01, psnr_zr_test: 3.604e+01, sam_zr_test: 6.684e+00, ssim_zr_test: 9.762e-01, rmse_zr_test: 4.642e+00, ergas_zr_test: 2.972e-01, uqi_zr_test: 9.830e-01, psnr_xdsr_test: 3.544e+01, sam_xdsr_test: 3.938e+00
23-11-27 05:22:59.860 : , G_loss_test: 1.076e-02, hsi_likelihood_test: 3.420e-03, msi_likelihood_test: 7.339e-03, regularization_degradation_test: 6.794e-09, regularization_phi_test: 3.450e-03, psnr_xr_test: 3.553e+01, sam_xr_test: 3.895e+00, psnr_yr_test: 2.712e+01, sam_yr_test: nan, psnr_zr_test: 3.605e+01, sam_zr_test: 6.681e+00, ssim_zr_test: 9.763e-01, rmse_zr_test: 4.641e+00, ergas_zr_test: 2.970e-01, uqi_zr_test: 9.830e-01, psnr_xdsr_test: 3.545e+01, sam_xdsr_test: 3.938e+00
23-11-27 05:22:59.860 : , G_loss_test: 1.076e-02, hsi_likelihood_test: 3.420e-03, msi_likelihood_test: 7.339e-03, regularization_degradation_test: 6.794e-09, regularization_phi_test: 3.450e-03, psnr_xr_test: 3.553e+01, sam_xr_test: 3.895e+00, psnr_yr_test: 2.712e+01, sam_yr_test: nan, psnr_zr_test: 3.605e+01, sam_zr_test: 6.681e+00, ssim_zr_test: 9.763e-01, rmse_zr_test: 4.641e+00, ergas_zr_test: 2.970e-01, uqi_zr_test: 9.830e-01, psnr_xdsr_test: 3.545e+01, sam_xdsr_test: 3.938e+00
23-11-27 05:23:04.023 : , G_loss_test: 1.075e-02, hsi_likelihood_test: 3.420e-03, msi_likelihood_test: 7.332e-03, regularization_degradation_test: 6.897e-09, regularization_phi_test: 3.461e-03, psnr_xr_test: 3.550e+01, sam_xr_test: 3.874e+00, psnr_yr_test: 2.711e+01, sam_yr_test: nan, psnr_zr_test: 3.604e+01, sam_zr_test: 6.667e+00, ssim_zr_test: 9.762e-01, rmse_zr_test: 4.643e+00, ergas_zr_test: 2.972e-01, uqi_zr_test: 9.830e-01, psnr_xdsr_test: 3.540e+01, sam_xdsr_test: 3.932e+00
23-11-27 05:23:04.024 : , G_loss_test: 1.075e-02, hsi_likelihood_test: 3.420e-03, msi_likelihood_test: 7.332e-03, regularization_degradation_test: 6.897e-09, regularization_phi_test: 3.461e-03, psnr_xr_test: 3.550e+01, sam_xr_test: 3.874e+00, psnr_yr_test: 2.711e+01, sam_yr_test: nan, psnr_zr_test: 3.604e+01, sam_zr_test: 6.667e+00, ssim_zr_test: 9.762e-01, rmse_zr_test: 4.643e+00, ergas_zr_test: 2.972e-01, uqi_zr_test: 9.830e-01, psnr_xdsr_test: 3.540e+01, sam_xdsr_test: 3.932e+00
23-11-27 05:23:08.276 : , G_loss_test: 1.063e-02, hsi_likelihood_test: 3.402e-03, msi_likelihood_test: 7.231e-03, regularization_degradation_test: 6.655e-09, regularization_phi_test: 3.442e-03, psnr_xr_test: 3.554e+01, sam_xr_test: 3.881e+00, psnr_yr_test: 2.736e+01, sam_yr_test: nan, psnr_zr_test: 3.605e+01, sam_zr_test: 6.674e+00, ssim_zr_test: 9.762e-01, rmse_zr_test: 4.638e+00, ergas_zr_test: 2.970e-01, uqi_zr_test: 9.830e-01, psnr_xdsr_test: 3.546e+01, sam_xdsr_test: 3.916e+00
23-11-27 05:23:08.276 : , G_loss_test: 1.063e-02, hsi_likelihood_test: 3.402e-03, msi_likelihood_test: 7.231e-03, regularization_degradation_test: 6.655e-09, regularization_phi_test: 3.442e-03, psnr_xr_test: 3.554e+01, sam_xr_test: 3.881e+00, psnr_yr_test: 2.736e+01, sam_yr_test: nan, psnr_zr_test: 3.605e+01, sam_zr_test: 6.674e+00, ssim_zr_test: 9.762e-01, rmse_zr_test: 4.638e+00, ergas_zr_test: 2.970e-01, uqi_zr_test: 9.830e-01, psnr_xdsr_test: 3.546e+01, sam_xdsr_test: 3.916e+00
23-11-27 05:23:12.692 : , G_loss_test: 1.059e-02, hsi_likelihood_test: 3.393e-03, msi_likelihood_test: 7.193e-03, regularization_degradation_test: 7.008e-09, regularization_phi_test: 3.423e-03, psnr_xr_test: 3.555e+01, sam_xr_test: 3.882e+00, psnr_yr_test: 2.738e+01, sam_yr_test: nan, psnr_zr_test: 3.604e+01, sam_zr_test: 6.666e+00, ssim_zr_test: 9.762e-01, rmse_zr_test: 4.643e+00, ergas_zr_test: 2.973e-01, uqi_zr_test: 9.831e-01, psnr_xdsr_test: 3.548e+01, sam_xdsr_test: 3.904e+00
23-11-27 05:23:12.693 : , G_loss_test: 1.059e-02, hsi_likelihood_test: 3.393e-03, msi_likelihood_test: 7.193e-03, regularization_degradation_test: 7.008e-09, regularization_phi_test: 3.423e-03, psnr_xr_test: 3.555e+01, sam_xr_test: 3.882e+00, psnr_yr_test: 2.738e+01, sam_yr_test: nan, psnr_zr_test: 3.604e+01, sam_zr_test: 6.666e+00, ssim_zr_test: 9.762e-01, rmse_zr_test: 4.643e+00, ergas_zr_test: 2.973e-01, uqi_zr_test: 9.831e-01, psnr_xdsr_test: 3.548e+01, sam_xdsr_test: 3.904e+00
23-11-27 05:23:17.002 : , G_loss_test: 1.063e-02, hsi_likelihood_test: 3.376e-03, msi_likelihood_test: 7.249e-03, regularization_degradation_test: 6.839e-09, regularization_phi_test: 3.420e-03, psnr_xr_test: 3.558e+01, sam_xr_test: 3.853e+00, psnr_yr_test: 2.731e+01, sam_yr_test: nan, psnr_zr_test: 3.606e+01, sam_zr_test: 6.660e+00, ssim_zr_test: 9.762e-01, rmse_zr_test: 4.637e+00, ergas_zr_test: 2.969e-01, uqi_zr_test: 9.831e-01, psnr_xdsr_test: 3.549e+01, sam_xdsr_test: 3.903e+00
23-11-27 05:23:17.002 : , G_loss_test: 1.063e-02, hsi_likelihood_test: 3.376e-03, msi_likelihood_test: 7.249e-03, regularization_degradation_test: 6.839e-09, regularization_phi_test: 3.420e-03, psnr_xr_test: 3.558e+01, sam_xr_test: 3.853e+00, psnr_yr_test: 2.731e+01, sam_yr_test: nan, psnr_zr_test: 3.606e+01, sam_zr_test: 6.660e+00, ssim_zr_test: 9.762e-01, rmse_zr_test: 4.637e+00, ergas_zr_test: 2.969e-01, uqi_zr_test: 9.831e-01, psnr_xdsr_test: 3.549e+01, sam_xdsr_test: 3.903e+00
23-11-27 05:23:21.234 : , G_loss_test: 1.066e-02, hsi_likelihood_test: 3.381e-03, msi_likelihood_test: 7.274e-03, regularization_degradation_test: 7.597e-09, regularization_phi_test: 3.410e-03, psnr_xr_test: 3.556e+01, sam_xr_test: 3.864e+00, psnr_yr_test: 2.723e+01, sam_yr_test: nan, psnr_zr_test: 3.605e+01, sam_zr_test: 6.668e+00, ssim_zr_test: 9.761e-01, rmse_zr_test: 4.643e+00, ergas_zr_test: 2.973e-01, uqi_zr_test: 9.830e-01, psnr_xdsr_test: 3.551e+01, sam_xdsr_test: 3.899e+00
23-11-27 05:23:21.235 : , G_loss_test: 1.066e-02, hsi_likelihood_test: 3.381e-03, msi_likelihood_test: 7.274e-03, regularization_degradation_test: 7.597e-09, regularization_phi_test: 3.410e-03, psnr_xr_test: 3.556e+01, sam_xr_test: 3.864e+00, psnr_yr_test: 2.723e+01, sam_yr_test: nan, psnr_zr_test: 3.605e+01, sam_zr_test: 6.668e+00, ssim_zr_test: 9.761e-01, rmse_zr_test: 4.643e+00, ergas_zr_test: 2.973e-01, uqi_zr_test: 9.830e-01, psnr_xdsr_test: 3.551e+01, sam_xdsr_test: 3.899e+00
23-11-27 05:23:25.512 : , G_loss_test: 1.067e-02, hsi_likelihood_test: 3.366e-03, msi_likelihood_test: 7.306e-03, regularization_degradation_test: 6.883e-09, regularization_phi_test: 3.403e-03, psnr_xr_test: 3.559e+01, sam_xr_test: 3.846e+00, psnr_yr_test: 2.719e+01, sam_yr_test: nan, psnr_zr_test: 3.607e+01, sam_zr_test: 6.649e+00, ssim_zr_test: 9.762e-01, rmse_zr_test: 4.638e+00, ergas_zr_test: 2.969e-01, uqi_zr_test: 9.831e-01, psnr_xdsr_test: 3.551e+01, sam_xdsr_test: 3.875e+00
23-11-27 05:23:25.512 : , G_loss_test: 1.067e-02, hsi_likelihood_test: 3.366e-03, msi_likelihood_test: 7.306e-03, regularization_degradation_test: 6.883e-09, regularization_phi_test: 3.403e-03, psnr_xr_test: 3.559e+01, sam_xr_test: 3.846e+00, psnr_yr_test: 2.719e+01, sam_yr_test: nan, psnr_zr_test: 3.607e+01, sam_zr_test: 6.649e+00, ssim_zr_test: 9.762e-01, rmse_zr_test: 4.638e+00, ergas_zr_test: 2.969e-01, uqi_zr_test: 9.831e-01, psnr_xdsr_test: 3.551e+01, sam_xdsr_test: 3.875e+00
23-11-27 05:23:33.988 : , G_loss_test: 4.524e-03, hsi_likelihood_test: 2.226e-03, msi_likelihood_test: 2.297e-03, regularization_degradation_test: 1.374e-09, regularization_phi_test: 2.357e-03, psnr_xr_test: 3.508e+01, sam_xr_test: 1.635e+01, psnr_yr_test: 3.532e+01, sam_yr_test: 1.825e+01, psnr_zr_test: 3.997e+01, sam_zr_test: 2.293e+01, ssim_zr_test: 9.630e-01, rmse_zr_test: 2.603e+00, ergas_zr_test: 5.934e-01, uqi_zr_test: 7.649e-01, psnr_xdsr_test: 3.487e+01, sam_xdsr_test: 1.851e+01
23-11-27 05:23:33.989 : , G_loss_test: 4.524e-03, hsi_likelihood_test: 2.226e-03, msi_likelihood_test: 2.297e-03, regularization_degradation_test: 1.374e-09, regularization_phi_test: 2.357e-03, psnr_xr_test: 3.508e+01, sam_xr_test: 1.635e+01, psnr_yr_test: 3.532e+01, sam_yr_test: 1.825e+01, psnr_zr_test: 3.997e+01, sam_zr_test: 2.293e+01, ssim_zr_test: 9.630e-01, rmse_zr_test: 2.603e+00, ergas_zr_test: 5.934e-01, uqi_zr_test: 7.649e-01, psnr_xdsr_test: 3.487e+01, sam_xdsr_test: 1.851e+01
23-11-27 05:23:38.370 : , G_loss_test: 3.971e-03, hsi_likelihood_test: 1.774e-03, msi_likelihood_test: 2.197e-03, regularization_degradation_test: 1.630e-09, regularization_phi_test: 1.849e-03, psnr_xr_test: 3.654e+01, sam_xr_test: 1.174e+01, psnr_yr_test: 3.581e+01, sam_yr_test: nan, psnr_zr_test: 4.095e+01, sam_zr_test: 1.756e+01, ssim_zr_test: 9.754e-01, rmse_zr_test: 2.357e+00, ergas_zr_test: 5.410e-01, uqi_zr_test: 8.524e-01, psnr_xdsr_test: 3.639e+01, sam_xdsr_test: 1.271e+01
23-11-27 05:23:38.371 : , G_loss_test: 3.971e-03, hsi_likelihood_test: 1.774e-03, msi_likelihood_test: 2.197e-03, regularization_degradation_test: 1.630e-09, regularization_phi_test: 1.849e-03, psnr_xr_test: 3.654e+01, sam_xr_test: 1.174e+01, psnr_yr_test: 3.581e+01, sam_yr_test: nan, psnr_zr_test: 4.095e+01, sam_zr_test: 1.756e+01, ssim_zr_test: 9.754e-01, rmse_zr_test: 2.357e+00, ergas_zr_test: 5.410e-01, uqi_zr_test: 8.524e-01, psnr_xdsr_test: 3.639e+01, sam_xdsr_test: 1.271e+01
23-11-27 05:23:42.706 : , G_loss_test: 3.987e-03, hsi_likelihood_test: 1.662e-03, msi_likelihood_test: 2.325e-03, regularization_degradation_test: 1.580e-09, regularization_phi_test: 1.692e-03, psnr_xr_test: 3.682e+01, sam_xr_test: 9.601e+00, psnr_yr_test: 3.508e+01, sam_yr_test: nan, psnr_zr_test: 4.118e+01, sam_zr_test: 1.523e+01, ssim_zr_test: 9.783e-01, rmse_zr_test: 2.307e+00, ergas_zr_test: 5.275e-01, uqi_zr_test: 8.575e-01, psnr_xdsr_test: 3.690e+01, sam_xdsr_test: 1.051e+01
23-11-27 05:23:42.706 : , G_loss_test: 3.987e-03, hsi_likelihood_test: 1.662e-03, msi_likelihood_test: 2.325e-03, regularization_degradation_test: 1.580e-09, regularization_phi_test: 1.692e-03, psnr_xr_test: 3.682e+01, sam_xr_test: 9.601e+00, psnr_yr_test: 3.508e+01, sam_yr_test: nan, psnr_zr_test: 4.118e+01, sam_zr_test: 1.523e+01, ssim_zr_test: 9.783e-01, rmse_zr_test: 2.307e+00, ergas_zr_test: 5.275e-01, uqi_zr_test: 8.575e-01, psnr_xdsr_test: 3.690e+01, sam_xdsr_test: 1.051e+01
23-11-27 05:23:46.957 : , G_loss_test: 4.032e-03, hsi_likelihood_test: 1.604e-03, msi_likelihood_test: 2.428e-03, regularization_degradation_test: 1.575e-09, regularization_phi_test: 1.636e-03, psnr_xr_test: 3.718e+01, sam_xr_test: 9.142e+00, psnr_yr_test: 3.488e+01, sam_yr_test: 1.680e+01, psnr_zr_test: 4.137e+01, sam_zr_test: 1.462e+01, ssim_zr_test: 9.794e-01, rmse_zr_test: 2.267e+00, ergas_zr_test: 5.183e-01, uqi_zr_test: 8.631e-01, psnr_xdsr_test: 3.717e+01, sam_xdsr_test: 9.949e+00
23-11-27 05:23:46.957 : , G_loss_test: 4.032e-03, hsi_likelihood_test: 1.604e-03, msi_likelihood_test: 2.428e-03, regularization_degradation_test: 1.575e-09, regularization_phi_test: 1.636e-03, psnr_xr_test: 3.718e+01, sam_xr_test: 9.142e+00, psnr_yr_test: 3.488e+01, sam_yr_test: 1.680e+01, psnr_zr_test: 4.137e+01, sam_zr_test: 1.462e+01, ssim_zr_test: 9.794e-01, rmse_zr_test: 2.267e+00, ergas_zr_test: 5.183e-01, uqi_zr_test: 8.631e-01, psnr_xdsr_test: 3.717e+01, sam_xdsr_test: 9.949e+00
23-11-27 05:23:51.205 : , G_loss_test: 4.052e-03, hsi_likelihood_test: 1.580e-03, msi_likelihood_test: 2.473e-03, regularization_degradation_test: 1.508e-09, regularization_phi_test: 1.582e-03, psnr_xr_test: 3.716e+01, sam_xr_test: 8.673e+00, psnr_yr_test: 3.419e+01, sam_yr_test: nan, psnr_zr_test: 4.134e+01, sam_zr_test: 1.401e+01, ssim_zr_test: 9.798e-01, rmse_zr_test: 2.264e+00, ergas_zr_test: 5.186e-01, uqi_zr_test: 8.648e-01, psnr_xdsr_test: 3.733e+01, sam_xdsr_test: 9.299e+00
23-11-27 05:23:51.206 : , G_loss_test: 4.052e-03, hsi_likelihood_test: 1.580e-03, msi_likelihood_test: 2.473e-03, regularization_degradation_test: 1.508e-09, regularization_phi_test: 1.582e-03, psnr_xr_test: 3.716e+01, sam_xr_test: 8.673e+00, psnr_yr_test: 3.419e+01, sam_yr_test: nan, psnr_zr_test: 4.134e+01, sam_zr_test: 1.401e+01, ssim_zr_test: 9.798e-01, rmse_zr_test: 2.264e+00, ergas_zr_test: 5.186e-01, uqi_zr_test: 8.648e-01, psnr_xdsr_test: 3.733e+01, sam_xdsr_test: 9.299e+00
23-11-27 05:23:55.393 : , G_loss_test: 4.049e-03, hsi_likelihood_test: 1.555e-03, msi_likelihood_test: 2.494e-03, regularization_degradation_test: 1.474e-09, regularization_phi_test: 1.577e-03, psnr_xr_test: 3.735e+01, sam_xr_test: 8.474e+00, psnr_yr_test: 3.387e+01, sam_yr_test: nan, psnr_zr_test: 4.144e+01, sam_zr_test: 1.378e+01, ssim_zr_test: 9.799e-01, rmse_zr_test: 2.241e+00, ergas_zr_test: 5.142e-01, uqi_zr_test: 8.634e-01, psnr_xdsr_test: 3.739e+01, sam_xdsr_test: 9.187e+00
23-11-27 05:23:55.394 : , G_loss_test: 4.049e-03, hsi_likelihood_test: 1.555e-03, msi_likelihood_test: 2.494e-03, regularization_degradation_test: 1.474e-09, regularization_phi_test: 1.577e-03, psnr_xr_test: 3.735e+01, sam_xr_test: 8.474e+00, psnr_yr_test: 3.387e+01, sam_yr_test: nan, psnr_zr_test: 4.144e+01, sam_zr_test: 1.378e+01, ssim_zr_test: 9.799e-01, rmse_zr_test: 2.241e+00, ergas_zr_test: 5.142e-01, uqi_zr_test: 8.634e-01, psnr_xdsr_test: 3.739e+01, sam_xdsr_test: 9.187e+00
23-11-27 05:23:59.637 : , G_loss_test: 4.059e-03, hsi_likelihood_test: 1.532e-03, msi_likelihood_test: 2.526e-03, regularization_degradation_test: 1.486e-09, regularization_phi_test: 1.547e-03, psnr_xr_test: 3.745e+01, sam_xr_test: 8.453e+00, psnr_yr_test: 3.367e+01, sam_yr_test: nan, psnr_zr_test: 4.149e+01, sam_zr_test: 1.379e+01, ssim_zr_test: 9.801e-01, rmse_zr_test: 2.229e+00, ergas_zr_test: 5.114e-01, uqi_zr_test: 8.632e-01, psnr_xdsr_test: 3.753e+01, sam_xdsr_test: 9.200e+00
23-11-27 05:23:59.637 : , G_loss_test: 4.059e-03, hsi_likelihood_test: 1.532e-03, msi_likelihood_test: 2.526e-03, regularization_degradation_test: 1.486e-09, regularization_phi_test: 1.547e-03, psnr_xr_test: 3.745e+01, sam_xr_test: 8.453e+00, psnr_yr_test: 3.367e+01, sam_yr_test: nan, psnr_zr_test: 4.149e+01, sam_zr_test: 1.379e+01, ssim_zr_test: 9.801e-01, rmse_zr_test: 2.229e+00, ergas_zr_test: 5.114e-01, uqi_zr_test: 8.632e-01, psnr_xdsr_test: 3.753e+01, sam_xdsr_test: 9.200e+00
23-11-27 05:24:03.933 : , G_loss_test: 4.111e-03, hsi_likelihood_test: 1.525e-03, msi_likelihood_test: 2.586e-03, regularization_degradation_test: 1.716e-09, regularization_phi_test: 1.525e-03, psnr_xr_test: 3.742e+01, sam_xr_test: 8.236e+00, psnr_yr_test: 3.334e+01, sam_yr_test: 1.810e+01, psnr_zr_test: 4.148e+01, sam_zr_test: 1.354e+01, ssim_zr_test: 9.805e-01, rmse_zr_test: 2.224e+00, ergas_zr_test: 5.105e-01, uqi_zr_test: 8.635e-01, psnr_xdsr_test: 3.759e+01, sam_xdsr_test: 8.898e+00
23-11-27 05:24:03.933 : , G_loss_test: 4.111e-03, hsi_likelihood_test: 1.525e-03, msi_likelihood_test: 2.586e-03, regularization_degradation_test: 1.716e-09, regularization_phi_test: 1.525e-03, psnr_xr_test: 3.742e+01, sam_xr_test: 8.236e+00, psnr_yr_test: 3.334e+01, sam_yr_test: 1.810e+01, psnr_zr_test: 4.148e+01, sam_zr_test: 1.354e+01, ssim_zr_test: 9.805e-01, rmse_zr_test: 2.224e+00, ergas_zr_test: 5.105e-01, uqi_zr_test: 8.635e-01, psnr_xdsr_test: 3.759e+01, sam_xdsr_test: 8.898e+00
23-11-27 05:24:08.212 : , G_loss_test: 4.099e-03, hsi_likelihood_test: 1.475e-03, msi_likelihood_test: 2.624e-03, regularization_degradation_test: 1.605e-09, regularization_phi_test: 1.477e-03, psnr_xr_test: 3.765e+01, sam_xr_test: 7.884e+00, psnr_yr_test: 3.318e+01, sam_yr_test: 1.763e+01, psnr_zr_test: 4.157e+01, sam_zr_test: 1.318e+01, ssim_zr_test: 9.811e-01, rmse_zr_test: 2.208e+00, ergas_zr_test: 5.074e-01, uqi_zr_test: 8.680e-01, psnr_xdsr_test: 3.777e+01, sam_xdsr_test: 8.347e+00
23-11-27 05:24:08.212 : , G_loss_test: 4.099e-03, hsi_likelihood_test: 1.475e-03, msi_likelihood_test: 2.624e-03, regularization_degradation_test: 1.605e-09, regularization_phi_test: 1.477e-03, psnr_xr_test: 3.765e+01, sam_xr_test: 7.884e+00, psnr_yr_test: 3.318e+01, sam_yr_test: 1.763e+01, psnr_zr_test: 4.157e+01, sam_zr_test: 1.318e+01, ssim_zr_test: 9.811e-01, rmse_zr_test: 2.208e+00, ergas_zr_test: 5.074e-01, uqi_zr_test: 8.680e-01, psnr_xdsr_test: 3.777e+01, sam_xdsr_test: 8.347e+00
23-11-27 05:24:12.503 : , G_loss_test: 4.105e-03, hsi_likelihood_test: 1.482e-03, msi_likelihood_test: 2.623e-03, regularization_degradation_test: 1.634e-09, regularization_phi_test: 1.479e-03, psnr_xr_test: 3.767e+01, sam_xr_test: 8.032e+00, psnr_yr_test: 3.315e+01, sam_yr_test: 1.807e+01, psnr_zr_test: 4.156e+01, sam_zr_test: 1.328e+01, ssim_zr_test: 9.809e-01, rmse_zr_test: 2.208e+00, ergas_zr_test: 5.080e-01, uqi_zr_test: 8.665e-01, psnr_xdsr_test: 3.783e+01, sam_xdsr_test: 8.455e+00
23-11-27 05:24:12.503 : , G_loss_test: 4.105e-03, hsi_likelihood_test: 1.482e-03, msi_likelihood_test: 2.623e-03, regularization_degradation_test: 1.634e-09, regularization_phi_test: 1.479e-03, psnr_xr_test: 3.767e+01, sam_xr_test: 8.032e+00, psnr_yr_test: 3.315e+01, sam_yr_test: 1.807e+01, psnr_zr_test: 4.156e+01, sam_zr_test: 1.328e+01, ssim_zr_test: 9.809e-01, rmse_zr_test: 2.208e+00, ergas_zr_test: 5.080e-01, uqi_zr_test: 8.665e-01, psnr_xdsr_test: 3.783e+01, sam_xdsr_test: 8.455e+00
23-11-27 05:24:16.829 : , G_loss_test: 4.189e-03, hsi_likelihood_test: 1.525e-03, msi_likelihood_test: 2.664e-03, regularization_degradation_test: 1.512e-09, regularization_phi_test: 1.540e-03, psnr_xr_test: 3.760e+01, sam_xr_test: 9.194e+00, psnr_yr_test: 3.307e+01, sam_yr_test: 1.774e+01, psnr_zr_test: 4.155e+01, sam_zr_test: 1.414e+01, ssim_zr_test: 9.797e-01, rmse_zr_test: 2.206e+00, ergas_zr_test: 5.067e-01, uqi_zr_test: 8.541e-01, psnr_xdsr_test: 3.770e+01, sam_xdsr_test: 9.738e+00
23-11-27 05:24:16.829 : , G_loss_test: 4.189e-03, hsi_likelihood_test: 1.525e-03, msi_likelihood_test: 2.664e-03, regularization_degradation_test: 1.512e-09, regularization_phi_test: 1.540e-03, psnr_xr_test: 3.760e+01, sam_xr_test: 9.194e+00, psnr_yr_test: 3.307e+01, sam_yr_test: 1.774e+01, psnr_zr_test: 4.155e+01, sam_zr_test: 1.414e+01, ssim_zr_test: 9.797e-01, rmse_zr_test: 2.206e+00, ergas_zr_test: 5.067e-01, uqi_zr_test: 8.541e-01, psnr_xdsr_test: 3.770e+01, sam_xdsr_test: 9.738e+00
23-11-27 05:24:21.105 : , G_loss_test: 4.098e-03, hsi_likelihood_test: 1.444e-03, msi_likelihood_test: 2.654e-03, regularization_degradation_test: 1.608e-09, regularization_phi_test: 1.457e-03, psnr_xr_test: 3.780e+01, sam_xr_test: 7.756e+00, psnr_yr_test: 3.296e+01, sam_yr_test: 1.800e+01, psnr_zr_test: 4.162e+01, sam_zr_test: 1.313e+01, ssim_zr_test: 9.810e-01, rmse_zr_test: 2.192e+00, ergas_zr_test: 5.042e-01, uqi_zr_test: 8.687e-01, psnr_xdsr_test: 3.789e+01, sam_xdsr_test: 8.373e+00
23-11-27 05:24:21.106 : , G_loss_test: 4.098e-03, hsi_likelihood_test: 1.444e-03, msi_likelihood_test: 2.654e-03, regularization_degradation_test: 1.608e-09, regularization_phi_test: 1.457e-03, psnr_xr_test: 3.780e+01, sam_xr_test: 7.756e+00, psnr_yr_test: 3.296e+01, sam_yr_test: 1.800e+01, psnr_zr_test: 4.162e+01, sam_zr_test: 1.313e+01, ssim_zr_test: 9.810e-01, rmse_zr_test: 2.192e+00, ergas_zr_test: 5.042e-01, uqi_zr_test: 8.687e-01, psnr_xdsr_test: 3.789e+01, sam_xdsr_test: 8.373e+00
23-11-27 05:24:25.446 : , G_loss_test: 4.158e-03, hsi_likelihood_test: 1.478e-03, msi_likelihood_test: 2.680e-03, regularization_degradation_test: 1.554e-09, regularization_phi_test: 1.489e-03, psnr_xr_test: 3.774e+01, sam_xr_test: 7.903e+00, psnr_yr_test: 3.292e+01, sam_yr_test: 1.748e+01, psnr_zr_test: 4.153e+01, sam_zr_test: 1.323e+01, ssim_zr_test: 9.805e-01, rmse_zr_test: 2.199e+00, ergas_zr_test: 5.055e-01, uqi_zr_test: 8.670e-01, psnr_xdsr_test: 3.782e+01, sam_xdsr_test: 8.411e+00
23-11-27 05:24:25.447 : , G_loss_test: 4.158e-03, hsi_likelihood_test: 1.478e-03, msi_likelihood_test: 2.680e-03, regularization_degradation_test: 1.554e-09, regularization_phi_test: 1.489e-03, psnr_xr_test: 3.774e+01, sam_xr_test: 7.903e+00, psnr_yr_test: 3.292e+01, sam_yr_test: 1.748e+01, psnr_zr_test: 4.153e+01, sam_zr_test: 1.323e+01, ssim_zr_test: 9.805e-01, rmse_zr_test: 2.199e+00, ergas_zr_test: 5.055e-01, uqi_zr_test: 8.670e-01, psnr_xdsr_test: 3.782e+01, sam_xdsr_test: 8.411e+00
23-11-27 05:24:29.824 : , G_loss_test: 4.051e-03, hsi_likelihood_test: 1.413e-03, msi_likelihood_test: 2.637e-03, regularization_degradation_test: 1.630e-09, regularization_phi_test: 1.414e-03, psnr_xr_test: 3.793e+01, sam_xr_test: 7.460e+00, psnr_yr_test: 3.287e+01, sam_yr_test: 1.804e+01, psnr_zr_test: 4.165e+01, sam_zr_test: 1.267e+01, ssim_zr_test: 9.817e-01, rmse_zr_test: 2.183e+00, ergas_zr_test: 5.024e-01, uqi_zr_test: 8.712e-01, psnr_xdsr_test: 3.805e+01, sam_xdsr_test: 7.923e+00
23-11-27 05:24:29.825 : , G_loss_test: 4.051e-03, hsi_likelihood_test: 1.413e-03, msi_likelihood_test: 2.637e-03, regularization_degradation_test: 1.630e-09, regularization_phi_test: 1.414e-03, psnr_xr_test: 3.793e+01, sam_xr_test: 7.460e+00, psnr_yr_test: 3.287e+01, sam_yr_test: 1.804e+01, psnr_zr_test: 4.165e+01, sam_zr_test: 1.267e+01, ssim_zr_test: 9.817e-01, rmse_zr_test: 2.183e+00, ergas_zr_test: 5.024e-01, uqi_zr_test: 8.712e-01, psnr_xdsr_test: 3.805e+01, sam_xdsr_test: 7.923e+00
23-11-27 05:24:34.053 : , G_loss_test: 4.067e-03, hsi_likelihood_test: 1.427e-03, msi_likelihood_test: 2.640e-03, regularization_degradation_test: 1.526e-09, regularization_phi_test: 1.403e-03, psnr_xr_test: 3.789e+01, sam_xr_test: 7.488e+00, psnr_yr_test: 3.285e+01, sam_yr_test: 1.856e+01, psnr_zr_test: 4.165e+01, sam_zr_test: 1.263e+01, ssim_zr_test: 9.816e-01, rmse_zr_test: 2.177e+00, ergas_zr_test: 5.010e-01, uqi_zr_test: 8.707e-01, psnr_xdsr_test: 3.811e+01, sam_xdsr_test: 7.807e+00
23-11-27 05:24:34.053 : , G_loss_test: 4.067e-03, hsi_likelihood_test: 1.427e-03, msi_likelihood_test: 2.640e-03, regularization_degradation_test: 1.526e-09, regularization_phi_test: 1.403e-03, psnr_xr_test: 3.789e+01, sam_xr_test: 7.488e+00, psnr_yr_test: 3.285e+01, sam_yr_test: 1.856e+01, psnr_zr_test: 4.165e+01, sam_zr_test: 1.263e+01, ssim_zr_test: 9.816e-01, rmse_zr_test: 2.177e+00, ergas_zr_test: 5.010e-01, uqi_zr_test: 8.707e-01, psnr_xdsr_test: 3.811e+01, sam_xdsr_test: 7.807e+00
23-11-27 05:24:38.231 : , G_loss_test: 4.057e-03, hsi_likelihood_test: 1.400e-03, msi_likelihood_test: 2.657e-03, regularization_degradation_test: 1.591e-09, regularization_phi_test: 1.391e-03, psnr_xr_test: 3.797e+01, sam_xr_test: 7.342e+00, psnr_yr_test: 3.281e+01, sam_yr_test: nan, psnr_zr_test: 4.168e+01, sam_zr_test: 1.252e+01, ssim_zr_test: 9.819e-01, rmse_zr_test: 2.173e+00, ergas_zr_test: 5.000e-01, uqi_zr_test: 8.713e-01, psnr_xdsr_test: 3.813e+01, sam_xdsr_test: 7.718e+00
23-11-27 05:24:38.231 : , G_loss_test: 4.057e-03, hsi_likelihood_test: 1.400e-03, msi_likelihood_test: 2.657e-03, regularization_degradation_test: 1.591e-09, regularization_phi_test: 1.391e-03, psnr_xr_test: 3.797e+01, sam_xr_test: 7.342e+00, psnr_yr_test: 3.281e+01, sam_yr_test: nan, psnr_zr_test: 4.168e+01, sam_zr_test: 1.252e+01, ssim_zr_test: 9.819e-01, rmse_zr_test: 2.173e+00, ergas_zr_test: 5.000e-01, uqi_zr_test: 8.713e-01, psnr_xdsr_test: 3.813e+01, sam_xdsr_test: 7.718e+00
23-11-27 05:24:42.563 : , G_loss_test: 4.034e-03, hsi_likelihood_test: 1.392e-03, msi_likelihood_test: 2.642e-03, regularization_degradation_test: 1.450e-09, regularization_phi_test: 1.392e-03, psnr_xr_test: 3.801e+01, sam_xr_test: 7.338e+00, psnr_yr_test: 3.283e+01, sam_yr_test: 1.815e+01, psnr_zr_test: 4.168e+01, sam_zr_test: 1.252e+01, ssim_zr_test: 9.820e-01, rmse_zr_test: 2.173e+00, ergas_zr_test: 5.001e-01, uqi_zr_test: 8.716e-01, psnr_xdsr_test: 3.814e+01, sam_xdsr_test: 7.791e+00
23-11-27 05:24:42.563 : , G_loss_test: 4.034e-03, hsi_likelihood_test: 1.392e-03, msi_likelihood_test: 2.642e-03, regularization_degradation_test: 1.450e-09, regularization_phi_test: 1.392e-03, psnr_xr_test: 3.801e+01, sam_xr_test: 7.338e+00, psnr_yr_test: 3.283e+01, sam_yr_test: 1.815e+01, psnr_zr_test: 4.168e+01, sam_zr_test: 1.252e+01, ssim_zr_test: 9.820e-01, rmse_zr_test: 2.173e+00, ergas_zr_test: 5.001e-01, uqi_zr_test: 8.716e-01, psnr_xdsr_test: 3.814e+01, sam_xdsr_test: 7.791e+00
23-11-27 05:24:46.744 : , G_loss_test: 4.036e-03, hsi_likelihood_test: 1.390e-03, msi_likelihood_test: 2.645e-03, regularization_degradation_test: 1.484e-09, regularization_phi_test: 1.381e-03, psnr_xr_test: 3.803e+01, sam_xr_test: 7.272e+00, psnr_yr_test: 3.283e+01, sam_yr_test: 1.842e+01, psnr_zr_test: 4.169e+01, sam_zr_test: 1.244e+01, ssim_zr_test: 9.820e-01, rmse_zr_test: 2.168e+00, ergas_zr_test: 4.989e-01, uqi_zr_test: 8.720e-01, psnr_xdsr_test: 3.817e+01, sam_xdsr_test: 7.611e+00
23-11-27 05:24:46.744 : , G_loss_test: 4.036e-03, hsi_likelihood_test: 1.390e-03, msi_likelihood_test: 2.645e-03, regularization_degradation_test: 1.484e-09, regularization_phi_test: 1.381e-03, psnr_xr_test: 3.803e+01, sam_xr_test: 7.272e+00, psnr_yr_test: 3.283e+01, sam_yr_test: 1.842e+01, psnr_zr_test: 4.169e+01, sam_zr_test: 1.244e+01, ssim_zr_test: 9.820e-01, rmse_zr_test: 2.168e+00, ergas_zr_test: 4.989e-01, uqi_zr_test: 8.720e-01, psnr_xdsr_test: 3.817e+01, sam_xdsr_test: 7.611e+00
23-11-27 05:24:50.995 : , G_loss_test: 4.035e-03, hsi_likelihood_test: 1.380e-03, msi_likelihood_test: 2.655e-03, regularization_degradation_test: 1.502e-09, regularization_phi_test: 1.380e-03, psnr_xr_test: 3.807e+01, sam_xr_test: 7.272e+00, psnr_yr_test: 3.277e+01, sam_yr_test: 1.827e+01, psnr_zr_test: 4.170e+01, sam_zr_test: 1.248e+01, ssim_zr_test: 9.820e-01, rmse_zr_test: 2.169e+00, ergas_zr_test: 4.992e-01, uqi_zr_test: 8.715e-01, psnr_xdsr_test: 3.818e+01, sam_xdsr_test: 7.650e+00
23-11-27 05:24:50.995 : , G_loss_test: 4.035e-03, hsi_likelihood_test: 1.380e-03, msi_likelihood_test: 2.655e-03, regularization_degradation_test: 1.502e-09, regularization_phi_test: 1.380e-03, psnr_xr_test: 3.807e+01, sam_xr_test: 7.272e+00, psnr_yr_test: 3.277e+01, sam_yr_test: 1.827e+01, psnr_zr_test: 4.170e+01, sam_zr_test: 1.248e+01, ssim_zr_test: 9.820e-01, rmse_zr_test: 2.169e+00, ergas_zr_test: 4.992e-01, uqi_zr_test: 8.715e-01, psnr_xdsr_test: 3.818e+01, sam_xdsr_test: 7.650e+00
23-11-27 05:24:55.181 : , G_loss_test: 4.006e-03, hsi_likelihood_test: 1.379e-03, msi_likelihood_test: 2.627e-03, regularization_degradation_test: 1.711e-09, regularization_phi_test: 1.372e-03, psnr_xr_test: 3.808e+01, sam_xr_test: 7.247e+00, psnr_yr_test: 3.280e+01, sam_yr_test: 1.841e+01, psnr_zr_test: 4.169e+01, sam_zr_test: 1.242e+01, ssim_zr_test: 9.821e-01, rmse_zr_test: 2.171e+00, ergas_zr_test: 4.997e-01, uqi_zr_test: 8.722e-01, psnr_xdsr_test: 3.822e+01, sam_xdsr_test: 7.574e+00
23-11-27 05:24:55.182 : , G_loss_test: 4.006e-03, hsi_likelihood_test: 1.379e-03, msi_likelihood_test: 2.627e-03, regularization_degradation_test: 1.711e-09, regularization_phi_test: 1.372e-03, psnr_xr_test: 3.808e+01, sam_xr_test: 7.247e+00, psnr_yr_test: 3.280e+01, sam_yr_test: 1.841e+01, psnr_zr_test: 4.169e+01, sam_zr_test: 1.242e+01, ssim_zr_test: 9.821e-01, rmse_zr_test: 2.171e+00, ergas_zr_test: 4.997e-01, uqi_zr_test: 8.722e-01, psnr_xdsr_test: 3.822e+01, sam_xdsr_test: 7.574e+00
23-11-27 05:24:59.473 : , G_loss_test: 4.012e-03, hsi_likelihood_test: 1.376e-03, msi_likelihood_test: 2.636e-03, regularization_degradation_test: 1.550e-09, regularization_phi_test: 1.369e-03, psnr_xr_test: 3.810e+01, sam_xr_test: 7.182e+00, psnr_yr_test: 3.282e+01, sam_yr_test: 1.868e+01, psnr_zr_test: 4.169e+01, sam_zr_test: 1.237e+01, ssim_zr_test: 9.821e-01, rmse_zr_test: 2.166e+00, ergas_zr_test: 4.984e-01, uqi_zr_test: 8.723e-01, psnr_xdsr_test: 3.824e+01, sam_xdsr_test: 7.594e+00
23-11-27 05:24:59.473 : , G_loss_test: 4.012e-03, hsi_likelihood_test: 1.376e-03, msi_likelihood_test: 2.636e-03, regularization_degradation_test: 1.550e-09, regularization_phi_test: 1.369e-03, psnr_xr_test: 3.810e+01, sam_xr_test: 7.182e+00, psnr_yr_test: 3.282e+01, sam_yr_test: 1.868e+01, psnr_zr_test: 4.169e+01, sam_zr_test: 1.237e+01, ssim_zr_test: 9.821e-01, rmse_zr_test: 2.166e+00, ergas_zr_test: 4.984e-01, uqi_zr_test: 8.723e-01, psnr_xdsr_test: 3.824e+01, sam_xdsr_test: 7.594e+00
23-11-27 05:25:03.605 : , G_loss_test: 3.992e-03, hsi_likelihood_test: 1.373e-03, msi_likelihood_test: 2.619e-03, regularization_degradation_test: 1.610e-09, regularization_phi_test: 1.371e-03, psnr_xr_test: 3.813e+01, sam_xr_test: 7.207e+00, psnr_yr_test: 3.286e+01, sam_yr_test: 1.846e+01, psnr_zr_test: 4.172e+01, sam_zr_test: 1.237e+01, ssim_zr_test: 9.821e-01, rmse_zr_test: 2.162e+00, ergas_zr_test: 4.974e-01, uqi_zr_test: 8.716e-01, psnr_xdsr_test: 3.826e+01, sam_xdsr_test: 7.636e+00
23-11-27 05:25:03.606 : , G_loss_test: 3.992e-03, hsi_likelihood_test: 1.373e-03, msi_likelihood_test: 2.619e-03, regularization_degradation_test: 1.610e-09, regularization_phi_test: 1.371e-03, psnr_xr_test: 3.813e+01, sam_xr_test: 7.207e+00, psnr_yr_test: 3.286e+01, sam_yr_test: 1.846e+01, psnr_zr_test: 4.172e+01, sam_zr_test: 1.237e+01, ssim_zr_test: 9.821e-01, rmse_zr_test: 2.162e+00, ergas_zr_test: 4.974e-01, uqi_zr_test: 8.716e-01, psnr_xdsr_test: 3.826e+01, sam_xdsr_test: 7.636e+00
23-11-27 05:25:07.913 : , G_loss_test: 4.036e-03, hsi_likelihood_test: 1.370e-03, msi_likelihood_test: 2.666e-03, regularization_degradation_test: 1.528e-09, regularization_phi_test: 1.371e-03, psnr_xr_test: 3.814e+01, sam_xr_test: 7.272e+00, psnr_yr_test: 3.278e+01, sam_yr_test: 1.804e+01, psnr_zr_test: 4.171e+01, sam_zr_test: 1.243e+01, ssim_zr_test: 9.821e-01, rmse_zr_test: 2.162e+00, ergas_zr_test: 4.976e-01, uqi_zr_test: 8.713e-01, psnr_xdsr_test: 3.825e+01, sam_xdsr_test: 7.802e+00
23-11-27 05:25:07.913 : , G_loss_test: 4.036e-03, hsi_likelihood_test: 1.370e-03, msi_likelihood_test: 2.666e-03, regularization_degradation_test: 1.528e-09, regularization_phi_test: 1.371e-03, psnr_xr_test: 3.814e+01, sam_xr_test: 7.272e+00, psnr_yr_test: 3.278e+01, sam_yr_test: 1.804e+01, psnr_zr_test: 4.171e+01, sam_zr_test: 1.243e+01, ssim_zr_test: 9.821e-01, rmse_zr_test: 2.162e+00, ergas_zr_test: 4.976e-01, uqi_zr_test: 8.713e-01, psnr_xdsr_test: 3.825e+01, sam_xdsr_test: 7.802e+00
23-11-27 05:25:12.297 : , G_loss_test: 4.011e-03, hsi_likelihood_test: 1.365e-03, msi_likelihood_test: 2.646e-03, regularization_degradation_test: 1.493e-09, regularization_phi_test: 1.356e-03, psnr_xr_test: 3.815e+01, sam_xr_test: 7.122e+00, psnr_yr_test: 3.275e+01, sam_yr_test: 1.863e+01, psnr_zr_test: 4.171e+01, sam_zr_test: 1.228e+01, ssim_zr_test: 9.822e-01, rmse_zr_test: 2.163e+00, ergas_zr_test: 4.978e-01, uqi_zr_test: 8.727e-01, psnr_xdsr_test: 3.829e+01, sam_xdsr_test: 7.410e+00
23-11-27 05:25:12.297 : , G_loss_test: 4.011e-03, hsi_likelihood_test: 1.365e-03, msi_likelihood_test: 2.646e-03, regularization_degradation_test: 1.493e-09, regularization_phi_test: 1.356e-03, psnr_xr_test: 3.815e+01, sam_xr_test: 7.122e+00, psnr_yr_test: 3.275e+01, sam_yr_test: 1.863e+01, psnr_zr_test: 4.171e+01, sam_zr_test: 1.228e+01, ssim_zr_test: 9.822e-01, rmse_zr_test: 2.163e+00, ergas_zr_test: 4.978e-01, uqi_zr_test: 8.727e-01, psnr_xdsr_test: 3.829e+01, sam_xdsr_test: 7.410e+00
23-11-27 05:25:20.653 : , G_loss_test: 2.447e-02, hsi_likelihood_test: 7.850e-03, msi_likelihood_test: 1.662e-02, regularization_degradation_test: 3.838e-09, regularization_phi_test: 7.981e-03, psnr_xr_test: 3.034e+01, sam_xr_test: 7.485e+00, psnr_yr_test: 2.150e+01, sam_yr_test: 2.019e+01, psnr_zr_test: 3.129e+01, sam_zr_test: 8.904e+00, ssim_zr_test: 9.503e-01, rmse_zr_test: 7.046e+00, ergas_zr_test: 4.935e-01, uqi_zr_test: 9.524e-01, psnr_xdsr_test: 3.022e+01, sam_xdsr_test: 7.583e+00
23-11-27 05:25:20.653 : , G_loss_test: 2.447e-02, hsi_likelihood_test: 7.850e-03, msi_likelihood_test: 1.662e-02, regularization_degradation_test: 3.838e-09, regularization_phi_test: 7.981e-03, psnr_xr_test: 3.034e+01, sam_xr_test: 7.485e+00, psnr_yr_test: 2.150e+01, sam_yr_test: 2.019e+01, psnr_zr_test: 3.129e+01, sam_zr_test: 8.904e+00, ssim_zr_test: 9.503e-01, rmse_zr_test: 7.046e+00, ergas_zr_test: 4.935e-01, uqi_zr_test: 9.524e-01, psnr_xdsr_test: 3.022e+01, sam_xdsr_test: 7.583e+00
23-11-27 05:25:24.896 : , G_loss_test: 2.390e-02, hsi_likelihood_test: 7.068e-03, msi_likelihood_test: 1.683e-02, regularization_degradation_test: 3.819e-09, regularization_phi_test: 7.218e-03, psnr_xr_test: 3.104e+01, sam_xr_test: 6.878e+00, psnr_yr_test: 2.141e+01, sam_yr_test: 2.028e+01, psnr_zr_test: 3.200e+01, sam_zr_test: 8.077e+00, ssim_zr_test: 9.587e-01, rmse_zr_test: 6.459e+00, ergas_zr_test: 4.578e-01, uqi_zr_test: 9.626e-01, psnr_xdsr_test: 3.092e+01, sam_xdsr_test: 6.975e+00
23-11-27 05:25:24.897 : , G_loss_test: 2.390e-02, hsi_likelihood_test: 7.068e-03, msi_likelihood_test: 1.683e-02, regularization_degradation_test: 3.819e-09, regularization_phi_test: 7.218e-03, psnr_xr_test: 3.104e+01, sam_xr_test: 6.878e+00, psnr_yr_test: 2.141e+01, sam_yr_test: 2.028e+01, psnr_zr_test: 3.200e+01, sam_zr_test: 8.077e+00, ssim_zr_test: 9.587e-01, rmse_zr_test: 6.459e+00, ergas_zr_test: 4.578e-01, uqi_zr_test: 9.626e-01, psnr_xdsr_test: 3.092e+01, sam_xdsr_test: 6.975e+00
23-11-27 05:25:29.157 : , G_loss_test: 2.347e-02, hsi_likelihood_test: 6.557e-03, msi_likelihood_test: 1.691e-02, regularization_degradation_test: 4.061e-09, regularization_phi_test: 6.694e-03, psnr_xr_test: 3.161e+01, sam_xr_test: 6.434e+00, psnr_yr_test: 2.140e+01, sam_yr_test: 2.017e+01, psnr_zr_test: 3.258e+01, sam_zr_test: 7.537e+00, ssim_zr_test: 9.626e-01, rmse_zr_test: 6.029e+00, ergas_zr_test: 4.315e-01, uqi_zr_test: 9.672e-01, psnr_xdsr_test: 3.147e+01, sam_xdsr_test: 6.530e+00
23-11-27 05:25:29.158 : , G_loss_test: 2.347e-02, hsi_likelihood_test: 6.557e-03, msi_likelihood_test: 1.691e-02, regularization_degradation_test: 4.061e-09, regularization_phi_test: 6.694e-03, psnr_xr_test: 3.161e+01, sam_xr_test: 6.434e+00, psnr_yr_test: 2.140e+01, sam_yr_test: 2.017e+01, psnr_zr_test: 3.258e+01, sam_zr_test: 7.537e+00, ssim_zr_test: 9.626e-01, rmse_zr_test: 6.029e+00, ergas_zr_test: 4.315e-01, uqi_zr_test: 9.672e-01, psnr_xdsr_test: 3.147e+01, sam_xdsr_test: 6.530e+00
23-11-27 05:25:33.441 : , G_loss_test: 2.313e-02, hsi_likelihood_test: 6.173e-03, msi_likelihood_test: 1.696e-02, regularization_degradation_test: 4.010e-09, regularization_phi_test: 6.311e-03, psnr_xr_test: 3.205e+01, sam_xr_test: 6.173e+00, psnr_yr_test: 2.133e+01, sam_yr_test: 2.032e+01, psnr_zr_test: 3.302e+01, sam_zr_test: 7.277e+00, ssim_zr_test: 9.636e-01, rmse_zr_test: 5.712e+00, ergas_zr_test: 4.115e-01, uqi_zr_test: 9.677e-01, psnr_xdsr_test: 3.192e+01, sam_xdsr_test: 6.285e+00
23-11-27 05:25:33.441 : , G_loss_test: 2.313e-02, hsi_likelihood_test: 6.173e-03, msi_likelihood_test: 1.696e-02, regularization_degradation_test: 4.010e-09, regularization_phi_test: 6.311e-03, psnr_xr_test: 3.205e+01, sam_xr_test: 6.173e+00, psnr_yr_test: 2.133e+01, sam_yr_test: 2.032e+01, psnr_zr_test: 3.302e+01, sam_zr_test: 7.277e+00, ssim_zr_test: 9.636e-01, rmse_zr_test: 5.712e+00, ergas_zr_test: 4.115e-01, uqi_zr_test: 9.677e-01, psnr_xdsr_test: 3.192e+01, sam_xdsr_test: 6.285e+00
23-11-27 05:25:37.681 : , G_loss_test: 2.296e-02, hsi_likelihood_test: 5.871e-03, msi_likelihood_test: 1.709e-02, regularization_degradation_test: 3.982e-09, regularization_phi_test: 6.026e-03, psnr_xr_test: 3.245e+01, sam_xr_test: 5.895e+00, psnr_yr_test: 2.101e+01, sam_yr_test: 2.042e+01, psnr_zr_test: 3.341e+01, sam_zr_test: 7.004e+00, ssim_zr_test: 9.635e-01, rmse_zr_test: 5.459e+00, ergas_zr_test: 3.938e-01, uqi_zr_test: 9.678e-01, psnr_xdsr_test: 3.232e+01, sam_xdsr_test: 6.018e+00
23-11-27 05:25:37.681 : , G_loss_test: 2.296e-02, hsi_likelihood_test: 5.871e-03, msi_likelihood_test: 1.709e-02, regularization_degradation_test: 3.982e-09, regularization_phi_test: 6.026e-03, psnr_xr_test: 3.245e+01, sam_xr_test: 5.895e+00, psnr_yr_test: 2.101e+01, sam_yr_test: 2.042e+01, psnr_zr_test: 3.341e+01, sam_zr_test: 7.004e+00, ssim_zr_test: 9.635e-01, rmse_zr_test: 5.459e+00, ergas_zr_test: 3.938e-01, uqi_zr_test: 9.678e-01, psnr_xdsr_test: 3.232e+01, sam_xdsr_test: 6.018e+00
23-11-27 05:25:41.968 : , G_loss_test: 2.279e-02, hsi_likelihood_test: 5.572e-03, msi_likelihood_test: 1.721e-02, regularization_degradation_test: 3.807e-09, regularization_phi_test: 5.740e-03, psnr_xr_test: 3.280e+01, sam_xr_test: 5.631e+00, psnr_yr_test: 2.086e+01, sam_yr_test: 2.044e+01, psnr_zr_test: 3.374e+01, sam_zr_test: 6.760e+00, ssim_zr_test: 9.642e-01, rmse_zr_test: 5.259e+00, ergas_zr_test: 3.791e-01, uqi_zr_test: 9.696e-01, psnr_xdsr_test: 3.270e+01, sam_xdsr_test: 5.756e+00
23-11-27 05:25:41.968 : , G_loss_test: 2.279e-02, hsi_likelihood_test: 5.572e-03, msi_likelihood_test: 1.721e-02, regularization_degradation_test: 3.807e-09, regularization_phi_test: 5.740e-03, psnr_xr_test: 3.280e+01, sam_xr_test: 5.631e+00, psnr_yr_test: 2.086e+01, sam_yr_test: 2.044e+01, psnr_zr_test: 3.374e+01, sam_zr_test: 6.760e+00, ssim_zr_test: 9.642e-01, rmse_zr_test: 5.259e+00, ergas_zr_test: 3.791e-01, uqi_zr_test: 9.696e-01, psnr_xdsr_test: 3.270e+01, sam_xdsr_test: 5.756e+00
23-11-27 05:25:46.199 : , G_loss_test: 2.263e-02, hsi_likelihood_test: 5.295e-03, msi_likelihood_test: 1.734e-02, regularization_degradation_test: 3.689e-09, regularization_phi_test: 5.481e-03, psnr_xr_test: 3.320e+01, sam_xr_test: 5.389e+00, psnr_yr_test: 2.072e+01, sam_yr_test: 2.038e+01, psnr_zr_test: 3.410e+01, sam_zr_test: 6.523e+00, ssim_zr_test: 9.653e-01, rmse_zr_test: 5.065e+00, ergas_zr_test: 3.646e-01, uqi_zr_test: 9.715e-01, psnr_xdsr_test: 3.302e+01, sam_xdsr_test: 5.535e+00
23-11-27 05:25:46.199 : , G_loss_test: 2.263e-02, hsi_likelihood_test: 5.295e-03, msi_likelihood_test: 1.734e-02, regularization_degradation_test: 3.689e-09, regularization_phi_test: 5.481e-03, psnr_xr_test: 3.320e+01, sam_xr_test: 5.389e+00, psnr_yr_test: 2.072e+01, sam_yr_test: 2.038e+01, psnr_zr_test: 3.410e+01, sam_zr_test: 6.523e+00, ssim_zr_test: 9.653e-01, rmse_zr_test: 5.065e+00, ergas_zr_test: 3.646e-01, uqi_zr_test: 9.715e-01, psnr_xdsr_test: 3.302e+01, sam_xdsr_test: 5.535e+00
23-11-27 05:25:50.443 : , G_loss_test: 2.240e-02, hsi_likelihood_test: 5.076e-03, msi_likelihood_test: 1.733e-02, regularization_degradation_test: 3.795e-09, regularization_phi_test: 5.257e-03, psnr_xr_test: 3.358e+01, sam_xr_test: 5.167e+00, psnr_yr_test: 2.057e+01, sam_yr_test: 2.042e+01, psnr_zr_test: 3.445e+01, sam_zr_test: 6.332e+00, ssim_zr_test: 9.655e-01, rmse_zr_test: 4.895e+00, ergas_zr_test: 3.529e-01, uqi_zr_test: 9.728e-01, psnr_xdsr_test: 3.341e+01, sam_xdsr_test: 5.312e+00
23-11-27 05:25:50.443 : , G_loss_test: 2.240e-02, hsi_likelihood_test: 5.076e-03, msi_likelihood_test: 1.733e-02, regularization_degradation_test: 3.795e-09, regularization_phi_test: 5.257e-03, psnr_xr_test: 3.358e+01, sam_xr_test: 5.167e+00, psnr_yr_test: 2.057e+01, sam_yr_test: 2.042e+01, psnr_zr_test: 3.445e+01, sam_zr_test: 6.332e+00, ssim_zr_test: 9.655e-01, rmse_zr_test: 4.895e+00, ergas_zr_test: 3.529e-01, uqi_zr_test: 9.728e-01, psnr_xdsr_test: 3.341e+01, sam_xdsr_test: 5.312e+00
23-11-27 05:25:54.735 : , G_loss_test: 2.225e-02, hsi_likelihood_test: 4.875e-03, msi_likelihood_test: 1.738e-02, regularization_degradation_test: 3.841e-09, regularization_phi_test: 5.078e-03, psnr_xr_test: 3.393e+01, sam_xr_test: 4.938e+00, psnr_yr_test: 2.049e+01, sam_yr_test: 2.043e+01, psnr_zr_test: 3.478e+01, sam_zr_test: 6.092e+00, ssim_zr_test: 9.662e-01, rmse_zr_test: 4.736e+00, ergas_zr_test: 3.425e-01, uqi_zr_test: 9.736e-01, psnr_xdsr_test: 3.365e+01, sam_xdsr_test: 5.109e+00
23-11-27 05:25:54.735 : , G_loss_test: 2.225e-02, hsi_likelihood_test: 4.875e-03, msi_likelihood_test: 1.738e-02, regularization_degradation_test: 3.841e-09, regularization_phi_test: 5.078e-03, psnr_xr_test: 3.393e+01, sam_xr_test: 4.938e+00, psnr_yr_test: 2.049e+01, sam_yr_test: 2.043e+01, psnr_zr_test: 3.478e+01, sam_zr_test: 6.092e+00, ssim_zr_test: 9.662e-01, rmse_zr_test: 4.736e+00, ergas_zr_test: 3.425e-01, uqi_zr_test: 9.736e-01, psnr_xdsr_test: 3.365e+01, sam_xdsr_test: 5.109e+00
23-11-27 05:25:59.023 : , G_loss_test: 2.211e-02, hsi_likelihood_test: 4.677e-03, msi_likelihood_test: 1.743e-02, regularization_degradation_test: 3.998e-09, regularization_phi_test: 4.863e-03, psnr_xr_test: 3.429e+01, sam_xr_test: 4.706e+00, psnr_yr_test: 2.045e+01, sam_yr_test: 2.044e+01, psnr_zr_test: 3.511e+01, sam_zr_test: 5.860e+00, ssim_zr_test: 9.665e-01, rmse_zr_test: 4.613e+00, ergas_zr_test: 3.344e-01, uqi_zr_test: 9.745e-01, psnr_xdsr_test: 3.409e+01, sam_xdsr_test: 4.881e+00
23-11-27 05:25:59.024 : , G_loss_test: 2.211e-02, hsi_likelihood_test: 4.677e-03, msi_likelihood_test: 1.743e-02, regularization_degradation_test: 3.998e-09, regularization_phi_test: 4.863e-03, psnr_xr_test: 3.429e+01, sam_xr_test: 4.706e+00, psnr_yr_test: 2.045e+01, sam_yr_test: 2.044e+01, psnr_zr_test: 3.511e+01, sam_zr_test: 5.860e+00, ssim_zr_test: 9.665e-01, rmse_zr_test: 4.613e+00, ergas_zr_test: 3.344e-01, uqi_zr_test: 9.745e-01, psnr_xdsr_test: 3.409e+01, sam_xdsr_test: 4.881e+00
23-11-27 05:26:03.267 : , G_loss_test: 2.192e-02, hsi_likelihood_test: 4.512e-03, msi_likelihood_test: 1.741e-02, regularization_degradation_test: 3.933e-09, regularization_phi_test: 4.723e-03, psnr_xr_test: 3.462e+01, sam_xr_test: 4.501e+00, psnr_yr_test: 2.042e+01, sam_yr_test: 2.043e+01, psnr_zr_test: 3.542e+01, sam_zr_test: 5.652e+00, ssim_zr_test: 9.667e-01, rmse_zr_test: 4.492e+00, ergas_zr_test: 3.272e-01, uqi_zr_test: 9.755e-01, psnr_xdsr_test: 3.431e+01, sam_xdsr_test: 4.698e+00
23-11-27 05:26:03.267 : , G_loss_test: 2.192e-02, hsi_likelihood_test: 4.512e-03, msi_likelihood_test: 1.741e-02, regularization_degradation_test: 3.933e-09, regularization_phi_test: 4.723e-03, psnr_xr_test: 3.462e+01, sam_xr_test: 4.501e+00, psnr_yr_test: 2.042e+01, sam_yr_test: 2.043e+01, psnr_zr_test: 3.542e+01, sam_zr_test: 5.652e+00, ssim_zr_test: 9.667e-01, rmse_zr_test: 4.492e+00, ergas_zr_test: 3.272e-01, uqi_zr_test: 9.755e-01, psnr_xdsr_test: 3.431e+01, sam_xdsr_test: 4.698e+00
23-11-27 05:26:07.613 : , G_loss_test: 2.171e-02, hsi_likelihood_test: 4.344e-03, msi_likelihood_test: 1.737e-02, regularization_degradation_test: 3.934e-09, regularization_phi_test: 4.565e-03, psnr_xr_test: 3.496e+01, sam_xr_test: 4.277e+00, psnr_yr_test: 2.042e+01, sam_yr_test: 2.049e+01, psnr_zr_test: 3.572e+01, sam_zr_test: 5.422e+00, ssim_zr_test: 9.669e-01, rmse_zr_test: 4.382e+00, ergas_zr_test: 3.196e-01, uqi_zr_test: 9.768e-01, psnr_xdsr_test: 3.460e+01, sam_xdsr_test: 4.507e+00
23-11-27 05:26:07.614 : , G_loss_test: 2.171e-02, hsi_likelihood_test: 4.344e-03, msi_likelihood_test: 1.737e-02, regularization_degradation_test: 3.934e-09, regularization_phi_test: 4.565e-03, psnr_xr_test: 3.496e+01, sam_xr_test: 4.277e+00, psnr_yr_test: 2.042e+01, sam_yr_test: 2.049e+01, psnr_zr_test: 3.572e+01, sam_zr_test: 5.422e+00, ssim_zr_test: 9.669e-01, rmse_zr_test: 4.382e+00, ergas_zr_test: 3.196e-01, uqi_zr_test: 9.768e-01, psnr_xdsr_test: 3.460e+01, sam_xdsr_test: 4.507e+00
23-11-27 05:26:11.924 : , G_loss_test: 2.167e-02, hsi_likelihood_test: 4.268e-03, msi_likelihood_test: 1.740e-02, regularization_degradation_test: 4.034e-09, regularization_phi_test: 4.490e-03, psnr_xr_test: 3.521e+01, sam_xr_test: 4.119e+00, psnr_yr_test: 2.045e+01, sam_yr_test: 2.054e+01, psnr_zr_test: 3.598e+01, sam_zr_test: 5.237e+00, ssim_zr_test: 9.674e-01, rmse_zr_test: 4.282e+00, ergas_zr_test: 3.145e-01, uqi_zr_test: 9.777e-01, psnr_xdsr_test: 3.484e+01, sam_xdsr_test: 4.350e+00
23-11-27 05:26:11.925 : , G_loss_test: 2.167e-02, hsi_likelihood_test: 4.268e-03, msi_likelihood_test: 1.740e-02, regularization_degradation_test: 4.034e-09, regularization_phi_test: 4.490e-03, psnr_xr_test: 3.521e+01, sam_xr_test: 4.119e+00, psnr_yr_test: 2.045e+01, sam_yr_test: 2.054e+01, psnr_zr_test: 3.598e+01, sam_zr_test: 5.237e+00, ssim_zr_test: 9.674e-01, rmse_zr_test: 4.282e+00, ergas_zr_test: 3.145e-01, uqi_zr_test: 9.777e-01, psnr_xdsr_test: 3.484e+01, sam_xdsr_test: 4.350e+00
23-11-27 05:26:16.255 : , G_loss_test: 2.151e-02, hsi_likelihood_test: 4.074e-03, msi_likelihood_test: 1.744e-02, regularization_degradation_test: 4.014e-09, regularization_phi_test: 4.290e-03, psnr_xr_test: 3.542e+01, sam_xr_test: 3.987e+00, psnr_yr_test: 2.040e+01, sam_yr_test: 2.045e+01, psnr_zr_test: 3.615e+01, sam_zr_test: 5.121e+00, ssim_zr_test: 9.683e-01, rmse_zr_test: 4.240e+00, ergas_zr_test: 3.117e-01, uqi_zr_test: 9.785e-01, psnr_xdsr_test: 3.504e+01, sam_xdsr_test: 4.213e+00
23-11-27 05:26:16.256 : , G_loss_test: 2.151e-02, hsi_likelihood_test: 4.074e-03, msi_likelihood_test: 1.744e-02, regularization_degradation_test: 4.014e-09, regularization_phi_test: 4.290e-03, psnr_xr_test: 3.542e+01, sam_xr_test: 3.987e+00, psnr_yr_test: 2.040e+01, sam_yr_test: 2.045e+01, psnr_zr_test: 3.615e+01, sam_zr_test: 5.121e+00, ssim_zr_test: 9.683e-01, rmse_zr_test: 4.240e+00, ergas_zr_test: 3.117e-01, uqi_zr_test: 9.785e-01, psnr_xdsr_test: 3.504e+01, sam_xdsr_test: 4.213e+00
23-11-27 05:26:20.481 : , G_loss_test: 2.142e-02, hsi_likelihood_test: 3.987e-03, msi_likelihood_test: 1.743e-02, regularization_degradation_test: 3.951e-09, regularization_phi_test: 4.215e-03, psnr_xr_test: 3.558e+01, sam_xr_test: 3.887e+00, psnr_yr_test: 2.038e+01, sam_yr_test: 2.051e+01, psnr_zr_test: 3.630e+01, sam_zr_test: 5.017e+00, ssim_zr_test: 9.686e-01, rmse_zr_test: 4.204e+00, ergas_zr_test: 3.095e-01, uqi_zr_test: 9.794e-01, psnr_xdsr_test: 3.515e+01, sam_xdsr_test: 4.134e+00
23-11-27 05:26:20.482 : , G_loss_test: 2.142e-02, hsi_likelihood_test: 3.987e-03, msi_likelihood_test: 1.743e-02, regularization_degradation_test: 3.951e-09, regularization_phi_test: 4.215e-03, psnr_xr_test: 3.558e+01, sam_xr_test: 3.887e+00, psnr_yr_test: 2.038e+01, sam_yr_test: 2.051e+01, psnr_zr_test: 3.630e+01, sam_zr_test: 5.017e+00, ssim_zr_test: 9.686e-01, rmse_zr_test: 4.204e+00, ergas_zr_test: 3.095e-01, uqi_zr_test: 9.794e-01, psnr_xdsr_test: 3.515e+01, sam_xdsr_test: 4.134e+00
23-11-27 05:26:24.700 : , G_loss_test: 2.134e-02, hsi_likelihood_test: 3.909e-03, msi_likelihood_test: 1.743e-02, regularization_degradation_test: 3.773e-09, regularization_phi_test: 4.123e-03, psnr_xr_test: 3.572e+01, sam_xr_test: 3.792e+00, psnr_yr_test: 2.039e+01, sam_yr_test: 2.050e+01, psnr_zr_test: 3.643e+01, sam_zr_test: 4.923e+00, ssim_zr_test: 9.689e-01, rmse_zr_test: 4.168e+00, ergas_zr_test: 3.075e-01, uqi_zr_test: 9.799e-01, psnr_xdsr_test: 3.533e+01, sam_xdsr_test: 4.022e+00
23-11-27 05:26:24.700 : , G_loss_test: 2.134e-02, hsi_likelihood_test: 3.909e-03, msi_likelihood_test: 1.743e-02, regularization_degradation_test: 3.773e-09, regularization_phi_test: 4.123e-03, psnr_xr_test: 3.572e+01, sam_xr_test: 3.792e+00, psnr_yr_test: 2.039e+01, sam_yr_test: 2.050e+01, psnr_zr_test: 3.643e+01, sam_zr_test: 4.923e+00, ssim_zr_test: 9.689e-01, rmse_zr_test: 4.168e+00, ergas_zr_test: 3.075e-01, uqi_zr_test: 9.799e-01, psnr_xdsr_test: 3.533e+01, sam_xdsr_test: 4.022e+00
23-11-27 05:26:28.839 : , G_loss_test: 2.126e-02, hsi_likelihood_test: 3.832e-03, msi_likelihood_test: 1.743e-02, regularization_degradation_test: 3.598e-09, regularization_phi_test: 4.048e-03, psnr_xr_test: 3.586e+01, sam_xr_test: 3.701e+00, psnr_yr_test: 2.038e+01, sam_yr_test: 2.049e+01, psnr_zr_test: 3.656e+01, sam_zr_test: 4.827e+00, ssim_zr_test: 9.693e-01, rmse_zr_test: 4.143e+00, ergas_zr_test: 3.062e-01, uqi_zr_test: 9.807e-01, psnr_xdsr_test: 3.545e+01, sam_xdsr_test: 3.930e+00
23-11-27 05:26:28.840 : , G_loss_test: 2.126e-02, hsi_likelihood_test: 3.832e-03, msi_likelihood_test: 1.743e-02, regularization_degradation_test: 3.598e-09, regularization_phi_test: 4.048e-03, psnr_xr_test: 3.586e+01, sam_xr_test: 3.701e+00, psnr_yr_test: 2.038e+01, sam_yr_test: 2.049e+01, psnr_zr_test: 3.656e+01, sam_zr_test: 4.827e+00, ssim_zr_test: 9.693e-01, rmse_zr_test: 4.143e+00, ergas_zr_test: 3.062e-01, uqi_zr_test: 9.807e-01, psnr_xdsr_test: 3.545e+01, sam_xdsr_test: 3.930e+00
23-11-27 05:26:33.041 : , G_loss_test: 2.123e-02, hsi_likelihood_test: 3.769e-03, msi_likelihood_test: 1.746e-02, regularization_degradation_test: 3.900e-09, regularization_phi_test: 3.975e-03, psnr_xr_test: 3.594e+01, sam_xr_test: 3.620e+00, psnr_yr_test: 2.036e+01, sam_yr_test: 2.048e+01, psnr_zr_test: 3.664e+01, sam_zr_test: 4.749e+00, ssim_zr_test: 9.698e-01, rmse_zr_test: 4.120e+00, ergas_zr_test: 3.050e-01, uqi_zr_test: 9.811e-01, psnr_xdsr_test: 3.557e+01, sam_xdsr_test: 3.838e+00
23-11-27 05:26:33.041 : , G_loss_test: 2.123e-02, hsi_likelihood_test: 3.769e-03, msi_likelihood_test: 1.746e-02, regularization_degradation_test: 3.900e-09, regularization_phi_test: 3.975e-03, psnr_xr_test: 3.594e+01, sam_xr_test: 3.620e+00, psnr_yr_test: 2.036e+01, sam_yr_test: 2.048e+01, psnr_zr_test: 3.664e+01, sam_zr_test: 4.749e+00, ssim_zr_test: 9.698e-01, rmse_zr_test: 4.120e+00, ergas_zr_test: 3.050e-01, uqi_zr_test: 9.811e-01, psnr_xdsr_test: 3.557e+01, sam_xdsr_test: 3.838e+00
23-11-27 05:26:37.279 : , G_loss_test: 2.114e-02, hsi_likelihood_test: 3.695e-03, msi_likelihood_test: 1.744e-02, regularization_degradation_test: 3.858e-09, regularization_phi_test: 3.906e-03, psnr_xr_test: 3.616e+01, sam_xr_test: 3.534e+00, psnr_yr_test: 2.035e+01, sam_yr_test: 2.057e+01, psnr_zr_test: 3.684e+01, sam_zr_test: 4.662e+00, ssim_zr_test: 9.701e-01, rmse_zr_test: 4.054e+00, ergas_zr_test: 3.007e-01, uqi_zr_test: 9.817e-01, psnr_xdsr_test: 3.574e+01, sam_xdsr_test: 3.756e+00
23-11-27 05:26:37.279 : , G_loss_test: 2.114e-02, hsi_likelihood_test: 3.695e-03, msi_likelihood_test: 1.744e-02, regularization_degradation_test: 3.858e-09, regularization_phi_test: 3.906e-03, psnr_xr_test: 3.616e+01, sam_xr_test: 3.534e+00, psnr_yr_test: 2.035e+01, sam_yr_test: 2.057e+01, psnr_zr_test: 3.684e+01, sam_zr_test: 4.662e+00, ssim_zr_test: 9.701e-01, rmse_zr_test: 4.054e+00, ergas_zr_test: 3.007e-01, uqi_zr_test: 9.817e-01, psnr_xdsr_test: 3.574e+01, sam_xdsr_test: 3.756e+00
23-11-27 05:26:41.540 : , G_loss_test: 2.108e-02, hsi_likelihood_test: 3.615e-03, msi_likelihood_test: 1.746e-02, regularization_degradation_test: 4.042e-09, regularization_phi_test: 3.845e-03, psnr_xr_test: 3.630e+01, sam_xr_test: 3.444e+00, psnr_yr_test: 2.033e+01, sam_yr_test: 2.060e+01, psnr_zr_test: 3.695e+01, sam_zr_test: 4.577e+00, ssim_zr_test: 9.705e-01, rmse_zr_test: 4.012e+00, ergas_zr_test: 2.980e-01, uqi_zr_test: 9.822e-01, psnr_xdsr_test: 3.579e+01, sam_xdsr_test: 3.685e+00
23-11-27 05:26:41.540 : , G_loss_test: 2.108e-02, hsi_likelihood_test: 3.615e-03, msi_likelihood_test: 1.746e-02, regularization_degradation_test: 4.042e-09, regularization_phi_test: 3.845e-03, psnr_xr_test: 3.630e+01, sam_xr_test: 3.444e+00, psnr_yr_test: 2.033e+01, sam_yr_test: 2.060e+01, psnr_zr_test: 3.695e+01, sam_zr_test: 4.577e+00, ssim_zr_test: 9.705e-01, rmse_zr_test: 4.012e+00, ergas_zr_test: 2.980e-01, uqi_zr_test: 9.822e-01, psnr_xdsr_test: 3.579e+01, sam_xdsr_test: 3.685e+00
23-11-27 05:26:45.786 : , G_loss_test: 2.105e-02, hsi_likelihood_test: 3.553e-03, msi_likelihood_test: 1.749e-02, regularization_degradation_test: 3.662e-09, regularization_phi_test: 3.779e-03, psnr_xr_test: 3.644e+01, sam_xr_test: 3.359e+00, psnr_yr_test: 2.029e+01, sam_yr_test: 2.062e+01, psnr_zr_test: 3.709e+01, sam_zr_test: 4.489e+00, ssim_zr_test: 9.707e-01, rmse_zr_test: 3.954e+00, ergas_zr_test: 2.943e-01, uqi_zr_test: 9.828e-01, psnr_xdsr_test: 3.597e+01, sam_xdsr_test: 3.595e+00
23-11-27 05:26:45.787 : , G_loss_test: 2.105e-02, hsi_likelihood_test: 3.553e-03, msi_likelihood_test: 1.749e-02, regularization_degradation_test: 3.662e-09, regularization_phi_test: 3.779e-03, psnr_xr_test: 3.644e+01, sam_xr_test: 3.359e+00, psnr_yr_test: 2.029e+01, sam_yr_test: 2.062e+01, psnr_zr_test: 3.709e+01, sam_zr_test: 4.489e+00, ssim_zr_test: 9.707e-01, rmse_zr_test: 3.954e+00, ergas_zr_test: 2.943e-01, uqi_zr_test: 9.828e-01, psnr_xdsr_test: 3.597e+01, sam_xdsr_test: 3.595e+00
23-11-27 05:26:50.034 : , G_loss_test: 2.099e-02, hsi_likelihood_test: 3.498e-03, msi_likelihood_test: 1.749e-02, regularization_degradation_test: 3.931e-09, regularization_phi_test: 3.717e-03, psnr_xr_test: 3.655e+01, sam_xr_test: 3.312e+00, psnr_yr_test: 2.028e+01, sam_yr_test: 2.061e+01, psnr_zr_test: 3.718e+01, sam_zr_test: 4.450e+00, ssim_zr_test: 9.709e-01, rmse_zr_test: 3.929e+00, ergas_zr_test: 2.929e-01, uqi_zr_test: 9.828e-01, psnr_xdsr_test: 3.607e+01, sam_xdsr_test: 3.536e+00
23-11-27 05:26:50.035 : , G_loss_test: 2.099e-02, hsi_likelihood_test: 3.498e-03, msi_likelihood_test: 1.749e-02, regularization_degradation_test: 3.931e-09, regularization_phi_test: 3.717e-03, psnr_xr_test: 3.655e+01, sam_xr_test: 3.312e+00, psnr_yr_test: 2.028e+01, sam_yr_test: 2.061e+01, psnr_zr_test: 3.718e+01, sam_zr_test: 4.450e+00, ssim_zr_test: 9.709e-01, rmse_zr_test: 3.929e+00, ergas_zr_test: 2.929e-01, uqi_zr_test: 9.828e-01, psnr_xdsr_test: 3.607e+01, sam_xdsr_test: 3.536e+00
23-11-27 05:26:54.286 : , G_loss_test: 2.093e-02, hsi_likelihood_test: 3.438e-03, msi_likelihood_test: 1.749e-02, regularization_degradation_test: 3.917e-09, regularization_phi_test: 3.671e-03, psnr_xr_test: 3.667e+01, sam_xr_test: 3.236e+00, psnr_yr_test: 2.030e+01, sam_yr_test: 2.061e+01, psnr_zr_test: 3.728e+01, sam_zr_test: 4.377e+00, ssim_zr_test: 9.711e-01, rmse_zr_test: 3.878e+00, ergas_zr_test: 2.895e-01, uqi_zr_test: 9.832e-01, psnr_xdsr_test: 3.618e+01, sam_xdsr_test: 3.477e+00
23-11-27 05:26:54.286 : , G_loss_test: 2.093e-02, hsi_likelihood_test: 3.438e-03, msi_likelihood_test: 1.749e-02, regularization_degradation_test: 3.917e-09, regularization_phi_test: 3.671e-03, psnr_xr_test: 3.667e+01, sam_xr_test: 3.236e+00, psnr_yr_test: 2.030e+01, sam_yr_test: 2.061e+01, psnr_zr_test: 3.728e+01, sam_zr_test: 4.377e+00, ssim_zr_test: 9.711e-01, rmse_zr_test: 3.878e+00, ergas_zr_test: 2.895e-01, uqi_zr_test: 9.832e-01, psnr_xdsr_test: 3.618e+01, sam_xdsr_test: 3.477e+00
23-11-27 05:26:58.524 : , G_loss_test: 2.089e-02, hsi_likelihood_test: 3.405e-03, msi_likelihood_test: 1.749e-02, regularization_degradation_test: 3.946e-09, regularization_phi_test: 3.623e-03, psnr_xr_test: 3.676e+01, sam_xr_test: 3.204e+00, psnr_yr_test: 2.029e+01, sam_yr_test: 2.061e+01, psnr_zr_test: 3.737e+01, sam_zr_test: 4.340e+00, ssim_zr_test: 9.714e-01, rmse_zr_test: 3.851e+00, ergas_zr_test: 2.875e-01, uqi_zr_test: 9.834e-01, psnr_xdsr_test: 3.627e+01, sam_xdsr_test: 3.434e+00
23-11-27 05:26:58.524 : , G_loss_test: 2.089e-02, hsi_likelihood_test: 3.405e-03, msi_likelihood_test: 1.749e-02, regularization_degradation_test: 3.946e-09, regularization_phi_test: 3.623e-03, psnr_xr_test: 3.676e+01, sam_xr_test: 3.204e+00, psnr_yr_test: 2.029e+01, sam_yr_test: 2.061e+01, psnr_zr_test: 3.737e+01, sam_zr_test: 4.340e+00, ssim_zr_test: 9.714e-01, rmse_zr_test: 3.851e+00, ergas_zr_test: 2.875e-01, uqi_zr_test: 9.834e-01, psnr_xdsr_test: 3.627e+01, sam_xdsr_test: 3.434e+00
23-11-27 05:27:06.728 : , G_loss_test: 4.804e-03, hsi_likelihood_test: 2.060e-03, msi_likelihood_test: 2.745e-03, regularization_degradation_test: 1.462e-09, regularization_phi_test: 2.118e-03, psnr_xr_test: 3.925e+01, sam_xr_test: 7.115e+00, psnr_yr_test: 3.153e+01, sam_yr_test: 1.795e+01, psnr_zr_test: 3.919e+01, sam_zr_test: 9.477e+00, ssim_zr_test: 9.634e-01, rmse_zr_test: 2.678e+00, ergas_zr_test: 5.463e-01, uqi_zr_test: 8.827e-01, psnr_xdsr_test: 3.912e+01, sam_xdsr_test: 7.750e+00
23-11-27 05:27:06.729 : , G_loss_test: 4.804e-03, hsi_likelihood_test: 2.060e-03, msi_likelihood_test: 2.745e-03, regularization_degradation_test: 1.462e-09, regularization_phi_test: 2.118e-03, psnr_xr_test: 3.925e+01, sam_xr_test: 7.115e+00, psnr_yr_test: 3.153e+01, sam_yr_test: 1.795e+01, psnr_zr_test: 3.919e+01, sam_zr_test: 9.477e+00, ssim_zr_test: 9.634e-01, rmse_zr_test: 2.678e+00, ergas_zr_test: 5.463e-01, uqi_zr_test: 8.827e-01, psnr_xdsr_test: 3.912e+01, sam_xdsr_test: 7.750e+00
23-11-27 05:27:10.808 : , G_loss_test: 4.392e-03, hsi_likelihood_test: 1.640e-03, msi_likelihood_test: 2.753e-03, regularization_degradation_test: 1.639e-09, regularization_phi_test: 1.672e-03, psnr_xr_test: 4.068e+01, sam_xr_test: 5.902e+00, psnr_yr_test: 3.262e+01, sam_yr_test: 1.916e+01, psnr_zr_test: 4.044e+01, sam_zr_test: 8.142e+00, ssim_zr_test: 9.732e-01, rmse_zr_test: 2.450e+00, ergas_zr_test: 4.897e-01, uqi_zr_test: 9.104e-01, psnr_xdsr_test: 4.054e+01, sam_xdsr_test: 6.114e+00
23-11-27 05:27:10.808 : , G_loss_test: 4.392e-03, hsi_likelihood_test: 1.640e-03, msi_likelihood_test: 2.753e-03, regularization_degradation_test: 1.639e-09, regularization_phi_test: 1.672e-03, psnr_xr_test: 4.068e+01, sam_xr_test: 5.902e+00, psnr_yr_test: 3.262e+01, sam_yr_test: 1.916e+01, psnr_zr_test: 4.044e+01, sam_zr_test: 8.142e+00, ssim_zr_test: 9.732e-01, rmse_zr_test: 2.450e+00, ergas_zr_test: 4.897e-01, uqi_zr_test: 9.104e-01, psnr_xdsr_test: 4.054e+01, sam_xdsr_test: 6.114e+00
23-11-27 05:27:14.920 : , G_loss_test: 4.297e-03, hsi_likelihood_test: 1.494e-03, msi_likelihood_test: 2.802e-03, regularization_degradation_test: 1.378e-09, regularization_phi_test: 1.523e-03, psnr_xr_test: 4.133e+01, sam_xr_test: 5.533e+00, psnr_yr_test: 3.253e+01, sam_yr_test: 1.878e+01, psnr_zr_test: 4.096e+01, sam_zr_test: 7.822e+00, ssim_zr_test: 9.773e-01, rmse_zr_test: 2.394e+00, ergas_zr_test: 4.687e-01, uqi_zr_test: 9.246e-01, psnr_xdsr_test: 4.114e+01, sam_xdsr_test: 5.680e+00
23-11-27 05:27:14.920 : , G_loss_test: 4.297e-03, hsi_likelihood_test: 1.494e-03, msi_likelihood_test: 2.802e-03, regularization_degradation_test: 1.378e-09, regularization_phi_test: 1.523e-03, psnr_xr_test: 4.133e+01, sam_xr_test: 5.533e+00, psnr_yr_test: 3.253e+01, sam_yr_test: 1.878e+01, psnr_zr_test: 4.096e+01, sam_zr_test: 7.822e+00, ssim_zr_test: 9.773e-01, rmse_zr_test: 2.394e+00, ergas_zr_test: 4.687e-01, uqi_zr_test: 9.246e-01, psnr_xdsr_test: 4.114e+01, sam_xdsr_test: 5.680e+00
23-11-27 05:27:19.035 : , G_loss_test: 4.246e-03, hsi_likelihood_test: 1.474e-03, msi_likelihood_test: 2.772e-03, regularization_degradation_test: 1.355e-09, regularization_phi_test: 1.494e-03, psnr_xr_test: 4.151e+01, sam_xr_test: 5.466e+00, psnr_yr_test: 3.279e+01, sam_yr_test: 1.883e+01, psnr_zr_test: 4.109e+01, sam_zr_test: 7.729e+00, ssim_zr_test: 9.779e-01, rmse_zr_test: 2.379e+00, ergas_zr_test: 4.635e-01, uqi_zr_test: 9.264e-01, psnr_xdsr_test: 4.136e+01, sam_xdsr_test: 5.598e+00
23-11-27 05:27:19.035 : , G_loss_test: 4.246e-03, hsi_likelihood_test: 1.474e-03, msi_likelihood_test: 2.772e-03, regularization_degradation_test: 1.355e-09, regularization_phi_test: 1.494e-03, psnr_xr_test: 4.151e+01, sam_xr_test: 5.466e+00, psnr_yr_test: 3.279e+01, sam_yr_test: 1.883e+01, psnr_zr_test: 4.109e+01, sam_zr_test: 7.729e+00, ssim_zr_test: 9.779e-01, rmse_zr_test: 2.379e+00, ergas_zr_test: 4.635e-01, uqi_zr_test: 9.264e-01, psnr_xdsr_test: 4.136e+01, sam_xdsr_test: 5.598e+00
23-11-27 05:27:23.169 : , G_loss_test: 4.224e-03, hsi_likelihood_test: 1.438e-03, msi_likelihood_test: 2.786e-03, regularization_degradation_test: 1.318e-09, regularization_phi_test: 1.455e-03, psnr_xr_test: 4.174e+01, sam_xr_test: 5.362e+00, psnr_yr_test: 3.270e+01, sam_yr_test: 1.876e+01, psnr_zr_test: 4.124e+01, sam_zr_test: 7.674e+00, ssim_zr_test: 9.789e-01, rmse_zr_test: 2.373e+00, ergas_zr_test: 4.604e-01, uqi_zr_test: 9.302e-01, psnr_xdsr_test: 4.155e+01, sam_xdsr_test: 5.479e+00
23-11-27 05:27:23.169 : , G_loss_test: 4.224e-03, hsi_likelihood_test: 1.438e-03, msi_likelihood_test: 2.786e-03, regularization_degradation_test: 1.318e-09, regularization_phi_test: 1.455e-03, psnr_xr_test: 4.174e+01, sam_xr_test: 5.362e+00, psnr_yr_test: 3.270e+01, sam_yr_test: 1.876e+01, psnr_zr_test: 4.124e+01, sam_zr_test: 7.674e+00, ssim_zr_test: 9.789e-01, rmse_zr_test: 2.373e+00, ergas_zr_test: 4.604e-01, uqi_zr_test: 9.302e-01, psnr_xdsr_test: 4.155e+01, sam_xdsr_test: 5.479e+00
23-11-27 05:27:27.280 : , G_loss_test: 4.223e-03, hsi_likelihood_test: 1.421e-03, msi_likelihood_test: 2.801e-03, regularization_degradation_test: 1.652e-09, regularization_phi_test: 1.426e-03, psnr_xr_test: 4.175e+01, sam_xr_test: 5.279e+00, psnr_yr_test: 3.243e+01, sam_yr_test: 1.865e+01, psnr_zr_test: 4.124e+01, sam_zr_test: 7.638e+00, ssim_zr_test: 9.786e-01, rmse_zr_test: 2.362e+00, ergas_zr_test: 4.588e-01, uqi_zr_test: 9.293e-01, psnr_xdsr_test: 4.168e+01, sam_xdsr_test: 5.403e+00
23-11-27 05:27:27.280 : , G_loss_test: 4.223e-03, hsi_likelihood_test: 1.421e-03, msi_likelihood_test: 2.801e-03, regularization_degradation_test: 1.652e-09, regularization_phi_test: 1.426e-03, psnr_xr_test: 4.175e+01, sam_xr_test: 5.279e+00, psnr_yr_test: 3.243e+01, sam_yr_test: 1.865e+01, psnr_zr_test: 4.124e+01, sam_zr_test: 7.638e+00, ssim_zr_test: 9.786e-01, rmse_zr_test: 2.362e+00, ergas_zr_test: 4.588e-01, uqi_zr_test: 9.293e-01, psnr_xdsr_test: 4.168e+01, sam_xdsr_test: 5.403e+00
23-11-27 05:27:31.402 : , G_loss_test: 4.428e-03, hsi_likelihood_test: 1.512e-03, msi_likelihood_test: 2.917e-03, regularization_degradation_test: 1.531e-09, regularization_phi_test: 1.506e-03, psnr_xr_test: 4.145e+01, sam_xr_test: 5.678e+00, psnr_yr_test: 3.185e+01, sam_yr_test: 1.851e+01, psnr_zr_test: 4.102e+01, sam_zr_test: 7.856e+00, ssim_zr_test: 9.772e-01, rmse_zr_test: 2.374e+00, ergas_zr_test: 4.655e-01, uqi_zr_test: 9.190e-01, psnr_xdsr_test: 4.140e+01, sam_xdsr_test: 5.686e+00
23-11-27 05:27:31.402 : , G_loss_test: 4.428e-03, hsi_likelihood_test: 1.512e-03, msi_likelihood_test: 2.917e-03, regularization_degradation_test: 1.531e-09, regularization_phi_test: 1.506e-03, psnr_xr_test: 4.145e+01, sam_xr_test: 5.678e+00, psnr_yr_test: 3.185e+01, sam_yr_test: 1.851e+01, psnr_zr_test: 4.102e+01, sam_zr_test: 7.856e+00, ssim_zr_test: 9.772e-01, rmse_zr_test: 2.374e+00, ergas_zr_test: 4.655e-01, uqi_zr_test: 9.190e-01, psnr_xdsr_test: 4.140e+01, sam_xdsr_test: 5.686e+00
23-11-27 05:27:35.507 : , G_loss_test: 4.155e-03, hsi_likelihood_test: 1.426e-03, msi_likelihood_test: 2.729e-03, regularization_degradation_test: 1.523e-09, regularization_phi_test: 1.434e-03, psnr_xr_test: 4.175e+01, sam_xr_test: 5.351e+00, psnr_yr_test: 3.318e+01, sam_yr_test: nan, psnr_zr_test: 4.127e+01, sam_zr_test: 7.627e+00, ssim_zr_test: 9.786e-01, rmse_zr_test: 2.351e+00, ergas_zr_test: 4.571e-01, uqi_zr_test: 9.276e-01, psnr_xdsr_test: 4.164e+01, sam_xdsr_test: 5.433e+00
23-11-27 05:27:35.507 : , G_loss_test: 4.155e-03, hsi_likelihood_test: 1.426e-03, msi_likelihood_test: 2.729e-03, regularization_degradation_test: 1.523e-09, regularization_phi_test: 1.434e-03, psnr_xr_test: 4.175e+01, sam_xr_test: 5.351e+00, psnr_yr_test: 3.318e+01, sam_yr_test: nan, psnr_zr_test: 4.127e+01, sam_zr_test: 7.627e+00, ssim_zr_test: 9.786e-01, rmse_zr_test: 2.351e+00, ergas_zr_test: 4.571e-01, uqi_zr_test: 9.276e-01, psnr_xdsr_test: 4.164e+01, sam_xdsr_test: 5.433e+00
23-11-27 05:27:39.652 : , G_loss_test: 4.200e-03, hsi_likelihood_test: 1.393e-03, msi_likelihood_test: 2.807e-03, regularization_degradation_test: 1.435e-09, regularization_phi_test: 1.398e-03, psnr_xr_test: 4.202e+01, sam_xr_test: 5.263e+00, psnr_yr_test: 3.247e+01, sam_yr_test: 1.852e+01, psnr_zr_test: 4.140e+01, sam_zr_test: 7.565e+00, ssim_zr_test: 9.797e-01, rmse_zr_test: 2.346e+00, ergas_zr_test: 4.541e-01, uqi_zr_test: 9.299e-01, psnr_xdsr_test: 4.192e+01, sam_xdsr_test: 5.342e+00
23-11-27 05:27:39.653 : , G_loss_test: 4.200e-03, hsi_likelihood_test: 1.393e-03, msi_likelihood_test: 2.807e-03, regularization_degradation_test: 1.435e-09, regularization_phi_test: 1.398e-03, psnr_xr_test: 4.202e+01, sam_xr_test: 5.263e+00, psnr_yr_test: 3.247e+01, sam_yr_test: 1.852e+01, psnr_zr_test: 4.140e+01, sam_zr_test: 7.565e+00, ssim_zr_test: 9.797e-01, rmse_zr_test: 2.346e+00, ergas_zr_test: 4.541e-01, uqi_zr_test: 9.299e-01, psnr_xdsr_test: 4.192e+01, sam_xdsr_test: 5.342e+00
23-11-27 05:27:43.903 : , G_loss_test: 4.237e-03, hsi_likelihood_test: 1.436e-03, msi_likelihood_test: 2.801e-03, regularization_degradation_test: 1.528e-09, regularization_phi_test: 1.431e-03, psnr_xr_test: 4.187e+01, sam_xr_test: 5.448e+00, psnr_yr_test: 3.261e+01, sam_yr_test: 1.867e+01, psnr_zr_test: 4.129e+01, sam_zr_test: 7.714e+00, ssim_zr_test: 9.781e-01, rmse_zr_test: 2.350e+00, ergas_zr_test: 4.571e-01, uqi_zr_test: 9.197e-01, psnr_xdsr_test: 4.180e+01, sam_xdsr_test: 5.507e+00
23-11-27 05:27:43.903 : , G_loss_test: 4.237e-03, hsi_likelihood_test: 1.436e-03, msi_likelihood_test: 2.801e-03, regularization_degradation_test: 1.528e-09, regularization_phi_test: 1.431e-03, psnr_xr_test: 4.187e+01, sam_xr_test: 5.448e+00, psnr_yr_test: 3.261e+01, sam_yr_test: 1.867e+01, psnr_zr_test: 4.129e+01, sam_zr_test: 7.714e+00, ssim_zr_test: 9.781e-01, rmse_zr_test: 2.350e+00, ergas_zr_test: 4.571e-01, uqi_zr_test: 9.197e-01, psnr_xdsr_test: 4.180e+01, sam_xdsr_test: 5.507e+00
23-11-27 05:27:48.095 : , G_loss_test: 4.201e-03, hsi_likelihood_test: 1.380e-03, msi_likelihood_test: 2.821e-03, regularization_degradation_test: 1.370e-09, regularization_phi_test: 1.386e-03, psnr_xr_test: 4.210e+01, sam_xr_test: 5.251e+00, psnr_yr_test: 3.269e+01, sam_yr_test: 1.858e+01, psnr_zr_test: 4.146e+01, sam_zr_test: 7.566e+00, ssim_zr_test: 9.796e-01, rmse_zr_test: 2.339e+00, ergas_zr_test: 4.521e-01, uqi_zr_test: 9.282e-01, psnr_xdsr_test: 4.200e+01, sam_xdsr_test: 5.314e+00
23-11-27 05:27:48.095 : , G_loss_test: 4.201e-03, hsi_likelihood_test: 1.380e-03, msi_likelihood_test: 2.821e-03, regularization_degradation_test: 1.370e-09, regularization_phi_test: 1.386e-03, psnr_xr_test: 4.210e+01, sam_xr_test: 5.251e+00, psnr_yr_test: 3.269e+01, sam_yr_test: 1.858e+01, psnr_zr_test: 4.146e+01, sam_zr_test: 7.566e+00, ssim_zr_test: 9.796e-01, rmse_zr_test: 2.339e+00, ergas_zr_test: 4.521e-01, uqi_zr_test: 9.282e-01, psnr_xdsr_test: 4.200e+01, sam_xdsr_test: 5.314e+00
23-11-27 05:27:52.302 : , G_loss_test: 4.288e-03, hsi_likelihood_test: 1.390e-03, msi_likelihood_test: 2.898e-03, regularization_degradation_test: 1.482e-09, regularization_phi_test: 1.387e-03, psnr_xr_test: 4.208e+01, sam_xr_test: 5.308e+00, psnr_yr_test: 3.203e+01, sam_yr_test: 1.856e+01, psnr_zr_test: 4.143e+01, sam_zr_test: 7.618e+00, ssim_zr_test: 9.796e-01, rmse_zr_test: 2.345e+00, ergas_zr_test: 4.541e-01, uqi_zr_test: 9.291e-01, psnr_xdsr_test: 4.201e+01, sam_xdsr_test: 5.399e+00
23-11-27 05:27:52.303 : , G_loss_test: 4.288e-03, hsi_likelihood_test: 1.390e-03, msi_likelihood_test: 2.898e-03, regularization_degradation_test: 1.482e-09, regularization_phi_test: 1.387e-03, psnr_xr_test: 4.208e+01, sam_xr_test: 5.308e+00, psnr_yr_test: 3.203e+01, sam_yr_test: 1.856e+01, psnr_zr_test: 4.143e+01, sam_zr_test: 7.618e+00, ssim_zr_test: 9.796e-01, rmse_zr_test: 2.345e+00, ergas_zr_test: 4.541e-01, uqi_zr_test: 9.291e-01, psnr_xdsr_test: 4.201e+01, sam_xdsr_test: 5.399e+00
23-11-27 05:27:56.458 : , G_loss_test: 4.245e-03, hsi_likelihood_test: 1.400e-03, msi_likelihood_test: 2.845e-03, regularization_degradation_test: 1.312e-09, regularization_phi_test: 1.414e-03, psnr_xr_test: 4.205e+01, sam_xr_test: 5.417e+00, psnr_yr_test: 3.233e+01, sam_yr_test: 1.865e+01, psnr_zr_test: 4.141e+01, sam_zr_test: 7.672e+00, ssim_zr_test: 9.793e-01, rmse_zr_test: 2.344e+00, ergas_zr_test: 4.541e-01, uqi_zr_test: 9.267e-01, psnr_xdsr_test: 4.189e+01, sam_xdsr_test: 5.466e+00
23-11-27 05:27:56.458 : , G_loss_test: 4.245e-03, hsi_likelihood_test: 1.400e-03, msi_likelihood_test: 2.845e-03, regularization_degradation_test: 1.312e-09, regularization_phi_test: 1.414e-03, psnr_xr_test: 4.205e+01, sam_xr_test: 5.417e+00, psnr_yr_test: 3.233e+01, sam_yr_test: 1.865e+01, psnr_zr_test: 4.141e+01, sam_zr_test: 7.672e+00, ssim_zr_test: 9.793e-01, rmse_zr_test: 2.344e+00, ergas_zr_test: 4.541e-01, uqi_zr_test: 9.267e-01, psnr_xdsr_test: 4.189e+01, sam_xdsr_test: 5.466e+00
23-11-27 05:28:00.690 : , G_loss_test: 4.198e-03, hsi_likelihood_test: 1.349e-03, msi_likelihood_test: 2.849e-03, regularization_degradation_test: 1.522e-09, regularization_phi_test: 1.346e-03, psnr_xr_test: 4.220e+01, sam_xr_test: 5.199e+00, psnr_yr_test: 3.252e+01, sam_yr_test: 1.864e+01, psnr_zr_test: 4.154e+01, sam_zr_test: 7.506e+00, ssim_zr_test: 9.798e-01, rmse_zr_test: 2.330e+00, ergas_zr_test: 4.502e-01, uqi_zr_test: 9.284e-01, psnr_xdsr_test: 4.214e+01, sam_xdsr_test: 5.218e+00
23-11-27 05:28:00.691 : , G_loss_test: 4.198e-03, hsi_likelihood_test: 1.349e-03, msi_likelihood_test: 2.849e-03, regularization_degradation_test: 1.522e-09, regularization_phi_test: 1.346e-03, psnr_xr_test: 4.220e+01, sam_xr_test: 5.199e+00, psnr_yr_test: 3.252e+01, sam_yr_test: 1.864e+01, psnr_zr_test: 4.154e+01, sam_zr_test: 7.506e+00, ssim_zr_test: 9.798e-01, rmse_zr_test: 2.330e+00, ergas_zr_test: 4.502e-01, uqi_zr_test: 9.284e-01, psnr_xdsr_test: 4.214e+01, sam_xdsr_test: 5.218e+00
23-11-27 05:28:04.838 : , G_loss_test: 4.167e-03, hsi_likelihood_test: 1.333e-03, msi_likelihood_test: 2.834e-03, regularization_degradation_test: 1.179e-09, regularization_phi_test: 1.330e-03, psnr_xr_test: 4.227e+01, sam_xr_test: 5.133e+00, psnr_yr_test: 3.258e+01, sam_yr_test: 1.866e+01, psnr_zr_test: 4.157e+01, sam_zr_test: 7.450e+00, ssim_zr_test: 9.800e-01, rmse_zr_test: 2.329e+00, ergas_zr_test: 4.494e-01, uqi_zr_test: 9.314e-01, psnr_xdsr_test: 4.216e+01, sam_xdsr_test: 5.144e+00
23-11-27 05:28:04.838 : , G_loss_test: 4.167e-03, hsi_likelihood_test: 1.333e-03, msi_likelihood_test: 2.834e-03, regularization_degradation_test: 1.179e-09, regularization_phi_test: 1.330e-03, psnr_xr_test: 4.227e+01, sam_xr_test: 5.133e+00, psnr_yr_test: 3.258e+01, sam_yr_test: 1.866e+01, psnr_zr_test: 4.157e+01, sam_zr_test: 7.450e+00, ssim_zr_test: 9.800e-01, rmse_zr_test: 2.329e+00, ergas_zr_test: 4.494e-01, uqi_zr_test: 9.314e-01, psnr_xdsr_test: 4.216e+01, sam_xdsr_test: 5.144e+00
23-11-27 05:28:09.071 : , G_loss_test: 4.154e-03, hsi_likelihood_test: 1.331e-03, msi_likelihood_test: 2.823e-03, regularization_degradation_test: 1.602e-09, regularization_phi_test: 1.330e-03, psnr_xr_test: 4.226e+01, sam_xr_test: 5.126e+00, psnr_yr_test: 3.269e+01, sam_yr_test: nan, psnr_zr_test: 4.157e+01, sam_zr_test: 7.448e+00, ssim_zr_test: 9.801e-01, rmse_zr_test: 2.331e+00, ergas_zr_test: 4.494e-01, uqi_zr_test: 9.314e-01, psnr_xdsr_test: 4.214e+01, sam_xdsr_test: 5.132e+00
23-11-27 05:28:09.072 : , G_loss_test: 4.154e-03, hsi_likelihood_test: 1.331e-03, msi_likelihood_test: 2.823e-03, regularization_degradation_test: 1.602e-09, regularization_phi_test: 1.330e-03, psnr_xr_test: 4.226e+01, sam_xr_test: 5.126e+00, psnr_yr_test: 3.269e+01, sam_yr_test: nan, psnr_zr_test: 4.157e+01, sam_zr_test: 7.448e+00, ssim_zr_test: 9.801e-01, rmse_zr_test: 2.331e+00, ergas_zr_test: 4.494e-01, uqi_zr_test: 9.314e-01, psnr_xdsr_test: 4.214e+01, sam_xdsr_test: 5.132e+00
23-11-27 05:28:13.418 : , G_loss_test: 4.164e-03, hsi_likelihood_test: 1.332e-03, msi_likelihood_test: 2.833e-03, regularization_degradation_test: 1.482e-09, regularization_phi_test: 1.331e-03, psnr_xr_test: 4.229e+01, sam_xr_test: 5.145e+00, psnr_yr_test: 3.244e+01, sam_yr_test: nan, psnr_zr_test: 4.158e+01, sam_zr_test: 7.456e+00, ssim_zr_test: 9.803e-01, rmse_zr_test: 2.330e+00, ergas_zr_test: 4.491e-01, uqi_zr_test: 9.314e-01, psnr_xdsr_test: 4.219e+01, sam_xdsr_test: 5.153e+00
23-11-27 05:28:13.418 : , G_loss_test: 4.164e-03, hsi_likelihood_test: 1.332e-03, msi_likelihood_test: 2.833e-03, regularization_degradation_test: 1.482e-09, regularization_phi_test: 1.331e-03, psnr_xr_test: 4.229e+01, sam_xr_test: 5.145e+00, psnr_yr_test: 3.244e+01, sam_yr_test: nan, psnr_zr_test: 4.158e+01, sam_zr_test: 7.456e+00, ssim_zr_test: 9.803e-01, rmse_zr_test: 2.330e+00, ergas_zr_test: 4.491e-01, uqi_zr_test: 9.314e-01, psnr_xdsr_test: 4.219e+01, sam_xdsr_test: 5.153e+00
23-11-27 05:28:17.719 : , G_loss_test: 4.153e-03, hsi_likelihood_test: 1.332e-03, msi_likelihood_test: 2.821e-03, regularization_degradation_test: 1.323e-09, regularization_phi_test: 1.334e-03, psnr_xr_test: 4.230e+01, sam_xr_test: 5.119e+00, psnr_yr_test: 3.263e+01, sam_yr_test: nan, psnr_zr_test: 4.159e+01, sam_zr_test: 7.451e+00, ssim_zr_test: 9.802e-01, rmse_zr_test: 2.328e+00, ergas_zr_test: 4.484e-01, uqi_zr_test: 9.313e-01, psnr_xdsr_test: 4.215e+01, sam_xdsr_test: 5.162e+00
23-11-27 05:28:17.720 : , G_loss_test: 4.153e-03, hsi_likelihood_test: 1.332e-03, msi_likelihood_test: 2.821e-03, regularization_degradation_test: 1.323e-09, regularization_phi_test: 1.334e-03, psnr_xr_test: 4.230e+01, sam_xr_test: 5.119e+00, psnr_yr_test: 3.263e+01, sam_yr_test: nan, psnr_zr_test: 4.159e+01, sam_zr_test: 7.451e+00, ssim_zr_test: 9.802e-01, rmse_zr_test: 2.328e+00, ergas_zr_test: 4.484e-01, uqi_zr_test: 9.313e-01, psnr_xdsr_test: 4.215e+01, sam_xdsr_test: 5.162e+00
23-11-27 05:28:22.095 : , G_loss_test: 4.142e-03, hsi_likelihood_test: 1.323e-03, msi_likelihood_test: 2.819e-03, regularization_degradation_test: 1.623e-09, regularization_phi_test: 1.321e-03, psnr_xr_test: 4.234e+01, sam_xr_test: 5.121e+00, psnr_yr_test: 3.262e+01, sam_yr_test: nan, psnr_zr_test: 4.161e+01, sam_zr_test: 7.449e+00, ssim_zr_test: 9.803e-01, rmse_zr_test: 2.326e+00, ergas_zr_test: 4.480e-01, uqi_zr_test: 9.313e-01, psnr_xdsr_test: 4.224e+01, sam_xdsr_test: 5.147e+00
23-11-27 05:28:22.095 : , G_loss_test: 4.142e-03, hsi_likelihood_test: 1.323e-03, msi_likelihood_test: 2.819e-03, regularization_degradation_test: 1.623e-09, regularization_phi_test: 1.321e-03, psnr_xr_test: 4.234e+01, sam_xr_test: 5.121e+00, psnr_yr_test: 3.262e+01, sam_yr_test: nan, psnr_zr_test: 4.161e+01, sam_zr_test: 7.449e+00, ssim_zr_test: 9.803e-01, rmse_zr_test: 2.326e+00, ergas_zr_test: 4.480e-01, uqi_zr_test: 9.313e-01, psnr_xdsr_test: 4.224e+01, sam_xdsr_test: 5.147e+00
23-11-27 05:28:26.433 : , G_loss_test: 4.147e-03, hsi_likelihood_test: 1.319e-03, msi_likelihood_test: 2.828e-03, regularization_degradation_test: 1.588e-09, regularization_phi_test: 1.313e-03, psnr_xr_test: 4.234e+01, sam_xr_test: 5.130e+00, psnr_yr_test: 3.266e+01, sam_yr_test: 1.854e+01, psnr_zr_test: 4.162e+01, sam_zr_test: 7.451e+00, ssim_zr_test: 9.803e-01, rmse_zr_test: 2.327e+00, ergas_zr_test: 4.480e-01, uqi_zr_test: 9.314e-01, psnr_xdsr_test: 4.227e+01, sam_xdsr_test: 5.148e+00
23-11-27 05:28:26.434 : , G_loss_test: 4.147e-03, hsi_likelihood_test: 1.319e-03, msi_likelihood_test: 2.828e-03, regularization_degradation_test: 1.588e-09, regularization_phi_test: 1.313e-03, psnr_xr_test: 4.234e+01, sam_xr_test: 5.130e+00, psnr_yr_test: 3.266e+01, sam_yr_test: 1.854e+01, psnr_zr_test: 4.162e+01, sam_zr_test: 7.451e+00, ssim_zr_test: 9.803e-01, rmse_zr_test: 2.327e+00, ergas_zr_test: 4.480e-01, uqi_zr_test: 9.314e-01, psnr_xdsr_test: 4.227e+01, sam_xdsr_test: 5.148e+00
23-11-27 05:28:30.707 : , G_loss_test: 4.117e-03, hsi_likelihood_test: 1.316e-03, msi_likelihood_test: 2.801e-03, regularization_degradation_test: 1.418e-09, regularization_phi_test: 1.312e-03, psnr_xr_test: 4.238e+01, sam_xr_test: 5.103e+00, psnr_yr_test: 3.265e+01, sam_yr_test: nan, psnr_zr_test: 4.164e+01, sam_zr_test: 7.442e+00, ssim_zr_test: 9.803e-01, rmse_zr_test: 2.324e+00, ergas_zr_test: 4.469e-01, uqi_zr_test: 9.312e-01, psnr_xdsr_test: 4.229e+01, sam_xdsr_test: 5.116e+00
23-11-27 05:28:30.707 : , G_loss_test: 4.117e-03, hsi_likelihood_test: 1.316e-03, msi_likelihood_test: 2.801e-03, regularization_degradation_test: 1.418e-09, regularization_phi_test: 1.312e-03, psnr_xr_test: 4.238e+01, sam_xr_test: 5.103e+00, psnr_yr_test: 3.265e+01, sam_yr_test: nan, psnr_zr_test: 4.164e+01, sam_zr_test: 7.442e+00, ssim_zr_test: 9.803e-01, rmse_zr_test: 2.324e+00, ergas_zr_test: 4.469e-01, uqi_zr_test: 9.312e-01, psnr_xdsr_test: 4.229e+01, sam_xdsr_test: 5.116e+00
23-11-27 05:28:35.009 : , G_loss_test: 4.127e-03, hsi_likelihood_test: 1.313e-03, msi_likelihood_test: 2.815e-03, regularization_degradation_test: 1.491e-09, regularization_phi_test: 1.311e-03, psnr_xr_test: 4.242e+01, sam_xr_test: 5.101e+00, psnr_yr_test: 3.262e+01, sam_yr_test: 1.849e+01, psnr_zr_test: 4.167e+01, sam_zr_test: 7.424e+00, ssim_zr_test: 9.804e-01, rmse_zr_test: 2.322e+00, ergas_zr_test: 4.460e-01, uqi_zr_test: 9.320e-01, psnr_xdsr_test: 4.232e+01, sam_xdsr_test: 5.130e+00
23-11-27 05:28:35.009 : , G_loss_test: 4.127e-03, hsi_likelihood_test: 1.313e-03, msi_likelihood_test: 2.815e-03, regularization_degradation_test: 1.491e-09, regularization_phi_test: 1.311e-03, psnr_xr_test: 4.242e+01, sam_xr_test: 5.101e+00, psnr_yr_test: 3.262e+01, sam_yr_test: 1.849e+01, psnr_zr_test: 4.167e+01, sam_zr_test: 7.424e+00, ssim_zr_test: 9.804e-01, rmse_zr_test: 2.322e+00, ergas_zr_test: 4.460e-01, uqi_zr_test: 9.320e-01, psnr_xdsr_test: 4.232e+01, sam_xdsr_test: 5.130e+00
23-11-27 05:28:39.342 : , G_loss_test: 4.135e-03, hsi_likelihood_test: 1.309e-03, msi_likelihood_test: 2.826e-03, regularization_degradation_test: 1.302e-09, regularization_phi_test: 1.312e-03, psnr_xr_test: 4.243e+01, sam_xr_test: 5.111e+00, psnr_yr_test: 3.265e+01, sam_yr_test: nan, psnr_zr_test: 4.167e+01, sam_zr_test: 7.425e+00, ssim_zr_test: 9.804e-01, rmse_zr_test: 2.321e+00, ergas_zr_test: 4.460e-01, uqi_zr_test: 9.322e-01, psnr_xdsr_test: 4.228e+01, sam_xdsr_test: 5.127e+00
23-11-27 05:28:39.342 : , G_loss_test: 4.135e-03, hsi_likelihood_test: 1.309e-03, msi_likelihood_test: 2.826e-03, regularization_degradation_test: 1.302e-09, regularization_phi_test: 1.312e-03, psnr_xr_test: 4.243e+01, sam_xr_test: 5.111e+00, psnr_yr_test: 3.265e+01, sam_yr_test: nan, psnr_zr_test: 4.167e+01, sam_zr_test: 7.425e+00, ssim_zr_test: 9.804e-01, rmse_zr_test: 2.321e+00, ergas_zr_test: 4.460e-01, uqi_zr_test: 9.322e-01, psnr_xdsr_test: 4.228e+01, sam_xdsr_test: 5.127e+00
23-11-27 05:28:43.612 : , G_loss_test: 4.144e-03, hsi_likelihood_test: 1.309e-03, msi_likelihood_test: 2.835e-03, regularization_degradation_test: 1.331e-09, regularization_phi_test: 1.306e-03, psnr_xr_test: 4.243e+01, sam_xr_test: 5.120e+00, psnr_yr_test: 3.257e+01, sam_yr_test: nan, psnr_zr_test: 4.167e+01, sam_zr_test: 7.431e+00, ssim_zr_test: 9.805e-01, rmse_zr_test: 2.322e+00, ergas_zr_test: 4.463e-01, uqi_zr_test: 9.315e-01, psnr_xdsr_test: 4.235e+01, sam_xdsr_test: 5.120e+00
23-11-27 05:28:43.613 : , G_loss_test: 4.144e-03, hsi_likelihood_test: 1.309e-03, msi_likelihood_test: 2.835e-03, regularization_degradation_test: 1.331e-09, regularization_phi_test: 1.306e-03, psnr_xr_test: 4.243e+01, sam_xr_test: 5.120e+00, psnr_yr_test: 3.257e+01, sam_yr_test: nan, psnr_zr_test: 4.167e+01, sam_zr_test: 7.431e+00, ssim_zr_test: 9.805e-01, rmse_zr_test: 2.322e+00, ergas_zr_test: 4.463e-01, uqi_zr_test: 9.315e-01, psnr_xdsr_test: 4.235e+01, sam_xdsr_test: 5.120e+00
23-11-27 05:28:52.005 : , G_loss_test: 1.147e-02, hsi_likelihood_test: 2.714e-03, msi_likelihood_test: 8.755e-03, regularization_degradation_test: 2.549e-09, regularization_phi_test: 2.792e-03, psnr_xr_test: 3.786e+01, sam_xr_test: 4.979e+00, psnr_yr_test: 2.540e+01, sam_yr_test: nan, psnr_zr_test: 3.833e+01, sam_zr_test: 6.289e+00, ssim_zr_test: 9.682e-01, rmse_zr_test: 2.690e+00, ergas_zr_test: 3.905e-01, uqi_zr_test: 9.458e-01, psnr_xdsr_test: 3.766e+01, sam_xdsr_test: 5.221e+00
23-11-27 05:28:52.006 : , G_loss_test: 1.147e-02, hsi_likelihood_test: 2.714e-03, msi_likelihood_test: 8.755e-03, regularization_degradation_test: 2.549e-09, regularization_phi_test: 2.792e-03, psnr_xr_test: 3.786e+01, sam_xr_test: 4.979e+00, psnr_yr_test: 2.540e+01, sam_yr_test: nan, psnr_zr_test: 3.833e+01, sam_zr_test: 6.289e+00, ssim_zr_test: 9.682e-01, rmse_zr_test: 2.690e+00, ergas_zr_test: 3.905e-01, uqi_zr_test: 9.458e-01, psnr_xdsr_test: 3.766e+01, sam_xdsr_test: 5.221e+00
23-11-27 05:28:56.304 : , G_loss_test: 1.087e-02, hsi_likelihood_test: 1.936e-03, msi_likelihood_test: 8.934e-03, regularization_degradation_test: 2.465e-09, regularization_phi_test: 2.002e-03, psnr_xr_test: 3.975e+01, sam_xr_test: 3.852e+00, psnr_yr_test: 2.484e+01, sam_yr_test: 1.902e+01, psnr_zr_test: 4.000e+01, sam_zr_test: 5.239e+00, ssim_zr_test: 9.775e-01, rmse_zr_test: 2.174e+00, ergas_zr_test: 2.928e-01, uqi_zr_test: 9.641e-01, psnr_xdsr_test: 3.960e+01, sam_xdsr_test: 4.038e+00
23-11-27 05:28:56.305 : , G_loss_test: 1.087e-02, hsi_likelihood_test: 1.936e-03, msi_likelihood_test: 8.934e-03, regularization_degradation_test: 2.465e-09, regularization_phi_test: 2.002e-03, psnr_xr_test: 3.975e+01, sam_xr_test: 3.852e+00, psnr_yr_test: 2.484e+01, sam_yr_test: 1.902e+01, psnr_zr_test: 4.000e+01, sam_zr_test: 5.239e+00, ssim_zr_test: 9.775e-01, rmse_zr_test: 2.174e+00, ergas_zr_test: 2.928e-01, uqi_zr_test: 9.641e-01, psnr_xdsr_test: 3.960e+01, sam_xdsr_test: 4.038e+00
23-11-27 05:29:00.616 : , G_loss_test: 1.076e-02, hsi_likelihood_test: 1.914e-03, msi_likelihood_test: 8.845e-03, regularization_degradation_test: 2.675e-09, regularization_phi_test: 1.973e-03, psnr_xr_test: 3.991e+01, sam_xr_test: 3.623e+00, psnr_yr_test: 2.552e+01, sam_yr_test: nan, psnr_zr_test: 4.015e+01, sam_zr_test: 5.043e+00, ssim_zr_test: 9.765e-01, rmse_zr_test: 2.141e+00, ergas_zr_test: 2.865e-01, uqi_zr_test: 9.640e-01, psnr_xdsr_test: 3.978e+01, sam_xdsr_test: 3.846e+00
23-11-27 05:29:00.617 : , G_loss_test: 1.076e-02, hsi_likelihood_test: 1.914e-03, msi_likelihood_test: 8.845e-03, regularization_degradation_test: 2.675e-09, regularization_phi_test: 1.973e-03, psnr_xr_test: 3.991e+01, sam_xr_test: 3.623e+00, psnr_yr_test: 2.552e+01, sam_yr_test: nan, psnr_zr_test: 4.015e+01, sam_zr_test: 5.043e+00, ssim_zr_test: 9.765e-01, rmse_zr_test: 2.141e+00, ergas_zr_test: 2.865e-01, uqi_zr_test: 9.640e-01, psnr_xdsr_test: 3.978e+01, sam_xdsr_test: 3.846e+00
23-11-27 05:29:05.014 : , G_loss_test: 1.076e-02, hsi_likelihood_test: 1.813e-03, msi_likelihood_test: 8.942e-03, regularization_degradation_test: 2.655e-09, regularization_phi_test: 1.884e-03, psnr_xr_test: 4.028e+01, sam_xr_test: 3.571e+00, psnr_yr_test: 2.502e+01, sam_yr_test: 1.868e+01, psnr_zr_test: 4.039e+01, sam_zr_test: 5.002e+00, ssim_zr_test: 9.779e-01, rmse_zr_test: 2.099e+00, ergas_zr_test: 2.810e-01, uqi_zr_test: 9.661e-01, psnr_xdsr_test: 4.008e+01, sam_xdsr_test: 3.773e+00
23-11-27 05:29:05.014 : , G_loss_test: 1.076e-02, hsi_likelihood_test: 1.813e-03, msi_likelihood_test: 8.942e-03, regularization_degradation_test: 2.655e-09, regularization_phi_test: 1.884e-03, psnr_xr_test: 4.028e+01, sam_xr_test: 3.571e+00, psnr_yr_test: 2.502e+01, sam_yr_test: 1.868e+01, psnr_zr_test: 4.039e+01, sam_zr_test: 5.002e+00, ssim_zr_test: 9.779e-01, rmse_zr_test: 2.099e+00, ergas_zr_test: 2.810e-01, uqi_zr_test: 9.661e-01, psnr_xdsr_test: 4.008e+01, sam_xdsr_test: 3.773e+00
23-11-27 05:29:09.458 : , G_loss_test: 1.069e-02, hsi_likelihood_test: 1.776e-03, msi_likelihood_test: 8.912e-03, regularization_degradation_test: 2.281e-09, regularization_phi_test: 1.835e-03, psnr_xr_test: 4.034e+01, sam_xr_test: 3.493e+00, psnr_yr_test: 2.501e+01, sam_yr_test: 1.881e+01, psnr_zr_test: 4.045e+01, sam_zr_test: 4.945e+00, ssim_zr_test: 9.785e-01, rmse_zr_test: 2.089e+00, ergas_zr_test: 2.813e-01, uqi_zr_test: 9.670e-01, psnr_xdsr_test: 4.020e+01, sam_xdsr_test: 3.695e+00
23-11-27 05:29:09.459 : , G_loss_test: 1.069e-02, hsi_likelihood_test: 1.776e-03, msi_likelihood_test: 8.912e-03, regularization_degradation_test: 2.281e-09, regularization_phi_test: 1.835e-03, psnr_xr_test: 4.034e+01, sam_xr_test: 3.493e+00, psnr_yr_test: 2.501e+01, sam_yr_test: 1.881e+01, psnr_zr_test: 4.045e+01, sam_zr_test: 4.945e+00, ssim_zr_test: 9.785e-01, rmse_zr_test: 2.089e+00, ergas_zr_test: 2.813e-01, uqi_zr_test: 9.670e-01, psnr_xdsr_test: 4.020e+01, sam_xdsr_test: 3.695e+00
23-11-27 05:29:13.842 : , G_loss_test: 1.069e-02, hsi_likelihood_test: 1.763e-03, msi_likelihood_test: 8.926e-03, regularization_degradation_test: 2.601e-09, regularization_phi_test: 1.835e-03, psnr_xr_test: 4.040e+01, sam_xr_test: 3.474e+00, psnr_yr_test: 2.489e+01, sam_yr_test: 1.879e+01, psnr_zr_test: 4.050e+01, sam_zr_test: 4.941e+00, ssim_zr_test: 9.783e-01, rmse_zr_test: 2.085e+00, ergas_zr_test: 2.816e-01, uqi_zr_test: 9.672e-01, psnr_xdsr_test: 4.010e+01, sam_xdsr_test: 3.659e+00
23-11-27 05:29:13.842 : , G_loss_test: 1.069e-02, hsi_likelihood_test: 1.763e-03, msi_likelihood_test: 8.926e-03, regularization_degradation_test: 2.601e-09, regularization_phi_test: 1.835e-03, psnr_xr_test: 4.040e+01, sam_xr_test: 3.474e+00, psnr_yr_test: 2.489e+01, sam_yr_test: 1.879e+01, psnr_zr_test: 4.050e+01, sam_zr_test: 4.941e+00, ssim_zr_test: 9.783e-01, rmse_zr_test: 2.085e+00, ergas_zr_test: 2.816e-01, uqi_zr_test: 9.672e-01, psnr_xdsr_test: 4.010e+01, sam_xdsr_test: 3.659e+00
23-11-27 05:29:18.286 : , G_loss_test: 1.078e-02, hsi_likelihood_test: 1.849e-03, msi_likelihood_test: 8.931e-03, regularization_degradation_test: 2.364e-09, regularization_phi_test: 1.877e-03, psnr_xr_test: 3.991e+01, sam_xr_test: 3.493e+00, psnr_yr_test: 2.561e+01, sam_yr_test: nan, psnr_zr_test: 4.023e+01, sam_zr_test: 4.950e+00, ssim_zr_test: 9.777e-01, rmse_zr_test: 2.124e+00, ergas_zr_test: 2.888e-01, uqi_zr_test: 9.654e-01, psnr_xdsr_test: 3.989e+01, sam_xdsr_test: 3.685e+00
23-11-27 05:29:18.286 : , G_loss_test: 1.078e-02, hsi_likelihood_test: 1.849e-03, msi_likelihood_test: 8.931e-03, regularization_degradation_test: 2.364e-09, regularization_phi_test: 1.877e-03, psnr_xr_test: 3.991e+01, sam_xr_test: 3.493e+00, psnr_yr_test: 2.561e+01, sam_yr_test: nan, psnr_zr_test: 4.023e+01, sam_zr_test: 4.950e+00, ssim_zr_test: 9.777e-01, rmse_zr_test: 2.124e+00, ergas_zr_test: 2.888e-01, uqi_zr_test: 9.654e-01, psnr_xdsr_test: 3.989e+01, sam_xdsr_test: 3.685e+00
23-11-27 05:29:22.676 : , G_loss_test: 1.069e-02, hsi_likelihood_test: 1.747e-03, msi_likelihood_test: 8.944e-03, regularization_degradation_test: 2.489e-09, regularization_phi_test: 1.809e-03, psnr_xr_test: 4.047e+01, sam_xr_test: 3.448e+00, psnr_yr_test: 2.512e+01, sam_yr_test: 1.876e+01, psnr_zr_test: 4.055e+01, sam_zr_test: 4.922e+00, ssim_zr_test: 9.787e-01, rmse_zr_test: 2.075e+00, ergas_zr_test: 2.791e-01, uqi_zr_test: 9.667e-01, psnr_xdsr_test: 4.030e+01, sam_xdsr_test: 3.649e+00
23-11-27 05:29:22.677 : , G_loss_test: 1.069e-02, hsi_likelihood_test: 1.747e-03, msi_likelihood_test: 8.944e-03, regularization_degradation_test: 2.489e-09, regularization_phi_test: 1.809e-03, psnr_xr_test: 4.047e+01, sam_xr_test: 3.448e+00, psnr_yr_test: 2.512e+01, sam_yr_test: 1.876e+01, psnr_zr_test: 4.055e+01, sam_zr_test: 4.922e+00, ssim_zr_test: 9.787e-01, rmse_zr_test: 2.075e+00, ergas_zr_test: 2.791e-01, uqi_zr_test: 9.667e-01, psnr_xdsr_test: 4.030e+01, sam_xdsr_test: 3.649e+00
23-11-27 05:29:27.076 : , G_loss_test: 1.067e-02, hsi_likelihood_test: 1.771e-03, msi_likelihood_test: 8.894e-03, regularization_degradation_test: 2.628e-09, regularization_phi_test: 1.802e-03, psnr_xr_test: 4.029e+01, sam_xr_test: 3.427e+00, psnr_yr_test: 2.565e+01, sam_yr_test: 1.870e+01, psnr_zr_test: 4.048e+01, sam_zr_test: 4.888e+00, ssim_zr_test: 9.784e-01, rmse_zr_test: 2.085e+00, ergas_zr_test: 2.819e-01, uqi_zr_test: 9.658e-01, psnr_xdsr_test: 4.022e+01, sam_xdsr_test: 3.602e+00
23-11-27 05:29:27.077 : , G_loss_test: 1.067e-02, hsi_likelihood_test: 1.771e-03, msi_likelihood_test: 8.894e-03, regularization_degradation_test: 2.628e-09, regularization_phi_test: 1.802e-03, psnr_xr_test: 4.029e+01, sam_xr_test: 3.427e+00, psnr_yr_test: 2.565e+01, sam_yr_test: 1.870e+01, psnr_zr_test: 4.048e+01, sam_zr_test: 4.888e+00, ssim_zr_test: 9.784e-01, rmse_zr_test: 2.085e+00, ergas_zr_test: 2.819e-01, uqi_zr_test: 9.658e-01, psnr_xdsr_test: 4.022e+01, sam_xdsr_test: 3.602e+00
23-11-27 05:29:31.450 : , G_loss_test: 1.071e-02, hsi_likelihood_test: 1.730e-03, msi_likelihood_test: 8.981e-03, regularization_degradation_test: 2.450e-09, regularization_phi_test: 1.801e-03, psnr_xr_test: 4.054e+01, sam_xr_test: 3.418e+00, psnr_yr_test: 2.502e+01, sam_yr_test: 1.876e+01, psnr_zr_test: 4.059e+01, sam_zr_test: 4.892e+00, ssim_zr_test: 9.790e-01, rmse_zr_test: 2.063e+00, ergas_zr_test: 2.771e-01, uqi_zr_test: 9.672e-01, psnr_xdsr_test: 4.031e+01, sam_xdsr_test: 3.619e+00
23-11-27 05:29:31.450 : , G_loss_test: 1.071e-02, hsi_likelihood_test: 1.730e-03, msi_likelihood_test: 8.981e-03, regularization_degradation_test: 2.450e-09, regularization_phi_test: 1.801e-03, psnr_xr_test: 4.054e+01, sam_xr_test: 3.418e+00, psnr_yr_test: 2.502e+01, sam_yr_test: 1.876e+01, psnr_zr_test: 4.059e+01, sam_zr_test: 4.892e+00, ssim_zr_test: 9.790e-01, rmse_zr_test: 2.063e+00, ergas_zr_test: 2.771e-01, uqi_zr_test: 9.672e-01, psnr_xdsr_test: 4.031e+01, sam_xdsr_test: 3.619e+00
23-11-27 05:29:35.830 : , G_loss_test: 1.066e-02, hsi_likelihood_test: 1.693e-03, msi_likelihood_test: 8.962e-03, regularization_degradation_test: 2.465e-09, regularization_phi_test: 1.742e-03, psnr_xr_test: 4.065e+01, sam_xr_test: 3.367e+00, psnr_yr_test: 2.523e+01, sam_yr_test: 1.878e+01, psnr_zr_test: 4.067e+01, sam_zr_test: 4.854e+00, ssim_zr_test: 9.793e-01, rmse_zr_test: 2.052e+00, ergas_zr_test: 2.760e-01, uqi_zr_test: 9.685e-01, psnr_xdsr_test: 4.051e+01, sam_xdsr_test: 3.560e+00
23-11-27 05:29:35.830 : , G_loss_test: 1.066e-02, hsi_likelihood_test: 1.693e-03, msi_likelihood_test: 8.962e-03, regularization_degradation_test: 2.465e-09, regularization_phi_test: 1.742e-03, psnr_xr_test: 4.065e+01, sam_xr_test: 3.367e+00, psnr_yr_test: 2.523e+01, sam_yr_test: 1.878e+01, psnr_zr_test: 4.067e+01, sam_zr_test: 4.854e+00, ssim_zr_test: 9.793e-01, rmse_zr_test: 2.052e+00, ergas_zr_test: 2.760e-01, uqi_zr_test: 9.685e-01, psnr_xdsr_test: 4.051e+01, sam_xdsr_test: 3.560e+00
23-11-27 05:29:40.276 : , G_loss_test: 1.075e-02, hsi_likelihood_test: 1.779e-03, msi_likelihood_test: 8.973e-03, regularization_degradation_test: 2.463e-09, regularization_phi_test: 1.820e-03, psnr_xr_test: 4.057e+01, sam_xr_test: 3.511e+00, psnr_yr_test: 2.499e+01, sam_yr_test: 1.886e+01, psnr_zr_test: 4.058e+01, sam_zr_test: 4.959e+00, ssim_zr_test: 9.786e-01, rmse_zr_test: 2.058e+00, ergas_zr_test: 2.750e-01, uqi_zr_test: 9.663e-01, psnr_xdsr_test: 4.042e+01, sam_xdsr_test: 3.691e+00
23-11-27 05:29:40.276 : , G_loss_test: 1.075e-02, hsi_likelihood_test: 1.779e-03, msi_likelihood_test: 8.973e-03, regularization_degradation_test: 2.463e-09, regularization_phi_test: 1.820e-03, psnr_xr_test: 4.057e+01, sam_xr_test: 3.511e+00, psnr_yr_test: 2.499e+01, sam_yr_test: 1.886e+01, psnr_zr_test: 4.058e+01, sam_zr_test: 4.959e+00, ssim_zr_test: 9.786e-01, rmse_zr_test: 2.058e+00, ergas_zr_test: 2.750e-01, uqi_zr_test: 9.663e-01, psnr_xdsr_test: 4.042e+01, sam_xdsr_test: 3.691e+00
23-11-27 05:29:44.615 : , G_loss_test: 1.074e-02, hsi_likelihood_test: 1.762e-03, msi_likelihood_test: 8.982e-03, regularization_degradation_test: 2.720e-09, regularization_phi_test: 1.787e-03, psnr_xr_test: 4.050e+01, sam_xr_test: 3.418e+00, psnr_yr_test: 2.481e+01, sam_yr_test: 1.885e+01, psnr_zr_test: 4.053e+01, sam_zr_test: 4.897e+00, ssim_zr_test: 9.790e-01, rmse_zr_test: 2.063e+00, ergas_zr_test: 2.756e-01, uqi_zr_test: 9.685e-01, psnr_xdsr_test: 4.048e+01, sam_xdsr_test: 3.599e+00
23-11-27 05:29:44.615 : , G_loss_test: 1.074e-02, hsi_likelihood_test: 1.762e-03, msi_likelihood_test: 8.982e-03, regularization_degradation_test: 2.720e-09, regularization_phi_test: 1.787e-03, psnr_xr_test: 4.050e+01, sam_xr_test: 3.418e+00, psnr_yr_test: 2.481e+01, sam_yr_test: 1.885e+01, psnr_zr_test: 4.053e+01, sam_zr_test: 4.897e+00, ssim_zr_test: 9.790e-01, rmse_zr_test: 2.063e+00, ergas_zr_test: 2.756e-01, uqi_zr_test: 9.685e-01, psnr_xdsr_test: 4.048e+01, sam_xdsr_test: 3.599e+00
23-11-27 05:29:48.865 : , G_loss_test: 1.065e-02, hsi_likelihood_test: 1.668e-03, msi_likelihood_test: 8.978e-03, regularization_degradation_test: 2.529e-09, regularization_phi_test: 1.707e-03, psnr_xr_test: 4.070e+01, sam_xr_test: 3.324e+00, psnr_yr_test: 2.495e+01, sam_yr_test: nan, psnr_zr_test: 4.072e+01, sam_zr_test: 4.822e+00, ssim_zr_test: 9.795e-01, rmse_zr_test: 2.037e+00, ergas_zr_test: 2.736e-01, uqi_zr_test: 9.696e-01, psnr_xdsr_test: 4.061e+01, sam_xdsr_test: 3.510e+00
23-11-27 05:29:48.865 : , G_loss_test: 1.065e-02, hsi_likelihood_test: 1.668e-03, msi_likelihood_test: 8.978e-03, regularization_degradation_test: 2.529e-09, regularization_phi_test: 1.707e-03, psnr_xr_test: 4.070e+01, sam_xr_test: 3.324e+00, psnr_yr_test: 2.495e+01, sam_yr_test: nan, psnr_zr_test: 4.072e+01, sam_zr_test: 4.822e+00, ssim_zr_test: 9.795e-01, rmse_zr_test: 2.037e+00, ergas_zr_test: 2.736e-01, uqi_zr_test: 9.696e-01, psnr_xdsr_test: 4.061e+01, sam_xdsr_test: 3.510e+00
23-11-27 05:29:53.165 : , G_loss_test: 1.062e-02, hsi_likelihood_test: 1.647e-03, msi_likelihood_test: 8.974e-03, regularization_degradation_test: 2.491e-09, regularization_phi_test: 1.695e-03, psnr_xr_test: 4.079e+01, sam_xr_test: 3.304e+00, psnr_yr_test: 2.521e+01, sam_yr_test: nan, psnr_zr_test: 4.077e+01, sam_zr_test: 4.805e+00, ssim_zr_test: 9.796e-01, rmse_zr_test: 2.039e+00, ergas_zr_test: 2.736e-01, uqi_zr_test: 9.693e-01, psnr_xdsr_test: 4.061e+01, sam_xdsr_test: 3.484e+00
23-11-27 05:29:53.165 : , G_loss_test: 1.062e-02, hsi_likelihood_test: 1.647e-03, msi_likelihood_test: 8.974e-03, regularization_degradation_test: 2.491e-09, regularization_phi_test: 1.695e-03, psnr_xr_test: 4.079e+01, sam_xr_test: 3.304e+00, psnr_yr_test: 2.521e+01, sam_yr_test: nan, psnr_zr_test: 4.077e+01, sam_zr_test: 4.805e+00, ssim_zr_test: 9.796e-01, rmse_zr_test: 2.039e+00, ergas_zr_test: 2.736e-01, uqi_zr_test: 9.693e-01, psnr_xdsr_test: 4.061e+01, sam_xdsr_test: 3.484e+00
23-11-27 05:29:57.368 : , G_loss_test: 1.060e-02, hsi_likelihood_test: 1.639e-03, msi_likelihood_test: 8.958e-03, regularization_degradation_test: 2.658e-09, regularization_phi_test: 1.688e-03, psnr_xr_test: 4.082e+01, sam_xr_test: 3.281e+00, psnr_yr_test: 2.519e+01, sam_yr_test: 1.882e+01, psnr_zr_test: 4.078e+01, sam_zr_test: 4.792e+00, ssim_zr_test: 9.796e-01, rmse_zr_test: 2.034e+00, ergas_zr_test: 2.729e-01, uqi_zr_test: 9.691e-01, psnr_xdsr_test: 4.065e+01, sam_xdsr_test: 3.466e+00
23-11-27 05:29:57.369 : , G_loss_test: 1.060e-02, hsi_likelihood_test: 1.639e-03, msi_likelihood_test: 8.958e-03, regularization_degradation_test: 2.658e-09, regularization_phi_test: 1.688e-03, psnr_xr_test: 4.082e+01, sam_xr_test: 3.281e+00, psnr_yr_test: 2.519e+01, sam_yr_test: 1.882e+01, psnr_zr_test: 4.078e+01, sam_zr_test: 4.792e+00, ssim_zr_test: 9.796e-01, rmse_zr_test: 2.034e+00, ergas_zr_test: 2.729e-01, uqi_zr_test: 9.691e-01, psnr_xdsr_test: 4.065e+01, sam_xdsr_test: 3.466e+00
23-11-27 05:30:01.629 : , G_loss_test: 1.060e-02, hsi_likelihood_test: 1.661e-03, msi_likelihood_test: 8.940e-03, regularization_degradation_test: 2.516e-09, regularization_phi_test: 1.700e-03, psnr_xr_test: 4.077e+01, sam_xr_test: 3.321e+00, psnr_yr_test: 2.540e+01, sam_yr_test: 1.879e+01, psnr_zr_test: 4.076e+01, sam_zr_test: 4.811e+00, ssim_zr_test: 9.793e-01, rmse_zr_test: 2.039e+00, ergas_zr_test: 2.741e-01, uqi_zr_test: 9.681e-01, psnr_xdsr_test: 4.055e+01, sam_xdsr_test: 3.478e+00
23-11-27 05:30:01.629 : , G_loss_test: 1.060e-02, hsi_likelihood_test: 1.661e-03, msi_likelihood_test: 8.940e-03, regularization_degradation_test: 2.516e-09, regularization_phi_test: 1.700e-03, psnr_xr_test: 4.077e+01, sam_xr_test: 3.321e+00, psnr_yr_test: 2.540e+01, sam_yr_test: 1.879e+01, psnr_zr_test: 4.076e+01, sam_zr_test: 4.811e+00, ssim_zr_test: 9.793e-01, rmse_zr_test: 2.039e+00, ergas_zr_test: 2.741e-01, uqi_zr_test: 9.681e-01, psnr_xdsr_test: 4.055e+01, sam_xdsr_test: 3.478e+00
23-11-27 05:30:05.773 : , G_loss_test: 1.063e-02, hsi_likelihood_test: 1.638e-03, msi_likelihood_test: 8.992e-03, regularization_degradation_test: 2.373e-09, regularization_phi_test: 1.682e-03, psnr_xr_test: 4.083e+01, sam_xr_test: 3.287e+00, psnr_yr_test: 2.512e+01, sam_yr_test: 1.883e+01, psnr_zr_test: 4.079e+01, sam_zr_test: 4.801e+00, ssim_zr_test: 9.798e-01, rmse_zr_test: 2.034e+00, ergas_zr_test: 2.732e-01, uqi_zr_test: 9.700e-01, psnr_xdsr_test: 4.071e+01, sam_xdsr_test: 3.477e+00
23-11-27 05:30:05.774 : , G_loss_test: 1.063e-02, hsi_likelihood_test: 1.638e-03, msi_likelihood_test: 8.992e-03, regularization_degradation_test: 2.373e-09, regularization_phi_test: 1.682e-03, psnr_xr_test: 4.083e+01, sam_xr_test: 3.287e+00, psnr_yr_test: 2.512e+01, sam_yr_test: 1.883e+01, psnr_zr_test: 4.079e+01, sam_zr_test: 4.801e+00, ssim_zr_test: 9.798e-01, rmse_zr_test: 2.034e+00, ergas_zr_test: 2.732e-01, uqi_zr_test: 9.700e-01, psnr_xdsr_test: 4.071e+01, sam_xdsr_test: 3.477e+00
23-11-27 05:30:10.124 : , G_loss_test: 1.062e-02, hsi_likelihood_test: 1.637e-03, msi_likelihood_test: 8.982e-03, regularization_degradation_test: 2.495e-09, regularization_phi_test: 1.681e-03, psnr_xr_test: 4.086e+01, sam_xr_test: 3.265e+00, psnr_yr_test: 2.507e+01, sam_yr_test: 1.888e+01, psnr_zr_test: 4.080e+01, sam_zr_test: 4.788e+00, ssim_zr_test: 9.796e-01, rmse_zr_test: 2.026e+00, ergas_zr_test: 2.716e-01, uqi_zr_test: 9.697e-01, psnr_xdsr_test: 4.073e+01, sam_xdsr_test: 3.455e+00
23-11-27 05:30:10.125 : , G_loss_test: 1.062e-02, hsi_likelihood_test: 1.637e-03, msi_likelihood_test: 8.982e-03, regularization_degradation_test: 2.495e-09, regularization_phi_test: 1.681e-03, psnr_xr_test: 4.086e+01, sam_xr_test: 3.265e+00, psnr_yr_test: 2.507e+01, sam_yr_test: 1.888e+01, psnr_zr_test: 4.080e+01, sam_zr_test: 4.788e+00, ssim_zr_test: 9.796e-01, rmse_zr_test: 2.026e+00, ergas_zr_test: 2.716e-01, uqi_zr_test: 9.697e-01, psnr_xdsr_test: 4.073e+01, sam_xdsr_test: 3.455e+00
23-11-27 05:30:14.392 : , G_loss_test: 1.061e-02, hsi_likelihood_test: 1.624e-03, msi_likelihood_test: 8.984e-03, regularization_degradation_test: 2.873e-09, regularization_phi_test: 1.663e-03, psnr_xr_test: 4.087e+01, sam_xr_test: 3.263e+00, psnr_yr_test: 2.517e+01, sam_yr_test: nan, psnr_zr_test: 4.082e+01, sam_zr_test: 4.785e+00, ssim_zr_test: 9.798e-01, rmse_zr_test: 2.028e+00, ergas_zr_test: 2.722e-01, uqi_zr_test: 9.697e-01, psnr_xdsr_test: 4.074e+01, sam_xdsr_test: 3.445e+00
23-11-27 05:30:14.393 : , G_loss_test: 1.061e-02, hsi_likelihood_test: 1.624e-03, msi_likelihood_test: 8.984e-03, regularization_degradation_test: 2.873e-09, regularization_phi_test: 1.663e-03, psnr_xr_test: 4.087e+01, sam_xr_test: 3.263e+00, psnr_yr_test: 2.517e+01, sam_yr_test: nan, psnr_zr_test: 4.082e+01, sam_zr_test: 4.785e+00, ssim_zr_test: 9.798e-01, rmse_zr_test: 2.028e+00, ergas_zr_test: 2.722e-01, uqi_zr_test: 9.697e-01, psnr_xdsr_test: 4.074e+01, sam_xdsr_test: 3.445e+00
23-11-27 05:30:18.550 : , G_loss_test: 1.065e-02, hsi_likelihood_test: 1.629e-03, msi_likelihood_test: 9.023e-03, regularization_degradation_test: 2.428e-09, regularization_phi_test: 1.653e-03, psnr_xr_test: 4.082e+01, sam_xr_test: 3.269e+00, psnr_yr_test: 2.523e+01, sam_yr_test: 1.873e+01, psnr_zr_test: 4.079e+01, sam_zr_test: 4.790e+00, ssim_zr_test: 9.795e-01, rmse_zr_test: 2.037e+00, ergas_zr_test: 2.737e-01, uqi_zr_test: 9.692e-01, psnr_xdsr_test: 4.079e+01, sam_xdsr_test: 3.438e+00
23-11-27 05:30:18.550 : , G_loss_test: 1.065e-02, hsi_likelihood_test: 1.629e-03, msi_likelihood_test: 9.023e-03, regularization_degradation_test: 2.428e-09, regularization_phi_test: 1.653e-03, psnr_xr_test: 4.082e+01, sam_xr_test: 3.269e+00, psnr_yr_test: 2.523e+01, sam_yr_test: 1.873e+01, psnr_zr_test: 4.079e+01, sam_zr_test: 4.790e+00, ssim_zr_test: 9.795e-01, rmse_zr_test: 2.037e+00, ergas_zr_test: 2.737e-01, uqi_zr_test: 9.692e-01, psnr_xdsr_test: 4.079e+01, sam_xdsr_test: 3.438e+00
23-11-27 05:30:22.679 : , G_loss_test: 1.062e-02, hsi_likelihood_test: 1.624e-03, msi_likelihood_test: 8.993e-03, regularization_degradation_test: 2.368e-09, regularization_phi_test: 1.657e-03, psnr_xr_test: 4.091e+01, sam_xr_test: 3.252e+00, psnr_yr_test: 2.507e+01, sam_yr_test: nan, psnr_zr_test: 4.083e+01, sam_zr_test: 4.778e+00, ssim_zr_test: 9.799e-01, rmse_zr_test: 2.022e+00, ergas_zr_test: 2.710e-01, uqi_zr_test: 9.703e-01, psnr_xdsr_test: 4.079e+01, sam_xdsr_test: 3.430e+00
23-11-27 05:30:22.680 : , G_loss_test: 1.062e-02, hsi_likelihood_test: 1.624e-03, msi_likelihood_test: 8.993e-03, regularization_degradation_test: 2.368e-09, regularization_phi_test: 1.657e-03, psnr_xr_test: 4.091e+01, sam_xr_test: 3.252e+00, psnr_yr_test: 2.507e+01, sam_yr_test: nan, psnr_zr_test: 4.083e+01, sam_zr_test: 4.778e+00, ssim_zr_test: 9.799e-01, rmse_zr_test: 2.022e+00, ergas_zr_test: 2.710e-01, uqi_zr_test: 9.703e-01, psnr_xdsr_test: 4.079e+01, sam_xdsr_test: 3.430e+00
23-11-27 05:30:26.907 : , G_loss_test: 1.061e-02, hsi_likelihood_test: 1.612e-03, msi_likelihood_test: 8.997e-03, regularization_degradation_test: 2.366e-09, regularization_phi_test: 1.652e-03, psnr_xr_test: 4.096e+01, sam_xr_test: 3.254e+00, psnr_yr_test: 2.515e+01, sam_yr_test: 1.881e+01, psnr_zr_test: 4.087e+01, sam_zr_test: 4.773e+00, ssim_zr_test: 9.799e-01, rmse_zr_test: 2.020e+00, ergas_zr_test: 2.706e-01, uqi_zr_test: 9.701e-01, psnr_xdsr_test: 4.079e+01, sam_xdsr_test: 3.430e+00
23-11-27 05:30:26.908 : , G_loss_test: 1.061e-02, hsi_likelihood_test: 1.612e-03, msi_likelihood_test: 8.997e-03, regularization_degradation_test: 2.366e-09, regularization_phi_test: 1.652e-03, psnr_xr_test: 4.096e+01, sam_xr_test: 3.254e+00, psnr_yr_test: 2.515e+01, sam_yr_test: 1.881e+01, psnr_zr_test: 4.087e+01, sam_zr_test: 4.773e+00, ssim_zr_test: 9.799e-01, rmse_zr_test: 2.020e+00, ergas_zr_test: 2.706e-01, uqi_zr_test: 9.701e-01, psnr_xdsr_test: 4.079e+01, sam_xdsr_test: 3.430e+00
23-11-27 05:30:31.125 : , G_loss_test: 1.059e-02, hsi_likelihood_test: 1.597e-03, msi_likelihood_test: 8.995e-03, regularization_degradation_test: 2.427e-09, regularization_phi_test: 1.632e-03, psnr_xr_test: 4.098e+01, sam_xr_test: 3.230e+00, psnr_yr_test: 2.510e+01, sam_yr_test: 1.878e+01, psnr_zr_test: 4.088e+01, sam_zr_test: 4.761e+00, ssim_zr_test: 9.800e-01, rmse_zr_test: 2.018e+00, ergas_zr_test: 2.707e-01, uqi_zr_test: 9.702e-01, psnr_xdsr_test: 4.087e+01, sam_xdsr_test: 3.408e+00
23-11-27 05:30:31.125 : , G_loss_test: 1.059e-02, hsi_likelihood_test: 1.597e-03, msi_likelihood_test: 8.995e-03, regularization_degradation_test: 2.427e-09, regularization_phi_test: 1.632e-03, psnr_xr_test: 4.098e+01, sam_xr_test: 3.230e+00, psnr_yr_test: 2.510e+01, sam_yr_test: 1.878e+01, psnr_zr_test: 4.088e+01, sam_zr_test: 4.761e+00, ssim_zr_test: 9.800e-01, rmse_zr_test: 2.018e+00, ergas_zr_test: 2.707e-01, uqi_zr_test: 9.702e-01, psnr_xdsr_test: 4.087e+01, sam_xdsr_test: 3.408e+00
23-11-27 05:30:39.725 : , G_loss_test: 3.273e-02, hsi_likelihood_test: 1.034e-02, msi_likelihood_test: 2.239e-02, regularization_degradation_test: 5.392e-09, regularization_phi_test: 1.040e-02, psnr_xr_test: 2.814e+01, sam_xr_test: 8.456e+00, psnr_yr_test: 1.755e+01, sam_yr_test: 1.985e+01, psnr_zr_test: 2.858e+01, sam_zr_test: 9.713e+00, ssim_zr_test: 9.540e-01, rmse_zr_test: 8.512e+00, ergas_zr_test: 4.540e-01, uqi_zr_test: 9.503e-01, psnr_xdsr_test: 2.813e+01, sam_xdsr_test: 8.525e+00
23-11-27 05:30:39.726 : , G_loss_test: 3.273e-02, hsi_likelihood_test: 1.034e-02, msi_likelihood_test: 2.239e-02, regularization_degradation_test: 5.392e-09, regularization_phi_test: 1.040e-02, psnr_xr_test: 2.814e+01, sam_xr_test: 8.456e+00, psnr_yr_test: 1.755e+01, sam_yr_test: 1.985e+01, psnr_zr_test: 2.858e+01, sam_zr_test: 9.713e+00, ssim_zr_test: 9.540e-01, rmse_zr_test: 8.512e+00, ergas_zr_test: 4.540e-01, uqi_zr_test: 9.503e-01, psnr_xdsr_test: 2.813e+01, sam_xdsr_test: 8.525e+00
23-11-27 05:30:44.007 : , G_loss_test: 3.144e-02, hsi_likelihood_test: 8.829e-03, msi_likelihood_test: 2.262e-02, regularization_degradation_test: 5.207e-09, regularization_phi_test: 8.947e-03, psnr_xr_test: 2.903e+01, sam_xr_test: 7.869e+00, psnr_yr_test: 1.792e+01, sam_yr_test: 2.043e+01, psnr_zr_test: 2.946e+01, sam_zr_test: 9.065e+00, ssim_zr_test: 9.646e-01, rmse_zr_test: 8.035e+00, ergas_zr_test: 4.309e-01, uqi_zr_test: 9.656e-01, psnr_xdsr_test: 2.892e+01, sam_xdsr_test: 7.906e+00
23-11-27 05:30:44.008 : , G_loss_test: 3.144e-02, hsi_likelihood_test: 8.829e-03, msi_likelihood_test: 2.262e-02, regularization_degradation_test: 5.207e-09, regularization_phi_test: 8.947e-03, psnr_xr_test: 2.903e+01, sam_xr_test: 7.869e+00, psnr_yr_test: 1.792e+01, sam_yr_test: 2.043e+01, psnr_zr_test: 2.946e+01, sam_zr_test: 9.065e+00, ssim_zr_test: 9.646e-01, rmse_zr_test: 8.035e+00, ergas_zr_test: 4.309e-01, uqi_zr_test: 9.656e-01, psnr_xdsr_test: 2.892e+01, sam_xdsr_test: 7.906e+00
23-11-27 05:30:48.407 : , G_loss_test: 3.056e-02, hsi_likelihood_test: 8.072e-03, msi_likelihood_test: 2.249e-02, regularization_degradation_test: 5.573e-09, regularization_phi_test: 8.198e-03, psnr_xr_test: 2.949e+01, sam_xr_test: 7.037e+00, psnr_yr_test: 1.784e+01, sam_yr_test: 1.930e+01, psnr_zr_test: 2.988e+01, sam_zr_test: 8.127e+00, ssim_zr_test: 9.702e-01, rmse_zr_test: 7.682e+00, ergas_zr_test: 4.167e-01, uqi_zr_test: 9.734e-01, psnr_xdsr_test: 2.933e+01, sam_xdsr_test: 7.105e+00
23-11-27 05:30:48.408 : , G_loss_test: 3.056e-02, hsi_likelihood_test: 8.072e-03, msi_likelihood_test: 2.249e-02, regularization_degradation_test: 5.573e-09, regularization_phi_test: 8.198e-03, psnr_xr_test: 2.949e+01, sam_xr_test: 7.037e+00, psnr_yr_test: 1.784e+01, sam_yr_test: 1.930e+01, psnr_zr_test: 2.988e+01, sam_zr_test: 8.127e+00, ssim_zr_test: 9.702e-01, rmse_zr_test: 7.682e+00, ergas_zr_test: 4.167e-01, uqi_zr_test: 9.734e-01, psnr_xdsr_test: 2.933e+01, sam_xdsr_test: 7.105e+00
23-11-27 05:30:52.601 : , G_loss_test: 3.027e-02, hsi_likelihood_test: 7.706e-03, msi_likelihood_test: 2.256e-02, regularization_degradation_test: 5.719e-09, regularization_phi_test: 7.812e-03, psnr_xr_test: 2.985e+01, sam_xr_test: 6.641e+00, psnr_yr_test: 1.748e+01, sam_yr_test: 1.964e+01, psnr_zr_test: 3.021e+01, sam_zr_test: 7.698e+00, ssim_zr_test: 9.726e-01, rmse_zr_test: 7.397e+00, ergas_zr_test: 4.033e-01, uqi_zr_test: 9.768e-01, psnr_xdsr_test: 2.976e+01, sam_xdsr_test: 6.698e+00
23-11-27 05:30:52.602 : , G_loss_test: 3.027e-02, hsi_likelihood_test: 7.706e-03, msi_likelihood_test: 2.256e-02, regularization_degradation_test: 5.719e-09, regularization_phi_test: 7.812e-03, psnr_xr_test: 2.985e+01, sam_xr_test: 6.641e+00, psnr_yr_test: 1.748e+01, sam_yr_test: 1.964e+01, psnr_zr_test: 3.021e+01, sam_zr_test: 7.698e+00, ssim_zr_test: 9.726e-01, rmse_zr_test: 7.397e+00, ergas_zr_test: 4.033e-01, uqi_zr_test: 9.768e-01, psnr_xdsr_test: 2.976e+01, sam_xdsr_test: 6.698e+00
23-11-27 05:30:56.869 : , G_loss_test: 2.986e-02, hsi_likelihood_test: 7.303e-03, msi_likelihood_test: 2.255e-02, regularization_degradation_test: 5.493e-09, regularization_phi_test: 7.401e-03, psnr_xr_test: 3.019e+01, sam_xr_test: 6.354e+00, psnr_yr_test: 1.743e+01, sam_yr_test: 1.929e+01, psnr_zr_test: 3.052e+01, sam_zr_test: 7.407e+00, ssim_zr_test: 9.737e-01, rmse_zr_test: 7.159e+00, ergas_zr_test: 3.916e-01, uqi_zr_test: 9.786e-01, psnr_xdsr_test: 3.008e+01, sam_xdsr_test: 6.423e+00
23-11-27 05:30:56.869 : , G_loss_test: 2.986e-02, hsi_likelihood_test: 7.303e-03, msi_likelihood_test: 2.255e-02, regularization_degradation_test: 5.493e-09, regularization_phi_test: 7.401e-03, psnr_xr_test: 3.019e+01, sam_xr_test: 6.354e+00, psnr_yr_test: 1.743e+01, sam_yr_test: 1.929e+01, psnr_zr_test: 3.052e+01, sam_zr_test: 7.407e+00, ssim_zr_test: 9.737e-01, rmse_zr_test: 7.159e+00, ergas_zr_test: 3.916e-01, uqi_zr_test: 9.786e-01, psnr_xdsr_test: 3.008e+01, sam_xdsr_test: 6.423e+00
23-11-27 05:31:01.218 : , G_loss_test: 2.970e-02, hsi_likelihood_test: 7.175e-03, msi_likelihood_test: 2.253e-02, regularization_degradation_test: 5.692e-09, regularization_phi_test: 7.277e-03, psnr_xr_test: 3.052e+01, sam_xr_test: 6.117e+00, psnr_yr_test: 1.701e+01, sam_yr_test: 1.915e+01, psnr_zr_test: 3.083e+01, sam_zr_test: 7.180e+00, ssim_zr_test: 9.737e-01, rmse_zr_test: 6.910e+00, ergas_zr_test: 3.790e-01, uqi_zr_test: 9.784e-01, psnr_xdsr_test: 3.046e+01, sam_xdsr_test: 6.180e+00
23-11-27 05:31:01.218 : , G_loss_test: 2.970e-02, hsi_likelihood_test: 7.175e-03, msi_likelihood_test: 2.253e-02, regularization_degradation_test: 5.692e-09, regularization_phi_test: 7.277e-03, psnr_xr_test: 3.052e+01, sam_xr_test: 6.117e+00, psnr_yr_test: 1.701e+01, sam_yr_test: 1.915e+01, psnr_zr_test: 3.083e+01, sam_zr_test: 7.180e+00, ssim_zr_test: 9.737e-01, rmse_zr_test: 6.910e+00, ergas_zr_test: 3.790e-01, uqi_zr_test: 9.784e-01, psnr_xdsr_test: 3.046e+01, sam_xdsr_test: 6.180e+00
23-11-27 05:31:05.521 : , G_loss_test: 2.935e-02, hsi_likelihood_test: 6.781e-03, msi_likelihood_test: 2.257e-02, regularization_degradation_test: 5.558e-09, regularization_phi_test: 6.861e-03, psnr_xr_test: 3.089e+01, sam_xr_test: 5.883e+00, psnr_yr_test: 1.678e+01, sam_yr_test: 1.907e+01, psnr_zr_test: 3.118e+01, sam_zr_test: 6.960e+00, ssim_zr_test: 9.746e-01, rmse_zr_test: 6.730e+00, ergas_zr_test: 3.674e-01, uqi_zr_test: 9.796e-01, psnr_xdsr_test: 3.082e+01, sam_xdsr_test: 5.929e+00
23-11-27 05:31:05.521 : , G_loss_test: 2.935e-02, hsi_likelihood_test: 6.781e-03, msi_likelihood_test: 2.257e-02, regularization_degradation_test: 5.558e-09, regularization_phi_test: 6.861e-03, psnr_xr_test: 3.089e+01, sam_xr_test: 5.883e+00, psnr_yr_test: 1.678e+01, sam_yr_test: 1.907e+01, psnr_zr_test: 3.118e+01, sam_zr_test: 6.960e+00, ssim_zr_test: 9.746e-01, rmse_zr_test: 6.730e+00, ergas_zr_test: 3.674e-01, uqi_zr_test: 9.796e-01, psnr_xdsr_test: 3.082e+01, sam_xdsr_test: 5.929e+00
23-11-27 05:31:09.846 : , G_loss_test: 2.912e-02, hsi_likelihood_test: 6.537e-03, msi_likelihood_test: 2.258e-02, regularization_degradation_test: 5.246e-09, regularization_phi_test: 6.704e-03, psnr_xr_test: 3.122e+01, sam_xr_test: 5.650e+00, psnr_yr_test: 1.653e+01, sam_yr_test: 1.910e+01, psnr_zr_test: 3.149e+01, sam_zr_test: 6.700e+00, ssim_zr_test: 9.753e-01, rmse_zr_test: 6.546e+00, ergas_zr_test: 3.578e-01, uqi_zr_test: 9.802e-01, psnr_xdsr_test: 3.105e+01, sam_xdsr_test: 5.718e+00
23-11-27 05:31:09.846 : , G_loss_test: 2.912e-02, hsi_likelihood_test: 6.537e-03, msi_likelihood_test: 2.258e-02, regularization_degradation_test: 5.246e-09, regularization_phi_test: 6.704e-03, psnr_xr_test: 3.122e+01, sam_xr_test: 5.650e+00, psnr_yr_test: 1.653e+01, sam_yr_test: 1.910e+01, psnr_zr_test: 3.149e+01, sam_zr_test: 6.700e+00, ssim_zr_test: 9.753e-01, rmse_zr_test: 6.546e+00, ergas_zr_test: 3.578e-01, uqi_zr_test: 9.802e-01, psnr_xdsr_test: 3.105e+01, sam_xdsr_test: 5.718e+00
23-11-27 05:31:14.261 : , G_loss_test: 2.888e-02, hsi_likelihood_test: 6.219e-03, msi_likelihood_test: 2.266e-02, regularization_degradation_test: 5.002e-09, regularization_phi_test: 6.345e-03, psnr_xr_test: 3.174e+01, sam_xr_test: 5.421e+00, psnr_yr_test: 1.625e+01, sam_yr_test: 1.923e+01, psnr_zr_test: 3.202e+01, sam_zr_test: 6.455e+00, ssim_zr_test: 9.762e-01, rmse_zr_test: 6.325e+00, ergas_zr_test: 3.457e-01, uqi_zr_test: 9.813e-01, psnr_xdsr_test: 3.159e+01, sam_xdsr_test: 5.480e+00
23-11-27 05:31:14.262 : , G_loss_test: 2.888e-02, hsi_likelihood_test: 6.219e-03, msi_likelihood_test: 2.266e-02, regularization_degradation_test: 5.002e-09, regularization_phi_test: 6.345e-03, psnr_xr_test: 3.174e+01, sam_xr_test: 5.421e+00, psnr_yr_test: 1.625e+01, sam_yr_test: 1.923e+01, psnr_zr_test: 3.202e+01, sam_zr_test: 6.455e+00, ssim_zr_test: 9.762e-01, rmse_zr_test: 6.325e+00, ergas_zr_test: 3.457e-01, uqi_zr_test: 9.813e-01, psnr_xdsr_test: 3.159e+01, sam_xdsr_test: 5.480e+00
23-11-27 05:31:18.575 : , G_loss_test: 2.866e-02, hsi_likelihood_test: 5.948e-03, msi_likelihood_test: 2.272e-02, regularization_degradation_test: 5.569e-09, regularization_phi_test: 6.118e-03, psnr_xr_test: 3.222e+01, sam_xr_test: 5.202e+00, psnr_yr_test: 1.613e+01, sam_yr_test: 1.920e+01, psnr_zr_test: 3.247e+01, sam_zr_test: 6.226e+00, ssim_zr_test: 9.768e-01, rmse_zr_test: 6.135e+00, ergas_zr_test: 3.351e-01, uqi_zr_test: 9.823e-01, psnr_xdsr_test: 3.205e+01, sam_xdsr_test: 5.270e+00
23-11-27 05:31:18.575 : , G_loss_test: 2.866e-02, hsi_likelihood_test: 5.948e-03, msi_likelihood_test: 2.272e-02, regularization_degradation_test: 5.569e-09, regularization_phi_test: 6.118e-03, psnr_xr_test: 3.222e+01, sam_xr_test: 5.202e+00, psnr_yr_test: 1.613e+01, sam_yr_test: 1.920e+01, psnr_zr_test: 3.247e+01, sam_zr_test: 6.226e+00, ssim_zr_test: 9.768e-01, rmse_zr_test: 6.135e+00, ergas_zr_test: 3.351e-01, uqi_zr_test: 9.823e-01, psnr_xdsr_test: 3.205e+01, sam_xdsr_test: 5.270e+00
23-11-27 05:31:22.777 : , G_loss_test: 2.868e-02, hsi_likelihood_test: 5.838e-03, msi_likelihood_test: 2.284e-02, regularization_degradation_test: 5.016e-09, regularization_phi_test: 6.019e-03, psnr_xr_test: 3.261e+01, sam_xr_test: 5.078e+00, psnr_yr_test: 1.599e+01, sam_yr_test: 1.911e+01, psnr_zr_test: 3.284e+01, sam_zr_test: 6.094e+00, ssim_zr_test: 9.783e-01, rmse_zr_test: 5.964e+00, ergas_zr_test: 3.265e-01, uqi_zr_test: 9.842e-01, psnr_xdsr_test: 3.236e+01, sam_xdsr_test: 5.153e+00
23-11-27 05:31:22.778 : , G_loss_test: 2.868e-02, hsi_likelihood_test: 5.838e-03, msi_likelihood_test: 2.284e-02, regularization_degradation_test: 5.016e-09, regularization_phi_test: 6.019e-03, psnr_xr_test: 3.261e+01, sam_xr_test: 5.078e+00, psnr_yr_test: 1.599e+01, sam_yr_test: 1.911e+01, psnr_zr_test: 3.284e+01, sam_zr_test: 6.094e+00, ssim_zr_test: 9.783e-01, rmse_zr_test: 5.964e+00, ergas_zr_test: 3.265e-01, uqi_zr_test: 9.842e-01, psnr_xdsr_test: 3.236e+01, sam_xdsr_test: 5.153e+00
23-11-27 05:31:27.063 : , G_loss_test: 2.841e-02, hsi_likelihood_test: 5.581e-03, msi_likelihood_test: 2.283e-02, regularization_degradation_test: 5.043e-09, regularization_phi_test: 5.808e-03, psnr_xr_test: 3.311e+01, sam_xr_test: 4.953e+00, psnr_yr_test: 1.589e+01, sam_yr_test: 1.903e+01, psnr_zr_test: 3.332e+01, sam_zr_test: 5.975e+00, ssim_zr_test: 9.785e-01, rmse_zr_test: 5.833e+00, ergas_zr_test: 3.194e-01, uqi_zr_test: 9.850e-01, psnr_xdsr_test: 3.277e+01, sam_xdsr_test: 5.052e+00
23-11-27 05:31:27.063 : , G_loss_test: 2.841e-02, hsi_likelihood_test: 5.581e-03, msi_likelihood_test: 2.283e-02, regularization_degradation_test: 5.043e-09, regularization_phi_test: 5.808e-03, psnr_xr_test: 3.311e+01, sam_xr_test: 4.953e+00, psnr_yr_test: 1.589e+01, sam_yr_test: 1.903e+01, psnr_zr_test: 3.332e+01, sam_zr_test: 5.975e+00, ssim_zr_test: 9.785e-01, rmse_zr_test: 5.833e+00, ergas_zr_test: 3.194e-01, uqi_zr_test: 9.850e-01, psnr_xdsr_test: 3.277e+01, sam_xdsr_test: 5.052e+00
23-11-27 05:31:31.272 : , G_loss_test: 2.816e-02, hsi_likelihood_test: 5.362e-03, msi_likelihood_test: 2.280e-02, regularization_degradation_test: 5.409e-09, regularization_phi_test: 5.463e-03, psnr_xr_test: 3.348e+01, sam_xr_test: 4.774e+00, psnr_yr_test: 1.588e+01, sam_yr_test: 1.905e+01, psnr_zr_test: 3.370e+01, sam_zr_test: 5.778e+00, ssim_zr_test: 9.782e-01, rmse_zr_test: 5.701e+00, ergas_zr_test: 3.106e-01, uqi_zr_test: 9.839e-01, psnr_xdsr_test: 3.328e+01, sam_xdsr_test: 4.830e+00
23-11-27 05:31:31.273 : , G_loss_test: 2.816e-02, hsi_likelihood_test: 5.362e-03, msi_likelihood_test: 2.280e-02, regularization_degradation_test: 5.409e-09, regularization_phi_test: 5.463e-03, psnr_xr_test: 3.348e+01, sam_xr_test: 4.774e+00, psnr_yr_test: 1.588e+01, sam_yr_test: 1.905e+01, psnr_zr_test: 3.370e+01, sam_zr_test: 5.778e+00, ssim_zr_test: 9.782e-01, rmse_zr_test: 5.701e+00, ergas_zr_test: 3.106e-01, uqi_zr_test: 9.839e-01, psnr_xdsr_test: 3.328e+01, sam_xdsr_test: 4.830e+00
23-11-27 05:31:35.510 : , G_loss_test: 2.801e-02, hsi_likelihood_test: 5.142e-03, msi_likelihood_test: 2.287e-02, regularization_degradation_test: 5.190e-09, regularization_phi_test: 5.293e-03, psnr_xr_test: 3.373e+01, sam_xr_test: 4.677e+00, psnr_yr_test: 1.584e+01, sam_yr_test: 1.905e+01, psnr_zr_test: 3.389e+01, sam_zr_test: 5.685e+00, ssim_zr_test: 9.789e-01, rmse_zr_test: 5.646e+00, ergas_zr_test: 3.061e-01, uqi_zr_test: 9.844e-01, psnr_xdsr_test: 3.350e+01, sam_xdsr_test: 4.732e+00
23-11-27 05:31:35.510 : , G_loss_test: 2.801e-02, hsi_likelihood_test: 5.142e-03, msi_likelihood_test: 2.287e-02, regularization_degradation_test: 5.190e-09, regularization_phi_test: 5.293e-03, psnr_xr_test: 3.373e+01, sam_xr_test: 4.677e+00, psnr_yr_test: 1.584e+01, sam_yr_test: 1.905e+01, psnr_zr_test: 3.389e+01, sam_zr_test: 5.685e+00, ssim_zr_test: 9.789e-01, rmse_zr_test: 5.646e+00, ergas_zr_test: 3.061e-01, uqi_zr_test: 9.844e-01, psnr_xdsr_test: 3.350e+01, sam_xdsr_test: 4.732e+00
23-11-27 05:31:39.762 : , G_loss_test: 2.791e-02, hsi_likelihood_test: 4.980e-03, msi_likelihood_test: 2.293e-02, regularization_degradation_test: 5.065e-09, regularization_phi_test: 5.116e-03, psnr_xr_test: 3.397e+01, sam_xr_test: 4.620e+00, psnr_yr_test: 1.575e+01, sam_yr_test: 1.906e+01, psnr_zr_test: 3.411e+01, sam_zr_test: 5.639e+00, ssim_zr_test: 9.792e-01, rmse_zr_test: 5.598e+00, ergas_zr_test: 3.021e-01, uqi_zr_test: 9.852e-01, psnr_xdsr_test: 3.372e+01, sam_xdsr_test: 4.676e+00
23-11-27 05:31:39.762 : , G_loss_test: 2.791e-02, hsi_likelihood_test: 4.980e-03, msi_likelihood_test: 2.293e-02, regularization_degradation_test: 5.065e-09, regularization_phi_test: 5.116e-03, psnr_xr_test: 3.397e+01, sam_xr_test: 4.620e+00, psnr_yr_test: 1.575e+01, sam_yr_test: 1.906e+01, psnr_zr_test: 3.411e+01, sam_zr_test: 5.639e+00, ssim_zr_test: 9.792e-01, rmse_zr_test: 5.598e+00, ergas_zr_test: 3.021e-01, uqi_zr_test: 9.852e-01, psnr_xdsr_test: 3.372e+01, sam_xdsr_test: 4.676e+00
23-11-27 05:31:44.029 : , G_loss_test: 2.780e-02, hsi_likelihood_test: 4.861e-03, msi_likelihood_test: 2.294e-02, regularization_degradation_test: 4.964e-09, regularization_phi_test: 4.996e-03, psnr_xr_test: 3.418e+01, sam_xr_test: 4.550e+00, psnr_yr_test: 1.572e+01, sam_yr_test: 1.912e+01, psnr_zr_test: 3.431e+01, sam_zr_test: 5.573e+00, ssim_zr_test: 9.797e-01, rmse_zr_test: 5.573e+00, ergas_zr_test: 2.995e-01, uqi_zr_test: 9.858e-01, psnr_xdsr_test: 3.393e+01, sam_xdsr_test: 4.604e+00
23-11-27 05:31:44.030 : , G_loss_test: 2.780e-02, hsi_likelihood_test: 4.861e-03, msi_likelihood_test: 2.294e-02, regularization_degradation_test: 4.964e-09, regularization_phi_test: 4.996e-03, psnr_xr_test: 3.418e+01, sam_xr_test: 4.550e+00, psnr_yr_test: 1.572e+01, sam_yr_test: 1.912e+01, psnr_zr_test: 3.431e+01, sam_zr_test: 5.573e+00, ssim_zr_test: 9.797e-01, rmse_zr_test: 5.573e+00, ergas_zr_test: 2.995e-01, uqi_zr_test: 9.858e-01, psnr_xdsr_test: 3.393e+01, sam_xdsr_test: 4.604e+00
23-11-27 05:31:48.255 : , G_loss_test: 2.774e-02, hsi_likelihood_test: 4.757e-03, msi_likelihood_test: 2.298e-02, regularization_degradation_test: 5.042e-09, regularization_phi_test: 4.905e-03, psnr_xr_test: 3.441e+01, sam_xr_test: 4.479e+00, psnr_yr_test: 1.566e+01, sam_yr_test: 1.921e+01, psnr_zr_test: 3.452e+01, sam_zr_test: 5.501e+00, ssim_zr_test: 9.799e-01, rmse_zr_test: 5.527e+00, ergas_zr_test: 2.957e-01, uqi_zr_test: 9.862e-01, psnr_xdsr_test: 3.412e+01, sam_xdsr_test: 4.532e+00
23-11-27 05:31:48.256 : , G_loss_test: 2.774e-02, hsi_likelihood_test: 4.757e-03, msi_likelihood_test: 2.298e-02, regularization_degradation_test: 5.042e-09, regularization_phi_test: 4.905e-03, psnr_xr_test: 3.441e+01, sam_xr_test: 4.479e+00, psnr_yr_test: 1.566e+01, sam_yr_test: 1.921e+01, psnr_zr_test: 3.452e+01, sam_zr_test: 5.501e+00, ssim_zr_test: 9.799e-01, rmse_zr_test: 5.527e+00, ergas_zr_test: 2.957e-01, uqi_zr_test: 9.862e-01, psnr_xdsr_test: 3.412e+01, sam_xdsr_test: 4.532e+00
23-11-27 05:31:52.512 : , G_loss_test: 2.768e-02, hsi_likelihood_test: 4.648e-03, msi_likelihood_test: 2.303e-02, regularization_degradation_test: 5.033e-09, regularization_phi_test: 4.802e-03, psnr_xr_test: 3.465e+01, sam_xr_test: 4.421e+00, psnr_yr_test: 1.564e+01, sam_yr_test: 1.920e+01, psnr_zr_test: 3.473e+01, sam_zr_test: 5.450e+00, ssim_zr_test: 9.802e-01, rmse_zr_test: 5.479e+00, ergas_zr_test: 2.919e-01, uqi_zr_test: 9.866e-01, psnr_xdsr_test: 3.435e+01, sam_xdsr_test: 4.487e+00
23-11-27 05:31:52.512 : , G_loss_test: 2.768e-02, hsi_likelihood_test: 4.648e-03, msi_likelihood_test: 2.303e-02, regularization_degradation_test: 5.033e-09, regularization_phi_test: 4.802e-03, psnr_xr_test: 3.465e+01, sam_xr_test: 4.421e+00, psnr_yr_test: 1.564e+01, sam_yr_test: 1.920e+01, psnr_zr_test: 3.473e+01, sam_zr_test: 5.450e+00, ssim_zr_test: 9.802e-01, rmse_zr_test: 5.479e+00, ergas_zr_test: 2.919e-01, uqi_zr_test: 9.866e-01, psnr_xdsr_test: 3.435e+01, sam_xdsr_test: 4.487e+00
23-11-27 05:31:56.642 : , G_loss_test: 2.765e-02, hsi_likelihood_test: 4.550e-03, msi_likelihood_test: 2.310e-02, regularization_degradation_test: 5.059e-09, regularization_phi_test: 4.695e-03, psnr_xr_test: 3.489e+01, sam_xr_test: 4.357e+00, psnr_yr_test: 1.560e+01, sam_yr_test: 1.921e+01, psnr_zr_test: 3.496e+01, sam_zr_test: 5.389e+00, ssim_zr_test: 9.802e-01, rmse_zr_test: 5.427e+00, ergas_zr_test: 2.882e-01, uqi_zr_test: 9.869e-01, psnr_xdsr_test: 3.458e+01, sam_xdsr_test: 4.414e+00
23-11-27 05:31:56.642 : , G_loss_test: 2.765e-02, hsi_likelihood_test: 4.550e-03, msi_likelihood_test: 2.310e-02, regularization_degradation_test: 5.059e-09, regularization_phi_test: 4.695e-03, psnr_xr_test: 3.489e+01, sam_xr_test: 4.357e+00, psnr_yr_test: 1.560e+01, sam_yr_test: 1.921e+01, psnr_zr_test: 3.496e+01, sam_zr_test: 5.389e+00, ssim_zr_test: 9.802e-01, rmse_zr_test: 5.427e+00, ergas_zr_test: 2.882e-01, uqi_zr_test: 9.869e-01, psnr_xdsr_test: 3.458e+01, sam_xdsr_test: 4.414e+00
23-11-27 05:32:00.894 : , G_loss_test: 2.753e-02, hsi_likelihood_test: 4.438e-03, msi_likelihood_test: 2.310e-02, regularization_degradation_test: 5.286e-09, regularization_phi_test: 4.580e-03, psnr_xr_test: 3.516e+01, sam_xr_test: 4.303e+00, psnr_yr_test: 1.553e+01, sam_yr_test: 1.928e+01, psnr_zr_test: 3.517e+01, sam_zr_test: 5.345e+00, ssim_zr_test: 9.804e-01, rmse_zr_test: 5.374e+00, ergas_zr_test: 2.844e-01, uqi_zr_test: 9.871e-01, psnr_xdsr_test: 3.483e+01, sam_xdsr_test: 4.357e+00
23-11-27 05:32:00.895 : , G_loss_test: 2.753e-02, hsi_likelihood_test: 4.438e-03, msi_likelihood_test: 2.310e-02, regularization_degradation_test: 5.286e-09, regularization_phi_test: 4.580e-03, psnr_xr_test: 3.516e+01, sam_xr_test: 4.303e+00, psnr_yr_test: 1.553e+01, sam_yr_test: 1.928e+01, psnr_zr_test: 3.517e+01, sam_zr_test: 5.345e+00, ssim_zr_test: 9.804e-01, rmse_zr_test: 5.374e+00, ergas_zr_test: 2.844e-01, uqi_zr_test: 9.871e-01, psnr_xdsr_test: 3.483e+01, sam_xdsr_test: 4.357e+00
23-11-27 05:32:05.061 : , G_loss_test: 2.747e-02, hsi_likelihood_test: 4.321e-03, msi_likelihood_test: 2.315e-02, regularization_degradation_test: 4.833e-09, regularization_phi_test: 4.464e-03, psnr_xr_test: 3.544e+01, sam_xr_test: 4.237e+00, psnr_yr_test: 1.548e+01, sam_yr_test: 1.931e+01, psnr_zr_test: 3.542e+01, sam_zr_test: 5.280e+00, ssim_zr_test: 9.805e-01, rmse_zr_test: 5.317e+00, ergas_zr_test: 2.804e-01, uqi_zr_test: 9.876e-01, psnr_xdsr_test: 3.510e+01, sam_xdsr_test: 4.297e+00
23-11-27 05:32:05.062 : , G_loss_test: 2.747e-02, hsi_likelihood_test: 4.321e-03, msi_likelihood_test: 2.315e-02, regularization_degradation_test: 4.833e-09, regularization_phi_test: 4.464e-03, psnr_xr_test: 3.544e+01, sam_xr_test: 4.237e+00, psnr_yr_test: 1.548e+01, sam_yr_test: 1.931e+01, psnr_zr_test: 3.542e+01, sam_zr_test: 5.280e+00, ssim_zr_test: 9.805e-01, rmse_zr_test: 5.317e+00, ergas_zr_test: 2.804e-01, uqi_zr_test: 9.876e-01, psnr_xdsr_test: 3.510e+01, sam_xdsr_test: 4.297e+00
23-11-27 05:32:09.375 : , G_loss_test: 2.743e-02, hsi_likelihood_test: 4.223e-03, msi_likelihood_test: 2.321e-02, regularization_degradation_test: 5.228e-09, regularization_phi_test: 4.382e-03, psnr_xr_test: 3.576e+01, sam_xr_test: 4.168e+00, psnr_yr_test: 1.542e+01, sam_yr_test: 1.938e+01, psnr_zr_test: 3.569e+01, sam_zr_test: 5.217e+00, ssim_zr_test: 9.809e-01, rmse_zr_test: 5.260e+00, ergas_zr_test: 2.764e-01, uqi_zr_test: 9.882e-01, psnr_xdsr_test: 3.536e+01, sam_xdsr_test: 4.235e+00
23-11-27 05:32:09.375 : , G_loss_test: 2.743e-02, hsi_likelihood_test: 4.223e-03, msi_likelihood_test: 2.321e-02, regularization_degradation_test: 5.228e-09, regularization_phi_test: 4.382e-03, psnr_xr_test: 3.576e+01, sam_xr_test: 4.168e+00, psnr_yr_test: 1.542e+01, sam_yr_test: 1.938e+01, psnr_zr_test: 3.569e+01, sam_zr_test: 5.217e+00, ssim_zr_test: 9.809e-01, rmse_zr_test: 5.260e+00, ergas_zr_test: 2.764e-01, uqi_zr_test: 9.882e-01, psnr_xdsr_test: 3.536e+01, sam_xdsr_test: 4.235e+00
23-11-27 05:32:13.573 : , G_loss_test: 2.741e-02, hsi_likelihood_test: 4.136e-03, msi_likelihood_test: 2.327e-02, regularization_degradation_test: 4.729e-09, regularization_phi_test: 4.365e-03, psnr_xr_test: 3.599e+01, sam_xr_test: 4.104e+00, psnr_yr_test: 1.535e+01, sam_yr_test: 1.943e+01, psnr_zr_test: 3.591e+01, sam_zr_test: 5.154e+00, ssim_zr_test: 9.810e-01, rmse_zr_test: 5.192e+00, ergas_zr_test: 2.721e-01, uqi_zr_test: 9.888e-01, psnr_xdsr_test: 3.545e+01, sam_xdsr_test: 4.184e+00
23-11-27 05:32:13.574 : , G_loss_test: 2.741e-02, hsi_likelihood_test: 4.136e-03, msi_likelihood_test: 2.327e-02, regularization_degradation_test: 4.729e-09, regularization_phi_test: 4.365e-03, psnr_xr_test: 3.599e+01, sam_xr_test: 4.104e+00, psnr_yr_test: 1.535e+01, sam_yr_test: 1.943e+01, psnr_zr_test: 3.591e+01, sam_zr_test: 5.154e+00, ssim_zr_test: 9.810e-01, rmse_zr_test: 5.192e+00, ergas_zr_test: 2.721e-01, uqi_zr_test: 9.888e-01, psnr_xdsr_test: 3.545e+01, sam_xdsr_test: 4.184e+00
23-11-27 05:32:17.771 : , G_loss_test: 2.732e-02, hsi_likelihood_test: 4.062e-03, msi_likelihood_test: 2.325e-02, regularization_degradation_test: 5.073e-09, regularization_phi_test: 4.231e-03, psnr_xr_test: 3.612e+01, sam_xr_test: 4.059e+00, psnr_yr_test: 1.534e+01, sam_yr_test: 1.947e+01, psnr_zr_test: 3.601e+01, sam_zr_test: 5.108e+00, ssim_zr_test: 9.811e-01, rmse_zr_test: 5.144e+00, ergas_zr_test: 2.693e-01, uqi_zr_test: 9.887e-01, psnr_xdsr_test: 3.567e+01, sam_xdsr_test: 4.118e+00
23-11-27 05:32:17.771 : , G_loss_test: 2.732e-02, hsi_likelihood_test: 4.062e-03, msi_likelihood_test: 2.325e-02, regularization_degradation_test: 5.073e-09, regularization_phi_test: 4.231e-03, psnr_xr_test: 3.612e+01, sam_xr_test: 4.059e+00, psnr_yr_test: 1.534e+01, sam_yr_test: 1.947e+01, psnr_zr_test: 3.601e+01, sam_zr_test: 5.108e+00, ssim_zr_test: 9.811e-01, rmse_zr_test: 5.144e+00, ergas_zr_test: 2.693e-01, uqi_zr_test: 9.887e-01, psnr_xdsr_test: 3.567e+01, sam_xdsr_test: 4.118e+00
23-11-27 05:32:25.876 : , G_loss_test: 1.546e-02, hsi_likelihood_test: 5.297e-03, msi_likelihood_test: 1.016e-02, regularization_degradation_test: 4.280e-09, regularization_phi_test: 5.369e-03, psnr_xr_test: 3.311e+01, sam_xr_test: 1.496e+01, psnr_yr_test: 2.228e+01, sam_yr_test: 1.882e+01, psnr_zr_test: 3.388e+01, sam_zr_test: 1.701e+01, ssim_zr_test: 9.594e-01, rmse_zr_test: 5.659e+00, ergas_zr_test: 5.721e-01, uqi_zr_test: 8.310e-01, psnr_xdsr_test: 3.305e+01, sam_xdsr_test: 1.537e+01
23-11-27 05:32:25.876 : , G_loss_test: 1.546e-02, hsi_likelihood_test: 5.297e-03, msi_likelihood_test: 1.016e-02, regularization_degradation_test: 4.280e-09, regularization_phi_test: 5.369e-03, psnr_xr_test: 3.311e+01, sam_xr_test: 1.496e+01, psnr_yr_test: 2.228e+01, sam_yr_test: 1.882e+01, psnr_zr_test: 3.388e+01, sam_zr_test: 1.701e+01, ssim_zr_test: 9.594e-01, rmse_zr_test: 5.659e+00, ergas_zr_test: 5.721e-01, uqi_zr_test: 8.310e-01, psnr_xdsr_test: 3.305e+01, sam_xdsr_test: 1.537e+01
23-11-27 05:32:30.106 : , G_loss_test: 1.390e-02, hsi_likelihood_test: 4.634e-03, msi_likelihood_test: 9.267e-03, regularization_degradation_test: 4.367e-09, regularization_phi_test: 4.649e-03, psnr_xr_test: 3.383e+01, sam_xr_test: 9.903e+00, psnr_yr_test: 2.339e+01, sam_yr_test: 1.985e+01, psnr_zr_test: 3.449e+01, sam_zr_test: 1.234e+01, ssim_zr_test: 9.731e-01, rmse_zr_test: 5.445e+00, ergas_zr_test: 5.495e-01, uqi_zr_test: 8.785e-01, psnr_xdsr_test: 3.385e+01, sam_xdsr_test: 1.058e+01
23-11-27 05:32:30.107 : , G_loss_test: 1.390e-02, hsi_likelihood_test: 4.634e-03, msi_likelihood_test: 9.267e-03, regularization_degradation_test: 4.367e-09, regularization_phi_test: 4.649e-03, psnr_xr_test: 3.383e+01, sam_xr_test: 9.903e+00, psnr_yr_test: 2.339e+01, sam_yr_test: 1.985e+01, psnr_zr_test: 3.449e+01, sam_zr_test: 1.234e+01, ssim_zr_test: 9.731e-01, rmse_zr_test: 5.445e+00, ergas_zr_test: 5.495e-01, uqi_zr_test: 8.785e-01, psnr_xdsr_test: 3.385e+01, sam_xdsr_test: 1.058e+01
23-11-27 05:32:34.423 : , G_loss_test: 1.409e-02, hsi_likelihood_test: 4.465e-03, msi_likelihood_test: 9.623e-03, regularization_degradation_test: 4.253e-09, regularization_phi_test: 4.463e-03, psnr_xr_test: 3.406e+01, sam_xr_test: 9.842e+00, psnr_yr_test: 2.295e+01, sam_yr_test: 1.938e+01, psnr_zr_test: 3.472e+01, sam_zr_test: 1.182e+01, ssim_zr_test: 9.744e-01, rmse_zr_test: 5.347e+00, ergas_zr_test: 5.395e-01, uqi_zr_test: 8.878e-01, psnr_xdsr_test: 3.411e+01, sam_xdsr_test: 1.020e+01
23-11-27 05:32:34.424 : , G_loss_test: 1.409e-02, hsi_likelihood_test: 4.465e-03, msi_likelihood_test: 9.623e-03, regularization_degradation_test: 4.253e-09, regularization_phi_test: 4.463e-03, psnr_xr_test: 3.406e+01, sam_xr_test: 9.842e+00, psnr_yr_test: 2.295e+01, sam_yr_test: 1.938e+01, psnr_zr_test: 3.472e+01, sam_zr_test: 1.182e+01, ssim_zr_test: 9.744e-01, rmse_zr_test: 5.347e+00, ergas_zr_test: 5.395e-01, uqi_zr_test: 8.878e-01, psnr_xdsr_test: 3.411e+01, sam_xdsr_test: 1.020e+01
23-11-27 05:32:38.629 : , G_loss_test: 1.408e-02, hsi_likelihood_test: 4.375e-03, msi_likelihood_test: 9.701e-03, regularization_degradation_test: 4.501e-09, regularization_phi_test: 4.378e-03, psnr_xr_test: 3.416e+01, sam_xr_test: 9.552e+00, psnr_yr_test: 2.284e+01, sam_yr_test: 1.965e+01, psnr_zr_test: 3.484e+01, sam_zr_test: 1.151e+01, ssim_zr_test: 9.751e-01, rmse_zr_test: 5.281e+00, ergas_zr_test: 5.330e-01, uqi_zr_test: 8.871e-01, psnr_xdsr_test: 3.420e+01, sam_xdsr_test: 9.864e+00
23-11-27 05:32:38.630 : , G_loss_test: 1.408e-02, hsi_likelihood_test: 4.375e-03, msi_likelihood_test: 9.701e-03, regularization_degradation_test: 4.501e-09, regularization_phi_test: 4.378e-03, psnr_xr_test: 3.416e+01, sam_xr_test: 9.552e+00, psnr_yr_test: 2.284e+01, sam_yr_test: 1.965e+01, psnr_zr_test: 3.484e+01, sam_zr_test: 1.151e+01, ssim_zr_test: 9.751e-01, rmse_zr_test: 5.281e+00, ergas_zr_test: 5.330e-01, uqi_zr_test: 8.871e-01, psnr_xdsr_test: 3.420e+01, sam_xdsr_test: 9.864e+00
23-11-27 05:32:42.942 : , G_loss_test: 1.403e-02, hsi_likelihood_test: 4.317e-03, msi_likelihood_test: 9.713e-03, regularization_degradation_test: 4.007e-09, regularization_phi_test: 4.311e-03, psnr_xr_test: 3.424e+01, sam_xr_test: 9.397e+00, psnr_yr_test: 2.278e+01, sam_yr_test: 1.971e+01, psnr_zr_test: 3.493e+01, sam_zr_test: 1.136e+01, ssim_zr_test: 9.755e-01, rmse_zr_test: 5.232e+00, ergas_zr_test: 5.281e-01, uqi_zr_test: 8.876e-01, psnr_xdsr_test: 3.429e+01, sam_xdsr_test: 9.740e+00
23-11-27 05:32:42.942 : , G_loss_test: 1.403e-02, hsi_likelihood_test: 4.317e-03, msi_likelihood_test: 9.713e-03, regularization_degradation_test: 4.007e-09, regularization_phi_test: 4.311e-03, psnr_xr_test: 3.424e+01, sam_xr_test: 9.397e+00, psnr_yr_test: 2.278e+01, sam_yr_test: 1.971e+01, psnr_zr_test: 3.493e+01, sam_zr_test: 1.136e+01, ssim_zr_test: 9.755e-01, rmse_zr_test: 5.232e+00, ergas_zr_test: 5.281e-01, uqi_zr_test: 8.876e-01, psnr_xdsr_test: 3.429e+01, sam_xdsr_test: 9.740e+00
23-11-27 05:32:47.135 : , G_loss_test: 1.387e-02, hsi_likelihood_test: 4.305e-03, msi_likelihood_test: 9.561e-03, regularization_degradation_test: 4.800e-09, regularization_phi_test: 4.280e-03, psnr_xr_test: 3.431e+01, sam_xr_test: 9.360e+00, psnr_yr_test: 2.300e+01, sam_yr_test: 1.956e+01, psnr_zr_test: 3.499e+01, sam_zr_test: 1.135e+01, ssim_zr_test: 9.758e-01, rmse_zr_test: 5.191e+00, ergas_zr_test: 5.242e-01, uqi_zr_test: 8.871e-01, psnr_xdsr_test: 3.439e+01, sam_xdsr_test: 9.743e+00
23-11-27 05:32:47.135 : , G_loss_test: 1.387e-02, hsi_likelihood_test: 4.305e-03, msi_likelihood_test: 9.561e-03, regularization_degradation_test: 4.800e-09, regularization_phi_test: 4.280e-03, psnr_xr_test: 3.431e+01, sam_xr_test: 9.360e+00, psnr_yr_test: 2.300e+01, sam_yr_test: 1.956e+01, psnr_zr_test: 3.499e+01, sam_zr_test: 1.135e+01, ssim_zr_test: 9.758e-01, rmse_zr_test: 5.191e+00, ergas_zr_test: 5.242e-01, uqi_zr_test: 8.871e-01, psnr_xdsr_test: 3.439e+01, sam_xdsr_test: 9.743e+00
23-11-27 05:32:51.314 : , G_loss_test: 1.388e-02, hsi_likelihood_test: 4.263e-03, msi_likelihood_test: 9.619e-03, regularization_degradation_test: 4.241e-09, regularization_phi_test: 4.235e-03, psnr_xr_test: 3.435e+01, sam_xr_test: 9.337e+00, psnr_yr_test: 2.294e+01, sam_yr_test: 1.966e+01, psnr_zr_test: 3.503e+01, sam_zr_test: 1.130e+01, ssim_zr_test: 9.760e-01, rmse_zr_test: 5.149e+00, ergas_zr_test: 5.199e-01, uqi_zr_test: 8.877e-01, psnr_xdsr_test: 3.444e+01, sam_xdsr_test: 9.626e+00
23-11-27 05:32:51.315 : , G_loss_test: 1.388e-02, hsi_likelihood_test: 4.263e-03, msi_likelihood_test: 9.619e-03, regularization_degradation_test: 4.241e-09, regularization_phi_test: 4.235e-03, psnr_xr_test: 3.435e+01, sam_xr_test: 9.337e+00, psnr_yr_test: 2.294e+01, sam_yr_test: 1.966e+01, psnr_zr_test: 3.503e+01, sam_zr_test: 1.130e+01, ssim_zr_test: 9.760e-01, rmse_zr_test: 5.149e+00, ergas_zr_test: 5.199e-01, uqi_zr_test: 8.877e-01, psnr_xdsr_test: 3.444e+01, sam_xdsr_test: 9.626e+00
23-11-27 05:32:55.560 : , G_loss_test: 1.381e-02, hsi_likelihood_test: 4.224e-03, msi_likelihood_test: 9.584e-03, regularization_degradation_test: 3.937e-09, regularization_phi_test: 4.237e-03, psnr_xr_test: 3.443e+01, sam_xr_test: 9.376e+00, psnr_yr_test: 2.297e+01, sam_yr_test: 1.962e+01, psnr_zr_test: 3.512e+01, sam_zr_test: 1.136e+01, ssim_zr_test: 9.759e-01, rmse_zr_test: 5.108e+00, ergas_zr_test: 5.159e-01, uqi_zr_test: 8.847e-01, psnr_xdsr_test: 3.446e+01, sam_xdsr_test: 9.665e+00
23-11-27 05:32:55.561 : , G_loss_test: 1.381e-02, hsi_likelihood_test: 4.224e-03, msi_likelihood_test: 9.584e-03, regularization_degradation_test: 3.937e-09, regularization_phi_test: 4.237e-03, psnr_xr_test: 3.443e+01, sam_xr_test: 9.376e+00, psnr_yr_test: 2.297e+01, sam_yr_test: 1.962e+01, psnr_zr_test: 3.512e+01, sam_zr_test: 1.136e+01, ssim_zr_test: 9.759e-01, rmse_zr_test: 5.108e+00, ergas_zr_test: 5.159e-01, uqi_zr_test: 8.847e-01, psnr_xdsr_test: 3.446e+01, sam_xdsr_test: 9.665e+00
23-11-27 05:32:59.747 : , G_loss_test: 1.389e-02, hsi_likelihood_test: 4.184e-03, msi_likelihood_test: 9.708e-03, regularization_degradation_test: 4.289e-09, regularization_phi_test: 4.182e-03, psnr_xr_test: 3.448e+01, sam_xr_test: 9.359e+00, psnr_yr_test: 2.277e+01, sam_yr_test: 1.960e+01, psnr_zr_test: 3.517e+01, sam_zr_test: 1.132e+01, ssim_zr_test: 9.764e-01, rmse_zr_test: 5.085e+00, ergas_zr_test: 5.136e-01, uqi_zr_test: 8.870e-01, psnr_xdsr_test: 3.454e+01, sam_xdsr_test: 9.633e+00
23-11-27 05:32:59.748 : , G_loss_test: 1.389e-02, hsi_likelihood_test: 4.184e-03, msi_likelihood_test: 9.708e-03, regularization_degradation_test: 4.289e-09, regularization_phi_test: 4.182e-03, psnr_xr_test: 3.448e+01, sam_xr_test: 9.359e+00, psnr_yr_test: 2.277e+01, sam_yr_test: 1.960e+01, psnr_zr_test: 3.517e+01, sam_zr_test: 1.132e+01, ssim_zr_test: 9.764e-01, rmse_zr_test: 5.085e+00, ergas_zr_test: 5.136e-01, uqi_zr_test: 8.870e-01, psnr_xdsr_test: 3.454e+01, sam_xdsr_test: 9.633e+00
23-11-27 05:33:03.989 : , G_loss_test: 1.376e-02, hsi_likelihood_test: 4.164e-03, msi_likelihood_test: 9.595e-03, regularization_degradation_test: 4.406e-09, regularization_phi_test: 4.150e-03, psnr_xr_test: 3.451e+01, sam_xr_test: 9.075e+00, psnr_yr_test: 2.287e+01, sam_yr_test: 1.976e+01, psnr_zr_test: 3.520e+01, sam_zr_test: 1.112e+01, ssim_zr_test: 9.763e-01, rmse_zr_test: 5.061e+00, ergas_zr_test: 5.115e-01, uqi_zr_test: 8.870e-01, psnr_xdsr_test: 3.458e+01, sam_xdsr_test: 9.498e+00
23-11-27 05:33:03.990 : , G_loss_test: 1.376e-02, hsi_likelihood_test: 4.164e-03, msi_likelihood_test: 9.595e-03, regularization_degradation_test: 4.406e-09, regularization_phi_test: 4.150e-03, psnr_xr_test: 3.451e+01, sam_xr_test: 9.075e+00, psnr_yr_test: 2.287e+01, sam_yr_test: 1.976e+01, psnr_zr_test: 3.520e+01, sam_zr_test: 1.112e+01, ssim_zr_test: 9.763e-01, rmse_zr_test: 5.061e+00, ergas_zr_test: 5.115e-01, uqi_zr_test: 8.870e-01, psnr_xdsr_test: 3.458e+01, sam_xdsr_test: 9.498e+00
23-11-27 05:33:08.208 : , G_loss_test: 1.381e-02, hsi_likelihood_test: 4.142e-03, msi_likelihood_test: 9.664e-03, regularization_degradation_test: 4.507e-09, regularization_phi_test: 4.132e-03, psnr_xr_test: 3.455e+01, sam_xr_test: 9.179e+00, psnr_yr_test: 2.291e+01, sam_yr_test: 1.968e+01, psnr_zr_test: 3.522e+01, sam_zr_test: 1.116e+01, ssim_zr_test: 9.761e-01, rmse_zr_test: 5.044e+00, ergas_zr_test: 5.099e-01, uqi_zr_test: 8.885e-01, psnr_xdsr_test: 3.459e+01, sam_xdsr_test: 9.403e+00
23-11-27 05:33:08.208 : , G_loss_test: 1.381e-02, hsi_likelihood_test: 4.142e-03, msi_likelihood_test: 9.664e-03, regularization_degradation_test: 4.507e-09, regularization_phi_test: 4.132e-03, psnr_xr_test: 3.455e+01, sam_xr_test: 9.179e+00, psnr_yr_test: 2.291e+01, sam_yr_test: 1.968e+01, psnr_zr_test: 3.522e+01, sam_zr_test: 1.116e+01, ssim_zr_test: 9.761e-01, rmse_zr_test: 5.044e+00, ergas_zr_test: 5.099e-01, uqi_zr_test: 8.885e-01, psnr_xdsr_test: 3.459e+01, sam_xdsr_test: 9.403e+00
23-11-27 05:33:12.413 : , G_loss_test: 1.402e-02, hsi_likelihood_test: 4.145e-03, msi_likelihood_test: 9.875e-03, regularization_degradation_test: 4.337e-09, regularization_phi_test: 4.173e-03, psnr_xr_test: 3.452e+01, sam_xr_test: 9.258e+00, psnr_yr_test: 2.253e+01, sam_yr_test: 1.953e+01, psnr_zr_test: 3.522e+01, sam_zr_test: 1.120e+01, ssim_zr_test: 9.764e-01, rmse_zr_test: 5.040e+00, ergas_zr_test: 5.095e-01, uqi_zr_test: 8.879e-01, psnr_xdsr_test: 3.449e+01, sam_xdsr_test: 9.616e+00
23-11-27 05:33:12.414 : , G_loss_test: 1.402e-02, hsi_likelihood_test: 4.145e-03, msi_likelihood_test: 9.875e-03, regularization_degradation_test: 4.337e-09, regularization_phi_test: 4.173e-03, psnr_xr_test: 3.452e+01, sam_xr_test: 9.258e+00, psnr_yr_test: 2.253e+01, sam_yr_test: 1.953e+01, psnr_zr_test: 3.522e+01, sam_zr_test: 1.120e+01, ssim_zr_test: 9.764e-01, rmse_zr_test: 5.040e+00, ergas_zr_test: 5.095e-01, uqi_zr_test: 8.879e-01, psnr_xdsr_test: 3.449e+01, sam_xdsr_test: 9.616e+00
23-11-27 05:33:16.692 : , G_loss_test: 1.379e-02, hsi_likelihood_test: 4.098e-03, msi_likelihood_test: 9.696e-03, regularization_degradation_test: 4.195e-09, regularization_phi_test: 4.099e-03, psnr_xr_test: 3.462e+01, sam_xr_test: 9.000e+00, psnr_yr_test: 2.275e+01, sam_yr_test: 1.958e+01, psnr_zr_test: 3.528e+01, sam_zr_test: 1.099e+01, ssim_zr_test: 9.769e-01, rmse_zr_test: 5.016e+00, ergas_zr_test: 5.073e-01, uqi_zr_test: 8.877e-01, psnr_xdsr_test: 3.466e+01, sam_xdsr_test: 9.260e+00
23-11-27 05:33:16.693 : , G_loss_test: 1.379e-02, hsi_likelihood_test: 4.098e-03, msi_likelihood_test: 9.696e-03, regularization_degradation_test: 4.195e-09, regularization_phi_test: 4.099e-03, psnr_xr_test: 3.462e+01, sam_xr_test: 9.000e+00, psnr_yr_test: 2.275e+01, sam_yr_test: 1.958e+01, psnr_zr_test: 3.528e+01, sam_zr_test: 1.099e+01, ssim_zr_test: 9.769e-01, rmse_zr_test: 5.016e+00, ergas_zr_test: 5.073e-01, uqi_zr_test: 8.877e-01, psnr_xdsr_test: 3.466e+01, sam_xdsr_test: 9.260e+00
23-11-27 05:33:20.922 : , G_loss_test: 1.386e-02, hsi_likelihood_test: 4.085e-03, msi_likelihood_test: 9.773e-03, regularization_degradation_test: 4.253e-09, regularization_phi_test: 4.068e-03, psnr_xr_test: 3.463e+01, sam_xr_test: 8.988e+00, psnr_yr_test: 2.254e+01, sam_yr_test: 1.962e+01, psnr_zr_test: 3.530e+01, sam_zr_test: 1.095e+01, ssim_zr_test: 9.771e-01, rmse_zr_test: 5.014e+00, ergas_zr_test: 5.069e-01, uqi_zr_test: 8.896e-01, psnr_xdsr_test: 3.469e+01, sam_xdsr_test: 9.203e+00
23-11-27 05:33:20.923 : , G_loss_test: 1.386e-02, hsi_likelihood_test: 4.085e-03, msi_likelihood_test: 9.773e-03, regularization_degradation_test: 4.253e-09, regularization_phi_test: 4.068e-03, psnr_xr_test: 3.463e+01, sam_xr_test: 8.988e+00, psnr_yr_test: 2.254e+01, sam_yr_test: 1.962e+01, psnr_zr_test: 3.530e+01, sam_zr_test: 1.095e+01, ssim_zr_test: 9.771e-01, rmse_zr_test: 5.014e+00, ergas_zr_test: 5.069e-01, uqi_zr_test: 8.896e-01, psnr_xdsr_test: 3.469e+01, sam_xdsr_test: 9.203e+00
23-11-27 05:33:25.288 : , G_loss_test: 1.377e-02, hsi_likelihood_test: 4.076e-03, msi_likelihood_test: 9.696e-03, regularization_degradation_test: 4.265e-09, regularization_phi_test: 4.055e-03, psnr_xr_test: 3.464e+01, sam_xr_test: 8.970e+00, psnr_yr_test: 2.272e+01, sam_yr_test: 1.956e+01, psnr_zr_test: 3.531e+01, sam_zr_test: 1.098e+01, ssim_zr_test: 9.770e-01, rmse_zr_test: 5.005e+00, ergas_zr_test: 5.062e-01, uqi_zr_test: 8.896e-01, psnr_xdsr_test: 3.470e+01, sam_xdsr_test: 9.369e+00
23-11-27 05:33:25.289 : , G_loss_test: 1.377e-02, hsi_likelihood_test: 4.076e-03, msi_likelihood_test: 9.696e-03, regularization_degradation_test: 4.265e-09, regularization_phi_test: 4.055e-03, psnr_xr_test: 3.464e+01, sam_xr_test: 8.970e+00, psnr_yr_test: 2.272e+01, sam_yr_test: 1.956e+01, psnr_zr_test: 3.531e+01, sam_zr_test: 1.098e+01, ssim_zr_test: 9.770e-01, rmse_zr_test: 5.005e+00, ergas_zr_test: 5.062e-01, uqi_zr_test: 8.896e-01, psnr_xdsr_test: 3.470e+01, sam_xdsr_test: 9.369e+00
23-11-27 05:33:29.604 : , G_loss_test: 1.386e-02, hsi_likelihood_test: 4.066e-03, msi_likelihood_test: 9.796e-03, regularization_degradation_test: 4.206e-09, regularization_phi_test: 4.059e-03, psnr_xr_test: 3.464e+01, sam_xr_test: 9.016e+00, psnr_yr_test: 2.257e+01, sam_yr_test: 1.956e+01, psnr_zr_test: 3.532e+01, sam_zr_test: 1.101e+01, ssim_zr_test: 9.769e-01, rmse_zr_test: 5.000e+00, ergas_zr_test: 5.056e-01, uqi_zr_test: 8.894e-01, psnr_xdsr_test: 3.470e+01, sam_xdsr_test: 9.329e+00
23-11-27 05:33:29.604 : , G_loss_test: 1.386e-02, hsi_likelihood_test: 4.066e-03, msi_likelihood_test: 9.796e-03, regularization_degradation_test: 4.206e-09, regularization_phi_test: 4.059e-03, psnr_xr_test: 3.464e+01, sam_xr_test: 9.016e+00, psnr_yr_test: 2.257e+01, sam_yr_test: 1.956e+01, psnr_zr_test: 3.532e+01, sam_zr_test: 1.101e+01, ssim_zr_test: 9.769e-01, rmse_zr_test: 5.000e+00, ergas_zr_test: 5.056e-01, uqi_zr_test: 8.894e-01, psnr_xdsr_test: 3.470e+01, sam_xdsr_test: 9.329e+00
23-11-27 05:33:33.898 : , G_loss_test: 1.384e-02, hsi_likelihood_test: 4.062e-03, msi_likelihood_test: 9.780e-03, regularization_degradation_test: 4.392e-09, regularization_phi_test: 4.042e-03, psnr_xr_test: 3.466e+01, sam_xr_test: 8.951e+00, psnr_yr_test: 2.258e+01, sam_yr_test: 1.962e+01, psnr_zr_test: 3.533e+01, sam_zr_test: 1.091e+01, ssim_zr_test: 9.772e-01, rmse_zr_test: 4.992e+00, ergas_zr_test: 5.050e-01, uqi_zr_test: 8.895e-01, psnr_xdsr_test: 3.471e+01, sam_xdsr_test: 9.216e+00
23-11-27 05:33:33.898 : , G_loss_test: 1.384e-02, hsi_likelihood_test: 4.062e-03, msi_likelihood_test: 9.780e-03, regularization_degradation_test: 4.392e-09, regularization_phi_test: 4.042e-03, psnr_xr_test: 3.466e+01, sam_xr_test: 8.951e+00, psnr_yr_test: 2.258e+01, sam_yr_test: 1.962e+01, psnr_zr_test: 3.533e+01, sam_zr_test: 1.091e+01, ssim_zr_test: 9.772e-01, rmse_zr_test: 4.992e+00, ergas_zr_test: 5.050e-01, uqi_zr_test: 8.895e-01, psnr_xdsr_test: 3.471e+01, sam_xdsr_test: 9.216e+00
23-11-27 05:33:38.158 : , G_loss_test: 1.383e-02, hsi_likelihood_test: 4.051e-03, msi_likelihood_test: 9.782e-03, regularization_degradation_test: 4.510e-09, regularization_phi_test: 4.033e-03, psnr_xr_test: 3.468e+01, sam_xr_test: 9.003e+00, psnr_yr_test: 2.256e+01, sam_yr_test: 1.960e+01, psnr_zr_test: 3.535e+01, sam_zr_test: 1.096e+01, ssim_zr_test: 9.772e-01, rmse_zr_test: 4.988e+00, ergas_zr_test: 5.045e-01, uqi_zr_test: 8.895e-01, psnr_xdsr_test: 3.474e+01, sam_xdsr_test: 9.265e+00
23-11-27 05:33:38.158 : , G_loss_test: 1.383e-02, hsi_likelihood_test: 4.051e-03, msi_likelihood_test: 9.782e-03, regularization_degradation_test: 4.510e-09, regularization_phi_test: 4.033e-03, psnr_xr_test: 3.468e+01, sam_xr_test: 9.003e+00, psnr_yr_test: 2.256e+01, sam_yr_test: 1.960e+01, psnr_zr_test: 3.535e+01, sam_zr_test: 1.096e+01, ssim_zr_test: 9.772e-01, rmse_zr_test: 4.988e+00, ergas_zr_test: 5.045e-01, uqi_zr_test: 8.895e-01, psnr_xdsr_test: 3.474e+01, sam_xdsr_test: 9.265e+00
23-11-27 05:33:42.442 : , G_loss_test: 1.381e-02, hsi_likelihood_test: 4.043e-03, msi_likelihood_test: 9.764e-03, regularization_degradation_test: 4.362e-09, regularization_phi_test: 4.033e-03, psnr_xr_test: 3.468e+01, sam_xr_test: 8.940e+00, psnr_yr_test: 2.259e+01, sam_yr_test: 1.954e+01, psnr_zr_test: 3.535e+01, sam_zr_test: 1.090e+01, ssim_zr_test: 9.772e-01, rmse_zr_test: 4.983e+00, ergas_zr_test: 5.040e-01, uqi_zr_test: 8.901e-01, psnr_xdsr_test: 3.471e+01, sam_xdsr_test: 9.240e+00
23-11-27 05:33:42.442 : , G_loss_test: 1.381e-02, hsi_likelihood_test: 4.043e-03, msi_likelihood_test: 9.764e-03, regularization_degradation_test: 4.362e-09, regularization_phi_test: 4.033e-03, psnr_xr_test: 3.468e+01, sam_xr_test: 8.940e+00, psnr_yr_test: 2.259e+01, sam_yr_test: 1.954e+01, psnr_zr_test: 3.535e+01, sam_zr_test: 1.090e+01, ssim_zr_test: 9.772e-01, rmse_zr_test: 4.983e+00, ergas_zr_test: 5.040e-01, uqi_zr_test: 8.901e-01, psnr_xdsr_test: 3.471e+01, sam_xdsr_test: 9.240e+00
23-11-27 05:33:46.615 : , G_loss_test: 1.381e-02, hsi_likelihood_test: 4.040e-03, msi_likelihood_test: 9.772e-03, regularization_degradation_test: 4.137e-09, regularization_phi_test: 4.046e-03, psnr_xr_test: 3.472e+01, sam_xr_test: 8.987e+00, psnr_yr_test: 2.256e+01, sam_yr_test: 1.953e+01, psnr_zr_test: 3.538e+01, sam_zr_test: 1.094e+01, ssim_zr_test: 9.773e-01, rmse_zr_test: 4.973e+00, ergas_zr_test: 5.031e-01, uqi_zr_test: 8.895e-01, psnr_xdsr_test: 3.475e+01, sam_xdsr_test: 9.221e+00
23-11-27 05:33:46.615 : , G_loss_test: 1.381e-02, hsi_likelihood_test: 4.040e-03, msi_likelihood_test: 9.772e-03, regularization_degradation_test: 4.137e-09, regularization_phi_test: 4.046e-03, psnr_xr_test: 3.472e+01, sam_xr_test: 8.987e+00, psnr_yr_test: 2.256e+01, sam_yr_test: 1.953e+01, psnr_zr_test: 3.538e+01, sam_zr_test: 1.094e+01, ssim_zr_test: 9.773e-01, rmse_zr_test: 4.973e+00, ergas_zr_test: 5.031e-01, uqi_zr_test: 8.895e-01, psnr_xdsr_test: 3.475e+01, sam_xdsr_test: 9.221e+00
23-11-27 05:33:50.837 : , G_loss_test: 1.384e-02, hsi_likelihood_test: 4.037e-03, msi_likelihood_test: 9.801e-03, regularization_degradation_test: 4.087e-09, regularization_phi_test: 4.017e-03, psnr_xr_test: 3.470e+01, sam_xr_test: 8.958e+00, psnr_yr_test: 2.252e+01, sam_yr_test: 1.957e+01, psnr_zr_test: 3.537e+01, sam_zr_test: 1.092e+01, ssim_zr_test: 9.773e-01, rmse_zr_test: 4.967e+00, ergas_zr_test: 5.026e-01, uqi_zr_test: 8.902e-01, psnr_xdsr_test: 3.476e+01, sam_xdsr_test: 9.198e+00
23-11-27 05:33:50.837 : , G_loss_test: 1.384e-02, hsi_likelihood_test: 4.037e-03, msi_likelihood_test: 9.801e-03, regularization_degradation_test: 4.087e-09, regularization_phi_test: 4.017e-03, psnr_xr_test: 3.470e+01, sam_xr_test: 8.958e+00, psnr_yr_test: 2.252e+01, sam_yr_test: 1.957e+01, psnr_zr_test: 3.537e+01, sam_zr_test: 1.092e+01, ssim_zr_test: 9.773e-01, rmse_zr_test: 4.967e+00, ergas_zr_test: 5.026e-01, uqi_zr_test: 8.902e-01, psnr_xdsr_test: 3.476e+01, sam_xdsr_test: 9.198e+00
23-11-27 05:33:55.075 : , G_loss_test: 1.383e-02, hsi_likelihood_test: 4.030e-03, msi_likelihood_test: 9.803e-03, regularization_degradation_test: 4.702e-09, regularization_phi_test: 4.009e-03, psnr_xr_test: 3.471e+01, sam_xr_test: 8.916e+00, psnr_yr_test: 2.247e+01, sam_yr_test: 1.960e+01, psnr_zr_test: 3.538e+01, sam_zr_test: 1.088e+01, ssim_zr_test: 9.774e-01, rmse_zr_test: 4.967e+00, ergas_zr_test: 5.025e-01, uqi_zr_test: 8.890e-01, psnr_xdsr_test: 3.478e+01, sam_xdsr_test: 9.139e+00
23-11-27 05:33:55.076 : , G_loss_test: 1.383e-02, hsi_likelihood_test: 4.030e-03, msi_likelihood_test: 9.803e-03, regularization_degradation_test: 4.702e-09, regularization_phi_test: 4.009e-03, psnr_xr_test: 3.471e+01, sam_xr_test: 8.916e+00, psnr_yr_test: 2.247e+01, sam_yr_test: 1.960e+01, psnr_zr_test: 3.538e+01, sam_zr_test: 1.088e+01, ssim_zr_test: 9.774e-01, rmse_zr_test: 4.967e+00, ergas_zr_test: 5.025e-01, uqi_zr_test: 8.890e-01, psnr_xdsr_test: 3.478e+01, sam_xdsr_test: 9.139e+00
23-11-27 05:33:59.382 : , G_loss_test: 1.380e-02, hsi_likelihood_test: 4.022e-03, msi_likelihood_test: 9.777e-03, regularization_degradation_test: 3.855e-09, regularization_phi_test: 4.004e-03, psnr_xr_test: 3.473e+01, sam_xr_test: 8.902e+00, psnr_yr_test: 2.250e+01, sam_yr_test: 1.955e+01, psnr_zr_test: 3.539e+01, sam_zr_test: 1.087e+01, ssim_zr_test: 9.773e-01, rmse_zr_test: 4.961e+00, ergas_zr_test: 5.020e-01, uqi_zr_test: 8.896e-01, psnr_xdsr_test: 3.479e+01, sam_xdsr_test: 9.143e+00
23-11-27 05:33:59.382 : , G_loss_test: 1.380e-02, hsi_likelihood_test: 4.022e-03, msi_likelihood_test: 9.777e-03, regularization_degradation_test: 3.855e-09, regularization_phi_test: 4.004e-03, psnr_xr_test: 3.473e+01, sam_xr_test: 8.902e+00, psnr_yr_test: 2.250e+01, sam_yr_test: 1.955e+01, psnr_zr_test: 3.539e+01, sam_zr_test: 1.087e+01, ssim_zr_test: 9.773e-01, rmse_zr_test: 4.961e+00, ergas_zr_test: 5.020e-01, uqi_zr_test: 8.896e-01, psnr_xdsr_test: 3.479e+01, sam_xdsr_test: 9.143e+00
23-11-27 05:34:03.672 : , G_loss_test: 1.390e-02, hsi_likelihood_test: 4.028e-03, msi_likelihood_test: 9.874e-03, regularization_degradation_test: 4.630e-09, regularization_phi_test: 3.998e-03, psnr_xr_test: 3.470e+01, sam_xr_test: 8.960e+00, psnr_yr_test: 2.233e+01, sam_yr_test: 1.950e+01, psnr_zr_test: 3.538e+01, sam_zr_test: 1.089e+01, ssim_zr_test: 9.775e-01, rmse_zr_test: 4.970e+00, ergas_zr_test: 5.027e-01, uqi_zr_test: 8.901e-01, psnr_xdsr_test: 3.480e+01, sam_xdsr_test: 9.150e+00
23-11-27 05:34:03.672 : , G_loss_test: 1.390e-02, hsi_likelihood_test: 4.028e-03, msi_likelihood_test: 9.874e-03, regularization_degradation_test: 4.630e-09, regularization_phi_test: 3.998e-03, psnr_xr_test: 3.470e+01, sam_xr_test: 8.960e+00, psnr_yr_test: 2.233e+01, sam_yr_test: 1.950e+01, psnr_zr_test: 3.538e+01, sam_zr_test: 1.089e+01, ssim_zr_test: 9.775e-01, rmse_zr_test: 4.970e+00, ergas_zr_test: 5.027e-01, uqi_zr_test: 8.901e-01, psnr_xdsr_test: 3.480e+01, sam_xdsr_test: 9.150e+00
23-11-27 05:34:11.880 : , G_loss_test: 8.357e-03, hsi_likelihood_test: 2.779e-03, msi_likelihood_test: 5.578e-03, regularization_degradation_test: 1.079e-09, regularization_phi_test: 3.048e-03, psnr_xr_test: 3.365e+01, sam_xr_test: 6.537e+00, psnr_yr_test: 2.800e+01, sam_yr_test: 1.872e+01, psnr_zr_test: 3.812e+01, sam_zr_test: 9.924e+00, ssim_zr_test: 9.685e-01, rmse_zr_test: 3.846e+00, ergas_zr_test: 9.873e-01, uqi_zr_test: 9.127e-01, psnr_xdsr_test: 3.293e+01, sam_xdsr_test: 7.556e+00
23-11-27 05:34:11.881 : , G_loss_test: 8.357e-03, hsi_likelihood_test: 2.779e-03, msi_likelihood_test: 5.578e-03, regularization_degradation_test: 1.079e-09, regularization_phi_test: 3.048e-03, psnr_xr_test: 3.365e+01, sam_xr_test: 6.537e+00, psnr_yr_test: 2.800e+01, sam_yr_test: 1.872e+01, psnr_zr_test: 3.812e+01, sam_zr_test: 9.924e+00, ssim_zr_test: 9.685e-01, rmse_zr_test: 3.846e+00, ergas_zr_test: 9.873e-01, uqi_zr_test: 9.127e-01, psnr_xdsr_test: 3.293e+01, sam_xdsr_test: 7.556e+00
23-11-27 05:34:16.157 : , G_loss_test: 8.028e-03, hsi_likelihood_test: 2.255e-03, msi_likelihood_test: 5.773e-03, regularization_degradation_test: 1.268e-09, regularization_phi_test: 2.438e-03, psnr_xr_test: 3.549e+01, sam_xr_test: 5.490e+00, psnr_yr_test: 2.680e+01, sam_yr_test: 1.827e+01, psnr_zr_test: 3.930e+01, sam_zr_test: 8.744e+00, ssim_zr_test: 9.709e-01, rmse_zr_test: 3.251e+00, ergas_zr_test: 8.528e-01, uqi_zr_test: 9.241e-01, psnr_xdsr_test: 3.480e+01, sam_xdsr_test: 6.012e+00
23-11-27 05:34:16.158 : , G_loss_test: 8.028e-03, hsi_likelihood_test: 2.255e-03, msi_likelihood_test: 5.773e-03, regularization_degradation_test: 1.268e-09, regularization_phi_test: 2.438e-03, psnr_xr_test: 3.549e+01, sam_xr_test: 5.490e+00, psnr_yr_test: 2.680e+01, sam_yr_test: 1.827e+01, psnr_zr_test: 3.930e+01, sam_zr_test: 8.744e+00, ssim_zr_test: 9.709e-01, rmse_zr_test: 3.251e+00, ergas_zr_test: 8.528e-01, uqi_zr_test: 9.241e-01, psnr_xdsr_test: 3.480e+01, sam_xdsr_test: 6.012e+00
23-11-27 05:34:20.410 : , G_loss_test: 7.897e-03, hsi_likelihood_test: 2.006e-03, msi_likelihood_test: 5.891e-03, regularization_degradation_test: 1.199e-09, regularization_phi_test: 2.133e-03, psnr_xr_test: 3.640e+01, sam_xr_test: 4.940e+00, psnr_yr_test: 2.635e+01, sam_yr_test: 1.857e+01, psnr_zr_test: 4.000e+01, sam_zr_test: 8.351e+00, ssim_zr_test: 9.711e-01, rmse_zr_test: 2.901e+00, ergas_zr_test: 7.547e-01, uqi_zr_test: 9.241e-01, psnr_xdsr_test: 3.573e+01, sam_xdsr_test: 5.321e+00
23-11-27 05:34:20.411 : , G_loss_test: 7.897e-03, hsi_likelihood_test: 2.006e-03, msi_likelihood_test: 5.891e-03, regularization_degradation_test: 1.199e-09, regularization_phi_test: 2.133e-03, psnr_xr_test: 3.640e+01, sam_xr_test: 4.940e+00, psnr_yr_test: 2.635e+01, sam_yr_test: 1.857e+01, psnr_zr_test: 4.000e+01, sam_zr_test: 8.351e+00, ssim_zr_test: 9.711e-01, rmse_zr_test: 2.901e+00, ergas_zr_test: 7.547e-01, uqi_zr_test: 9.241e-01, psnr_xdsr_test: 3.573e+01, sam_xdsr_test: 5.321e+00
23-11-27 05:34:24.631 : , G_loss_test: 7.781e-03, hsi_likelihood_test: 1.813e-03, msi_likelihood_test: 5.968e-03, regularization_degradation_test: 1.223e-09, regularization_phi_test: 1.944e-03, psnr_xr_test: 3.701e+01, sam_xr_test: 4.563e+00, psnr_yr_test: 2.621e+01, sam_yr_test: 1.855e+01, psnr_zr_test: 4.033e+01, sam_zr_test: 7.998e+00, ssim_zr_test: 9.730e-01, rmse_zr_test: 2.758e+00, ergas_zr_test: 7.174e-01, uqi_zr_test: 9.286e-01, psnr_xdsr_test: 3.634e+01, sam_xdsr_test: 4.940e+00
23-11-27 05:34:24.631 : , G_loss_test: 7.781e-03, hsi_likelihood_test: 1.813e-03, msi_likelihood_test: 5.968e-03, regularization_degradation_test: 1.223e-09, regularization_phi_test: 1.944e-03, psnr_xr_test: 3.701e+01, sam_xr_test: 4.563e+00, psnr_yr_test: 2.621e+01, sam_yr_test: 1.855e+01, psnr_zr_test: 4.033e+01, sam_zr_test: 7.998e+00, ssim_zr_test: 9.730e-01, rmse_zr_test: 2.758e+00, ergas_zr_test: 7.174e-01, uqi_zr_test: 9.286e-01, psnr_xdsr_test: 3.634e+01, sam_xdsr_test: 4.940e+00
23-11-27 05:34:28.891 : , G_loss_test: 7.716e-03, hsi_likelihood_test: 1.741e-03, msi_likelihood_test: 5.975e-03, regularization_degradation_test: 1.255e-09, regularization_phi_test: 1.855e-03, psnr_xr_test: 3.740e+01, sam_xr_test: 4.584e+00, psnr_yr_test: 2.622e+01, sam_yr_test: 1.852e+01, psnr_zr_test: 4.058e+01, sam_zr_test: 7.985e+00, ssim_zr_test: 9.748e-01, rmse_zr_test: 2.685e+00, ergas_zr_test: 6.975e-01, uqi_zr_test: 9.298e-01, psnr_xdsr_test: 3.676e+01, sam_xdsr_test: 4.878e+00
23-11-27 05:34:28.892 : , G_loss_test: 7.716e-03, hsi_likelihood_test: 1.741e-03, msi_likelihood_test: 5.975e-03, regularization_degradation_test: 1.255e-09, regularization_phi_test: 1.855e-03, psnr_xr_test: 3.740e+01, sam_xr_test: 4.584e+00, psnr_yr_test: 2.622e+01, sam_yr_test: 1.852e+01, psnr_zr_test: 4.058e+01, sam_zr_test: 7.985e+00, ssim_zr_test: 9.748e-01, rmse_zr_test: 2.685e+00, ergas_zr_test: 6.975e-01, uqi_zr_test: 9.298e-01, psnr_xdsr_test: 3.676e+01, sam_xdsr_test: 4.878e+00
23-11-27 05:34:33.073 : , G_loss_test: 7.728e-03, hsi_likelihood_test: 1.680e-03, msi_likelihood_test: 6.048e-03, regularization_degradation_test: 1.141e-09, regularization_phi_test: 1.804e-03, psnr_xr_test: 3.759e+01, sam_xr_test: 4.388e+00, psnr_yr_test: 2.622e+01, sam_yr_test: 1.842e+01, psnr_zr_test: 4.064e+01, sam_zr_test: 7.827e+00, ssim_zr_test: 9.756e-01, rmse_zr_test: 2.656e+00, ergas_zr_test: 6.882e-01, uqi_zr_test: 9.307e-01, psnr_xdsr_test: 3.693e+01, sam_xdsr_test: 4.780e+00
23-11-27 05:34:33.073 : , G_loss_test: 7.728e-03, hsi_likelihood_test: 1.680e-03, msi_likelihood_test: 6.048e-03, regularization_degradation_test: 1.141e-09, regularization_phi_test: 1.804e-03, psnr_xr_test: 3.759e+01, sam_xr_test: 4.388e+00, psnr_yr_test: 2.622e+01, sam_yr_test: 1.842e+01, psnr_zr_test: 4.064e+01, sam_zr_test: 7.827e+00, ssim_zr_test: 9.756e-01, rmse_zr_test: 2.656e+00, ergas_zr_test: 6.882e-01, uqi_zr_test: 9.307e-01, psnr_xdsr_test: 3.693e+01, sam_xdsr_test: 4.780e+00
23-11-27 05:34:37.257 : , G_loss_test: 7.616e-03, hsi_likelihood_test: 1.648e-03, msi_likelihood_test: 5.968e-03, regularization_degradation_test: 1.241e-09, regularization_phi_test: 1.751e-03, psnr_xr_test: 3.785e+01, sam_xr_test: 4.330e+00, psnr_yr_test: 2.623e+01, sam_yr_test: 1.859e+01, psnr_zr_test: 4.088e+01, sam_zr_test: 7.707e+00, ssim_zr_test: 9.768e-01, rmse_zr_test: 2.597e+00, ergas_zr_test: 6.726e-01, uqi_zr_test: 9.323e-01, psnr_xdsr_test: 3.724e+01, sam_xdsr_test: 4.620e+00
23-11-27 05:34:37.258 : , G_loss_test: 7.616e-03, hsi_likelihood_test: 1.648e-03, msi_likelihood_test: 5.968e-03, regularization_degradation_test: 1.241e-09, regularization_phi_test: 1.751e-03, psnr_xr_test: 3.785e+01, sam_xr_test: 4.330e+00, psnr_yr_test: 2.623e+01, sam_yr_test: 1.859e+01, psnr_zr_test: 4.088e+01, sam_zr_test: 7.707e+00, ssim_zr_test: 9.768e-01, rmse_zr_test: 2.597e+00, ergas_zr_test: 6.726e-01, uqi_zr_test: 9.323e-01, psnr_xdsr_test: 3.724e+01, sam_xdsr_test: 4.620e+00
23-11-27 05:34:41.474 : , G_loss_test: 7.591e-03, hsi_likelihood_test: 1.658e-03, msi_likelihood_test: 5.933e-03, regularization_degradation_test: 1.267e-09, regularization_phi_test: 1.731e-03, psnr_xr_test: 3.795e+01, sam_xr_test: 4.396e+00, psnr_yr_test: 2.622e+01, sam_yr_test: 1.865e+01, psnr_zr_test: 4.091e+01, sam_zr_test: 7.700e+00, ssim_zr_test: 9.768e-01, rmse_zr_test: 2.579e+00, ergas_zr_test: 6.698e-01, uqi_zr_test: 9.335e-01, psnr_xdsr_test: 3.741e+01, sam_xdsr_test: 4.603e+00
23-11-27 05:34:41.474 : , G_loss_test: 7.591e-03, hsi_likelihood_test: 1.658e-03, msi_likelihood_test: 5.933e-03, regularization_degradation_test: 1.267e-09, regularization_phi_test: 1.731e-03, psnr_xr_test: 3.795e+01, sam_xr_test: 4.396e+00, psnr_yr_test: 2.622e+01, sam_yr_test: 1.865e+01, psnr_zr_test: 4.091e+01, sam_zr_test: 7.700e+00, ssim_zr_test: 9.768e-01, rmse_zr_test: 2.579e+00, ergas_zr_test: 6.698e-01, uqi_zr_test: 9.335e-01, psnr_xdsr_test: 3.741e+01, sam_xdsr_test: 4.603e+00
23-11-27 05:34:45.602 : , G_loss_test: 7.655e-03, hsi_likelihood_test: 1.576e-03, msi_likelihood_test: 6.078e-03, regularization_degradation_test: 1.171e-09, regularization_phi_test: 1.681e-03, psnr_xr_test: 3.813e+01, sam_xr_test: 4.125e+00, psnr_yr_test: 2.619e+01, sam_yr_test: 1.854e+01, psnr_zr_test: 4.101e+01, sam_zr_test: 7.595e+00, ssim_zr_test: 9.778e-01, rmse_zr_test: 2.542e+00, ergas_zr_test: 6.572e-01, uqi_zr_test: 9.334e-01, psnr_xdsr_test: 3.760e+01, sam_xdsr_test: 4.494e+00
23-11-27 05:34:45.602 : , G_loss_test: 7.655e-03, hsi_likelihood_test: 1.576e-03, msi_likelihood_test: 6.078e-03, regularization_degradation_test: 1.171e-09, regularization_phi_test: 1.681e-03, psnr_xr_test: 3.813e+01, sam_xr_test: 4.125e+00, psnr_yr_test: 2.619e+01, sam_yr_test: 1.854e+01, psnr_zr_test: 4.101e+01, sam_zr_test: 7.595e+00, ssim_zr_test: 9.778e-01, rmse_zr_test: 2.542e+00, ergas_zr_test: 6.572e-01, uqi_zr_test: 9.334e-01, psnr_xdsr_test: 3.760e+01, sam_xdsr_test: 4.494e+00
23-11-27 05:34:49.828 : , G_loss_test: 7.542e-03, hsi_likelihood_test: 1.598e-03, msi_likelihood_test: 5.944e-03, regularization_degradation_test: 1.163e-09, regularization_phi_test: 1.664e-03, psnr_xr_test: 3.831e+01, sam_xr_test: 4.405e+00, psnr_yr_test: 2.625e+01, sam_yr_test: 1.862e+01, psnr_zr_test: 4.117e+01, sam_zr_test: 7.690e+00, ssim_zr_test: 9.780e-01, rmse_zr_test: 2.514e+00, ergas_zr_test: 6.502e-01, uqi_zr_test: 9.347e-01, psnr_xdsr_test: 3.785e+01, sam_xdsr_test: 4.555e+00
23-11-27 05:34:49.828 : , G_loss_test: 7.542e-03, hsi_likelihood_test: 1.598e-03, msi_likelihood_test: 5.944e-03, regularization_degradation_test: 1.163e-09, regularization_phi_test: 1.664e-03, psnr_xr_test: 3.831e+01, sam_xr_test: 4.405e+00, psnr_yr_test: 2.625e+01, sam_yr_test: 1.862e+01, psnr_zr_test: 4.117e+01, sam_zr_test: 7.690e+00, ssim_zr_test: 9.780e-01, rmse_zr_test: 2.514e+00, ergas_zr_test: 6.502e-01, uqi_zr_test: 9.347e-01, psnr_xdsr_test: 3.785e+01, sam_xdsr_test: 4.555e+00
23-11-27 05:34:54.138 : , G_loss_test: 7.493e-03, hsi_likelihood_test: 1.505e-03, msi_likelihood_test: 5.987e-03, regularization_degradation_test: 1.237e-09, regularization_phi_test: 1.587e-03, psnr_xr_test: 3.849e+01, sam_xr_test: 3.877e+00, psnr_yr_test: 2.628e+01, sam_yr_test: 1.858e+01, psnr_zr_test: 4.123e+01, sam_zr_test: 7.436e+00, ssim_zr_test: 9.789e-01, rmse_zr_test: 2.491e+00, ergas_zr_test: 6.440e-01, uqi_zr_test: 9.364e-01, psnr_xdsr_test: 3.806e+01, sam_xdsr_test: 4.229e+00
23-11-27 05:34:54.138 : , G_loss_test: 7.493e-03, hsi_likelihood_test: 1.505e-03, msi_likelihood_test: 5.987e-03, regularization_degradation_test: 1.237e-09, regularization_phi_test: 1.587e-03, psnr_xr_test: 3.849e+01, sam_xr_test: 3.877e+00, psnr_yr_test: 2.628e+01, sam_yr_test: 1.858e+01, psnr_zr_test: 4.123e+01, sam_zr_test: 7.436e+00, ssim_zr_test: 9.789e-01, rmse_zr_test: 2.491e+00, ergas_zr_test: 6.440e-01, uqi_zr_test: 9.364e-01, psnr_xdsr_test: 3.806e+01, sam_xdsr_test: 4.229e+00
23-11-27 05:34:58.327 : , G_loss_test: 7.508e-03, hsi_likelihood_test: 1.475e-03, msi_likelihood_test: 6.033e-03, regularization_degradation_test: 1.210e-09, regularization_phi_test: 1.559e-03, psnr_xr_test: 3.862e+01, sam_xr_test: 3.817e+00, psnr_yr_test: 2.623e+01, sam_yr_test: 1.860e+01, psnr_zr_test: 4.129e+01, sam_zr_test: 7.382e+00, ssim_zr_test: 9.792e-01, rmse_zr_test: 2.478e+00, ergas_zr_test: 6.406e-01, uqi_zr_test: 9.365e-01, psnr_xdsr_test: 3.815e+01, sam_xdsr_test: 4.158e+00
23-11-27 05:34:58.327 : , G_loss_test: 7.508e-03, hsi_likelihood_test: 1.475e-03, msi_likelihood_test: 6.033e-03, regularization_degradation_test: 1.210e-09, regularization_phi_test: 1.559e-03, psnr_xr_test: 3.862e+01, sam_xr_test: 3.817e+00, psnr_yr_test: 2.623e+01, sam_yr_test: 1.860e+01, psnr_zr_test: 4.129e+01, sam_zr_test: 7.382e+00, ssim_zr_test: 9.792e-01, rmse_zr_test: 2.478e+00, ergas_zr_test: 6.406e-01, uqi_zr_test: 9.365e-01, psnr_xdsr_test: 3.815e+01, sam_xdsr_test: 4.158e+00
23-11-27 05:35:02.608 : , G_loss_test: 7.556e-03, hsi_likelihood_test: 1.458e-03, msi_likelihood_test: 6.098e-03, regularization_degradation_test: 1.279e-09, regularization_phi_test: 1.536e-03, psnr_xr_test: 3.882e+01, sam_xr_test: 3.867e+00, psnr_yr_test: 2.626e+01, sam_yr_test: 1.845e+01, psnr_zr_test: 4.139e+01, sam_zr_test: 7.428e+00, ssim_zr_test: 9.796e-01, rmse_zr_test: 2.465e+00, ergas_zr_test: 6.366e-01, uqi_zr_test: 9.384e-01, psnr_xdsr_test: 3.838e+01, sam_xdsr_test: 4.194e+00
23-11-27 05:35:02.608 : , G_loss_test: 7.556e-03, hsi_likelihood_test: 1.458e-03, msi_likelihood_test: 6.098e-03, regularization_degradation_test: 1.279e-09, regularization_phi_test: 1.536e-03, psnr_xr_test: 3.882e+01, sam_xr_test: 3.867e+00, psnr_yr_test: 2.626e+01, sam_yr_test: 1.845e+01, psnr_zr_test: 4.139e+01, sam_zr_test: 7.428e+00, ssim_zr_test: 9.796e-01, rmse_zr_test: 2.465e+00, ergas_zr_test: 6.366e-01, uqi_zr_test: 9.384e-01, psnr_xdsr_test: 3.838e+01, sam_xdsr_test: 4.194e+00
23-11-27 05:35:06.825 : , G_loss_test: 7.466e-03, hsi_likelihood_test: 1.432e-03, msi_likelihood_test: 6.034e-03, regularization_degradation_test: 1.168e-09, regularization_phi_test: 1.479e-03, psnr_xr_test: 3.890e+01, sam_xr_test: 3.754e+00, psnr_yr_test: 2.626e+01, sam_yr_test: 1.851e+01, psnr_zr_test: 4.143e+01, sam_zr_test: 7.297e+00, ssim_zr_test: 9.799e-01, rmse_zr_test: 2.453e+00, ergas_zr_test: 6.316e-01, uqi_zr_test: 9.392e-01, psnr_xdsr_test: 3.851e+01, sam_xdsr_test: 3.939e+00
23-11-27 05:35:06.825 : , G_loss_test: 7.466e-03, hsi_likelihood_test: 1.432e-03, msi_likelihood_test: 6.034e-03, regularization_degradation_test: 1.168e-09, regularization_phi_test: 1.479e-03, psnr_xr_test: 3.890e+01, sam_xr_test: 3.754e+00, psnr_yr_test: 2.626e+01, sam_yr_test: 1.851e+01, psnr_zr_test: 4.143e+01, sam_zr_test: 7.297e+00, ssim_zr_test: 9.799e-01, rmse_zr_test: 2.453e+00, ergas_zr_test: 6.316e-01, uqi_zr_test: 9.392e-01, psnr_xdsr_test: 3.851e+01, sam_xdsr_test: 3.939e+00
23-11-27 05:35:11.063 : , G_loss_test: 7.453e-03, hsi_likelihood_test: 1.425e-03, msi_likelihood_test: 6.028e-03, regularization_degradation_test: 1.250e-09, regularization_phi_test: 1.461e-03, psnr_xr_test: 3.899e+01, sam_xr_test: 3.759e+00, psnr_yr_test: 2.624e+01, sam_yr_test: nan, psnr_zr_test: 4.149e+01, sam_zr_test: 7.288e+00, ssim_zr_test: 9.800e-01, rmse_zr_test: 2.441e+00, ergas_zr_test: 6.277e-01, uqi_zr_test: 9.396e-01, psnr_xdsr_test: 3.859e+01, sam_xdsr_test: 3.900e+00
23-11-27 05:35:11.064 : , G_loss_test: 7.453e-03, hsi_likelihood_test: 1.425e-03, msi_likelihood_test: 6.028e-03, regularization_degradation_test: 1.250e-09, regularization_phi_test: 1.461e-03, psnr_xr_test: 3.899e+01, sam_xr_test: 3.759e+00, psnr_yr_test: 2.624e+01, sam_yr_test: nan, psnr_zr_test: 4.149e+01, sam_zr_test: 7.288e+00, ssim_zr_test: 9.800e-01, rmse_zr_test: 2.441e+00, ergas_zr_test: 6.277e-01, uqi_zr_test: 9.396e-01, psnr_xdsr_test: 3.859e+01, sam_xdsr_test: 3.900e+00
23-11-27 05:35:15.288 : , G_loss_test: 7.434e-03, hsi_likelihood_test: 1.406e-03, msi_likelihood_test: 6.028e-03, regularization_degradation_test: 1.189e-09, regularization_phi_test: 1.451e-03, psnr_xr_test: 3.905e+01, sam_xr_test: 3.715e+00, psnr_yr_test: 2.624e+01, sam_yr_test: nan, psnr_zr_test: 4.152e+01, sam_zr_test: 7.248e+00, ssim_zr_test: 9.804e-01, rmse_zr_test: 2.436e+00, ergas_zr_test: 6.247e-01, uqi_zr_test: 9.403e-01, psnr_xdsr_test: 3.868e+01, sam_xdsr_test: 3.861e+00
23-11-27 05:35:15.288 : , G_loss_test: 7.434e-03, hsi_likelihood_test: 1.406e-03, msi_likelihood_test: 6.028e-03, regularization_degradation_test: 1.189e-09, regularization_phi_test: 1.451e-03, psnr_xr_test: 3.905e+01, sam_xr_test: 3.715e+00, psnr_yr_test: 2.624e+01, sam_yr_test: nan, psnr_zr_test: 4.152e+01, sam_zr_test: 7.248e+00, ssim_zr_test: 9.804e-01, rmse_zr_test: 2.436e+00, ergas_zr_test: 6.247e-01, uqi_zr_test: 9.403e-01, psnr_xdsr_test: 3.868e+01, sam_xdsr_test: 3.861e+00
23-11-27 05:35:19.486 : , G_loss_test: 7.468e-03, hsi_likelihood_test: 1.395e-03, msi_likelihood_test: 6.073e-03, regularization_degradation_test: 1.230e-09, regularization_phi_test: 1.434e-03, psnr_xr_test: 3.904e+01, sam_xr_test: 3.681e+00, psnr_yr_test: 2.618e+01, sam_yr_test: 1.849e+01, psnr_zr_test: 4.151e+01, sam_zr_test: 7.229e+00, ssim_zr_test: 9.807e-01, rmse_zr_test: 2.431e+00, ergas_zr_test: 6.242e-01, uqi_zr_test: 9.407e-01, psnr_xdsr_test: 3.870e+01, sam_xdsr_test: 3.845e+00
23-11-27 05:35:19.486 : , G_loss_test: 7.468e-03, hsi_likelihood_test: 1.395e-03, msi_likelihood_test: 6.073e-03, regularization_degradation_test: 1.230e-09, regularization_phi_test: 1.434e-03, psnr_xr_test: 3.904e+01, sam_xr_test: 3.681e+00, psnr_yr_test: 2.618e+01, sam_yr_test: 1.849e+01, psnr_zr_test: 4.151e+01, sam_zr_test: 7.229e+00, ssim_zr_test: 9.807e-01, rmse_zr_test: 2.431e+00, ergas_zr_test: 6.242e-01, uqi_zr_test: 9.407e-01, psnr_xdsr_test: 3.870e+01, sam_xdsr_test: 3.845e+00
23-11-27 05:35:23.707 : , G_loss_test: 7.395e-03, hsi_likelihood_test: 1.398e-03, msi_likelihood_test: 5.997e-03, regularization_degradation_test: 1.276e-09, regularization_phi_test: 1.428e-03, psnr_xr_test: 3.912e+01, sam_xr_test: 3.680e+00, psnr_yr_test: 2.620e+01, sam_yr_test: nan, psnr_zr_test: 4.155e+01, sam_zr_test: 7.180e+00, ssim_zr_test: 9.808e-01, rmse_zr_test: 2.424e+00, ergas_zr_test: 6.219e-01, uqi_zr_test: 9.412e-01, psnr_xdsr_test: 3.885e+01, sam_xdsr_test: 3.819e+00
23-11-27 05:35:23.708 : , G_loss_test: 7.395e-03, hsi_likelihood_test: 1.398e-03, msi_likelihood_test: 5.997e-03, regularization_degradation_test: 1.276e-09, regularization_phi_test: 1.428e-03, psnr_xr_test: 3.912e+01, sam_xr_test: 3.680e+00, psnr_yr_test: 2.620e+01, sam_yr_test: nan, psnr_zr_test: 4.155e+01, sam_zr_test: 7.180e+00, ssim_zr_test: 9.808e-01, rmse_zr_test: 2.424e+00, ergas_zr_test: 6.219e-01, uqi_zr_test: 9.412e-01, psnr_xdsr_test: 3.885e+01, sam_xdsr_test: 3.819e+00
23-11-27 05:35:27.933 : , G_loss_test: 7.424e-03, hsi_likelihood_test: 1.373e-03, msi_likelihood_test: 6.052e-03, regularization_degradation_test: 1.336e-09, regularization_phi_test: 1.403e-03, psnr_xr_test: 3.925e+01, sam_xr_test: 3.636e+00, psnr_yr_test: 2.622e+01, sam_yr_test: 1.851e+01, psnr_zr_test: 4.163e+01, sam_zr_test: 7.192e+00, ssim_zr_test: 9.811e-01, rmse_zr_test: 2.408e+00, ergas_zr_test: 6.163e-01, uqi_zr_test: 9.421e-01, psnr_xdsr_test: 3.892e+01, sam_xdsr_test: 3.781e+00
23-11-27 05:35:27.934 : , G_loss_test: 7.424e-03, hsi_likelihood_test: 1.373e-03, msi_likelihood_test: 6.052e-03, regularization_degradation_test: 1.336e-09, regularization_phi_test: 1.403e-03, psnr_xr_test: 3.925e+01, sam_xr_test: 3.636e+00, psnr_yr_test: 2.622e+01, sam_yr_test: 1.851e+01, psnr_zr_test: 4.163e+01, sam_zr_test: 7.192e+00, ssim_zr_test: 9.811e-01, rmse_zr_test: 2.408e+00, ergas_zr_test: 6.163e-01, uqi_zr_test: 9.421e-01, psnr_xdsr_test: 3.892e+01, sam_xdsr_test: 3.781e+00
23-11-27 05:35:32.162 : , G_loss_test: 7.415e-03, hsi_likelihood_test: 1.364e-03, msi_likelihood_test: 6.052e-03, regularization_degradation_test: 1.252e-09, regularization_phi_test: 1.385e-03, psnr_xr_test: 3.929e+01, sam_xr_test: 3.585e+00, psnr_yr_test: 2.625e+01, sam_yr_test: 1.849e+01, psnr_zr_test: 4.165e+01, sam_zr_test: 7.152e+00, ssim_zr_test: 9.810e-01, rmse_zr_test: 2.403e+00, ergas_zr_test: 6.147e-01, uqi_zr_test: 9.419e-01, psnr_xdsr_test: 3.906e+01, sam_xdsr_test: 3.723e+00
23-11-27 05:35:32.163 : , G_loss_test: 7.415e-03, hsi_likelihood_test: 1.364e-03, msi_likelihood_test: 6.052e-03, regularization_degradation_test: 1.252e-09, regularization_phi_test: 1.385e-03, psnr_xr_test: 3.929e+01, sam_xr_test: 3.585e+00, psnr_yr_test: 2.625e+01, sam_yr_test: 1.849e+01, psnr_zr_test: 4.165e+01, sam_zr_test: 7.152e+00, ssim_zr_test: 9.810e-01, rmse_zr_test: 2.403e+00, ergas_zr_test: 6.147e-01, uqi_zr_test: 9.419e-01, psnr_xdsr_test: 3.906e+01, sam_xdsr_test: 3.723e+00
23-11-27 05:35:36.334 : , G_loss_test: 7.386e-03, hsi_likelihood_test: 1.353e-03, msi_likelihood_test: 6.033e-03, regularization_degradation_test: 1.093e-09, regularization_phi_test: 1.376e-03, psnr_xr_test: 3.937e+01, sam_xr_test: 3.572e+00, psnr_yr_test: 2.627e+01, sam_yr_test: nan, psnr_zr_test: 4.169e+01, sam_zr_test: 7.148e+00, ssim_zr_test: 9.811e-01, rmse_zr_test: 2.391e+00, ergas_zr_test: 6.105e-01, uqi_zr_test: 9.423e-01, psnr_xdsr_test: 3.909e+01, sam_xdsr_test: 3.728e+00
23-11-27 05:35:36.335 : , G_loss_test: 7.386e-03, hsi_likelihood_test: 1.353e-03, msi_likelihood_test: 6.033e-03, regularization_degradation_test: 1.093e-09, regularization_phi_test: 1.376e-03, psnr_xr_test: 3.937e+01, sam_xr_test: 3.572e+00, psnr_yr_test: 2.627e+01, sam_yr_test: nan, psnr_zr_test: 4.169e+01, sam_zr_test: 7.148e+00, ssim_zr_test: 9.811e-01, rmse_zr_test: 2.391e+00, ergas_zr_test: 6.105e-01, uqi_zr_test: 9.423e-01, psnr_xdsr_test: 3.909e+01, sam_xdsr_test: 3.728e+00
23-11-27 05:35:40.562 : , G_loss_test: 7.384e-03, hsi_likelihood_test: 1.370e-03, msi_likelihood_test: 6.013e-03, regularization_degradation_test: 1.130e-09, regularization_phi_test: 1.370e-03, psnr_xr_test: 3.937e+01, sam_xr_test: 3.597e+00, psnr_yr_test: 2.627e+01, sam_yr_test: 1.859e+01, psnr_zr_test: 4.170e+01, sam_zr_test: 7.108e+00, ssim_zr_test: 9.809e-01, rmse_zr_test: 2.388e+00, ergas_zr_test: 6.099e-01, uqi_zr_test: 9.420e-01, psnr_xdsr_test: 3.921e+01, sam_xdsr_test: 3.683e+00
23-11-27 05:35:40.563 : , G_loss_test: 7.384e-03, hsi_likelihood_test: 1.370e-03, msi_likelihood_test: 6.013e-03, regularization_degradation_test: 1.130e-09, regularization_phi_test: 1.370e-03, psnr_xr_test: 3.937e+01, sam_xr_test: 3.597e+00, psnr_yr_test: 2.627e+01, sam_yr_test: 1.859e+01, psnr_zr_test: 4.170e+01, sam_zr_test: 7.108e+00, ssim_zr_test: 9.809e-01, rmse_zr_test: 2.388e+00, ergas_zr_test: 6.099e-01, uqi_zr_test: 9.420e-01, psnr_xdsr_test: 3.921e+01, sam_xdsr_test: 3.683e+00
23-11-27 05:35:44.746 : , G_loss_test: 7.377e-03, hsi_likelihood_test: 1.331e-03, msi_likelihood_test: 6.046e-03, regularization_degradation_test: 1.264e-09, regularization_phi_test: 1.347e-03, psnr_xr_test: 3.950e+01, sam_xr_test: 3.544e+00, psnr_yr_test: 2.622e+01, sam_yr_test: 1.851e+01, psnr_zr_test: 4.176e+01, sam_zr_test: 7.106e+00, ssim_zr_test: 9.814e-01, rmse_zr_test: 2.372e+00, ergas_zr_test: 6.055e-01, uqi_zr_test: 9.431e-01, psnr_xdsr_test: 3.933e+01, sam_xdsr_test: 3.665e+00
23-11-27 05:35:44.747 : , G_loss_test: 7.377e-03, hsi_likelihood_test: 1.331e-03, msi_likelihood_test: 6.046e-03, regularization_degradation_test: 1.264e-09, regularization_phi_test: 1.347e-03, psnr_xr_test: 3.950e+01, sam_xr_test: 3.544e+00, psnr_yr_test: 2.622e+01, sam_yr_test: 1.851e+01, psnr_zr_test: 4.176e+01, sam_zr_test: 7.106e+00, ssim_zr_test: 9.814e-01, rmse_zr_test: 2.372e+00, ergas_zr_test: 6.055e-01, uqi_zr_test: 9.431e-01, psnr_xdsr_test: 3.933e+01, sam_xdsr_test: 3.665e+00
23-11-27 05:35:48.900 : , G_loss_test: 7.372e-03, hsi_likelihood_test: 1.322e-03, msi_likelihood_test: 6.050e-03, regularization_degradation_test: 1.148e-09, regularization_phi_test: 1.339e-03, psnr_xr_test: 3.952e+01, sam_xr_test: 3.497e+00, psnr_yr_test: 2.622e+01, sam_yr_test: nan, psnr_zr_test: 4.176e+01, sam_zr_test: 7.074e+00, ssim_zr_test: 9.814e-01, rmse_zr_test: 2.368e+00, ergas_zr_test: 6.040e-01, uqi_zr_test: 9.429e-01, psnr_xdsr_test: 3.933e+01, sam_xdsr_test: 3.618e+00
23-11-27 05:35:48.900 : , G_loss_test: 7.372e-03, hsi_likelihood_test: 1.322e-03, msi_likelihood_test: 6.050e-03, regularization_degradation_test: 1.148e-09, regularization_phi_test: 1.339e-03, psnr_xr_test: 3.952e+01, sam_xr_test: 3.497e+00, psnr_yr_test: 2.622e+01, sam_yr_test: nan, psnr_zr_test: 4.176e+01, sam_zr_test: 7.074e+00, ssim_zr_test: 9.814e-01, rmse_zr_test: 2.368e+00, ergas_zr_test: 6.040e-01, uqi_zr_test: 9.429e-01, psnr_xdsr_test: 3.933e+01, sam_xdsr_test: 3.618e+00
23-11-27 05:35:57.161 : , G_loss_test: 9.576e-03, hsi_likelihood_test: 4.009e-03, msi_likelihood_test: 5.567e-03, regularization_degradation_test: 2.251e-09, regularization_phi_test: 4.067e-03, psnr_xr_test: 3.139e+01, sam_xr_test: 8.179e+00, psnr_yr_test: 2.942e+01, sam_yr_test: 2.008e+01, psnr_zr_test: 3.698e+01, sam_zr_test: 1.039e+01, ssim_zr_test: 9.688e-01, rmse_zr_test: 4.668e+00, ergas_zr_test: 5.721e-01, uqi_zr_test: 8.497e-01, psnr_xdsr_test: 3.133e+01, sam_xdsr_test: 8.760e+00
23-11-27 05:35:57.161 : , G_loss_test: 9.576e-03, hsi_likelihood_test: 4.009e-03, msi_likelihood_test: 5.567e-03, regularization_degradation_test: 2.251e-09, regularization_phi_test: 4.067e-03, psnr_xr_test: 3.139e+01, sam_xr_test: 8.179e+00, psnr_yr_test: 2.942e+01, sam_yr_test: 2.008e+01, psnr_zr_test: 3.698e+01, sam_zr_test: 1.039e+01, ssim_zr_test: 9.688e-01, rmse_zr_test: 4.668e+00, ergas_zr_test: 5.721e-01, uqi_zr_test: 8.497e-01, psnr_xdsr_test: 3.133e+01, sam_xdsr_test: 8.760e+00
23-11-27 05:36:01.446 : , G_loss_test: 9.118e-03, hsi_likelihood_test: 3.514e-03, msi_likelihood_test: 5.604e-03, regularization_degradation_test: 2.149e-09, regularization_phi_test: 3.587e-03, psnr_xr_test: 3.206e+01, sam_xr_test: 6.725e+00, psnr_yr_test: 2.951e+01, sam_yr_test: 2.044e+01, psnr_zr_test: 3.750e+01, sam_zr_test: 9.032e+00, ssim_zr_test: 9.757e-01, rmse_zr_test: 4.416e+00, ergas_zr_test: 5.471e-01, uqi_zr_test: 8.891e-01, psnr_xdsr_test: 3.200e+01, sam_xdsr_test: 7.111e+00
23-11-27 05:36:01.447 : , G_loss_test: 9.118e-03, hsi_likelihood_test: 3.514e-03, msi_likelihood_test: 5.604e-03, regularization_degradation_test: 2.149e-09, regularization_phi_test: 3.587e-03, psnr_xr_test: 3.206e+01, sam_xr_test: 6.725e+00, psnr_yr_test: 2.951e+01, sam_yr_test: 2.044e+01, psnr_zr_test: 3.750e+01, sam_zr_test: 9.032e+00, ssim_zr_test: 9.757e-01, rmse_zr_test: 4.416e+00, ergas_zr_test: 5.471e-01, uqi_zr_test: 8.891e-01, psnr_xdsr_test: 3.200e+01, sam_xdsr_test: 7.111e+00
23-11-27 05:36:05.704 : , G_loss_test: 8.996e-03, hsi_likelihood_test: 3.383e-03, msi_likelihood_test: 5.613e-03, regularization_degradation_test: 2.034e-09, regularization_phi_test: 3.456e-03, psnr_xr_test: 3.236e+01, sam_xr_test: 6.411e+00, psnr_yr_test: 2.920e+01, sam_yr_test: 2.049e+01, psnr_zr_test: 3.771e+01, sam_zr_test: 8.662e+00, ssim_zr_test: 9.768e-01, rmse_zr_test: 4.319e+00, ergas_zr_test: 5.372e-01, uqi_zr_test: 8.932e-01, psnr_xdsr_test: 3.229e+01, sam_xdsr_test: 6.760e+00
23-11-27 05:36:05.704 : , G_loss_test: 8.996e-03, hsi_likelihood_test: 3.383e-03, msi_likelihood_test: 5.613e-03, regularization_degradation_test: 2.034e-09, regularization_phi_test: 3.456e-03, psnr_xr_test: 3.236e+01, sam_xr_test: 6.411e+00, psnr_yr_test: 2.920e+01, sam_yr_test: 2.049e+01, psnr_zr_test: 3.771e+01, sam_zr_test: 8.662e+00, ssim_zr_test: 9.768e-01, rmse_zr_test: 4.319e+00, ergas_zr_test: 5.372e-01, uqi_zr_test: 8.932e-01, psnr_xdsr_test: 3.229e+01, sam_xdsr_test: 6.760e+00
23-11-27 05:36:09.921 : , G_loss_test: 9.046e-03, hsi_likelihood_test: 3.330e-03, msi_likelihood_test: 5.716e-03, regularization_degradation_test: 2.288e-09, regularization_phi_test: 3.391e-03, psnr_xr_test: 3.253e+01, sam_xr_test: 6.471e+00, psnr_yr_test: 2.890e+01, sam_yr_test: 2.040e+01, psnr_zr_test: 3.780e+01, sam_zr_test: 8.705e+00, ssim_zr_test: 9.768e-01, rmse_zr_test: 4.258e+00, ergas_zr_test: 5.306e-01, uqi_zr_test: 8.889e-01, psnr_xdsr_test: 3.248e+01, sam_xdsr_test: 6.779e+00
23-11-27 05:36:09.922 : , G_loss_test: 9.046e-03, hsi_likelihood_test: 3.330e-03, msi_likelihood_test: 5.716e-03, regularization_degradation_test: 2.288e-09, regularization_phi_test: 3.391e-03, psnr_xr_test: 3.253e+01, sam_xr_test: 6.471e+00, psnr_yr_test: 2.890e+01, sam_yr_test: 2.040e+01, psnr_zr_test: 3.780e+01, sam_zr_test: 8.705e+00, ssim_zr_test: 9.768e-01, rmse_zr_test: 4.258e+00, ergas_zr_test: 5.306e-01, uqi_zr_test: 8.889e-01, psnr_xdsr_test: 3.248e+01, sam_xdsr_test: 6.779e+00
23-11-27 05:36:14.127 : , G_loss_test: 9.019e-03, hsi_likelihood_test: 3.278e-03, msi_likelihood_test: 5.741e-03, regularization_degradation_test: 2.199e-09, regularization_phi_test: 3.343e-03, psnr_xr_test: 3.262e+01, sam_xr_test: 6.381e+00, psnr_yr_test: 2.861e+01, sam_yr_test: 2.045e+01, psnr_zr_test: 3.785e+01, sam_zr_test: 8.643e+00, ssim_zr_test: 9.773e-01, rmse_zr_test: 4.207e+00, ergas_zr_test: 5.269e-01, uqi_zr_test: 8.910e-01, psnr_xdsr_test: 3.258e+01, sam_xdsr_test: 6.704e+00
23-11-27 05:36:14.128 : , G_loss_test: 9.019e-03, hsi_likelihood_test: 3.278e-03, msi_likelihood_test: 5.741e-03, regularization_degradation_test: 2.199e-09, regularization_phi_test: 3.343e-03, psnr_xr_test: 3.262e+01, sam_xr_test: 6.381e+00, psnr_yr_test: 2.861e+01, sam_yr_test: 2.045e+01, psnr_zr_test: 3.785e+01, sam_zr_test: 8.643e+00, ssim_zr_test: 9.773e-01, rmse_zr_test: 4.207e+00, ergas_zr_test: 5.269e-01, uqi_zr_test: 8.910e-01, psnr_xdsr_test: 3.258e+01, sam_xdsr_test: 6.704e+00
23-11-27 05:36:18.391 : , G_loss_test: 8.884e-03, hsi_likelihood_test: 3.183e-03, msi_likelihood_test: 5.701e-03, regularization_degradation_test: 2.106e-09, regularization_phi_test: 3.224e-03, psnr_xr_test: 3.283e+01, sam_xr_test: 6.309e+00, psnr_yr_test: 2.868e+01, sam_yr_test: 2.053e+01, psnr_zr_test: 3.799e+01, sam_zr_test: 8.565e+00, ssim_zr_test: 9.776e-01, rmse_zr_test: 4.167e+00, ergas_zr_test: 5.207e-01, uqi_zr_test: 8.960e-01, psnr_xdsr_test: 3.282e+01, sam_xdsr_test: 6.577e+00
23-11-27 05:36:18.391 : , G_loss_test: 8.884e-03, hsi_likelihood_test: 3.183e-03, msi_likelihood_test: 5.701e-03, regularization_degradation_test: 2.106e-09, regularization_phi_test: 3.224e-03, psnr_xr_test: 3.283e+01, sam_xr_test: 6.309e+00, psnr_yr_test: 2.868e+01, sam_yr_test: 2.053e+01, psnr_zr_test: 3.799e+01, sam_zr_test: 8.565e+00, ssim_zr_test: 9.776e-01, rmse_zr_test: 4.167e+00, ergas_zr_test: 5.207e-01, uqi_zr_test: 8.960e-01, psnr_xdsr_test: 3.282e+01, sam_xdsr_test: 6.577e+00
23-11-27 05:36:22.603 : , G_loss_test: 8.907e-03, hsi_likelihood_test: 3.123e-03, msi_likelihood_test: 5.784e-03, regularization_degradation_test: 2.131e-09, regularization_phi_test: 3.172e-03, psnr_xr_test: 3.301e+01, sam_xr_test: 6.191e+00, psnr_yr_test: 2.846e+01, sam_yr_test: 2.048e+01, psnr_zr_test: 3.808e+01, sam_zr_test: 8.472e+00, ssim_zr_test: 9.779e-01, rmse_zr_test: 4.127e+00, ergas_zr_test: 5.153e-01, uqi_zr_test: 8.923e-01, psnr_xdsr_test: 3.301e+01, sam_xdsr_test: 6.517e+00
23-11-27 05:36:22.604 : , G_loss_test: 8.907e-03, hsi_likelihood_test: 3.123e-03, msi_likelihood_test: 5.784e-03, regularization_degradation_test: 2.131e-09, regularization_phi_test: 3.172e-03, psnr_xr_test: 3.301e+01, sam_xr_test: 6.191e+00, psnr_yr_test: 2.846e+01, sam_yr_test: 2.048e+01, psnr_zr_test: 3.808e+01, sam_zr_test: 8.472e+00, ssim_zr_test: 9.779e-01, rmse_zr_test: 4.127e+00, ergas_zr_test: 5.153e-01, uqi_zr_test: 8.923e-01, psnr_xdsr_test: 3.301e+01, sam_xdsr_test: 6.517e+00
23-11-27 05:36:26.915 : , G_loss_test: 8.998e-03, hsi_likelihood_test: 3.141e-03, msi_likelihood_test: 5.857e-03, regularization_degradation_test: 2.248e-09, regularization_phi_test: 3.201e-03, psnr_xr_test: 3.296e+01, sam_xr_test: 6.363e+00, psnr_yr_test: 2.823e+01, sam_yr_test: 2.034e+01, psnr_zr_test: 3.806e+01, sam_zr_test: 8.578e+00, ssim_zr_test: 9.777e-01, rmse_zr_test: 4.099e+00, ergas_zr_test: 5.148e-01, uqi_zr_test: 8.901e-01, psnr_xdsr_test: 3.300e+01, sam_xdsr_test: 6.701e+00
23-11-27 05:36:26.915 : , G_loss_test: 8.998e-03, hsi_likelihood_test: 3.141e-03, msi_likelihood_test: 5.857e-03, regularization_degradation_test: 2.248e-09, regularization_phi_test: 3.201e-03, psnr_xr_test: 3.296e+01, sam_xr_test: 6.363e+00, psnr_yr_test: 2.823e+01, sam_yr_test: 2.034e+01, psnr_zr_test: 3.806e+01, sam_zr_test: 8.578e+00, ssim_zr_test: 9.777e-01, rmse_zr_test: 4.099e+00, ergas_zr_test: 5.148e-01, uqi_zr_test: 8.901e-01, psnr_xdsr_test: 3.300e+01, sam_xdsr_test: 6.701e+00
23-11-27 05:36:31.187 : , G_loss_test: 8.764e-03, hsi_likelihood_test: 3.053e-03, msi_likelihood_test: 5.712e-03, regularization_degradation_test: 2.069e-09, regularization_phi_test: 3.115e-03, psnr_xr_test: 3.316e+01, sam_xr_test: 6.174e+00, psnr_yr_test: 2.836e+01, sam_yr_test: 2.066e+01, psnr_zr_test: 3.820e+01, sam_zr_test: 8.415e+00, ssim_zr_test: 9.783e-01, rmse_zr_test: 4.064e+00, ergas_zr_test: 5.093e-01, uqi_zr_test: 8.951e-01, psnr_xdsr_test: 3.314e+01, sam_xdsr_test: 6.514e+00
23-11-27 05:36:31.188 : , G_loss_test: 8.764e-03, hsi_likelihood_test: 3.053e-03, msi_likelihood_test: 5.712e-03, regularization_degradation_test: 2.069e-09, regularization_phi_test: 3.115e-03, psnr_xr_test: 3.316e+01, sam_xr_test: 6.174e+00, psnr_yr_test: 2.836e+01, sam_yr_test: 2.066e+01, psnr_zr_test: 3.820e+01, sam_zr_test: 8.415e+00, ssim_zr_test: 9.783e-01, rmse_zr_test: 4.064e+00, ergas_zr_test: 5.093e-01, uqi_zr_test: 8.951e-01, psnr_xdsr_test: 3.314e+01, sam_xdsr_test: 6.514e+00
23-11-27 05:36:35.418 : , G_loss_test: 8.744e-03, hsi_likelihood_test: 3.004e-03, msi_likelihood_test: 5.740e-03, regularization_degradation_test: 2.006e-09, regularization_phi_test: 3.076e-03, psnr_xr_test: 3.325e+01, sam_xr_test: 5.956e+00, psnr_yr_test: 2.834e+01, sam_yr_test: 2.062e+01, psnr_zr_test: 3.824e+01, sam_zr_test: 8.265e+00, ssim_zr_test: 9.786e-01, rmse_zr_test: 4.053e+00, ergas_zr_test: 5.078e-01, uqi_zr_test: 8.940e-01, psnr_xdsr_test: 3.321e+01, sam_xdsr_test: 6.323e+00
23-11-27 05:36:35.418 : , G_loss_test: 8.744e-03, hsi_likelihood_test: 3.004e-03, msi_likelihood_test: 5.740e-03, regularization_degradation_test: 2.006e-09, regularization_phi_test: 3.076e-03, psnr_xr_test: 3.325e+01, sam_xr_test: 5.956e+00, psnr_yr_test: 2.834e+01, sam_yr_test: 2.062e+01, psnr_zr_test: 3.824e+01, sam_zr_test: 8.265e+00, ssim_zr_test: 9.786e-01, rmse_zr_test: 4.053e+00, ergas_zr_test: 5.078e-01, uqi_zr_test: 8.940e-01, psnr_xdsr_test: 3.321e+01, sam_xdsr_test: 6.323e+00
23-11-27 05:36:39.666 : , G_loss_test: 8.774e-03, hsi_likelihood_test: 2.955e-03, msi_likelihood_test: 5.818e-03, regularization_degradation_test: 2.033e-09, regularization_phi_test: 3.030e-03, psnr_xr_test: 3.338e+01, sam_xr_test: 5.812e+00, psnr_yr_test: 2.823e+01, sam_yr_test: 2.048e+01, psnr_zr_test: 3.832e+01, sam_zr_test: 8.181e+00, ssim_zr_test: 9.790e-01, rmse_zr_test: 4.035e+00, ergas_zr_test: 5.043e-01, uqi_zr_test: 8.932e-01, psnr_xdsr_test: 3.336e+01, sam_xdsr_test: 6.208e+00
23-11-27 05:36:39.666 : , G_loss_test: 8.774e-03, hsi_likelihood_test: 2.955e-03, msi_likelihood_test: 5.818e-03, regularization_degradation_test: 2.033e-09, regularization_phi_test: 3.030e-03, psnr_xr_test: 3.338e+01, sam_xr_test: 5.812e+00, psnr_yr_test: 2.823e+01, sam_yr_test: 2.048e+01, psnr_zr_test: 3.832e+01, sam_zr_test: 8.181e+00, ssim_zr_test: 9.790e-01, rmse_zr_test: 4.035e+00, ergas_zr_test: 5.043e-01, uqi_zr_test: 8.932e-01, psnr_xdsr_test: 3.336e+01, sam_xdsr_test: 6.208e+00
23-11-27 05:36:43.931 : , G_loss_test: 8.764e-03, hsi_likelihood_test: 2.979e-03, msi_likelihood_test: 5.784e-03, regularization_degradation_test: 1.964e-09, regularization_phi_test: 3.043e-03, psnr_xr_test: 3.330e+01, sam_xr_test: 5.922e+00, psnr_yr_test: 2.831e+01, sam_yr_test: 2.083e+01, psnr_zr_test: 3.830e+01, sam_zr_test: 8.223e+00, ssim_zr_test: 9.788e-01, rmse_zr_test: 4.043e+00, ergas_zr_test: 5.050e-01, uqi_zr_test: 8.945e-01, psnr_xdsr_test: 3.329e+01, sam_xdsr_test: 6.246e+00
23-11-27 05:36:43.931 : , G_loss_test: 8.764e-03, hsi_likelihood_test: 2.979e-03, msi_likelihood_test: 5.784e-03, regularization_degradation_test: 1.964e-09, regularization_phi_test: 3.043e-03, psnr_xr_test: 3.330e+01, sam_xr_test: 5.922e+00, psnr_yr_test: 2.831e+01, sam_yr_test: 2.083e+01, psnr_zr_test: 3.830e+01, sam_zr_test: 8.223e+00, ssim_zr_test: 9.788e-01, rmse_zr_test: 4.043e+00, ergas_zr_test: 5.050e-01, uqi_zr_test: 8.945e-01, psnr_xdsr_test: 3.329e+01, sam_xdsr_test: 6.246e+00
23-11-27 05:36:48.159 : , G_loss_test: 8.757e-03, hsi_likelihood_test: 2.952e-03, msi_likelihood_test: 5.805e-03, regularization_degradation_test: 2.169e-09, regularization_phi_test: 3.021e-03, psnr_xr_test: 3.343e+01, sam_xr_test: 5.986e+00, psnr_yr_test: 2.826e+01, sam_yr_test: 2.083e+01, psnr_zr_test: 3.839e+01, sam_zr_test: 8.288e+00, ssim_zr_test: 9.788e-01, rmse_zr_test: 4.000e+00, ergas_zr_test: 5.012e-01, uqi_zr_test: 8.950e-01, psnr_xdsr_test: 3.343e+01, sam_xdsr_test: 6.404e+00
23-11-27 05:36:48.159 : , G_loss_test: 8.757e-03, hsi_likelihood_test: 2.952e-03, msi_likelihood_test: 5.805e-03, regularization_degradation_test: 2.169e-09, regularization_phi_test: 3.021e-03, psnr_xr_test: 3.343e+01, sam_xr_test: 5.986e+00, psnr_yr_test: 2.826e+01, sam_yr_test: 2.083e+01, psnr_zr_test: 3.839e+01, sam_zr_test: 8.288e+00, ssim_zr_test: 9.788e-01, rmse_zr_test: 4.000e+00, ergas_zr_test: 5.012e-01, uqi_zr_test: 8.950e-01, psnr_xdsr_test: 3.343e+01, sam_xdsr_test: 6.404e+00
23-11-27 05:36:52.387 : , G_loss_test: 8.721e-03, hsi_likelihood_test: 2.887e-03, msi_likelihood_test: 5.835e-03, regularization_degradation_test: 2.064e-09, regularization_phi_test: 2.948e-03, psnr_xr_test: 3.352e+01, sam_xr_test: 5.665e+00, psnr_yr_test: 2.821e+01, sam_yr_test: 2.070e+01, psnr_zr_test: 3.845e+01, sam_zr_test: 8.022e+00, ssim_zr_test: 9.796e-01, rmse_zr_test: 3.995e+00, ergas_zr_test: 4.995e-01, uqi_zr_test: 8.962e-01, psnr_xdsr_test: 3.354e+01, sam_xdsr_test: 6.022e+00
23-11-27 05:36:52.388 : , G_loss_test: 8.721e-03, hsi_likelihood_test: 2.887e-03, msi_likelihood_test: 5.835e-03, regularization_degradation_test: 2.064e-09, regularization_phi_test: 2.948e-03, psnr_xr_test: 3.352e+01, sam_xr_test: 5.665e+00, psnr_yr_test: 2.821e+01, sam_yr_test: 2.070e+01, psnr_zr_test: 3.845e+01, sam_zr_test: 8.022e+00, ssim_zr_test: 9.796e-01, rmse_zr_test: 3.995e+00, ergas_zr_test: 4.995e-01, uqi_zr_test: 8.962e-01, psnr_xdsr_test: 3.354e+01, sam_xdsr_test: 6.022e+00
23-11-27 05:36:56.668 : , G_loss_test: 8.724e-03, hsi_likelihood_test: 2.874e-03, msi_likelihood_test: 5.850e-03, regularization_degradation_test: 1.860e-09, regularization_phi_test: 2.934e-03, psnr_xr_test: 3.355e+01, sam_xr_test: 5.625e+00, psnr_yr_test: 2.820e+01, sam_yr_test: 2.062e+01, psnr_zr_test: 3.847e+01, sam_zr_test: 7.983e+00, ssim_zr_test: 9.797e-01, rmse_zr_test: 3.990e+00, ergas_zr_test: 4.989e-01, uqi_zr_test: 8.961e-01, psnr_xdsr_test: 3.356e+01, sam_xdsr_test: 5.969e+00
23-11-27 05:36:56.668 : , G_loss_test: 8.724e-03, hsi_likelihood_test: 2.874e-03, msi_likelihood_test: 5.850e-03, regularization_degradation_test: 1.860e-09, regularization_phi_test: 2.934e-03, psnr_xr_test: 3.355e+01, sam_xr_test: 5.625e+00, psnr_yr_test: 2.820e+01, sam_yr_test: 2.062e+01, psnr_zr_test: 3.847e+01, sam_zr_test: 7.983e+00, ssim_zr_test: 9.797e-01, rmse_zr_test: 3.990e+00, ergas_zr_test: 4.989e-01, uqi_zr_test: 8.961e-01, psnr_xdsr_test: 3.356e+01, sam_xdsr_test: 5.969e+00
23-11-27 05:37:00.917 : , G_loss_test: 8.732e-03, hsi_likelihood_test: 2.863e-03, msi_likelihood_test: 5.869e-03, regularization_degradation_test: 2.119e-09, regularization_phi_test: 2.926e-03, psnr_xr_test: 3.357e+01, sam_xr_test: 5.611e+00, psnr_yr_test: 2.813e+01, sam_yr_test: 2.064e+01, psnr_zr_test: 3.848e+01, sam_zr_test: 7.976e+00, ssim_zr_test: 9.799e-01, rmse_zr_test: 3.992e+00, ergas_zr_test: 4.992e-01, uqi_zr_test: 8.975e-01, psnr_xdsr_test: 3.359e+01, sam_xdsr_test: 5.963e+00
23-11-27 05:37:00.917 : , G_loss_test: 8.732e-03, hsi_likelihood_test: 2.863e-03, msi_likelihood_test: 5.869e-03, regularization_degradation_test: 2.119e-09, regularization_phi_test: 2.926e-03, psnr_xr_test: 3.357e+01, sam_xr_test: 5.611e+00, psnr_yr_test: 2.813e+01, sam_yr_test: 2.064e+01, psnr_zr_test: 3.848e+01, sam_zr_test: 7.976e+00, ssim_zr_test: 9.799e-01, rmse_zr_test: 3.992e+00, ergas_zr_test: 4.992e-01, uqi_zr_test: 8.975e-01, psnr_xdsr_test: 3.359e+01, sam_xdsr_test: 5.963e+00
23-11-27 05:37:05.806 : , G_loss_test: 8.707e-03, hsi_likelihood_test: 2.856e-03, msi_likelihood_test: 5.851e-03, regularization_degradation_test: 2.074e-09, regularization_phi_test: 2.912e-03, psnr_xr_test: 3.360e+01, sam_xr_test: 5.612e+00, psnr_yr_test: 2.816e+01, sam_yr_test: 2.064e+01, psnr_zr_test: 3.850e+01, sam_zr_test: 7.974e+00, ssim_zr_test: 9.798e-01, rmse_zr_test: 3.991e+00, ergas_zr_test: 4.986e-01, uqi_zr_test: 8.969e-01, psnr_xdsr_test: 3.361e+01, sam_xdsr_test: 5.957e+00
23-11-27 05:37:05.807 : , G_loss_test: 8.707e-03, hsi_likelihood_test: 2.856e-03, msi_likelihood_test: 5.851e-03, regularization_degradation_test: 2.074e-09, regularization_phi_test: 2.912e-03, psnr_xr_test: 3.360e+01, sam_xr_test: 5.612e+00, psnr_yr_test: 2.816e+01, sam_yr_test: 2.064e+01, psnr_zr_test: 3.850e+01, sam_zr_test: 7.974e+00, ssim_zr_test: 9.798e-01, rmse_zr_test: 3.991e+00, ergas_zr_test: 4.986e-01, uqi_zr_test: 8.969e-01, psnr_xdsr_test: 3.361e+01, sam_xdsr_test: 5.957e+00
23-11-27 05:37:12.427 : , G_loss_test: 8.710e-03, hsi_likelihood_test: 2.844e-03, msi_likelihood_test: 5.866e-03, regularization_degradation_test: 2.131e-09, regularization_phi_test: 2.905e-03, psnr_xr_test: 3.361e+01, sam_xr_test: 5.586e+00, psnr_yr_test: 2.813e+01, sam_yr_test: 2.066e+01, psnr_zr_test: 3.852e+01, sam_zr_test: 7.964e+00, ssim_zr_test: 9.798e-01, rmse_zr_test: 3.991e+00, ergas_zr_test: 4.982e-01, uqi_zr_test: 8.971e-01, psnr_xdsr_test: 3.363e+01, sam_xdsr_test: 5.927e+00
23-11-27 05:37:12.428 : , G_loss_test: 8.710e-03, hsi_likelihood_test: 2.844e-03, msi_likelihood_test: 5.866e-03, regularization_degradation_test: 2.131e-09, regularization_phi_test: 2.905e-03, psnr_xr_test: 3.361e+01, sam_xr_test: 5.586e+00, psnr_yr_test: 2.813e+01, sam_yr_test: 2.066e+01, psnr_zr_test: 3.852e+01, sam_zr_test: 7.964e+00, ssim_zr_test: 9.798e-01, rmse_zr_test: 3.991e+00, ergas_zr_test: 4.982e-01, uqi_zr_test: 8.971e-01, psnr_xdsr_test: 3.363e+01, sam_xdsr_test: 5.927e+00
23-11-27 05:37:17.562 : , G_loss_test: 8.702e-03, hsi_likelihood_test: 2.835e-03, msi_likelihood_test: 5.867e-03, regularization_degradation_test: 2.022e-09, regularization_phi_test: 2.896e-03, psnr_xr_test: 3.365e+01, sam_xr_test: 5.589e+00, psnr_yr_test: 2.811e+01, sam_yr_test: 2.067e+01, psnr_zr_test: 3.855e+01, sam_zr_test: 7.950e+00, ssim_zr_test: 9.799e-01, rmse_zr_test: 3.980e+00, ergas_zr_test: 4.967e-01, uqi_zr_test: 8.984e-01, psnr_xdsr_test: 3.367e+01, sam_xdsr_test: 5.929e+00
23-11-27 05:37:17.562 : , G_loss_test: 8.702e-03, hsi_likelihood_test: 2.835e-03, msi_likelihood_test: 5.867e-03, regularization_degradation_test: 2.022e-09, regularization_phi_test: 2.896e-03, psnr_xr_test: 3.365e+01, sam_xr_test: 5.589e+00, psnr_yr_test: 2.811e+01, sam_yr_test: 2.067e+01, psnr_zr_test: 3.855e+01, sam_zr_test: 7.950e+00, ssim_zr_test: 9.799e-01, rmse_zr_test: 3.980e+00, ergas_zr_test: 4.967e-01, uqi_zr_test: 8.984e-01, psnr_xdsr_test: 3.367e+01, sam_xdsr_test: 5.929e+00
23-11-27 05:37:22.273 : , G_loss_test: 8.736e-03, hsi_likelihood_test: 2.836e-03, msi_likelihood_test: 5.900e-03, regularization_degradation_test: 2.202e-09, regularization_phi_test: 2.899e-03, psnr_xr_test: 3.367e+01, sam_xr_test: 5.553e+00, psnr_yr_test: 2.802e+01, sam_yr_test: 2.053e+01, psnr_zr_test: 3.855e+01, sam_zr_test: 7.935e+00, ssim_zr_test: 9.800e-01, rmse_zr_test: 3.976e+00, ergas_zr_test: 4.969e-01, uqi_zr_test: 8.968e-01, psnr_xdsr_test: 3.367e+01, sam_xdsr_test: 5.891e+00
23-11-27 05:37:22.274 : , G_loss_test: 8.736e-03, hsi_likelihood_test: 2.836e-03, msi_likelihood_test: 5.900e-03, regularization_degradation_test: 2.202e-09, regularization_phi_test: 2.899e-03, psnr_xr_test: 3.367e+01, sam_xr_test: 5.553e+00, psnr_yr_test: 2.802e+01, sam_yr_test: 2.053e+01, psnr_zr_test: 3.855e+01, sam_zr_test: 7.935e+00, ssim_zr_test: 9.800e-01, rmse_zr_test: 3.976e+00, ergas_zr_test: 4.969e-01, uqi_zr_test: 8.968e-01, psnr_xdsr_test: 3.367e+01, sam_xdsr_test: 5.891e+00
23-11-27 05:37:26.916 : , G_loss_test: 8.688e-03, hsi_likelihood_test: 2.811e-03, msi_likelihood_test: 5.877e-03, regularization_degradation_test: 2.275e-09, regularization_phi_test: 2.875e-03, psnr_xr_test: 3.374e+01, sam_xr_test: 5.527e+00, psnr_yr_test: 2.805e+01, sam_yr_test: 2.062e+01, psnr_zr_test: 3.860e+01, sam_zr_test: 7.926e+00, ssim_zr_test: 9.800e-01, rmse_zr_test: 3.967e+00, ergas_zr_test: 4.945e-01, uqi_zr_test: 8.970e-01, psnr_xdsr_test: 3.373e+01, sam_xdsr_test: 5.869e+00
23-11-27 05:37:26.916 : , G_loss_test: 8.688e-03, hsi_likelihood_test: 2.811e-03, msi_likelihood_test: 5.877e-03, regularization_degradation_test: 2.275e-09, regularization_phi_test: 2.875e-03, psnr_xr_test: 3.374e+01, sam_xr_test: 5.527e+00, psnr_yr_test: 2.805e+01, sam_yr_test: 2.062e+01, psnr_zr_test: 3.860e+01, sam_zr_test: 7.926e+00, ssim_zr_test: 9.800e-01, rmse_zr_test: 3.967e+00, ergas_zr_test: 4.945e-01, uqi_zr_test: 8.970e-01, psnr_xdsr_test: 3.373e+01, sam_xdsr_test: 5.869e+00
23-11-27 05:37:31.543 : , G_loss_test: 8.694e-03, hsi_likelihood_test: 2.814e-03, msi_likelihood_test: 5.880e-03, regularization_degradation_test: 1.957e-09, regularization_phi_test: 2.872e-03, psnr_xr_test: 3.373e+01, sam_xr_test: 5.519e+00, psnr_yr_test: 2.800e+01, sam_yr_test: 2.070e+01, psnr_zr_test: 3.859e+01, sam_zr_test: 7.895e+00, ssim_zr_test: 9.802e-01, rmse_zr_test: 3.962e+00, ergas_zr_test: 4.949e-01, uqi_zr_test: 8.985e-01, psnr_xdsr_test: 3.372e+01, sam_xdsr_test: 5.862e+00
23-11-27 05:37:31.543 : , G_loss_test: 8.694e-03, hsi_likelihood_test: 2.814e-03, msi_likelihood_test: 5.880e-03, regularization_degradation_test: 1.957e-09, regularization_phi_test: 2.872e-03, psnr_xr_test: 3.373e+01, sam_xr_test: 5.519e+00, psnr_yr_test: 2.800e+01, sam_yr_test: 2.070e+01, psnr_zr_test: 3.859e+01, sam_zr_test: 7.895e+00, ssim_zr_test: 9.802e-01, rmse_zr_test: 3.962e+00, ergas_zr_test: 4.949e-01, uqi_zr_test: 8.985e-01, psnr_xdsr_test: 3.372e+01, sam_xdsr_test: 5.862e+00
23-11-27 05:37:36.188 : , G_loss_test: 8.698e-03, hsi_likelihood_test: 2.796e-03, msi_likelihood_test: 5.902e-03, regularization_degradation_test: 2.070e-09, regularization_phi_test: 2.863e-03, psnr_xr_test: 3.378e+01, sam_xr_test: 5.471e+00, psnr_yr_test: 2.801e+01, sam_yr_test: 2.059e+01, psnr_zr_test: 3.863e+01, sam_zr_test: 7.877e+00, ssim_zr_test: 9.801e-01, rmse_zr_test: 3.959e+00, ergas_zr_test: 4.932e-01, uqi_zr_test: 8.971e-01, psnr_xdsr_test: 3.376e+01, sam_xdsr_test: 5.813e+00
23-11-27 05:37:36.189 : , G_loss_test: 8.698e-03, hsi_likelihood_test: 2.796e-03, msi_likelihood_test: 5.902e-03, regularization_degradation_test: 2.070e-09, regularization_phi_test: 2.863e-03, psnr_xr_test: 3.378e+01, sam_xr_test: 5.471e+00, psnr_yr_test: 2.801e+01, sam_yr_test: 2.059e+01, psnr_zr_test: 3.863e+01, sam_zr_test: 7.877e+00, ssim_zr_test: 9.801e-01, rmse_zr_test: 3.959e+00, ergas_zr_test: 4.932e-01, uqi_zr_test: 8.971e-01, psnr_xdsr_test: 3.376e+01, sam_xdsr_test: 5.813e+00
23-11-27 05:37:41.016 : , G_loss_test: 8.684e-03, hsi_likelihood_test: 2.788e-03, msi_likelihood_test: 5.896e-03, regularization_degradation_test: 1.978e-09, regularization_phi_test: 2.850e-03, psnr_xr_test: 3.380e+01, sam_xr_test: 5.473e+00, psnr_yr_test: 2.802e+01, sam_yr_test: 2.072e+01, psnr_zr_test: 3.865e+01, sam_zr_test: 7.876e+00, ssim_zr_test: 9.802e-01, rmse_zr_test: 3.951e+00, ergas_zr_test: 4.917e-01, uqi_zr_test: 8.984e-01, psnr_xdsr_test: 3.378e+01, sam_xdsr_test: 5.792e+00
23-11-27 05:37:41.016 : , G_loss_test: 8.684e-03, hsi_likelihood_test: 2.788e-03, msi_likelihood_test: 5.896e-03, regularization_degradation_test: 1.978e-09, regularization_phi_test: 2.850e-03, psnr_xr_test: 3.380e+01, sam_xr_test: 5.473e+00, psnr_yr_test: 2.802e+01, sam_yr_test: 2.072e+01, psnr_zr_test: 3.865e+01, sam_zr_test: 7.876e+00, ssim_zr_test: 9.802e-01, rmse_zr_test: 3.951e+00, ergas_zr_test: 4.917e-01, uqi_zr_test: 8.984e-01, psnr_xdsr_test: 3.378e+01, sam_xdsr_test: 5.792e+00
23-11-27 05:37:49.759 : , G_loss_test: 1.819e-02, hsi_likelihood_test: 6.152e-03, msi_likelihood_test: 1.204e-02, regularization_degradation_test: 9.903e-09, regularization_phi_test: 6.276e-03, psnr_xr_test: 3.439e+01, sam_xr_test: 3.293e+00, psnr_yr_test: 2.186e+01, sam_yr_test: 7.740e+00, psnr_zr_test: 3.390e+01, sam_zr_test: 4.981e+00, ssim_zr_test: 9.781e-01, rmse_zr_test: 4.948e+00, ergas_zr_test: 1.791e-01, uqi_zr_test: 9.923e-01, psnr_xdsr_test: 3.423e+01, sam_xdsr_test: 3.395e+00
23-11-27 05:37:49.759 : , G_loss_test: 1.819e-02, hsi_likelihood_test: 6.152e-03, msi_likelihood_test: 1.204e-02, regularization_degradation_test: 9.903e-09, regularization_phi_test: 6.276e-03, psnr_xr_test: 3.439e+01, sam_xr_test: 3.293e+00, psnr_yr_test: 2.186e+01, sam_yr_test: 7.740e+00, psnr_zr_test: 3.390e+01, sam_zr_test: 4.981e+00, ssim_zr_test: 9.781e-01, rmse_zr_test: 4.948e+00, ergas_zr_test: 1.791e-01, uqi_zr_test: 9.923e-01, psnr_xdsr_test: 3.423e+01, sam_xdsr_test: 3.395e+00
23-11-27 05:37:53.882 : , G_loss_test: 1.529e-02, hsi_likelihood_test: 4.739e-03, msi_likelihood_test: 1.055e-02, regularization_degradation_test: 1.021e-08, regularization_phi_test: 4.825e-03, psnr_xr_test: 3.619e+01, sam_xr_test: 2.642e+00, psnr_yr_test: 2.429e+01, sam_yr_test: 7.789e+00, psnr_zr_test: 3.537e+01, sam_zr_test: 4.331e+00, ssim_zr_test: 9.806e-01, rmse_zr_test: 4.301e+00, ergas_zr_test: 1.552e-01, uqi_zr_test: 9.946e-01, psnr_xdsr_test: 3.607e+01, sam_xdsr_test: 2.732e+00
23-11-27 05:37:53.883 : , G_loss_test: 1.529e-02, hsi_likelihood_test: 4.739e-03, msi_likelihood_test: 1.055e-02, regularization_degradation_test: 1.021e-08, regularization_phi_test: 4.825e-03, psnr_xr_test: 3.619e+01, sam_xr_test: 2.642e+00, psnr_yr_test: 2.429e+01, sam_yr_test: 7.789e+00, psnr_zr_test: 3.537e+01, sam_zr_test: 4.331e+00, ssim_zr_test: 9.806e-01, rmse_zr_test: 4.301e+00, ergas_zr_test: 1.552e-01, uqi_zr_test: 9.946e-01, psnr_xdsr_test: 3.607e+01, sam_xdsr_test: 2.732e+00
23-11-27 05:37:58.031 : , G_loss_test: 1.532e-02, hsi_likelihood_test: 4.412e-03, msi_likelihood_test: 1.091e-02, regularization_degradation_test: 9.732e-09, regularization_phi_test: 4.485e-03, psnr_xr_test: 3.670e+01, sam_xr_test: 2.385e+00, psnr_yr_test: 2.386e+01, sam_yr_test: 7.612e+00, psnr_zr_test: 3.577e+01, sam_zr_test: 4.108e+00, ssim_zr_test: 9.810e-01, rmse_zr_test: 4.163e+00, ergas_zr_test: 1.504e-01, uqi_zr_test: 9.951e-01, psnr_xdsr_test: 3.661e+01, sam_xdsr_test: 2.504e+00
23-11-27 05:37:58.032 : , G_loss_test: 1.532e-02, hsi_likelihood_test: 4.412e-03, msi_likelihood_test: 1.091e-02, regularization_degradation_test: 9.732e-09, regularization_phi_test: 4.485e-03, psnr_xr_test: 3.670e+01, sam_xr_test: 2.385e+00, psnr_yr_test: 2.386e+01, sam_yr_test: 7.612e+00, psnr_zr_test: 3.577e+01, sam_zr_test: 4.108e+00, ssim_zr_test: 9.810e-01, rmse_zr_test: 4.163e+00, ergas_zr_test: 1.504e-01, uqi_zr_test: 9.951e-01, psnr_xdsr_test: 3.661e+01, sam_xdsr_test: 2.504e+00
23-11-27 05:38:02.155 : , G_loss_test: 1.498e-02, hsi_likelihood_test: 4.275e-03, msi_likelihood_test: 1.070e-02, regularization_degradation_test: 9.003e-09, regularization_phi_test: 4.332e-03, psnr_xr_test: 3.693e+01, sam_xr_test: 2.318e+00, psnr_yr_test: 2.429e+01, sam_yr_test: 7.539e+00, psnr_zr_test: 3.602e+01, sam_zr_test: 4.013e+00, ssim_zr_test: 9.813e-01, rmse_zr_test: 4.064e+00, ergas_zr_test: 1.471e-01, uqi_zr_test: 9.952e-01, psnr_xdsr_test: 3.688e+01, sam_xdsr_test: 2.392e+00
23-11-27 05:38:02.156 : , G_loss_test: 1.498e-02, hsi_likelihood_test: 4.275e-03, msi_likelihood_test: 1.070e-02, regularization_degradation_test: 9.003e-09, regularization_phi_test: 4.332e-03, psnr_xr_test: 3.693e+01, sam_xr_test: 2.318e+00, psnr_yr_test: 2.429e+01, sam_yr_test: 7.539e+00, psnr_zr_test: 3.602e+01, sam_zr_test: 4.013e+00, ssim_zr_test: 9.813e-01, rmse_zr_test: 4.064e+00, ergas_zr_test: 1.471e-01, uqi_zr_test: 9.952e-01, psnr_xdsr_test: 3.688e+01, sam_xdsr_test: 2.392e+00
23-11-27 05:38:06.278 : , G_loss_test: 1.494e-02, hsi_likelihood_test: 4.201e-03, msi_likelihood_test: 1.074e-02, regularization_degradation_test: 8.681e-09, regularization_phi_test: 4.284e-03, psnr_xr_test: 3.709e+01, sam_xr_test: 2.310e+00, psnr_yr_test: 2.419e+01, sam_yr_test: 7.476e+00, psnr_zr_test: 3.616e+01, sam_zr_test: 4.012e+00, ssim_zr_test: 9.814e-01, rmse_zr_test: 4.000e+00, ergas_zr_test: 1.449e-01, uqi_zr_test: 9.952e-01, psnr_xdsr_test: 3.697e+01, sam_xdsr_test: 2.390e+00
23-11-27 05:38:06.279 : , G_loss_test: 1.494e-02, hsi_likelihood_test: 4.201e-03, msi_likelihood_test: 1.074e-02, regularization_degradation_test: 8.681e-09, regularization_phi_test: 4.284e-03, psnr_xr_test: 3.709e+01, sam_xr_test: 2.310e+00, psnr_yr_test: 2.419e+01, sam_yr_test: 7.476e+00, psnr_zr_test: 3.616e+01, sam_zr_test: 4.012e+00, ssim_zr_test: 9.814e-01, rmse_zr_test: 4.000e+00, ergas_zr_test: 1.449e-01, uqi_zr_test: 9.952e-01, psnr_xdsr_test: 3.697e+01, sam_xdsr_test: 2.390e+00
23-11-27 05:38:10.405 : , G_loss_test: 1.532e-02, hsi_likelihood_test: 4.193e-03, msi_likelihood_test: 1.113e-02, regularization_degradation_test: 8.798e-09, regularization_phi_test: 4.204e-03, psnr_xr_test: 3.714e+01, sam_xr_test: 2.278e+00, psnr_yr_test: 2.358e+01, sam_yr_test: nan, psnr_zr_test: 3.624e+01, sam_zr_test: 3.968e+00, ssim_zr_test: 9.816e-01, rmse_zr_test: 3.973e+00, ergas_zr_test: 1.440e-01, uqi_zr_test: 9.953e-01, psnr_xdsr_test: 3.716e+01, sam_xdsr_test: 2.323e+00
23-11-27 05:38:10.406 : , G_loss_test: 1.532e-02, hsi_likelihood_test: 4.193e-03, msi_likelihood_test: 1.113e-02, regularization_degradation_test: 8.798e-09, regularization_phi_test: 4.204e-03, psnr_xr_test: 3.714e+01, sam_xr_test: 2.278e+00, psnr_yr_test: 2.358e+01, sam_yr_test: nan, psnr_zr_test: 3.624e+01, sam_zr_test: 3.968e+00, ssim_zr_test: 9.816e-01, rmse_zr_test: 3.973e+00, ergas_zr_test: 1.440e-01, uqi_zr_test: 9.953e-01, psnr_xdsr_test: 3.716e+01, sam_xdsr_test: 2.323e+00
23-11-27 05:38:14.462 : , G_loss_test: 1.512e-02, hsi_likelihood_test: 4.092e-03, msi_likelihood_test: 1.102e-02, regularization_degradation_test: 9.854e-09, regularization_phi_test: 4.147e-03, psnr_xr_test: 3.734e+01, sam_xr_test: 2.252e+00, psnr_yr_test: 2.374e+01, sam_yr_test: nan, psnr_zr_test: 3.641e+01, sam_zr_test: 3.927e+00, ssim_zr_test: 9.818e-01, rmse_zr_test: 3.905e+00, ergas_zr_test: 1.416e-01, uqi_zr_test: 9.954e-01, psnr_xdsr_test: 3.728e+01, sam_xdsr_test: 2.300e+00
23-11-27 05:38:14.463 : , G_loss_test: 1.512e-02, hsi_likelihood_test: 4.092e-03, msi_likelihood_test: 1.102e-02, regularization_degradation_test: 9.854e-09, regularization_phi_test: 4.147e-03, psnr_xr_test: 3.734e+01, sam_xr_test: 2.252e+00, psnr_yr_test: 2.374e+01, sam_yr_test: nan, psnr_zr_test: 3.641e+01, sam_zr_test: 3.927e+00, ssim_zr_test: 9.818e-01, rmse_zr_test: 3.905e+00, ergas_zr_test: 1.416e-01, uqi_zr_test: 9.954e-01, psnr_xdsr_test: 3.728e+01, sam_xdsr_test: 2.300e+00
23-11-27 05:38:18.595 : , G_loss_test: 1.472e-02, hsi_likelihood_test: 4.060e-03, msi_likelihood_test: 1.066e-02, regularization_degradation_test: 9.792e-09, regularization_phi_test: 4.075e-03, psnr_xr_test: 3.738e+01, sam_xr_test: 2.214e+00, psnr_yr_test: 2.437e+01, sam_yr_test: nan, psnr_zr_test: 3.643e+01, sam_zr_test: 3.877e+00, ssim_zr_test: 9.817e-01, rmse_zr_test: 3.888e+00, ergas_zr_test: 1.410e-01, uqi_zr_test: 9.954e-01, psnr_xdsr_test: 3.739e+01, sam_xdsr_test: 2.263e+00
23-11-27 05:38:18.595 : , G_loss_test: 1.472e-02, hsi_likelihood_test: 4.060e-03, msi_likelihood_test: 1.066e-02, regularization_degradation_test: 9.792e-09, regularization_phi_test: 4.075e-03, psnr_xr_test: 3.738e+01, sam_xr_test: 2.214e+00, psnr_yr_test: 2.437e+01, sam_yr_test: nan, psnr_zr_test: 3.643e+01, sam_zr_test: 3.877e+00, ssim_zr_test: 9.817e-01, rmse_zr_test: 3.888e+00, ergas_zr_test: 1.410e-01, uqi_zr_test: 9.954e-01, psnr_xdsr_test: 3.739e+01, sam_xdsr_test: 2.263e+00
23-11-27 05:38:22.654 : , G_loss_test: 1.488e-02, hsi_likelihood_test: 4.043e-03, msi_likelihood_test: 1.084e-02, regularization_degradation_test: 9.230e-09, regularization_phi_test: 4.064e-03, psnr_xr_test: 3.744e+01, sam_xr_test: 2.220e+00, psnr_yr_test: 2.403e+01, sam_yr_test: 7.437e+00, psnr_zr_test: 3.652e+01, sam_zr_test: 3.894e+00, ssim_zr_test: 9.820e-01, rmse_zr_test: 3.839e+00, ergas_zr_test: 1.395e-01, uqi_zr_test: 9.955e-01, psnr_xdsr_test: 3.744e+01, sam_xdsr_test: 2.264e+00
23-11-27 05:38:22.654 : , G_loss_test: 1.488e-02, hsi_likelihood_test: 4.043e-03, msi_likelihood_test: 1.084e-02, regularization_degradation_test: 9.230e-09, regularization_phi_test: 4.064e-03, psnr_xr_test: 3.744e+01, sam_xr_test: 2.220e+00, psnr_yr_test: 2.403e+01, sam_yr_test: 7.437e+00, psnr_zr_test: 3.652e+01, sam_zr_test: 3.894e+00, ssim_zr_test: 9.820e-01, rmse_zr_test: 3.839e+00, ergas_zr_test: 1.395e-01, uqi_zr_test: 9.955e-01, psnr_xdsr_test: 3.744e+01, sam_xdsr_test: 2.264e+00
23-11-27 05:38:26.738 : , G_loss_test: 1.497e-02, hsi_likelihood_test: 4.035e-03, msi_likelihood_test: 1.093e-02, regularization_degradation_test: 8.334e-09, regularization_phi_test: 4.125e-03, psnr_xr_test: 3.747e+01, sam_xr_test: 2.242e+00, psnr_yr_test: 2.388e+01, sam_yr_test: 7.403e+00, psnr_zr_test: 3.656e+01, sam_zr_test: 3.912e+00, ssim_zr_test: 9.818e-01, rmse_zr_test: 3.827e+00, ergas_zr_test: 1.392e-01, uqi_zr_test: 9.953e-01, psnr_xdsr_test: 3.734e+01, sam_xdsr_test: 2.308e+00
23-11-27 05:38:26.739 : , G_loss_test: 1.497e-02, hsi_likelihood_test: 4.035e-03, msi_likelihood_test: 1.093e-02, regularization_degradation_test: 8.334e-09, regularization_phi_test: 4.125e-03, psnr_xr_test: 3.747e+01, sam_xr_test: 2.242e+00, psnr_yr_test: 2.388e+01, sam_yr_test: 7.403e+00, psnr_zr_test: 3.656e+01, sam_zr_test: 3.912e+00, ssim_zr_test: 9.818e-01, rmse_zr_test: 3.827e+00, ergas_zr_test: 1.392e-01, uqi_zr_test: 9.953e-01, psnr_xdsr_test: 3.734e+01, sam_xdsr_test: 2.308e+00
23-11-27 05:38:30.905 : , G_loss_test: 1.491e-02, hsi_likelihood_test: 3.973e-03, msi_likelihood_test: 1.093e-02, regularization_degradation_test: 9.266e-09, regularization_phi_test: 4.060e-03, psnr_xr_test: 3.758e+01, sam_xr_test: 2.193e+00, psnr_yr_test: 2.385e+01, sam_yr_test: 7.391e+00, psnr_zr_test: 3.661e+01, sam_zr_test: 3.840e+00, ssim_zr_test: 9.819e-01, rmse_zr_test: 3.816e+00, ergas_zr_test: 1.384e-01, uqi_zr_test: 9.954e-01, psnr_xdsr_test: 3.746e+01, sam_xdsr_test: 2.251e+00
23-11-27 05:38:30.905 : , G_loss_test: 1.491e-02, hsi_likelihood_test: 3.973e-03, msi_likelihood_test: 1.093e-02, regularization_degradation_test: 9.266e-09, regularization_phi_test: 4.060e-03, psnr_xr_test: 3.758e+01, sam_xr_test: 2.193e+00, psnr_yr_test: 2.385e+01, sam_yr_test: 7.391e+00, psnr_zr_test: 3.661e+01, sam_zr_test: 3.840e+00, ssim_zr_test: 9.819e-01, rmse_zr_test: 3.816e+00, ergas_zr_test: 1.384e-01, uqi_zr_test: 9.954e-01, psnr_xdsr_test: 3.746e+01, sam_xdsr_test: 2.251e+00
23-11-27 05:38:35.128 : , G_loss_test: 1.471e-02, hsi_likelihood_test: 4.013e-03, msi_likelihood_test: 1.069e-02, regularization_degradation_test: 9.343e-09, regularization_phi_test: 4.017e-03, psnr_xr_test: 3.747e+01, sam_xr_test: 2.200e+00, psnr_yr_test: 2.424e+01, sam_yr_test: nan, psnr_zr_test: 3.660e+01, sam_zr_test: 3.845e+00, ssim_zr_test: 9.821e-01, rmse_zr_test: 3.799e+00, ergas_zr_test: 1.385e-01, uqi_zr_test: 9.954e-01, psnr_xdsr_test: 3.748e+01, sam_xdsr_test: 2.223e+00
23-11-27 05:38:35.128 : , G_loss_test: 1.471e-02, hsi_likelihood_test: 4.013e-03, msi_likelihood_test: 1.069e-02, regularization_degradation_test: 9.343e-09, regularization_phi_test: 4.017e-03, psnr_xr_test: 3.747e+01, sam_xr_test: 2.200e+00, psnr_yr_test: 2.424e+01, sam_yr_test: nan, psnr_zr_test: 3.660e+01, sam_zr_test: 3.845e+00, ssim_zr_test: 9.821e-01, rmse_zr_test: 3.799e+00, ergas_zr_test: 1.385e-01, uqi_zr_test: 9.954e-01, psnr_xdsr_test: 3.748e+01, sam_xdsr_test: 2.223e+00
23-11-27 05:38:39.309 : , G_loss_test: 1.482e-02, hsi_likelihood_test: 3.829e-03, msi_likelihood_test: 1.099e-02, regularization_degradation_test: 9.216e-09, regularization_phi_test: 3.864e-03, psnr_xr_test: 3.782e+01, sam_xr_test: 2.131e+00, psnr_yr_test: 2.371e+01, sam_yr_test: 7.393e+00, psnr_zr_test: 3.689e+01, sam_zr_test: 3.805e+00, ssim_zr_test: 9.821e-01, rmse_zr_test: 3.731e+00, ergas_zr_test: 1.362e-01, uqi_zr_test: 9.955e-01, psnr_xdsr_test: 3.779e+01, sam_xdsr_test: 2.180e+00
23-11-27 05:38:39.309 : , G_loss_test: 1.482e-02, hsi_likelihood_test: 3.829e-03, msi_likelihood_test: 1.099e-02, regularization_degradation_test: 9.216e-09, regularization_phi_test: 3.864e-03, psnr_xr_test: 3.782e+01, sam_xr_test: 2.131e+00, psnr_yr_test: 2.371e+01, sam_yr_test: 7.393e+00, psnr_zr_test: 3.689e+01, sam_zr_test: 3.805e+00, ssim_zr_test: 9.821e-01, rmse_zr_test: 3.731e+00, ergas_zr_test: 1.362e-01, uqi_zr_test: 9.955e-01, psnr_xdsr_test: 3.779e+01, sam_xdsr_test: 2.180e+00
23-11-27 05:38:43.492 : , G_loss_test: 1.472e-02, hsi_likelihood_test: 3.812e-03, msi_likelihood_test: 1.091e-02, regularization_degradation_test: 9.545e-09, regularization_phi_test: 3.850e-03, psnr_xr_test: 3.784e+01, sam_xr_test: 2.127e+00, psnr_yr_test: 2.382e+01, sam_yr_test: 7.368e+00, psnr_zr_test: 3.690e+01, sam_zr_test: 3.799e+00, ssim_zr_test: 9.822e-01, rmse_zr_test: 3.729e+00, ergas_zr_test: 1.361e-01, uqi_zr_test: 9.956e-01, psnr_xdsr_test: 3.777e+01, sam_xdsr_test: 2.171e+00
23-11-27 05:38:43.492 : , G_loss_test: 1.472e-02, hsi_likelihood_test: 3.812e-03, msi_likelihood_test: 1.091e-02, regularization_degradation_test: 9.545e-09, regularization_phi_test: 3.850e-03, psnr_xr_test: 3.784e+01, sam_xr_test: 2.127e+00, psnr_yr_test: 2.382e+01, sam_yr_test: 7.368e+00, psnr_zr_test: 3.690e+01, sam_zr_test: 3.799e+00, ssim_zr_test: 9.822e-01, rmse_zr_test: 3.729e+00, ergas_zr_test: 1.361e-01, uqi_zr_test: 9.956e-01, psnr_xdsr_test: 3.777e+01, sam_xdsr_test: 2.171e+00
23-11-27 05:38:47.689 : , G_loss_test: 1.495e-02, hsi_likelihood_test: 3.816e-03, msi_likelihood_test: 1.114e-02, regularization_degradation_test: 8.544e-09, regularization_phi_test: 3.798e-03, psnr_xr_test: 3.784e+01, sam_xr_test: 2.115e+00, psnr_yr_test: 2.345e+01, sam_yr_test: 7.365e+00, psnr_zr_test: 3.689e+01, sam_zr_test: 3.785e+00, ssim_zr_test: 9.822e-01, rmse_zr_test: 3.732e+00, ergas_zr_test: 1.361e-01, uqi_zr_test: 9.956e-01, psnr_xdsr_test: 3.788e+01, sam_xdsr_test: 2.147e+00
23-11-27 05:38:47.689 : , G_loss_test: 1.495e-02, hsi_likelihood_test: 3.816e-03, msi_likelihood_test: 1.114e-02, regularization_degradation_test: 8.544e-09, regularization_phi_test: 3.798e-03, psnr_xr_test: 3.784e+01, sam_xr_test: 2.115e+00, psnr_yr_test: 2.345e+01, sam_yr_test: 7.365e+00, psnr_zr_test: 3.689e+01, sam_zr_test: 3.785e+00, ssim_zr_test: 9.822e-01, rmse_zr_test: 3.732e+00, ergas_zr_test: 1.361e-01, uqi_zr_test: 9.956e-01, psnr_xdsr_test: 3.788e+01, sam_xdsr_test: 2.147e+00
23-11-27 05:38:51.923 : , G_loss_test: 1.495e-02, hsi_likelihood_test: 3.800e-03, msi_likelihood_test: 1.115e-02, regularization_degradation_test: 9.497e-09, regularization_phi_test: 3.782e-03, psnr_xr_test: 3.786e+01, sam_xr_test: 2.109e+00, psnr_yr_test: 2.346e+01, sam_yr_test: nan, psnr_zr_test: 3.692e+01, sam_zr_test: 3.773e+00, ssim_zr_test: 9.823e-01, rmse_zr_test: 3.717e+00, ergas_zr_test: 1.356e-01, uqi_zr_test: 9.956e-01, psnr_xdsr_test: 3.789e+01, sam_xdsr_test: 2.132e+00
23-11-27 05:38:51.924 : , G_loss_test: 1.495e-02, hsi_likelihood_test: 3.800e-03, msi_likelihood_test: 1.115e-02, regularization_degradation_test: 9.497e-09, regularization_phi_test: 3.782e-03, psnr_xr_test: 3.786e+01, sam_xr_test: 2.109e+00, psnr_yr_test: 2.346e+01, sam_yr_test: nan, psnr_zr_test: 3.692e+01, sam_zr_test: 3.773e+00, ssim_zr_test: 9.823e-01, rmse_zr_test: 3.717e+00, ergas_zr_test: 1.356e-01, uqi_zr_test: 9.956e-01, psnr_xdsr_test: 3.789e+01, sam_xdsr_test: 2.132e+00
23-11-27 05:38:56.124 : , G_loss_test: 1.469e-02, hsi_likelihood_test: 3.787e-03, msi_likelihood_test: 1.091e-02, regularization_degradation_test: 8.721e-09, regularization_phi_test: 3.772e-03, psnr_xr_test: 3.788e+01, sam_xr_test: 2.116e+00, psnr_yr_test: 2.382e+01, sam_yr_test: 7.358e+00, psnr_zr_test: 3.695e+01, sam_zr_test: 3.768e+00, ssim_zr_test: 9.823e-01, rmse_zr_test: 3.703e+00, ergas_zr_test: 1.351e-01, uqi_zr_test: 9.956e-01, psnr_xdsr_test: 3.793e+01, sam_xdsr_test: 2.134e+00
23-11-27 05:38:56.125 : , G_loss_test: 1.469e-02, hsi_likelihood_test: 3.787e-03, msi_likelihood_test: 1.091e-02, regularization_degradation_test: 8.721e-09, regularization_phi_test: 3.772e-03, psnr_xr_test: 3.788e+01, sam_xr_test: 2.116e+00, psnr_yr_test: 2.382e+01, sam_yr_test: 7.358e+00, psnr_zr_test: 3.695e+01, sam_zr_test: 3.768e+00, ssim_zr_test: 9.823e-01, rmse_zr_test: 3.703e+00, ergas_zr_test: 1.351e-01, uqi_zr_test: 9.956e-01, psnr_xdsr_test: 3.793e+01, sam_xdsr_test: 2.134e+00
23-11-27 05:39:00.342 : , G_loss_test: 1.466e-02, hsi_likelihood_test: 3.782e-03, msi_likelihood_test: 1.088e-02, regularization_degradation_test: 9.420e-09, regularization_phi_test: 3.791e-03, psnr_xr_test: 3.788e+01, sam_xr_test: 2.112e+00, psnr_yr_test: 2.385e+01, sam_yr_test: 7.349e+00, psnr_zr_test: 3.695e+01, sam_zr_test: 3.769e+00, ssim_zr_test: 9.822e-01, rmse_zr_test: 3.708e+00, ergas_zr_test: 1.355e-01, uqi_zr_test: 9.956e-01, psnr_xdsr_test: 3.787e+01, sam_xdsr_test: 2.137e+00
23-11-27 05:39:00.343 : , G_loss_test: 1.466e-02, hsi_likelihood_test: 3.782e-03, msi_likelihood_test: 1.088e-02, regularization_degradation_test: 9.420e-09, regularization_phi_test: 3.791e-03, psnr_xr_test: 3.788e+01, sam_xr_test: 2.112e+00, psnr_yr_test: 2.385e+01, sam_yr_test: 7.349e+00, psnr_zr_test: 3.695e+01, sam_zr_test: 3.769e+00, ssim_zr_test: 9.822e-01, rmse_zr_test: 3.708e+00, ergas_zr_test: 1.355e-01, uqi_zr_test: 9.956e-01, psnr_xdsr_test: 3.787e+01, sam_xdsr_test: 2.137e+00
23-11-27 05:39:04.621 : , G_loss_test: 1.485e-02, hsi_likelihood_test: 3.757e-03, msi_likelihood_test: 1.109e-02, regularization_degradation_test: 9.036e-09, regularization_phi_test: 3.771e-03, psnr_xr_test: 3.793e+01, sam_xr_test: 2.097e+00, psnr_yr_test: 2.351e+01, sam_yr_test: nan, psnr_zr_test: 3.698e+01, sam_zr_test: 3.754e+00, ssim_zr_test: 9.823e-01, rmse_zr_test: 3.694e+00, ergas_zr_test: 1.348e-01, uqi_zr_test: 9.957e-01, psnr_xdsr_test: 3.792e+01, sam_xdsr_test: 2.126e+00
23-11-27 05:39:04.621 : , G_loss_test: 1.485e-02, hsi_likelihood_test: 3.757e-03, msi_likelihood_test: 1.109e-02, regularization_degradation_test: 9.036e-09, regularization_phi_test: 3.771e-03, psnr_xr_test: 3.793e+01, sam_xr_test: 2.097e+00, psnr_yr_test: 2.351e+01, sam_yr_test: nan, psnr_zr_test: 3.698e+01, sam_zr_test: 3.754e+00, ssim_zr_test: 9.823e-01, rmse_zr_test: 3.694e+00, ergas_zr_test: 1.348e-01, uqi_zr_test: 9.957e-01, psnr_xdsr_test: 3.792e+01, sam_xdsr_test: 2.126e+00
23-11-27 05:39:08.831 : , G_loss_test: 1.458e-02, hsi_likelihood_test: 3.859e-03, msi_likelihood_test: 1.072e-02, regularization_degradation_test: 9.772e-09, regularization_phi_test: 3.733e-03, psnr_xr_test: 3.773e+01, sam_xr_test: 2.124e+00, psnr_yr_test: 2.407e+01, sam_yr_test: nan, psnr_zr_test: 3.688e+01, sam_zr_test: 3.762e+00, ssim_zr_test: 9.823e-01, rmse_zr_test: 3.731e+00, ergas_zr_test: 1.364e-01, uqi_zr_test: 9.956e-01, psnr_xdsr_test: 3.799e+01, sam_xdsr_test: 2.112e+00
23-11-27 05:39:08.832 : , G_loss_test: 1.458e-02, hsi_likelihood_test: 3.859e-03, msi_likelihood_test: 1.072e-02, regularization_degradation_test: 9.772e-09, regularization_phi_test: 3.733e-03, psnr_xr_test: 3.773e+01, sam_xr_test: 2.124e+00, psnr_yr_test: 2.407e+01, sam_yr_test: nan, psnr_zr_test: 3.688e+01, sam_zr_test: 3.762e+00, ssim_zr_test: 9.823e-01, rmse_zr_test: 3.731e+00, ergas_zr_test: 1.364e-01, uqi_zr_test: 9.956e-01, psnr_xdsr_test: 3.799e+01, sam_xdsr_test: 2.112e+00
23-11-27 05:39:13.116 : , G_loss_test: 1.464e-02, hsi_likelihood_test: 3.740e-03, msi_likelihood_test: 1.090e-02, regularization_degradation_test: 9.395e-09, regularization_phi_test: 3.723e-03, psnr_xr_test: 3.794e+01, sam_xr_test: 2.092e+00, psnr_yr_test: 2.380e+01, sam_yr_test: nan, psnr_zr_test: 3.703e+01, sam_zr_test: 3.749e+00, ssim_zr_test: 9.823e-01, rmse_zr_test: 3.682e+00, ergas_zr_test: 1.346e-01, uqi_zr_test: 9.957e-01, psnr_xdsr_test: 3.800e+01, sam_xdsr_test: 2.112e+00
23-11-27 05:39:13.116 : , G_loss_test: 1.464e-02, hsi_likelihood_test: 3.740e-03, msi_likelihood_test: 1.090e-02, regularization_degradation_test: 9.395e-09, regularization_phi_test: 3.723e-03, psnr_xr_test: 3.794e+01, sam_xr_test: 2.092e+00, psnr_yr_test: 2.380e+01, sam_yr_test: nan, psnr_zr_test: 3.703e+01, sam_zr_test: 3.749e+00, ssim_zr_test: 9.823e-01, rmse_zr_test: 3.682e+00, ergas_zr_test: 1.346e-01, uqi_zr_test: 9.957e-01, psnr_xdsr_test: 3.800e+01, sam_xdsr_test: 2.112e+00
23-11-27 05:39:17.335 : , G_loss_test: 1.462e-02, hsi_likelihood_test: 3.731e-03, msi_likelihood_test: 1.089e-02, regularization_degradation_test: 9.419e-09, regularization_phi_test: 3.818e-03, psnr_xr_test: 3.796e+01, sam_xr_test: 2.085e+00, psnr_yr_test: 2.379e+01, sam_yr_test: 7.364e+00, psnr_zr_test: 3.705e+01, sam_zr_test: 3.750e+00, ssim_zr_test: 9.822e-01, rmse_zr_test: 3.678e+00, ergas_zr_test: 1.345e-01, uqi_zr_test: 9.957e-01, psnr_xdsr_test: 3.779e+01, sam_xdsr_test: 2.129e+00
23-11-27 05:39:17.336 : , G_loss_test: 1.462e-02, hsi_likelihood_test: 3.731e-03, msi_likelihood_test: 1.089e-02, regularization_degradation_test: 9.419e-09, regularization_phi_test: 3.818e-03, psnr_xr_test: 3.796e+01, sam_xr_test: 2.085e+00, psnr_yr_test: 2.379e+01, sam_yr_test: 7.364e+00, psnr_zr_test: 3.705e+01, sam_zr_test: 3.750e+00, ssim_zr_test: 9.822e-01, rmse_zr_test: 3.678e+00, ergas_zr_test: 1.345e-01, uqi_zr_test: 9.957e-01, psnr_xdsr_test: 3.779e+01, sam_xdsr_test: 2.129e+00
23-11-27 05:39:21.351 : , G_loss_test: 1.522e-02, hsi_likelihood_test: 3.794e-03, msi_likelihood_test: 1.143e-02, regularization_degradation_test: 9.149e-09, regularization_phi_test: 3.796e-03, psnr_xr_test: 3.785e+01, sam_xr_test: 2.100e+00, psnr_yr_test: 2.306e+01, sam_yr_test: nan, psnr_zr_test: 3.695e+01, sam_zr_test: 3.767e+00, ssim_zr_test: 9.821e-01, rmse_zr_test: 3.700e+00, ergas_zr_test: 1.353e-01, uqi_zr_test: 9.956e-01, psnr_xdsr_test: 3.787e+01, sam_xdsr_test: 2.129e+00
23-11-27 05:39:21.351 : , G_loss_test: 1.522e-02, hsi_likelihood_test: 3.794e-03, msi_likelihood_test: 1.143e-02, regularization_degradation_test: 9.149e-09, regularization_phi_test: 3.796e-03, psnr_xr_test: 3.785e+01, sam_xr_test: 2.100e+00, psnr_yr_test: 2.306e+01, sam_yr_test: nan, psnr_zr_test: 3.695e+01, sam_zr_test: 3.767e+00, ssim_zr_test: 9.821e-01, rmse_zr_test: 3.700e+00, ergas_zr_test: 1.353e-01, uqi_zr_test: 9.956e-01, psnr_xdsr_test: 3.787e+01, sam_xdsr_test: 2.129e+00
23-11-27 05:39:25.385 : , G_loss_test: 1.468e-02, hsi_likelihood_test: 3.709e-03, msi_likelihood_test: 1.098e-02, regularization_degradation_test: 9.122e-09, regularization_phi_test: 3.693e-03, psnr_xr_test: 3.801e+01, sam_xr_test: 2.075e+00, psnr_yr_test: 2.366e+01, sam_yr_test: 7.360e+00, psnr_zr_test: 3.709e+01, sam_zr_test: 3.740e+00, ssim_zr_test: 9.822e-01, rmse_zr_test: 3.666e+00, ergas_zr_test: 1.340e-01, uqi_zr_test: 9.957e-01, psnr_xdsr_test: 3.806e+01, sam_xdsr_test: 2.091e+00
23-11-27 05:39:25.386 : , G_loss_test: 1.468e-02, hsi_likelihood_test: 3.709e-03, msi_likelihood_test: 1.098e-02, regularization_degradation_test: 9.122e-09, regularization_phi_test: 3.693e-03, psnr_xr_test: 3.801e+01, sam_xr_test: 2.075e+00, psnr_yr_test: 2.366e+01, sam_yr_test: 7.360e+00, psnr_zr_test: 3.709e+01, sam_zr_test: 3.740e+00, ssim_zr_test: 9.822e-01, rmse_zr_test: 3.666e+00, ergas_zr_test: 1.340e-01, uqi_zr_test: 9.957e-01, psnr_xdsr_test: 3.806e+01, sam_xdsr_test: 2.091e+00
23-11-27 17:45:33.940 :   phase: train
  device: cuda
  dataset:[
    root: ./CAVE
    hsi_dir: hsi_5
    msi_dir: msi
    gt_dir: gt
    bands: 31
    bands_msi: 3
    height_hsi: 16
    width_hsi: 16
    scale_factor: 32
    num_endmember: 16
  ]
  model:[
    ConvLayerKernelParam:[
      mode: conv2d
      depth: 2
      bands: 64
      layers: ['SR', 'SR']
      layers_param: [[1, 31, 31, 3, 3, 0, 0, 1], [1, 31, 31, 3, 3, 0, 0, 1]]
    ]
    GaussianSRFParam:[
      factor: 4
    ]
    DenseSRFParam:[
      mode: dnn
      depth: 1
      bands: 64
      layers: ['DS']
      layers_param: [[31, 3]]
    ]
    ConvLayerAbundanceParam:[
      Encoder_0:[
        mode: conv2d
        depth: 1
        bands: 64
        layers: ['Sl']
        layers_param: [[1, 3, 4, 1, 1, 0, 0, 1]]
      ]
      Encoder_1:[
        mode: conv2d
        depth: 1
        bands: 64
        layers: ['Sl']
        layers_param: [[1, 7, 8, 1, 1, 0, 0, 1]]
      ]
      Encoder_2:[
        mode: conv2d
        depth: 1
        bands: 64
        layers: ['Sl']
        layers_param: [[1, 11, 16, 1, 1, 0, 0, 1]]
      ]
      Encoder_3:[
        mode: conv2d
        depth: 1
        bands: 64
        layers: ['Sl']
        layers_param: [[1, 19, 24, 1, 1, 0, 0, 1]]
      ]
      Encoder_4:[
        mode: conv2d
        depth: 1
        bands: 64
        layers: ['Sr']
        layers_param: [[1, 27, 16, 1, 1, 0, 0, 1]]
      ]
    ]
    ConvLayerSpectralParamMean:[
      mode: dnn
      depth: 6
      bands: 64
      layers: ['DL', 'DL', 'DL', 'DL', 'DL', 'DL']
      layers_param: [[16, 18], [18, 22], [22, 26], [26, 30], [30, 32], [32, 31]]
    ]
    ConvLayerSpectralParamMean_:[
      mode: dnn
      depth: 2
      bands: 64
      layers: ['DL', 'DL']
      layers_param: [[16, 24], [24, 31]]
    ]
    ConvLayerSpectralParamVar:[
      mode: dnn
      depth: 2
      bands: 64
      layers: ['DL', 'DL']
      layers_param: [[16, 24], [24, 31]]
    ]
  ]
  loss:[
    type_train_theta: ['l1', 'l1', 'l1']
    weights_train_theta: [0.5, 0.2, 0.2]
    type_test_theta: ['l1', 'l1', 'l1']
    weights_test_theta: [0.5, 0.2, 0.2]
    type_train_phi: ['l1']
    weights_train_phi: [0.5]
    type_test_phi: ['l1']
    weights_test_phi: [0.5]
  ]
  train:[
    pretrained_path: None
    load: 1
    batchsize: 64
    blocksize: [4, 4]
    shuffle: True
    num_epoch: 100
    manual_seed: 123
    G_optimizer_lr: 0.001
    G_scheduler_milestones: [250, 450, 650, 850, 1050]
    G_scheduler_gamma: 0.5
    pth_save_dir: ./pths
    pth_save_interval: 10
    val_interval: 10
    checkpoint_interval: 1
  ]
  test:[
    pretrained_path: ./pths/net99.pth
    load: 1
    num_epoch: 500
    G_optimizer_lr: 0.005
    G_scheduler_milestones: [25, 45, 65, 85, 105, 125, 145, 165]
    G_scheduler_gamma: 0.5
    result_save_dir: ./results
    val_interval: 20
    load_whole: 1
    pth_path: ./pths/net3900.pth
    pth_num: 35500
    pth_save_dir: ./pths
    pth_save_interval: 20
  ]
  log:[
    path: ./
  ]

23-11-27 17:45:43.273 : , G_loss_test: 2.822e-02, hsi_likelihood_test: 1.843e-02, msi_likelihood_test: 9.785e-03, regularization_degradation_test: 3.757e-09, regularization_phi_test: 2.224e-02, psnr_xr_test: 2.215e+01, sam_xr_test: 2.087e+01, psnr_yr_test: 2.285e+01, sam_yr_test: 1.780e+01, psnr_zr_test: 2.356e+01, sam_zr_test: 2.290e+01, ssim_zr_test: 7.762e-01, rmse_zr_test: 1.673e+01, ergas_zr_test: 1.663e+00, uqi_zr_test: 7.311e-01, psnr_xdsr_test: 2.036e+01, sam_xdsr_test: 2.146e+01
23-11-27 17:45:43.273 : , G_loss_test: 2.822e-02, hsi_likelihood_test: 1.843e-02, msi_likelihood_test: 9.785e-03, regularization_degradation_test: 3.757e-09, regularization_phi_test: 2.224e-02, psnr_xr_test: 2.215e+01, sam_xr_test: 2.087e+01, psnr_yr_test: 2.285e+01, sam_yr_test: 1.780e+01, psnr_zr_test: 2.356e+01, sam_zr_test: 2.290e+01, ssim_zr_test: 7.762e-01, rmse_zr_test: 1.673e+01, ergas_zr_test: 1.663e+00, uqi_zr_test: 7.311e-01, psnr_xdsr_test: 2.036e+01, sam_xdsr_test: 2.146e+01
23-11-27 17:45:48.111 : , G_loss_test: 3.531e-02, hsi_likelihood_test: 2.347e-02, msi_likelihood_test: 1.184e-02, regularization_degradation_test: 2.651e-09, regularization_phi_test: 2.018e-02, psnr_xr_test: 1.950e+01, sam_xr_test: 2.171e+01, psnr_yr_test: 1.995e+01, sam_yr_test: nan, psnr_zr_test: 2.165e+01, sam_zr_test: 2.350e+01, ssim_zr_test: 7.698e-01, rmse_zr_test: 2.072e+01, ergas_zr_test: 2.077e+00, uqi_zr_test: 7.076e-01, psnr_xdsr_test: 2.140e+01, sam_xdsr_test: 2.194e+01
23-11-27 17:45:48.112 : , G_loss_test: 3.531e-02, hsi_likelihood_test: 2.347e-02, msi_likelihood_test: 1.184e-02, regularization_degradation_test: 2.651e-09, regularization_phi_test: 2.018e-02, psnr_xr_test: 1.950e+01, sam_xr_test: 2.171e+01, psnr_yr_test: 1.995e+01, sam_yr_test: nan, psnr_zr_test: 2.165e+01, sam_zr_test: 2.350e+01, ssim_zr_test: 7.698e-01, rmse_zr_test: 2.072e+01, ergas_zr_test: 2.077e+00, uqi_zr_test: 7.076e-01, psnr_xdsr_test: 2.140e+01, sam_xdsr_test: 2.194e+01
23-11-27 17:45:52.951 : , G_loss_test: 3.400e-02, hsi_likelihood_test: 2.344e-02, msi_likelihood_test: 1.056e-02, regularization_degradation_test: 5.174e-09, regularization_phi_test: 1.999e-02, psnr_xr_test: 2.063e+01, sam_xr_test: 2.147e+01, psnr_yr_test: 2.210e+01, sam_yr_test: nan, psnr_zr_test: 2.244e+01, sam_zr_test: 2.356e+01, ssim_zr_test: 7.627e-01, rmse_zr_test: 1.964e+01, ergas_zr_test: 2.009e+00, uqi_zr_test: 6.860e-01, psnr_xdsr_test: 2.134e+01, sam_xdsr_test: 2.081e+01
23-11-27 17:45:52.951 : , G_loss_test: 3.400e-02, hsi_likelihood_test: 2.344e-02, msi_likelihood_test: 1.056e-02, regularization_degradation_test: 5.174e-09, regularization_phi_test: 1.999e-02, psnr_xr_test: 2.063e+01, sam_xr_test: 2.147e+01, psnr_yr_test: 2.210e+01, sam_yr_test: nan, psnr_zr_test: 2.244e+01, sam_zr_test: 2.356e+01, ssim_zr_test: 7.627e-01, rmse_zr_test: 1.964e+01, ergas_zr_test: 2.009e+00, uqi_zr_test: 6.860e-01, psnr_xdsr_test: 2.134e+01, sam_xdsr_test: 2.081e+01
23-11-27 17:45:57.747 : , G_loss_test: 3.813e-02, hsi_likelihood_test: 2.488e-02, msi_likelihood_test: 1.326e-02, regularization_degradation_test: 3.045e-09, regularization_phi_test: 1.930e-02, psnr_xr_test: 1.896e+01, sam_xr_test: 2.046e+01, psnr_yr_test: 1.976e+01, sam_yr_test: 1.787e+01, psnr_zr_test: 2.083e+01, sam_zr_test: 2.255e+01, ssim_zr_test: 7.381e-01, rmse_zr_test: 2.283e+01, ergas_zr_test: 2.276e+00, uqi_zr_test: 7.179e-01, psnr_xdsr_test: 2.149e+01, sam_xdsr_test: 2.058e+01
23-11-27 17:45:57.747 : , G_loss_test: 3.813e-02, hsi_likelihood_test: 2.488e-02, msi_likelihood_test: 1.326e-02, regularization_degradation_test: 3.045e-09, regularization_phi_test: 1.930e-02, psnr_xr_test: 1.896e+01, sam_xr_test: 2.046e+01, psnr_yr_test: 1.976e+01, sam_yr_test: 1.787e+01, psnr_zr_test: 2.083e+01, sam_zr_test: 2.255e+01, ssim_zr_test: 7.381e-01, rmse_zr_test: 2.283e+01, ergas_zr_test: 2.276e+00, uqi_zr_test: 7.179e-01, psnr_xdsr_test: 2.149e+01, sam_xdsr_test: 2.058e+01
23-11-27 17:46:02.616 : , G_loss_test: 2.902e-02, hsi_likelihood_test: 1.887e-02, msi_likelihood_test: 1.016e-02, regularization_degradation_test: 3.263e-09, regularization_phi_test: 1.866e-02, psnr_xr_test: 2.140e+01, sam_xr_test: 1.910e+01, psnr_yr_test: 2.203e+01, sam_yr_test: 1.864e+01, psnr_zr_test: 2.311e+01, sam_zr_test: 2.103e+01, ssim_zr_test: 8.085e-01, rmse_zr_test: 1.756e+01, ergas_zr_test: 1.745e+00, uqi_zr_test: 7.743e-01, psnr_xdsr_test: 2.181e+01, sam_xdsr_test: 2.306e+01
23-11-27 17:46:02.616 : , G_loss_test: 2.902e-02, hsi_likelihood_test: 1.887e-02, msi_likelihood_test: 1.016e-02, regularization_degradation_test: 3.263e-09, regularization_phi_test: 1.866e-02, psnr_xr_test: 2.140e+01, sam_xr_test: 1.910e+01, psnr_yr_test: 2.203e+01, sam_yr_test: 1.864e+01, psnr_zr_test: 2.311e+01, sam_zr_test: 2.103e+01, ssim_zr_test: 8.085e-01, rmse_zr_test: 1.756e+01, ergas_zr_test: 1.745e+00, uqi_zr_test: 7.743e-01, psnr_xdsr_test: 2.181e+01, sam_xdsr_test: 2.306e+01
23-11-27 17:46:07.596 : , G_loss_test: 3.980e-02, hsi_likelihood_test: 2.641e-02, msi_likelihood_test: 1.340e-02, regularization_degradation_test: 2.788e-09, regularization_phi_test: 2.702e-02, psnr_xr_test: 1.821e+01, sam_xr_test: 2.042e+01, psnr_yr_test: 1.903e+01, sam_yr_test: 1.825e+01, psnr_zr_test: 2.035e+01, sam_zr_test: 2.214e+01, ssim_zr_test: 7.468e-01, rmse_zr_test: 2.401e+01, ergas_zr_test: 2.420e+00, uqi_zr_test: 7.233e-01, psnr_xdsr_test: 1.830e+01, sam_xdsr_test: 2.207e+01
23-11-27 17:46:07.596 : , G_loss_test: 3.980e-02, hsi_likelihood_test: 2.641e-02, msi_likelihood_test: 1.340e-02, regularization_degradation_test: 2.788e-09, regularization_phi_test: 2.702e-02, psnr_xr_test: 1.821e+01, sam_xr_test: 2.042e+01, psnr_yr_test: 1.903e+01, sam_yr_test: 1.825e+01, psnr_zr_test: 2.035e+01, sam_zr_test: 2.214e+01, ssim_zr_test: 7.468e-01, rmse_zr_test: 2.401e+01, ergas_zr_test: 2.420e+00, uqi_zr_test: 7.233e-01, psnr_xdsr_test: 1.830e+01, sam_xdsr_test: 2.207e+01
23-11-27 17:46:12.504 : , G_loss_test: 2.603e-02, hsi_likelihood_test: 1.770e-02, msi_likelihood_test: 8.328e-03, regularization_degradation_test: 4.088e-09, regularization_phi_test: 1.919e-02, psnr_xr_test: 2.215e+01, sam_xr_test: 2.093e+01, psnr_yr_test: 2.287e+01, sam_yr_test: 1.878e+01, psnr_zr_test: 2.351e+01, sam_zr_test: 2.307e+01, ssim_zr_test: 8.116e-01, rmse_zr_test: 1.717e+01, ergas_zr_test: 1.738e+00, uqi_zr_test: 7.606e-01, psnr_xdsr_test: 2.161e+01, sam_xdsr_test: 2.211e+01
23-11-27 17:46:12.504 : , G_loss_test: 2.603e-02, hsi_likelihood_test: 1.770e-02, msi_likelihood_test: 8.328e-03, regularization_degradation_test: 4.088e-09, regularization_phi_test: 1.919e-02, psnr_xr_test: 2.215e+01, sam_xr_test: 2.093e+01, psnr_yr_test: 2.287e+01, sam_yr_test: 1.878e+01, psnr_zr_test: 2.351e+01, sam_zr_test: 2.307e+01, ssim_zr_test: 8.116e-01, rmse_zr_test: 1.717e+01, ergas_zr_test: 1.738e+00, uqi_zr_test: 7.606e-01, psnr_xdsr_test: 2.161e+01, sam_xdsr_test: 2.211e+01
23-11-27 17:46:17.426 : , G_loss_test: 3.360e-02, hsi_likelihood_test: 2.182e-02, msi_likelihood_test: 1.178e-02, regularization_degradation_test: 3.078e-09, regularization_phi_test: 1.984e-02, psnr_xr_test: 2.002e+01, sam_xr_test: 1.908e+01, psnr_yr_test: 2.028e+01, sam_yr_test: 1.771e+01, psnr_zr_test: 2.200e+01, sam_zr_test: 2.094e+01, ssim_zr_test: 7.966e-01, rmse_zr_test: 1.972e+01, ergas_zr_test: 1.993e+00, uqi_zr_test: 7.642e-01, psnr_xdsr_test: 2.120e+01, sam_xdsr_test: 2.066e+01
23-11-27 17:46:17.426 : , G_loss_test: 3.360e-02, hsi_likelihood_test: 2.182e-02, msi_likelihood_test: 1.178e-02, regularization_degradation_test: 3.078e-09, regularization_phi_test: 1.984e-02, psnr_xr_test: 2.002e+01, sam_xr_test: 1.908e+01, psnr_yr_test: 2.028e+01, sam_yr_test: 1.771e+01, psnr_zr_test: 2.200e+01, sam_zr_test: 2.094e+01, ssim_zr_test: 7.966e-01, rmse_zr_test: 1.972e+01, ergas_zr_test: 1.993e+00, uqi_zr_test: 7.642e-01, psnr_xdsr_test: 2.120e+01, sam_xdsr_test: 2.066e+01
23-11-27 17:46:22.140 : , G_loss_test: 2.825e-02, hsi_likelihood_test: 1.920e-02, msi_likelihood_test: 9.044e-03, regularization_degradation_test: 4.633e-09, regularization_phi_test: 2.582e-02, psnr_xr_test: 2.193e+01, sam_xr_test: 2.041e+01, psnr_yr_test: 2.340e+01, sam_yr_test: 1.790e+01, psnr_zr_test: 2.352e+01, sam_zr_test: 2.230e+01, ssim_zr_test: 8.014e-01, rmse_zr_test: 1.699e+01, ergas_zr_test: 1.718e+00, uqi_zr_test: 7.489e-01, psnr_xdsr_test: 1.975e+01, sam_xdsr_test: 2.335e+01
23-11-27 17:46:22.141 : , G_loss_test: 2.825e-02, hsi_likelihood_test: 1.920e-02, msi_likelihood_test: 9.044e-03, regularization_degradation_test: 4.633e-09, regularization_phi_test: 2.582e-02, psnr_xr_test: 2.193e+01, sam_xr_test: 2.041e+01, psnr_yr_test: 2.340e+01, sam_yr_test: 1.790e+01, psnr_zr_test: 2.352e+01, sam_zr_test: 2.230e+01, ssim_zr_test: 8.014e-01, rmse_zr_test: 1.699e+01, ergas_zr_test: 1.718e+00, uqi_zr_test: 7.489e-01, psnr_xdsr_test: 1.975e+01, sam_xdsr_test: 2.335e+01
23-11-27 17:46:26.961 : , G_loss_test: 2.942e-02, hsi_likelihood_test: 1.991e-02, msi_likelihood_test: 9.507e-03, regularization_degradation_test: 4.216e-09, regularization_phi_test: 2.950e-02, psnr_xr_test: 2.140e+01, sam_xr_test: 1.933e+01, psnr_yr_test: 2.344e+01, sam_yr_test: 1.718e+01, psnr_zr_test: 2.271e+01, sam_zr_test: 2.161e+01, ssim_zr_test: 7.646e-01, rmse_zr_test: 1.854e+01, ergas_zr_test: 1.825e+00, uqi_zr_test: 7.306e-01, psnr_xdsr_test: 1.756e+01, sam_xdsr_test: 2.413e+01
23-11-27 17:46:26.962 : , G_loss_test: 2.942e-02, hsi_likelihood_test: 1.991e-02, msi_likelihood_test: 9.507e-03, regularization_degradation_test: 4.216e-09, regularization_phi_test: 2.950e-02, psnr_xr_test: 2.140e+01, sam_xr_test: 1.933e+01, psnr_yr_test: 2.344e+01, sam_yr_test: 1.718e+01, psnr_zr_test: 2.271e+01, sam_zr_test: 2.161e+01, ssim_zr_test: 7.646e-01, rmse_zr_test: 1.854e+01, ergas_zr_test: 1.825e+00, uqi_zr_test: 7.306e-01, psnr_xdsr_test: 1.756e+01, sam_xdsr_test: 2.413e+01
23-11-27 17:46:31.721 : , G_loss_test: 2.856e-02, hsi_likelihood_test: 1.851e-02, msi_likelihood_test: 1.005e-02, regularization_degradation_test: 3.804e-09, regularization_phi_test: 2.354e-02, psnr_xr_test: 2.200e+01, sam_xr_test: 2.048e+01, psnr_yr_test: 2.249e+01, sam_yr_test: 1.811e+01, psnr_zr_test: 2.340e+01, sam_zr_test: 2.253e+01, ssim_zr_test: 7.794e-01, rmse_zr_test: 1.705e+01, ergas_zr_test: 1.690e+00, uqi_zr_test: 7.487e-01, psnr_xdsr_test: 2.077e+01, sam_xdsr_test: 2.390e+01
23-11-27 17:46:31.721 : , G_loss_test: 2.856e-02, hsi_likelihood_test: 1.851e-02, msi_likelihood_test: 1.005e-02, regularization_degradation_test: 3.804e-09, regularization_phi_test: 2.354e-02, psnr_xr_test: 2.200e+01, sam_xr_test: 2.048e+01, psnr_yr_test: 2.249e+01, sam_yr_test: 1.811e+01, psnr_zr_test: 2.340e+01, sam_zr_test: 2.253e+01, ssim_zr_test: 7.794e-01, rmse_zr_test: 1.705e+01, ergas_zr_test: 1.690e+00, uqi_zr_test: 7.487e-01, psnr_xdsr_test: 2.077e+01, sam_xdsr_test: 2.390e+01
23-11-27 17:46:36.621 : , G_loss_test: 3.203e-02, hsi_likelihood_test: 2.216e-02, msi_likelihood_test: 9.873e-03, regularization_degradation_test: 3.317e-09, regularization_phi_test: 3.472e-02, psnr_xr_test: 2.015e+01, sam_xr_test: 2.112e+01, psnr_yr_test: 2.196e+01, sam_yr_test: 1.779e+01, psnr_zr_test: 2.208e+01, sam_zr_test: 2.332e+01, ssim_zr_test: 7.467e-01, rmse_zr_test: 2.003e+01, ergas_zr_test: 1.960e+00, uqi_zr_test: 6.923e-01, psnr_xdsr_test: 1.594e+01, sam_xdsr_test: 2.794e+01
23-11-27 17:46:36.621 : , G_loss_test: 3.203e-02, hsi_likelihood_test: 2.216e-02, msi_likelihood_test: 9.873e-03, regularization_degradation_test: 3.317e-09, regularization_phi_test: 3.472e-02, psnr_xr_test: 2.015e+01, sam_xr_test: 2.112e+01, psnr_yr_test: 2.196e+01, sam_yr_test: 1.779e+01, psnr_zr_test: 2.208e+01, sam_zr_test: 2.332e+01, ssim_zr_test: 7.467e-01, rmse_zr_test: 2.003e+01, ergas_zr_test: 1.960e+00, uqi_zr_test: 6.923e-01, psnr_xdsr_test: 1.594e+01, sam_xdsr_test: 2.794e+01
23-11-27 17:46:41.482 : , G_loss_test: 2.662e-02, hsi_likelihood_test: 1.799e-02, msi_likelihood_test: 8.633e-03, regularization_degradation_test: 4.683e-09, regularization_phi_test: 2.218e-02, psnr_xr_test: 2.211e+01, sam_xr_test: 2.097e+01, psnr_yr_test: 2.325e+01, sam_yr_test: 1.728e+01, psnr_zr_test: 2.344e+01, sam_zr_test: 2.300e+01, ssim_zr_test: 7.854e-01, rmse_zr_test: 1.746e+01, ergas_zr_test: 1.728e+00, uqi_zr_test: 7.462e-01, psnr_xdsr_test: 2.014e+01, sam_xdsr_test: 2.122e+01
23-11-27 17:46:41.483 : , G_loss_test: 2.662e-02, hsi_likelihood_test: 1.799e-02, msi_likelihood_test: 8.633e-03, regularization_degradation_test: 4.683e-09, regularization_phi_test: 2.218e-02, psnr_xr_test: 2.211e+01, sam_xr_test: 2.097e+01, psnr_yr_test: 2.325e+01, sam_yr_test: 1.728e+01, psnr_zr_test: 2.344e+01, sam_zr_test: 2.300e+01, ssim_zr_test: 7.854e-01, rmse_zr_test: 1.746e+01, ergas_zr_test: 1.728e+00, uqi_zr_test: 7.462e-01, psnr_xdsr_test: 2.014e+01, sam_xdsr_test: 2.122e+01
23-11-27 17:46:46.218 : , G_loss_test: 2.866e-02, hsi_likelihood_test: 1.865e-02, msi_likelihood_test: 1.001e-02, regularization_degradation_test: 3.255e-09, regularization_phi_test: 1.645e-02, psnr_xr_test: 2.158e+01, sam_xr_test: 1.922e+01, psnr_yr_test: 2.185e+01, sam_yr_test: 1.805e+01, psnr_zr_test: 2.327e+01, sam_zr_test: 2.126e+01, ssim_zr_test: 8.047e-01, rmse_zr_test: 1.721e+01, ergas_zr_test: 1.720e+00, uqi_zr_test: 7.624e-01, psnr_xdsr_test: 2.265e+01, sam_xdsr_test: 2.002e+01
23-11-27 17:46:46.218 : , G_loss_test: 2.866e-02, hsi_likelihood_test: 1.865e-02, msi_likelihood_test: 1.001e-02, regularization_degradation_test: 3.255e-09, regularization_phi_test: 1.645e-02, psnr_xr_test: 2.158e+01, sam_xr_test: 1.922e+01, psnr_yr_test: 2.185e+01, sam_yr_test: 1.805e+01, psnr_zr_test: 2.327e+01, sam_zr_test: 2.126e+01, ssim_zr_test: 8.047e-01, rmse_zr_test: 1.721e+01, ergas_zr_test: 1.720e+00, uqi_zr_test: 7.624e-01, psnr_xdsr_test: 2.265e+01, sam_xdsr_test: 2.002e+01
23-11-27 17:46:51.151 : , G_loss_test: 2.504e-02, hsi_likelihood_test: 1.663e-02, msi_likelihood_test: 8.410e-03, regularization_degradation_test: 4.589e-09, regularization_phi_test: 1.894e-02, psnr_xr_test: 2.256e+01, sam_xr_test: 1.811e+01, psnr_yr_test: 2.310e+01, sam_yr_test: nan, psnr_zr_test: 2.376e+01, sam_zr_test: 2.016e+01, ssim_zr_test: 8.231e-01, rmse_zr_test: 1.678e+01, ergas_zr_test: 1.708e+00, uqi_zr_test: 7.718e-01, psnr_xdsr_test: 2.150e+01, sam_xdsr_test: 1.944e+01
23-11-27 17:46:51.151 : , G_loss_test: 2.504e-02, hsi_likelihood_test: 1.663e-02, msi_likelihood_test: 8.410e-03, regularization_degradation_test: 4.589e-09, regularization_phi_test: 1.894e-02, psnr_xr_test: 2.256e+01, sam_xr_test: 1.811e+01, psnr_yr_test: 2.310e+01, sam_yr_test: nan, psnr_zr_test: 2.376e+01, sam_zr_test: 2.016e+01, ssim_zr_test: 8.231e-01, rmse_zr_test: 1.678e+01, ergas_zr_test: 1.708e+00, uqi_zr_test: 7.718e-01, psnr_xdsr_test: 2.150e+01, sam_xdsr_test: 1.944e+01
23-11-27 17:46:56.013 : , G_loss_test: 2.489e-02, hsi_likelihood_test: 1.619e-02, msi_likelihood_test: 8.693e-03, regularization_degradation_test: 4.413e-09, regularization_phi_test: 1.662e-02, psnr_xr_test: 2.275e+01, sam_xr_test: 1.898e+01, psnr_yr_test: 2.341e+01, sam_yr_test: 1.752e+01, psnr_zr_test: 2.400e+01, sam_zr_test: 2.108e+01, ssim_zr_test: 8.170e-01, rmse_zr_test: 1.620e+01, ergas_zr_test: 1.631e+00, uqi_zr_test: 7.731e-01, psnr_xdsr_test: 2.247e+01, sam_xdsr_test: 1.960e+01
23-11-27 17:46:56.013 : , G_loss_test: 2.489e-02, hsi_likelihood_test: 1.619e-02, msi_likelihood_test: 8.693e-03, regularization_degradation_test: 4.413e-09, regularization_phi_test: 1.662e-02, psnr_xr_test: 2.275e+01, sam_xr_test: 1.898e+01, psnr_yr_test: 2.341e+01, sam_yr_test: 1.752e+01, psnr_zr_test: 2.400e+01, sam_zr_test: 2.108e+01, ssim_zr_test: 8.170e-01, rmse_zr_test: 1.620e+01, ergas_zr_test: 1.631e+00, uqi_zr_test: 7.731e-01, psnr_xdsr_test: 2.247e+01, sam_xdsr_test: 1.960e+01
23-11-27 17:47:00.828 : , G_loss_test: 2.851e-02, hsi_likelihood_test: 1.969e-02, msi_likelihood_test: 8.817e-03, regularization_degradation_test: 4.965e-09, regularization_phi_test: 1.997e-02, psnr_xr_test: 2.141e+01, sam_xr_test: 1.899e+01, psnr_yr_test: 2.251e+01, sam_yr_test: 1.826e+01, psnr_zr_test: 2.309e+01, sam_zr_test: 2.117e+01, ssim_zr_test: 8.097e-01, rmse_zr_test: 1.835e+01, ergas_zr_test: 1.882e+00, uqi_zr_test: 7.349e-01, psnr_xdsr_test: 2.121e+01, sam_xdsr_test: 2.069e+01
23-11-27 17:47:00.828 : , G_loss_test: 2.851e-02, hsi_likelihood_test: 1.969e-02, msi_likelihood_test: 8.817e-03, regularization_degradation_test: 4.965e-09, regularization_phi_test: 1.997e-02, psnr_xr_test: 2.141e+01, sam_xr_test: 1.899e+01, psnr_yr_test: 2.251e+01, sam_yr_test: 1.826e+01, psnr_zr_test: 2.309e+01, sam_zr_test: 2.117e+01, ssim_zr_test: 8.097e-01, rmse_zr_test: 1.835e+01, ergas_zr_test: 1.882e+00, uqi_zr_test: 7.349e-01, psnr_xdsr_test: 2.121e+01, sam_xdsr_test: 2.069e+01
23-11-27 17:47:05.604 : , G_loss_test: 4.596e-02, hsi_likelihood_test: 3.134e-02, msi_likelihood_test: 1.462e-02, regularization_degradation_test: 6.279e-09, regularization_phi_test: 1.755e-02, psnr_xr_test: 1.723e+01, sam_xr_test: 2.078e+01, psnr_yr_test: 1.752e+01, sam_yr_test: 1.792e+01, psnr_zr_test: 1.947e+01, sam_zr_test: 2.284e+01, ssim_zr_test: 7.792e-01, rmse_zr_test: 2.928e+01, ergas_zr_test: 3.059e+00, uqi_zr_test: 7.170e-01, psnr_xdsr_test: 2.188e+01, sam_xdsr_test: 2.002e+01
23-11-27 17:47:05.604 : , G_loss_test: 4.596e-02, hsi_likelihood_test: 3.134e-02, msi_likelihood_test: 1.462e-02, regularization_degradation_test: 6.279e-09, regularization_phi_test: 1.755e-02, psnr_xr_test: 1.723e+01, sam_xr_test: 2.078e+01, psnr_yr_test: 1.752e+01, sam_yr_test: 1.792e+01, psnr_zr_test: 1.947e+01, sam_zr_test: 2.284e+01, ssim_zr_test: 7.792e-01, rmse_zr_test: 2.928e+01, ergas_zr_test: 3.059e+00, uqi_zr_test: 7.170e-01, psnr_xdsr_test: 2.188e+01, sam_xdsr_test: 2.002e+01
23-11-27 17:47:11.090 : , G_loss_test: 2.440e-02, hsi_likelihood_test: 1.623e-02, msi_likelihood_test: 8.165e-03, regularization_degradation_test: 3.603e-09, regularization_phi_test: 2.457e-02, psnr_xr_test: 2.256e+01, sam_xr_test: 1.841e+01, psnr_yr_test: 2.331e+01, sam_yr_test: 1.853e+01, psnr_zr_test: 2.393e+01, sam_zr_test: 2.040e+01, ssim_zr_test: 8.140e-01, rmse_zr_test: 1.610e+01, ergas_zr_test: 1.603e+00, uqi_zr_test: 7.633e-01, psnr_xdsr_test: 1.943e+01, sam_xdsr_test: 2.063e+01
23-11-27 17:47:11.091 : , G_loss_test: 2.440e-02, hsi_likelihood_test: 1.623e-02, msi_likelihood_test: 8.165e-03, regularization_degradation_test: 3.603e-09, regularization_phi_test: 2.457e-02, psnr_xr_test: 2.256e+01, sam_xr_test: 1.841e+01, psnr_yr_test: 2.331e+01, sam_yr_test: 1.853e+01, psnr_zr_test: 2.393e+01, sam_zr_test: 2.040e+01, ssim_zr_test: 8.140e-01, rmse_zr_test: 1.610e+01, ergas_zr_test: 1.603e+00, uqi_zr_test: 7.633e-01, psnr_xdsr_test: 1.943e+01, sam_xdsr_test: 2.063e+01
23-11-27 17:47:16.077 : , G_loss_test: 2.628e-02, hsi_likelihood_test: 1.600e-02, msi_likelihood_test: 1.029e-02, regularization_degradation_test: 3.631e-09, regularization_phi_test: 1.763e-02, psnr_xr_test: 2.295e+01, sam_xr_test: 1.796e+01, psnr_yr_test: 2.251e+01, sam_yr_test: 1.792e+01, psnr_zr_test: 2.431e+01, sam_zr_test: 1.989e+01, ssim_zr_test: 8.144e-01, rmse_zr_test: 1.532e+01, ergas_zr_test: 1.539e+00, uqi_zr_test: 7.755e-01, psnr_xdsr_test: 2.238e+01, sam_xdsr_test: 1.980e+01
23-11-27 17:47:16.077 : , G_loss_test: 2.628e-02, hsi_likelihood_test: 1.600e-02, msi_likelihood_test: 1.029e-02, regularization_degradation_test: 3.631e-09, regularization_phi_test: 1.763e-02, psnr_xr_test: 2.295e+01, sam_xr_test: 1.796e+01, psnr_yr_test: 2.251e+01, sam_yr_test: 1.792e+01, psnr_zr_test: 2.431e+01, sam_zr_test: 1.989e+01, ssim_zr_test: 8.144e-01, rmse_zr_test: 1.532e+01, ergas_zr_test: 1.539e+00, uqi_zr_test: 7.755e-01, psnr_xdsr_test: 2.238e+01, sam_xdsr_test: 1.980e+01
23-11-27 17:47:20.860 : , G_loss_test: 3.061e-02, hsi_likelihood_test: 2.037e-02, msi_likelihood_test: 1.024e-02, regularization_degradation_test: 3.139e-09, regularization_phi_test: 1.840e-02, psnr_xr_test: 2.057e+01, sam_xr_test: 1.871e+01, psnr_yr_test: 2.162e+01, sam_yr_test: 1.796e+01, psnr_zr_test: 2.239e+01, sam_zr_test: 2.102e+01, ssim_zr_test: 7.931e-01, rmse_zr_test: 1.897e+01, ergas_zr_test: 1.890e+00, uqi_zr_test: 7.663e-01, psnr_xdsr_test: 2.173e+01, sam_xdsr_test: 2.013e+01
23-11-27 17:47:20.861 : , G_loss_test: 3.061e-02, hsi_likelihood_test: 2.037e-02, msi_likelihood_test: 1.024e-02, regularization_degradation_test: 3.139e-09, regularization_phi_test: 1.840e-02, psnr_xr_test: 2.057e+01, sam_xr_test: 1.871e+01, psnr_yr_test: 2.162e+01, sam_yr_test: 1.796e+01, psnr_zr_test: 2.239e+01, sam_zr_test: 2.102e+01, ssim_zr_test: 7.931e-01, rmse_zr_test: 1.897e+01, ergas_zr_test: 1.890e+00, uqi_zr_test: 7.663e-01, psnr_xdsr_test: 2.173e+01, sam_xdsr_test: 2.013e+01
23-11-27 17:47:25.680 : , G_loss_test: 3.387e-02, hsi_likelihood_test: 2.194e-02, msi_likelihood_test: 1.194e-02, regularization_degradation_test: 3.751e-09, regularization_phi_test: 1.737e-02, psnr_xr_test: 2.144e+01, sam_xr_test: 2.211e+01, psnr_yr_test: 2.211e+01, sam_yr_test: 1.758e+01, psnr_zr_test: 2.287e+01, sam_zr_test: 2.449e+01, ssim_zr_test: 6.946e-01, rmse_zr_test: 1.795e+01, ergas_zr_test: 1.786e+00, uqi_zr_test: 6.426e-01, psnr_xdsr_test: 2.245e+01, sam_xdsr_test: 2.071e+01
23-11-27 17:47:25.680 : , G_loss_test: 3.387e-02, hsi_likelihood_test: 2.194e-02, msi_likelihood_test: 1.194e-02, regularization_degradation_test: 3.751e-09, regularization_phi_test: 1.737e-02, psnr_xr_test: 2.144e+01, sam_xr_test: 2.211e+01, psnr_yr_test: 2.211e+01, sam_yr_test: 1.758e+01, psnr_zr_test: 2.287e+01, sam_zr_test: 2.449e+01, ssim_zr_test: 6.946e-01, rmse_zr_test: 1.795e+01, ergas_zr_test: 1.786e+00, uqi_zr_test: 6.426e-01, psnr_xdsr_test: 2.245e+01, sam_xdsr_test: 2.071e+01
23-11-27 17:47:30.601 : , G_loss_test: 2.642e-02, hsi_likelihood_test: 1.705e-02, msi_likelihood_test: 9.362e-03, regularization_degradation_test: 4.570e-09, regularization_phi_test: 1.672e-02, psnr_xr_test: 2.258e+01, sam_xr_test: 1.939e+01, psnr_yr_test: 2.326e+01, sam_yr_test: 1.774e+01, psnr_zr_test: 2.385e+01, sam_zr_test: 2.179e+01, ssim_zr_test: 7.954e-01, rmse_zr_test: 1.655e+01, ergas_zr_test: 1.668e+00, uqi_zr_test: 7.382e-01, psnr_xdsr_test: 2.244e+01, sam_xdsr_test: 1.867e+01
23-11-27 17:47:30.601 : , G_loss_test: 2.642e-02, hsi_likelihood_test: 1.705e-02, msi_likelihood_test: 9.362e-03, regularization_degradation_test: 4.570e-09, regularization_phi_test: 1.672e-02, psnr_xr_test: 2.258e+01, sam_xr_test: 1.939e+01, psnr_yr_test: 2.326e+01, sam_yr_test: 1.774e+01, psnr_zr_test: 2.385e+01, sam_zr_test: 2.179e+01, ssim_zr_test: 7.954e-01, rmse_zr_test: 1.655e+01, ergas_zr_test: 1.668e+00, uqi_zr_test: 7.382e-01, psnr_xdsr_test: 2.244e+01, sam_xdsr_test: 1.867e+01
23-11-27 17:47:35.500 : , G_loss_test: 3.554e-02, hsi_likelihood_test: 2.372e-02, msi_likelihood_test: 1.181e-02, regularization_degradation_test: 5.399e-09, regularization_phi_test: 2.608e-02, psnr_xr_test: 2.000e+01, sam_xr_test: 1.947e+01, psnr_yr_test: 2.025e+01, sam_yr_test: 1.760e+01, psnr_zr_test: 2.192e+01, sam_zr_test: 2.139e+01, ssim_zr_test: 8.048e-01, rmse_zr_test: 2.178e+01, ergas_zr_test: 2.256e+00, uqi_zr_test: 7.471e-01, psnr_xdsr_test: 1.893e+01, sam_xdsr_test: 2.024e+01
23-11-27 17:47:35.500 : , G_loss_test: 3.554e-02, hsi_likelihood_test: 2.372e-02, msi_likelihood_test: 1.181e-02, regularization_degradation_test: 5.399e-09, regularization_phi_test: 2.608e-02, psnr_xr_test: 2.000e+01, sam_xr_test: 1.947e+01, psnr_yr_test: 2.025e+01, sam_yr_test: 1.760e+01, psnr_zr_test: 2.192e+01, sam_zr_test: 2.139e+01, ssim_zr_test: 8.048e-01, rmse_zr_test: 2.178e+01, ergas_zr_test: 2.256e+00, uqi_zr_test: 7.471e-01, psnr_xdsr_test: 1.893e+01, sam_xdsr_test: 2.024e+01
23-11-27 17:47:45.257 : , G_loss_test: 2.730e-02, hsi_likelihood_test: 1.733e-02, msi_likelihood_test: 9.972e-03, regularization_degradation_test: 1.046e-09, regularization_phi_test: 1.381e-02, psnr_xr_test: 1.982e+01, sam_xr_test: 2.963e+01, psnr_yr_test: 1.809e+01, sam_yr_test: 2.705e+01, psnr_zr_test: 2.035e+01, sam_zr_test: 3.138e+01, ssim_zr_test: 6.135e-01, rmse_zr_test: 1.857e+01, ergas_zr_test: 3.070e+00, uqi_zr_test: 4.260e-01, psnr_xdsr_test: 2.256e+01, sam_xdsr_test: 3.036e+01
23-11-27 17:47:45.258 : , G_loss_test: 2.730e-02, hsi_likelihood_test: 1.733e-02, msi_likelihood_test: 9.972e-03, regularization_degradation_test: 1.046e-09, regularization_phi_test: 1.381e-02, psnr_xr_test: 1.982e+01, sam_xr_test: 2.963e+01, psnr_yr_test: 1.809e+01, sam_yr_test: 2.705e+01, psnr_zr_test: 2.035e+01, sam_zr_test: 3.138e+01, ssim_zr_test: 6.135e-01, rmse_zr_test: 1.857e+01, ergas_zr_test: 3.070e+00, uqi_zr_test: 4.260e-01, psnr_xdsr_test: 2.256e+01, sam_xdsr_test: 3.036e+01
23-11-27 17:47:50.068 : , G_loss_test: 2.120e-02, hsi_likelihood_test: 1.331e-02, msi_likelihood_test: 7.899e-03, regularization_degradation_test: 1.621e-09, regularization_phi_test: 1.499e-02, psnr_xr_test: 2.285e+01, sam_xr_test: 2.860e+01, psnr_yr_test: 2.129e+01, sam_yr_test: 2.676e+01, psnr_zr_test: 2.327e+01, sam_zr_test: 3.097e+01, ssim_zr_test: 7.107e-01, rmse_zr_test: 1.362e+01, ergas_zr_test: 2.266e+00, uqi_zr_test: 4.115e-01, psnr_xdsr_test: 2.131e+01, sam_xdsr_test: 3.636e+01
23-11-27 17:47:50.068 : , G_loss_test: 2.120e-02, hsi_likelihood_test: 1.331e-02, msi_likelihood_test: 7.899e-03, regularization_degradation_test: 1.621e-09, regularization_phi_test: 1.499e-02, psnr_xr_test: 2.285e+01, sam_xr_test: 2.860e+01, psnr_yr_test: 2.129e+01, sam_yr_test: 2.676e+01, psnr_zr_test: 2.327e+01, sam_zr_test: 3.097e+01, ssim_zr_test: 7.107e-01, rmse_zr_test: 1.362e+01, ergas_zr_test: 2.266e+00, uqi_zr_test: 4.115e-01, psnr_xdsr_test: 2.131e+01, sam_xdsr_test: 3.636e+01
23-11-27 17:47:54.922 : , G_loss_test: 1.987e-02, hsi_likelihood_test: 1.237e-02, msi_likelihood_test: 7.502e-03, regularization_degradation_test: 1.828e-09, regularization_phi_test: 1.275e-02, psnr_xr_test: 2.325e+01, sam_xr_test: 2.604e+01, psnr_yr_test: 2.198e+01, sam_yr_test: 2.653e+01, psnr_zr_test: 2.358e+01, sam_zr_test: 2.756e+01, ssim_zr_test: 7.565e-01, rmse_zr_test: 1.290e+01, ergas_zr_test: 2.198e+00, uqi_zr_test: 5.360e-01, psnr_xdsr_test: 2.296e+01, sam_xdsr_test: 2.595e+01
23-11-27 17:47:54.922 : , G_loss_test: 1.987e-02, hsi_likelihood_test: 1.237e-02, msi_likelihood_test: 7.502e-03, regularization_degradation_test: 1.828e-09, regularization_phi_test: 1.275e-02, psnr_xr_test: 2.325e+01, sam_xr_test: 2.604e+01, psnr_yr_test: 2.198e+01, sam_yr_test: 2.653e+01, psnr_zr_test: 2.358e+01, sam_zr_test: 2.756e+01, ssim_zr_test: 7.565e-01, rmse_zr_test: 1.290e+01, ergas_zr_test: 2.198e+00, uqi_zr_test: 5.360e-01, psnr_xdsr_test: 2.296e+01, sam_xdsr_test: 2.595e+01
23-11-27 17:47:59.769 : , G_loss_test: 2.113e-02, hsi_likelihood_test: 1.361e-02, msi_likelihood_test: 7.523e-03, regularization_degradation_test: 1.800e-09, regularization_phi_test: 1.478e-02, psnr_xr_test: 2.302e+01, sam_xr_test: 3.055e+01, psnr_yr_test: 2.209e+01, sam_yr_test: 2.699e+01, psnr_zr_test: 2.334e+01, sam_zr_test: 3.251e+01, ssim_zr_test: 6.594e-01, rmse_zr_test: 1.319e+01, ergas_zr_test: 2.325e+00, uqi_zr_test: 5.247e-01, psnr_xdsr_test: 2.269e+01, sam_xdsr_test: 3.003e+01
23-11-27 17:47:59.770 : , G_loss_test: 2.113e-02, hsi_likelihood_test: 1.361e-02, msi_likelihood_test: 7.523e-03, regularization_degradation_test: 1.800e-09, regularization_phi_test: 1.478e-02, psnr_xr_test: 2.302e+01, sam_xr_test: 3.055e+01, psnr_yr_test: 2.209e+01, sam_yr_test: 2.699e+01, psnr_zr_test: 2.334e+01, sam_zr_test: 3.251e+01, ssim_zr_test: 6.594e-01, rmse_zr_test: 1.319e+01, ergas_zr_test: 2.325e+00, uqi_zr_test: 5.247e-01, psnr_xdsr_test: 2.269e+01, sam_xdsr_test: 3.003e+01
23-11-27 17:48:04.800 : , G_loss_test: 2.495e-02, hsi_likelihood_test: 1.567e-02, msi_likelihood_test: 9.274e-03, regularization_degradation_test: 1.193e-09, regularization_phi_test: 1.568e-02, psnr_xr_test: 2.097e+01, sam_xr_test: 3.029e+01, psnr_yr_test: 1.907e+01, sam_yr_test: 2.781e+01, psnr_zr_test: 2.145e+01, sam_zr_test: 3.266e+01, ssim_zr_test: 6.459e-01, rmse_zr_test: 1.612e+01, ergas_zr_test: 2.763e+00, uqi_zr_test: 4.054e-01, psnr_xdsr_test: 2.132e+01, sam_xdsr_test: 3.251e+01
23-11-27 17:48:04.801 : , G_loss_test: 2.495e-02, hsi_likelihood_test: 1.567e-02, msi_likelihood_test: 9.274e-03, regularization_degradation_test: 1.193e-09, regularization_phi_test: 1.568e-02, psnr_xr_test: 2.097e+01, sam_xr_test: 3.029e+01, psnr_yr_test: 1.907e+01, sam_yr_test: 2.781e+01, psnr_zr_test: 2.145e+01, sam_zr_test: 3.266e+01, ssim_zr_test: 6.459e-01, rmse_zr_test: 1.612e+01, ergas_zr_test: 2.763e+00, uqi_zr_test: 4.054e-01, psnr_xdsr_test: 2.132e+01, sam_xdsr_test: 3.251e+01
23-11-27 17:48:09.779 : , G_loss_test: 2.083e-02, hsi_likelihood_test: 1.221e-02, msi_likelihood_test: 8.619e-03, regularization_degradation_test: 1.492e-09, regularization_phi_test: 1.296e-02, psnr_xr_test: 2.315e+01, sam_xr_test: 2.378e+01, psnr_yr_test: 2.002e+01, sam_yr_test: 2.751e+01, psnr_zr_test: 2.346e+01, sam_zr_test: 2.556e+01, ssim_zr_test: 7.732e-01, rmse_zr_test: 1.303e+01, ergas_zr_test: 2.257e+00, uqi_zr_test: 5.682e-01, psnr_xdsr_test: 2.286e+01, sam_xdsr_test: 2.753e+01
23-11-27 17:48:09.780 : , G_loss_test: 2.083e-02, hsi_likelihood_test: 1.221e-02, msi_likelihood_test: 8.619e-03, regularization_degradation_test: 1.492e-09, regularization_phi_test: 1.296e-02, psnr_xr_test: 2.315e+01, sam_xr_test: 2.378e+01, psnr_yr_test: 2.002e+01, sam_yr_test: 2.751e+01, psnr_zr_test: 2.346e+01, sam_zr_test: 2.556e+01, ssim_zr_test: 7.732e-01, rmse_zr_test: 1.303e+01, ergas_zr_test: 2.257e+00, uqi_zr_test: 5.682e-01, psnr_xdsr_test: 2.286e+01, sam_xdsr_test: 2.753e+01
23-11-27 17:48:14.669 : , G_loss_test: 2.155e-02, hsi_likelihood_test: 1.357e-02, msi_likelihood_test: 7.980e-03, regularization_degradation_test: 1.509e-09, regularization_phi_test: 1.437e-02, psnr_xr_test: 2.247e+01, sam_xr_test: 2.600e+01, psnr_yr_test: 2.111e+01, sam_yr_test: 2.709e+01, psnr_zr_test: 2.289e+01, sam_zr_test: 2.893e+01, ssim_zr_test: 7.165e-01, rmse_zr_test: 1.431e+01, ergas_zr_test: 2.338e+00, uqi_zr_test: 4.383e-01, psnr_xdsr_test: 2.158e+01, sam_xdsr_test: 2.681e+01
23-11-27 17:48:14.669 : , G_loss_test: 2.155e-02, hsi_likelihood_test: 1.357e-02, msi_likelihood_test: 7.980e-03, regularization_degradation_test: 1.509e-09, regularization_phi_test: 1.437e-02, psnr_xr_test: 2.247e+01, sam_xr_test: 2.600e+01, psnr_yr_test: 2.111e+01, sam_yr_test: 2.709e+01, psnr_zr_test: 2.289e+01, sam_zr_test: 2.893e+01, ssim_zr_test: 7.165e-01, rmse_zr_test: 1.431e+01, ergas_zr_test: 2.338e+00, uqi_zr_test: 4.383e-01, psnr_xdsr_test: 2.158e+01, sam_xdsr_test: 2.681e+01
23-11-27 17:48:19.615 : , G_loss_test: 2.096e-02, hsi_likelihood_test: 1.416e-02, msi_likelihood_test: 6.803e-03, regularization_degradation_test: 1.938e-09, regularization_phi_test: 1.346e-02, psnr_xr_test: 2.105e+01, sam_xr_test: 2.321e+01, psnr_yr_test: 2.173e+01, sam_yr_test: 2.718e+01, psnr_zr_test: 2.146e+01, sam_zr_test: 2.476e+01, ssim_zr_test: 7.910e-01, rmse_zr_test: 1.578e+01, ergas_zr_test: 2.976e+00, uqi_zr_test: 5.590e-01, psnr_xdsr_test: 2.167e+01, sam_xdsr_test: 2.423e+01
23-11-27 17:48:19.616 : , G_loss_test: 2.096e-02, hsi_likelihood_test: 1.416e-02, msi_likelihood_test: 6.803e-03, regularization_degradation_test: 1.938e-09, regularization_phi_test: 1.346e-02, psnr_xr_test: 2.105e+01, sam_xr_test: 2.321e+01, psnr_yr_test: 2.173e+01, sam_yr_test: 2.718e+01, psnr_zr_test: 2.146e+01, sam_zr_test: 2.476e+01, ssim_zr_test: 7.910e-01, rmse_zr_test: 1.578e+01, ergas_zr_test: 2.976e+00, uqi_zr_test: 5.590e-01, psnr_xdsr_test: 2.167e+01, sam_xdsr_test: 2.423e+01
23-11-27 17:48:24.532 : , G_loss_test: 2.615e-02, hsi_likelihood_test: 1.610e-02, msi_likelihood_test: 1.006e-02, regularization_degradation_test: 1.255e-09, regularization_phi_test: 1.530e-02, psnr_xr_test: 2.082e+01, sam_xr_test: 3.109e+01, psnr_yr_test: 1.836e+01, sam_yr_test: 2.682e+01, psnr_zr_test: 2.132e+01, sam_zr_test: 3.267e+01, ssim_zr_test: 6.169e-01, rmse_zr_test: 1.632e+01, ergas_zr_test: 2.825e+00, uqi_zr_test: 5.246e-01, psnr_xdsr_test: 2.240e+01, sam_xdsr_test: 3.259e+01
23-11-27 17:48:24.533 : , G_loss_test: 2.615e-02, hsi_likelihood_test: 1.610e-02, msi_likelihood_test: 1.006e-02, regularization_degradation_test: 1.255e-09, regularization_phi_test: 1.530e-02, psnr_xr_test: 2.082e+01, sam_xr_test: 3.109e+01, psnr_yr_test: 1.836e+01, sam_yr_test: 2.682e+01, psnr_zr_test: 2.132e+01, sam_zr_test: 3.267e+01, ssim_zr_test: 6.169e-01, rmse_zr_test: 1.632e+01, ergas_zr_test: 2.825e+00, uqi_zr_test: 5.246e-01, psnr_xdsr_test: 2.240e+01, sam_xdsr_test: 3.259e+01
23-11-27 17:48:29.534 : , G_loss_test: 2.203e-02, hsi_likelihood_test: 1.328e-02, msi_likelihood_test: 8.751e-03, regularization_degradation_test: 1.503e-09, regularization_phi_test: 1.341e-02, psnr_xr_test: 2.288e+01, sam_xr_test: 2.818e+01, psnr_yr_test: 2.026e+01, sam_yr_test: 2.715e+01, psnr_zr_test: 2.320e+01, sam_zr_test: 3.013e+01, ssim_zr_test: 6.844e-01, rmse_zr_test: 1.342e+01, ergas_zr_test: 2.260e+00, uqi_zr_test: 5.472e-01, psnr_xdsr_test: 2.255e+01, sam_xdsr_test: 2.957e+01
23-11-27 17:48:29.534 : , G_loss_test: 2.203e-02, hsi_likelihood_test: 1.328e-02, msi_likelihood_test: 8.751e-03, regularization_degradation_test: 1.503e-09, regularization_phi_test: 1.341e-02, psnr_xr_test: 2.288e+01, sam_xr_test: 2.818e+01, psnr_yr_test: 2.026e+01, sam_yr_test: 2.715e+01, psnr_zr_test: 2.320e+01, sam_zr_test: 3.013e+01, ssim_zr_test: 6.844e-01, rmse_zr_test: 1.342e+01, ergas_zr_test: 2.260e+00, uqi_zr_test: 5.472e-01, psnr_xdsr_test: 2.255e+01, sam_xdsr_test: 2.957e+01
23-11-27 17:48:34.487 : , G_loss_test: 2.149e-02, hsi_likelihood_test: 1.344e-02, msi_likelihood_test: 8.043e-03, regularization_degradation_test: 1.579e-09, regularization_phi_test: 1.398e-02, psnr_xr_test: 2.255e+01, sam_xr_test: 2.618e+01, psnr_yr_test: 2.082e+01, sam_yr_test: 2.713e+01, psnr_zr_test: 2.298e+01, sam_zr_test: 3.061e+01, ssim_zr_test: 7.242e-01, rmse_zr_test: 1.415e+01, ergas_zr_test: 2.275e+00, uqi_zr_test: 4.755e-01, psnr_xdsr_test: 2.268e+01, sam_xdsr_test: 3.013e+01
23-11-27 17:48:34.488 : , G_loss_test: 2.149e-02, hsi_likelihood_test: 1.344e-02, msi_likelihood_test: 8.043e-03, regularization_degradation_test: 1.579e-09, regularization_phi_test: 1.398e-02, psnr_xr_test: 2.255e+01, sam_xr_test: 2.618e+01, psnr_yr_test: 2.082e+01, sam_yr_test: 2.713e+01, psnr_zr_test: 2.298e+01, sam_zr_test: 3.061e+01, ssim_zr_test: 7.242e-01, rmse_zr_test: 1.415e+01, ergas_zr_test: 2.275e+00, uqi_zr_test: 4.755e-01, psnr_xdsr_test: 2.268e+01, sam_xdsr_test: 3.013e+01
23-11-27 17:48:39.410 : , G_loss_test: 2.246e-02, hsi_likelihood_test: 1.546e-02, msi_likelihood_test: 7.000e-03, regularization_degradation_test: 2.159e-09, regularization_phi_test: 1.788e-02, psnr_xr_test: 2.037e+01, sam_xr_test: 2.239e+01, psnr_yr_test: 2.111e+01, sam_yr_test: 2.675e+01, psnr_zr_test: 2.094e+01, sam_zr_test: 2.487e+01, ssim_zr_test: 7.854e-01, rmse_zr_test: 1.657e+01, ergas_zr_test: 3.223e+00, uqi_zr_test: 5.368e-01, psnr_xdsr_test: 1.915e+01, sam_xdsr_test: 2.728e+01
23-11-27 17:48:39.411 : , G_loss_test: 2.246e-02, hsi_likelihood_test: 1.546e-02, msi_likelihood_test: 7.000e-03, regularization_degradation_test: 2.159e-09, regularization_phi_test: 1.788e-02, psnr_xr_test: 2.037e+01, sam_xr_test: 2.239e+01, psnr_yr_test: 2.111e+01, sam_yr_test: 2.675e+01, psnr_zr_test: 2.094e+01, sam_zr_test: 2.487e+01, ssim_zr_test: 7.854e-01, rmse_zr_test: 1.657e+01, ergas_zr_test: 3.223e+00, uqi_zr_test: 5.368e-01, psnr_xdsr_test: 1.915e+01, sam_xdsr_test: 2.728e+01
23-11-27 17:48:44.420 : , G_loss_test: 2.092e-02, hsi_likelihood_test: 1.438e-02, msi_likelihood_test: 6.540e-03, regularization_degradation_test: 2.294e-09, regularization_phi_test: 1.408e-02, psnr_xr_test: 2.155e+01, sam_xr_test: 2.431e+01, psnr_yr_test: 2.258e+01, sam_yr_test: 2.725e+01, psnr_zr_test: 2.200e+01, sam_zr_test: 2.689e+01, ssim_zr_test: 7.614e-01, rmse_zr_test: 1.500e+01, ergas_zr_test: 2.676e+00, uqi_zr_test: 5.017e-01, psnr_xdsr_test: 2.171e+01, sam_xdsr_test: 2.904e+01
23-11-27 17:48:44.421 : , G_loss_test: 2.092e-02, hsi_likelihood_test: 1.438e-02, msi_likelihood_test: 6.540e-03, regularization_degradation_test: 2.294e-09, regularization_phi_test: 1.408e-02, psnr_xr_test: 2.155e+01, sam_xr_test: 2.431e+01, psnr_yr_test: 2.258e+01, sam_yr_test: 2.725e+01, psnr_zr_test: 2.200e+01, sam_zr_test: 2.689e+01, ssim_zr_test: 7.614e-01, rmse_zr_test: 1.500e+01, ergas_zr_test: 2.676e+00, uqi_zr_test: 5.017e-01, psnr_xdsr_test: 2.171e+01, sam_xdsr_test: 2.904e+01
23-11-27 17:48:49.284 : , G_loss_test: 2.816e-02, hsi_likelihood_test: 1.772e-02, msi_likelihood_test: 1.043e-02, regularization_degradation_test: 9.157e-10, regularization_phi_test: 1.386e-02, psnr_xr_test: 1.929e+01, sam_xr_test: 3.040e+01, psnr_yr_test: 1.727e+01, sam_yr_test: 2.756e+01, psnr_zr_test: 1.987e+01, sam_zr_test: 3.428e+01, ssim_zr_test: 6.193e-01, rmse_zr_test: 1.911e+01, ergas_zr_test: 3.328e+00, uqi_zr_test: 3.697e-01, psnr_xdsr_test: 2.203e+01, sam_xdsr_test: 3.046e+01
23-11-27 17:48:49.284 : , G_loss_test: 2.816e-02, hsi_likelihood_test: 1.772e-02, msi_likelihood_test: 1.043e-02, regularization_degradation_test: 9.157e-10, regularization_phi_test: 1.386e-02, psnr_xr_test: 1.929e+01, sam_xr_test: 3.040e+01, psnr_yr_test: 1.727e+01, sam_yr_test: 2.756e+01, psnr_zr_test: 1.987e+01, sam_zr_test: 3.428e+01, ssim_zr_test: 6.193e-01, rmse_zr_test: 1.911e+01, ergas_zr_test: 3.328e+00, uqi_zr_test: 3.697e-01, psnr_xdsr_test: 2.203e+01, sam_xdsr_test: 3.046e+01
23-11-27 17:48:54.208 : , G_loss_test: 2.111e-02, hsi_likelihood_test: 1.456e-02, msi_likelihood_test: 6.545e-03, regularization_degradation_test: 2.392e-09, regularization_phi_test: 1.389e-02, psnr_xr_test: 2.103e+01, sam_xr_test: 2.541e+01, psnr_yr_test: 2.169e+01, sam_yr_test: 2.711e+01, psnr_zr_test: 2.152e+01, sam_zr_test: 2.853e+01, ssim_zr_test: 7.659e-01, rmse_zr_test: 1.573e+01, ergas_zr_test: 3.002e+00, uqi_zr_test: 4.823e-01, psnr_xdsr_test: 2.287e+01, sam_xdsr_test: 3.060e+01
23-11-27 17:48:54.208 : , G_loss_test: 2.111e-02, hsi_likelihood_test: 1.456e-02, msi_likelihood_test: 6.545e-03, regularization_degradation_test: 2.392e-09, regularization_phi_test: 1.389e-02, psnr_xr_test: 2.103e+01, sam_xr_test: 2.541e+01, psnr_yr_test: 2.169e+01, sam_yr_test: 2.711e+01, psnr_zr_test: 2.152e+01, sam_zr_test: 2.853e+01, ssim_zr_test: 7.659e-01, rmse_zr_test: 1.573e+01, ergas_zr_test: 3.002e+00, uqi_zr_test: 4.823e-01, psnr_xdsr_test: 2.287e+01, sam_xdsr_test: 3.060e+01
23-11-27 17:48:59.193 : , G_loss_test: 2.080e-02, hsi_likelihood_test: 1.299e-02, msi_likelihood_test: 7.808e-03, regularization_degradation_test: 1.519e-09, regularization_phi_test: 1.345e-02, psnr_xr_test: 2.295e+01, sam_xr_test: 2.796e+01, psnr_yr_test: 2.147e+01, sam_yr_test: nan, psnr_zr_test: 2.327e+01, sam_zr_test: 3.111e+01, ssim_zr_test: 7.066e-01, rmse_zr_test: 1.350e+01, ergas_zr_test: 2.261e+00, uqi_zr_test: 4.425e-01, psnr_xdsr_test: 2.259e+01, sam_xdsr_test: 3.863e+01
23-11-27 17:48:59.194 : , G_loss_test: 2.080e-02, hsi_likelihood_test: 1.299e-02, msi_likelihood_test: 7.808e-03, regularization_degradation_test: 1.519e-09, regularization_phi_test: 1.345e-02, psnr_xr_test: 2.295e+01, sam_xr_test: 2.796e+01, psnr_yr_test: 2.147e+01, sam_yr_test: nan, psnr_zr_test: 2.327e+01, sam_zr_test: 3.111e+01, ssim_zr_test: 7.066e-01, rmse_zr_test: 1.350e+01, ergas_zr_test: 2.261e+00, uqi_zr_test: 4.425e-01, psnr_xdsr_test: 2.259e+01, sam_xdsr_test: 3.863e+01
23-11-27 17:49:04.191 : , G_loss_test: 2.426e-02, hsi_likelihood_test: 1.442e-02, msi_likelihood_test: 9.840e-03, regularization_degradation_test: 1.075e-09, regularization_phi_test: 2.422e-02, psnr_xr_test: 2.080e+01, sam_xr_test: 2.545e+01, psnr_yr_test: 1.807e+01, sam_yr_test: 2.762e+01, psnr_zr_test: 2.121e+01, sam_zr_test: 2.704e+01, ssim_zr_test: 7.272e-01, rmse_zr_test: 1.621e+01, ergas_zr_test: 2.900e+00, uqi_zr_test: 5.261e-01, psnr_xdsr_test: 1.892e+01, sam_xdsr_test: 3.464e+01
23-11-27 17:49:04.191 : , G_loss_test: 2.426e-02, hsi_likelihood_test: 1.442e-02, msi_likelihood_test: 9.840e-03, regularization_degradation_test: 1.075e-09, regularization_phi_test: 2.422e-02, psnr_xr_test: 2.080e+01, sam_xr_test: 2.545e+01, psnr_yr_test: 1.807e+01, sam_yr_test: 2.762e+01, psnr_zr_test: 2.121e+01, sam_zr_test: 2.704e+01, ssim_zr_test: 7.272e-01, rmse_zr_test: 1.621e+01, ergas_zr_test: 2.900e+00, uqi_zr_test: 5.261e-01, psnr_xdsr_test: 1.892e+01, sam_xdsr_test: 3.464e+01
23-11-27 17:49:09.107 : , G_loss_test: 2.059e-02, hsi_likelihood_test: 1.299e-02, msi_likelihood_test: 7.598e-03, regularization_degradation_test: 1.731e-09, regularization_phi_test: 2.020e-02, psnr_xr_test: 2.303e+01, sam_xr_test: 3.367e+01, psnr_yr_test: 2.109e+01, sam_yr_test: 2.867e+01, psnr_zr_test: 2.338e+01, sam_zr_test: 3.763e+01, ssim_zr_test: 6.934e-01, rmse_zr_test: 1.307e+01, ergas_zr_test: 2.251e+00, uqi_zr_test: 4.938e-01, psnr_xdsr_test: 1.862e+01, sam_xdsr_test: 5.161e+01
23-11-27 17:49:09.107 : , G_loss_test: 2.059e-02, hsi_likelihood_test: 1.299e-02, msi_likelihood_test: 7.598e-03, regularization_degradation_test: 1.731e-09, regularization_phi_test: 2.020e-02, psnr_xr_test: 2.303e+01, sam_xr_test: 3.367e+01, psnr_yr_test: 2.109e+01, sam_yr_test: 2.867e+01, psnr_zr_test: 2.338e+01, sam_zr_test: 3.763e+01, ssim_zr_test: 6.934e-01, rmse_zr_test: 1.307e+01, ergas_zr_test: 2.251e+00, uqi_zr_test: 4.938e-01, psnr_xdsr_test: 1.862e+01, sam_xdsr_test: 5.161e+01
23-11-27 17:49:14.138 : , G_loss_test: 2.084e-02, hsi_likelihood_test: 1.400e-02, msi_likelihood_test: 6.839e-03, regularization_degradation_test: 2.209e-09, regularization_phi_test: 1.314e-02, psnr_xr_test: 2.181e+01, sam_xr_test: 2.926e+01, psnr_yr_test: 2.289e+01, sam_yr_test: 2.732e+01, psnr_zr_test: 2.231e+01, sam_zr_test: 3.105e+01, ssim_zr_test: 7.337e-01, rmse_zr_test: 1.445e+01, ergas_zr_test: 2.550e+00, uqi_zr_test: 5.174e-01, psnr_xdsr_test: 2.290e+01, sam_xdsr_test: 3.014e+01
23-11-27 17:49:14.138 : , G_loss_test: 2.084e-02, hsi_likelihood_test: 1.400e-02, msi_likelihood_test: 6.839e-03, regularization_degradation_test: 2.209e-09, regularization_phi_test: 1.314e-02, psnr_xr_test: 2.181e+01, sam_xr_test: 2.926e+01, psnr_yr_test: 2.289e+01, sam_yr_test: 2.732e+01, psnr_zr_test: 2.231e+01, sam_zr_test: 3.105e+01, ssim_zr_test: 7.337e-01, rmse_zr_test: 1.445e+01, ergas_zr_test: 2.550e+00, uqi_zr_test: 5.174e-01, psnr_xdsr_test: 2.290e+01, sam_xdsr_test: 3.014e+01
23-11-27 17:49:19.185 : , G_loss_test: 2.289e-02, hsi_likelihood_test: 1.413e-02, msi_likelihood_test: 8.759e-03, regularization_degradation_test: 1.521e-09, regularization_phi_test: 1.598e-02, psnr_xr_test: 2.238e+01, sam_xr_test: 2.863e+01, psnr_yr_test: 2.030e+01, sam_yr_test: 2.645e+01, psnr_zr_test: 2.282e+01, sam_zr_test: 3.063e+01, ssim_zr_test: 6.713e-01, rmse_zr_test: 1.392e+01, ergas_zr_test: 2.371e+00, uqi_zr_test: 5.057e-01, psnr_xdsr_test: 2.265e+01, sam_xdsr_test: 3.104e+01
23-11-27 17:49:19.185 : , G_loss_test: 2.289e-02, hsi_likelihood_test: 1.413e-02, msi_likelihood_test: 8.759e-03, regularization_degradation_test: 1.521e-09, regularization_phi_test: 1.598e-02, psnr_xr_test: 2.238e+01, sam_xr_test: 2.863e+01, psnr_yr_test: 2.030e+01, sam_yr_test: 2.645e+01, psnr_zr_test: 2.282e+01, sam_zr_test: 3.063e+01, ssim_zr_test: 6.713e-01, rmse_zr_test: 1.392e+01, ergas_zr_test: 2.371e+00, uqi_zr_test: 5.057e-01, psnr_xdsr_test: 2.265e+01, sam_xdsr_test: 3.104e+01
23-11-27 17:49:24.319 : , G_loss_test: 2.060e-02, hsi_likelihood_test: 1.290e-02, msi_likelihood_test: 7.701e-03, regularization_degradation_test: 1.619e-09, regularization_phi_test: 1.343e-02, psnr_xr_test: 2.301e+01, sam_xr_test: 2.923e+01, psnr_yr_test: 2.156e+01, sam_yr_test: 2.796e+01, psnr_zr_test: 2.341e+01, sam_zr_test: 3.152e+01, ssim_zr_test: 7.045e-01, rmse_zr_test: 1.314e+01, ergas_zr_test: 2.261e+00, uqi_zr_test: 4.297e-01, psnr_xdsr_test: 2.283e+01, sam_xdsr_test: 3.846e+01
23-11-27 17:49:24.319 : , G_loss_test: 2.060e-02, hsi_likelihood_test: 1.290e-02, msi_likelihood_test: 7.701e-03, regularization_degradation_test: 1.619e-09, regularization_phi_test: 1.343e-02, psnr_xr_test: 2.301e+01, sam_xr_test: 2.923e+01, psnr_yr_test: 2.156e+01, sam_yr_test: 2.796e+01, psnr_zr_test: 2.341e+01, sam_zr_test: 3.152e+01, ssim_zr_test: 7.045e-01, rmse_zr_test: 1.314e+01, ergas_zr_test: 2.261e+00, uqi_zr_test: 4.297e-01, psnr_xdsr_test: 2.283e+01, sam_xdsr_test: 3.846e+01
23-11-27 17:49:29.158 : , G_loss_test: 2.094e-02, hsi_likelihood_test: 1.323e-02, msi_likelihood_test: 7.701e-03, regularization_degradation_test: 1.734e-09, regularization_phi_test: 1.286e-02, psnr_xr_test: 2.289e+01, sam_xr_test: 2.837e+01, psnr_yr_test: 2.177e+01, sam_yr_test: 2.684e+01, psnr_zr_test: 2.322e+01, sam_zr_test: 3.012e+01, ssim_zr_test: 7.028e-01, rmse_zr_test: 1.398e+01, ergas_zr_test: 2.239e+00, uqi_zr_test: 5.409e-01, psnr_xdsr_test: 2.281e+01, sam_xdsr_test: 2.580e+01
23-11-27 17:49:29.159 : , G_loss_test: 2.094e-02, hsi_likelihood_test: 1.323e-02, msi_likelihood_test: 7.701e-03, regularization_degradation_test: 1.734e-09, regularization_phi_test: 1.286e-02, psnr_xr_test: 2.289e+01, sam_xr_test: 2.837e+01, psnr_yr_test: 2.177e+01, sam_yr_test: 2.684e+01, psnr_zr_test: 2.322e+01, sam_zr_test: 3.012e+01, ssim_zr_test: 7.028e-01, rmse_zr_test: 1.398e+01, ergas_zr_test: 2.239e+00, uqi_zr_test: 5.409e-01, psnr_xdsr_test: 2.281e+01, sam_xdsr_test: 2.580e+01
23-11-27 17:49:34.264 : , G_loss_test: 1.961e-02, hsi_likelihood_test: 1.290e-02, msi_likelihood_test: 6.712e-03, regularization_degradation_test: 2.067e-09, regularization_phi_test: 1.247e-02, psnr_xr_test: 2.222e+01, sam_xr_test: 2.337e+01, psnr_yr_test: 2.234e+01, sam_yr_test: 2.670e+01, psnr_zr_test: 2.261e+01, sam_zr_test: 2.605e+01, ssim_zr_test: 7.793e-01, rmse_zr_test: 1.393e+01, ergas_zr_test: 2.541e+00, uqi_zr_test: 4.864e-01, psnr_xdsr_test: 2.285e+01, sam_xdsr_test: 2.431e+01
23-11-27 17:49:34.265 : , G_loss_test: 1.961e-02, hsi_likelihood_test: 1.290e-02, msi_likelihood_test: 6.712e-03, regularization_degradation_test: 2.067e-09, regularization_phi_test: 1.247e-02, psnr_xr_test: 2.222e+01, sam_xr_test: 2.337e+01, psnr_yr_test: 2.234e+01, sam_yr_test: 2.670e+01, psnr_zr_test: 2.261e+01, sam_zr_test: 2.605e+01, ssim_zr_test: 7.793e-01, rmse_zr_test: 1.393e+01, ergas_zr_test: 2.541e+00, uqi_zr_test: 4.864e-01, psnr_xdsr_test: 2.285e+01, sam_xdsr_test: 2.431e+01
23-11-27 17:49:39.213 : , G_loss_test: 2.159e-02, hsi_likelihood_test: 1.303e-02, msi_likelihood_test: 8.561e-03, regularization_degradation_test: 1.374e-09, regularization_phi_test: 1.551e-02, psnr_xr_test: 2.243e+01, sam_xr_test: 2.326e+01, psnr_yr_test: 2.012e+01, sam_yr_test: 2.652e+01, psnr_zr_test: 2.288e+01, sam_zr_test: 2.523e+01, ssim_zr_test: 7.692e-01, rmse_zr_test: 1.389e+01, ergas_zr_test: 2.341e+00, uqi_zr_test: 5.293e-01, psnr_xdsr_test: 2.269e+01, sam_xdsr_test: 3.254e+01
23-11-27 17:49:39.213 : , G_loss_test: 2.159e-02, hsi_likelihood_test: 1.303e-02, msi_likelihood_test: 8.561e-03, regularization_degradation_test: 1.374e-09, regularization_phi_test: 1.551e-02, psnr_xr_test: 2.243e+01, sam_xr_test: 2.326e+01, psnr_yr_test: 2.012e+01, sam_yr_test: 2.652e+01, psnr_zr_test: 2.288e+01, sam_zr_test: 2.523e+01, ssim_zr_test: 7.692e-01, rmse_zr_test: 1.389e+01, ergas_zr_test: 2.341e+00, uqi_zr_test: 5.293e-01, psnr_xdsr_test: 2.269e+01, sam_xdsr_test: 3.254e+01
23-11-27 17:49:49.711 : , G_loss_test: 4.118e-02, hsi_likelihood_test: 2.824e-02, msi_likelihood_test: 1.294e-02, regularization_degradation_test: 2.661e-09, regularization_phi_test: 3.138e-02, psnr_xr_test: 1.530e+01, sam_xr_test: 1.913e+01, psnr_yr_test: 1.962e+01, sam_yr_test: 1.926e+01, psnr_zr_test: 1.999e+01, sam_zr_test: 2.123e+01, ssim_zr_test: 7.686e-01, rmse_zr_test: 2.496e+01, ergas_zr_test: 2.798e+00, uqi_zr_test: 7.677e-01, psnr_xdsr_test: 1.424e+01, sam_xdsr_test: 2.077e+01
23-11-27 17:49:49.711 : , G_loss_test: 4.118e-02, hsi_likelihood_test: 2.824e-02, msi_likelihood_test: 1.294e-02, regularization_degradation_test: 2.661e-09, regularization_phi_test: 3.138e-02, psnr_xr_test: 1.530e+01, sam_xr_test: 1.913e+01, psnr_yr_test: 1.962e+01, sam_yr_test: 1.926e+01, psnr_zr_test: 1.999e+01, sam_zr_test: 2.123e+01, ssim_zr_test: 7.686e-01, rmse_zr_test: 2.496e+01, ergas_zr_test: 2.798e+00, uqi_zr_test: 7.677e-01, psnr_xdsr_test: 1.424e+01, sam_xdsr_test: 2.077e+01
23-11-27 17:49:54.655 : , G_loss_test: 3.993e-02, hsi_likelihood_test: 2.865e-02, msi_likelihood_test: 1.129e-02, regularization_degradation_test: 3.980e-09, regularization_phi_test: 2.863e-02, psnr_xr_test: 1.599e+01, sam_xr_test: 2.021e+01, psnr_yr_test: 2.207e+01, sam_yr_test: 1.874e+01, psnr_zr_test: 2.064e+01, sam_zr_test: 2.214e+01, ssim_zr_test: 7.876e-01, rmse_zr_test: 2.339e+01, ergas_zr_test: 2.602e+00, uqi_zr_test: 7.383e-01, psnr_xdsr_test: 1.615e+01, sam_xdsr_test: 2.126e+01
23-11-27 17:49:54.656 : , G_loss_test: 3.993e-02, hsi_likelihood_test: 2.865e-02, msi_likelihood_test: 1.129e-02, regularization_degradation_test: 3.980e-09, regularization_phi_test: 2.863e-02, psnr_xr_test: 1.599e+01, sam_xr_test: 2.021e+01, psnr_yr_test: 2.207e+01, sam_yr_test: 1.874e+01, psnr_zr_test: 2.064e+01, sam_zr_test: 2.214e+01, ssim_zr_test: 7.876e-01, rmse_zr_test: 2.339e+01, ergas_zr_test: 2.602e+00, uqi_zr_test: 7.383e-01, psnr_xdsr_test: 1.615e+01, sam_xdsr_test: 2.126e+01
23-11-27 17:49:59.600 : , G_loss_test: 3.954e-02, hsi_likelihood_test: 2.760e-02, msi_likelihood_test: 1.194e-02, regularization_degradation_test: 3.691e-09, regularization_phi_test: 3.012e-02, psnr_xr_test: 1.623e+01, sam_xr_test: 1.960e+01, psnr_yr_test: 2.157e+01, sam_yr_test: 1.974e+01, psnr_zr_test: 2.097e+01, sam_zr_test: 2.142e+01, ssim_zr_test: 7.914e-01, rmse_zr_test: 2.240e+01, ergas_zr_test: 2.491e+00, uqi_zr_test: 7.596e-01, psnr_xdsr_test: 1.521e+01, sam_xdsr_test: 2.231e+01
23-11-27 17:49:59.600 : , G_loss_test: 3.954e-02, hsi_likelihood_test: 2.760e-02, msi_likelihood_test: 1.194e-02, regularization_degradation_test: 3.691e-09, regularization_phi_test: 3.012e-02, psnr_xr_test: 1.623e+01, sam_xr_test: 1.960e+01, psnr_yr_test: 2.157e+01, sam_yr_test: 1.974e+01, psnr_zr_test: 2.097e+01, sam_zr_test: 2.142e+01, ssim_zr_test: 7.914e-01, rmse_zr_test: 2.240e+01, ergas_zr_test: 2.491e+00, uqi_zr_test: 7.596e-01, psnr_xdsr_test: 1.521e+01, sam_xdsr_test: 2.231e+01
23-11-27 17:50:04.655 : , G_loss_test: 4.441e-02, hsi_likelihood_test: 3.068e-02, msi_likelihood_test: 1.373e-02, regularization_degradation_test: 3.262e-09, regularization_phi_test: 3.437e-02, psnr_xr_test: 1.583e+01, sam_xr_test: 2.343e+01, psnr_yr_test: 2.046e+01, sam_yr_test: 1.977e+01, psnr_zr_test: 2.050e+01, sam_zr_test: 2.537e+01, ssim_zr_test: 6.791e-01, rmse_zr_test: 2.372e+01, ergas_zr_test: 2.637e+00, uqi_zr_test: 6.316e-01, psnr_xdsr_test: 1.451e+01, sam_xdsr_test: 2.243e+01
23-11-27 17:50:04.655 : , G_loss_test: 4.441e-02, hsi_likelihood_test: 3.068e-02, msi_likelihood_test: 1.373e-02, regularization_degradation_test: 3.262e-09, regularization_phi_test: 3.437e-02, psnr_xr_test: 1.583e+01, sam_xr_test: 2.343e+01, psnr_yr_test: 2.046e+01, sam_yr_test: 1.977e+01, psnr_zr_test: 2.050e+01, sam_zr_test: 2.537e+01, ssim_zr_test: 6.791e-01, rmse_zr_test: 2.372e+01, ergas_zr_test: 2.637e+00, uqi_zr_test: 6.316e-01, psnr_xdsr_test: 1.451e+01, sam_xdsr_test: 2.243e+01
23-11-27 17:50:09.731 : , G_loss_test: 4.141e-02, hsi_likelihood_test: 2.911e-02, msi_likelihood_test: 1.230e-02, regularization_degradation_test: 3.149e-09, regularization_phi_test: 2.894e-02, psnr_xr_test: 1.532e+01, sam_xr_test: 2.047e+01, psnr_yr_test: 2.026e+01, sam_yr_test: 1.928e+01, psnr_zr_test: 2.010e+01, sam_zr_test: 2.219e+01, ssim_zr_test: 7.465e-01, rmse_zr_test: 2.475e+01, ergas_zr_test: 2.740e+00, uqi_zr_test: 7.327e-01, psnr_xdsr_test: 1.605e+01, sam_xdsr_test: 2.101e+01
23-11-27 17:50:09.731 : , G_loss_test: 4.141e-02, hsi_likelihood_test: 2.911e-02, msi_likelihood_test: 1.230e-02, regularization_degradation_test: 3.149e-09, regularization_phi_test: 2.894e-02, psnr_xr_test: 1.532e+01, sam_xr_test: 2.047e+01, psnr_yr_test: 2.026e+01, sam_yr_test: 1.928e+01, psnr_zr_test: 2.010e+01, sam_zr_test: 2.219e+01, ssim_zr_test: 7.465e-01, rmse_zr_test: 2.475e+01, ergas_zr_test: 2.740e+00, uqi_zr_test: 7.327e-01, psnr_xdsr_test: 1.605e+01, sam_xdsr_test: 2.101e+01
23-11-27 17:50:14.861 : , G_loss_test: 4.088e-02, hsi_likelihood_test: 2.890e-02, msi_likelihood_test: 1.198e-02, regularization_degradation_test: 3.354e-09, regularization_phi_test: 3.119e-02, psnr_xr_test: 1.526e+01, sam_xr_test: 1.937e+01, psnr_yr_test: 2.043e+01, sam_yr_test: 1.923e+01, psnr_zr_test: 2.005e+01, sam_zr_test: 2.118e+01, ssim_zr_test: 7.699e-01, rmse_zr_test: 2.479e+01, ergas_zr_test: 2.761e+00, uqi_zr_test: 7.649e-01, psnr_xdsr_test: 1.433e+01, sam_xdsr_test: 1.979e+01
23-11-27 17:50:14.862 : , G_loss_test: 4.088e-02, hsi_likelihood_test: 2.890e-02, msi_likelihood_test: 1.198e-02, regularization_degradation_test: 3.354e-09, regularization_phi_test: 3.119e-02, psnr_xr_test: 1.526e+01, sam_xr_test: 1.937e+01, psnr_yr_test: 2.043e+01, sam_yr_test: 1.923e+01, psnr_zr_test: 2.005e+01, sam_zr_test: 2.118e+01, ssim_zr_test: 7.699e-01, rmse_zr_test: 2.479e+01, ergas_zr_test: 2.761e+00, uqi_zr_test: 7.649e-01, psnr_xdsr_test: 1.433e+01, sam_xdsr_test: 1.979e+01
23-11-27 17:50:19.859 : , G_loss_test: 3.895e-02, hsi_likelihood_test: 2.766e-02, msi_likelihood_test: 1.129e-02, regularization_degradation_test: 3.266e-09, regularization_phi_test: 2.758e-02, psnr_xr_test: 1.610e+01, sam_xr_test: 2.028e+01, psnr_yr_test: 2.116e+01, sam_yr_test: 1.934e+01, psnr_zr_test: 2.088e+01, sam_zr_test: 2.174e+01, ssim_zr_test: 7.911e-01, rmse_zr_test: 2.261e+01, ergas_zr_test: 2.509e+00, uqi_zr_test: 7.560e-01, psnr_xdsr_test: 1.612e+01, sam_xdsr_test: 2.082e+01
23-11-27 17:50:19.860 : , G_loss_test: 3.895e-02, hsi_likelihood_test: 2.766e-02, msi_likelihood_test: 1.129e-02, regularization_degradation_test: 3.266e-09, regularization_phi_test: 2.758e-02, psnr_xr_test: 1.610e+01, sam_xr_test: 2.028e+01, psnr_yr_test: 2.116e+01, sam_yr_test: 1.934e+01, psnr_zr_test: 2.088e+01, sam_zr_test: 2.174e+01, ssim_zr_test: 7.911e-01, rmse_zr_test: 2.261e+01, ergas_zr_test: 2.509e+00, uqi_zr_test: 7.560e-01, psnr_xdsr_test: 1.612e+01, sam_xdsr_test: 2.082e+01
23-11-27 17:50:24.790 : , G_loss_test: 3.901e-02, hsi_likelihood_test: 2.816e-02, msi_likelihood_test: 1.085e-02, regularization_degradation_test: 3.453e-09, regularization_phi_test: 3.178e-02, psnr_xr_test: 1.597e+01, sam_xr_test: 1.930e+01, psnr_yr_test: 2.179e+01, sam_yr_test: 1.984e+01, psnr_zr_test: 2.061e+01, sam_zr_test: 2.091e+01, ssim_zr_test: 8.055e-01, rmse_zr_test: 2.331e+01, ergas_zr_test: 2.593e+00, uqi_zr_test: 7.776e-01, psnr_xdsr_test: 1.496e+01, sam_xdsr_test: 2.237e+01
23-11-27 17:50:24.790 : , G_loss_test: 3.901e-02, hsi_likelihood_test: 2.816e-02, msi_likelihood_test: 1.085e-02, regularization_degradation_test: 3.453e-09, regularization_phi_test: 3.178e-02, psnr_xr_test: 1.597e+01, sam_xr_test: 1.930e+01, psnr_yr_test: 2.179e+01, sam_yr_test: 1.984e+01, psnr_zr_test: 2.061e+01, sam_zr_test: 2.091e+01, ssim_zr_test: 8.055e-01, rmse_zr_test: 2.331e+01, ergas_zr_test: 2.593e+00, uqi_zr_test: 7.776e-01, psnr_xdsr_test: 1.496e+01, sam_xdsr_test: 2.237e+01
23-11-27 17:50:29.711 : , G_loss_test: 4.223e-02, hsi_likelihood_test: 3.045e-02, msi_likelihood_test: 1.179e-02, regularization_degradation_test: 3.607e-09, regularization_phi_test: 2.844e-02, psnr_xr_test: 1.481e+01, sam_xr_test: 2.068e+01, psnr_yr_test: 2.102e+01, sam_yr_test: 1.974e+01, psnr_zr_test: 1.965e+01, sam_zr_test: 2.233e+01, ssim_zr_test: 7.319e-01, rmse_zr_test: 2.614e+01, ergas_zr_test: 2.849e+00, uqi_zr_test: 7.208e-01, psnr_xdsr_test: 1.613e+01, sam_xdsr_test: 2.068e+01
23-11-27 17:50:29.712 : , G_loss_test: 4.223e-02, hsi_likelihood_test: 3.045e-02, msi_likelihood_test: 1.179e-02, regularization_degradation_test: 3.607e-09, regularization_phi_test: 2.844e-02, psnr_xr_test: 1.481e+01, sam_xr_test: 2.068e+01, psnr_yr_test: 2.102e+01, sam_yr_test: 1.974e+01, psnr_zr_test: 1.965e+01, sam_zr_test: 2.233e+01, ssim_zr_test: 7.319e-01, rmse_zr_test: 2.614e+01, ergas_zr_test: 2.849e+00, uqi_zr_test: 7.208e-01, psnr_xdsr_test: 1.613e+01, sam_xdsr_test: 2.068e+01
23-11-27 17:50:34.675 : , G_loss_test: 4.088e-02, hsi_likelihood_test: 2.888e-02, msi_likelihood_test: 1.200e-02, regularization_degradation_test: 3.652e-09, regularization_phi_test: 2.794e-02, psnr_xr_test: 1.605e+01, sam_xr_test: 2.062e+01, psnr_yr_test: 2.159e+01, sam_yr_test: 1.945e+01, psnr_zr_test: 2.073e+01, sam_zr_test: 2.166e+01, ssim_zr_test: 7.777e-01, rmse_zr_test: 2.294e+01, ergas_zr_test: 2.544e+00, uqi_zr_test: 7.394e-01, psnr_xdsr_test: 1.565e+01, sam_xdsr_test: 1.982e+01
23-11-27 17:50:34.675 : , G_loss_test: 4.088e-02, hsi_likelihood_test: 2.888e-02, msi_likelihood_test: 1.200e-02, regularization_degradation_test: 3.652e-09, regularization_phi_test: 2.794e-02, psnr_xr_test: 1.605e+01, sam_xr_test: 2.062e+01, psnr_yr_test: 2.159e+01, sam_yr_test: 1.945e+01, psnr_zr_test: 2.073e+01, sam_zr_test: 2.166e+01, ssim_zr_test: 7.777e-01, rmse_zr_test: 2.294e+01, ergas_zr_test: 2.544e+00, uqi_zr_test: 7.394e-01, psnr_xdsr_test: 1.565e+01, sam_xdsr_test: 1.982e+01
23-11-27 17:50:40.106 : , G_loss_test: 4.086e-02, hsi_likelihood_test: 2.832e-02, msi_likelihood_test: 1.255e-02, regularization_degradation_test: 3.739e-09, regularization_phi_test: 3.122e-02, psnr_xr_test: 1.627e+01, sam_xr_test: 2.121e+01, psnr_yr_test: 2.118e+01, sam_yr_test: 1.915e+01, psnr_zr_test: 2.095e+01, sam_zr_test: 2.283e+01, ssim_zr_test: 7.618e-01, rmse_zr_test: 2.249e+01, ergas_zr_test: 2.487e+00, uqi_zr_test: 7.237e-01, psnr_xdsr_test: 1.456e+01, sam_xdsr_test: 2.057e+01
23-11-27 17:50:40.107 : , G_loss_test: 4.086e-02, hsi_likelihood_test: 2.832e-02, msi_likelihood_test: 1.255e-02, regularization_degradation_test: 3.739e-09, regularization_phi_test: 3.122e-02, psnr_xr_test: 1.627e+01, sam_xr_test: 2.121e+01, psnr_yr_test: 2.118e+01, sam_yr_test: 1.915e+01, psnr_zr_test: 2.095e+01, sam_zr_test: 2.283e+01, ssim_zr_test: 7.618e-01, rmse_zr_test: 2.249e+01, ergas_zr_test: 2.487e+00, uqi_zr_test: 7.237e-01, psnr_xdsr_test: 1.456e+01, sam_xdsr_test: 2.057e+01
23-11-27 17:50:45.624 : , G_loss_test: 4.474e-02, hsi_likelihood_test: 3.214e-02, msi_likelihood_test: 1.260e-02, regularization_degradation_test: 3.977e-09, regularization_phi_test: 3.303e-02, psnr_xr_test: 1.537e+01, sam_xr_test: 2.278e+01, psnr_yr_test: 2.178e+01, sam_yr_test: 1.953e+01, psnr_zr_test: 2.013e+01, sam_zr_test: 2.391e+01, ssim_zr_test: 7.483e-01, rmse_zr_test: 2.461e+01, ergas_zr_test: 2.725e+00, uqi_zr_test: 6.721e-01, psnr_xdsr_test: 1.463e+01, sam_xdsr_test: 2.075e+01
23-11-27 17:50:45.625 : , G_loss_test: 4.474e-02, hsi_likelihood_test: 3.214e-02, msi_likelihood_test: 1.260e-02, regularization_degradation_test: 3.977e-09, regularization_phi_test: 3.303e-02, psnr_xr_test: 1.537e+01, sam_xr_test: 2.278e+01, psnr_yr_test: 2.178e+01, sam_yr_test: 1.953e+01, psnr_zr_test: 2.013e+01, sam_zr_test: 2.391e+01, ssim_zr_test: 7.483e-01, rmse_zr_test: 2.461e+01, ergas_zr_test: 2.725e+00, uqi_zr_test: 6.721e-01, psnr_xdsr_test: 1.463e+01, sam_xdsr_test: 2.075e+01
23-11-27 17:50:50.900 : , G_loss_test: 4.126e-02, hsi_likelihood_test: 2.863e-02, msi_likelihood_test: 1.263e-02, regularization_degradation_test: 3.003e-09, regularization_phi_test: 2.841e-02, psnr_xr_test: 1.513e+01, sam_xr_test: 1.951e+01, psnr_yr_test: 1.969e+01, sam_yr_test: 1.971e+01, psnr_zr_test: 1.983e+01, sam_zr_test: 2.104e+01, ssim_zr_test: 7.554e-01, rmse_zr_test: 2.549e+01, ergas_zr_test: 2.838e+00, uqi_zr_test: 7.556e-01, psnr_xdsr_test: 1.543e+01, sam_xdsr_test: 2.060e+01
23-11-27 17:50:50.901 : , G_loss_test: 4.126e-02, hsi_likelihood_test: 2.863e-02, msi_likelihood_test: 1.263e-02, regularization_degradation_test: 3.003e-09, regularization_phi_test: 2.841e-02, psnr_xr_test: 1.513e+01, sam_xr_test: 1.951e+01, psnr_yr_test: 1.969e+01, sam_yr_test: 1.971e+01, psnr_zr_test: 1.983e+01, sam_zr_test: 2.104e+01, ssim_zr_test: 7.554e-01, rmse_zr_test: 2.549e+01, ergas_zr_test: 2.838e+00, uqi_zr_test: 7.556e-01, psnr_xdsr_test: 1.543e+01, sam_xdsr_test: 2.060e+01
23-11-27 17:50:56.390 : , G_loss_test: 4.297e-02, hsi_likelihood_test: 3.017e-02, msi_likelihood_test: 1.280e-02, regularization_degradation_test: 2.757e-09, regularization_phi_test: 2.973e-02, psnr_xr_test: 1.465e+01, sam_xr_test: 1.949e+01, psnr_yr_test: 1.940e+01, sam_yr_test: 1.952e+01, psnr_zr_test: 1.935e+01, sam_zr_test: 2.129e+01, ssim_zr_test: 7.161e-01, rmse_zr_test: 2.676e+01, ergas_zr_test: 2.990e+00, uqi_zr_test: 7.246e-01, psnr_xdsr_test: 1.502e+01, sam_xdsr_test: 2.019e+01
23-11-27 17:50:56.390 : , G_loss_test: 4.297e-02, hsi_likelihood_test: 3.017e-02, msi_likelihood_test: 1.280e-02, regularization_degradation_test: 2.757e-09, regularization_phi_test: 2.973e-02, psnr_xr_test: 1.465e+01, sam_xr_test: 1.949e+01, psnr_yr_test: 1.940e+01, sam_yr_test: 1.952e+01, psnr_zr_test: 1.935e+01, sam_zr_test: 2.129e+01, ssim_zr_test: 7.161e-01, rmse_zr_test: 2.676e+01, ergas_zr_test: 2.990e+00, uqi_zr_test: 7.246e-01, psnr_xdsr_test: 1.502e+01, sam_xdsr_test: 2.019e+01
23-11-27 17:51:01.555 : , G_loss_test: 3.919e-02, hsi_likelihood_test: 2.824e-02, msi_likelihood_test: 1.095e-02, regularization_degradation_test: 4.170e-09, regularization_phi_test: 2.812e-02, psnr_xr_test: 1.596e+01, sam_xr_test: 1.897e+01, psnr_yr_test: 2.230e+01, sam_yr_test: 1.993e+01, psnr_zr_test: 2.059e+01, sam_zr_test: 2.047e+01, ssim_zr_test: 8.064e-01, rmse_zr_test: 2.322e+01, ergas_zr_test: 2.592e+00, uqi_zr_test: 7.795e-01, psnr_xdsr_test: 1.583e+01, sam_xdsr_test: 2.135e+01
23-11-27 17:51:01.556 : , G_loss_test: 3.919e-02, hsi_likelihood_test: 2.824e-02, msi_likelihood_test: 1.095e-02, regularization_degradation_test: 4.170e-09, regularization_phi_test: 2.812e-02, psnr_xr_test: 1.596e+01, sam_xr_test: 1.897e+01, psnr_yr_test: 2.230e+01, sam_yr_test: 1.993e+01, psnr_zr_test: 2.059e+01, sam_zr_test: 2.047e+01, ssim_zr_test: 8.064e-01, rmse_zr_test: 2.322e+01, ergas_zr_test: 2.592e+00, uqi_zr_test: 7.795e-01, psnr_xdsr_test: 1.583e+01, sam_xdsr_test: 2.135e+01
23-11-27 17:51:07.045 : , G_loss_test: 4.017e-02, hsi_likelihood_test: 2.844e-02, msi_likelihood_test: 1.173e-02, regularization_degradation_test: 3.883e-09, regularization_phi_test: 2.726e-02, psnr_xr_test: 1.578e+01, sam_xr_test: 1.979e+01, psnr_yr_test: 2.132e+01, sam_yr_test: 1.933e+01, psnr_zr_test: 2.052e+01, sam_zr_test: 2.172e+01, ssim_zr_test: 7.568e-01, rmse_zr_test: 2.357e+01, ergas_zr_test: 2.614e+00, uqi_zr_test: 7.435e-01, psnr_xdsr_test: 1.631e+01, sam_xdsr_test: 1.962e+01
23-11-27 17:51:07.046 : , G_loss_test: 4.017e-02, hsi_likelihood_test: 2.844e-02, msi_likelihood_test: 1.173e-02, regularization_degradation_test: 3.883e-09, regularization_phi_test: 2.726e-02, psnr_xr_test: 1.578e+01, sam_xr_test: 1.979e+01, psnr_yr_test: 2.132e+01, sam_yr_test: 1.933e+01, psnr_zr_test: 2.052e+01, sam_zr_test: 2.172e+01, ssim_zr_test: 7.568e-01, rmse_zr_test: 2.357e+01, ergas_zr_test: 2.614e+00, uqi_zr_test: 7.435e-01, psnr_xdsr_test: 1.631e+01, sam_xdsr_test: 1.962e+01
23-11-27 17:51:12.541 : , G_loss_test: 4.217e-02, hsi_likelihood_test: 3.000e-02, msi_likelihood_test: 1.217e-02, regularization_degradation_test: 3.636e-09, regularization_phi_test: 2.896e-02, psnr_xr_test: 1.483e+01, sam_xr_test: 1.952e+01, psnr_yr_test: 2.040e+01, sam_yr_test: 1.923e+01, psnr_zr_test: 1.955e+01, sam_zr_test: 2.183e+01, ssim_zr_test: 7.152e-01, rmse_zr_test: 2.630e+01, ergas_zr_test: 2.891e+00, uqi_zr_test: 7.256e-01, psnr_xdsr_test: 1.598e+01, sam_xdsr_test: 2.219e+01
23-11-27 17:51:12.542 : , G_loss_test: 4.217e-02, hsi_likelihood_test: 3.000e-02, msi_likelihood_test: 1.217e-02, regularization_degradation_test: 3.636e-09, regularization_phi_test: 2.896e-02, psnr_xr_test: 1.483e+01, sam_xr_test: 1.952e+01, psnr_yr_test: 2.040e+01, sam_yr_test: 1.923e+01, psnr_zr_test: 1.955e+01, sam_zr_test: 2.183e+01, ssim_zr_test: 7.152e-01, rmse_zr_test: 2.630e+01, ergas_zr_test: 2.891e+00, uqi_zr_test: 7.256e-01, psnr_xdsr_test: 1.598e+01, sam_xdsr_test: 2.219e+01
23-11-27 17:51:17.824 : , G_loss_test: 3.876e-02, hsi_likelihood_test: 2.714e-02, msi_likelihood_test: 1.162e-02, regularization_degradation_test: 3.817e-09, regularization_phi_test: 2.762e-02, psnr_xr_test: 1.625e+01, sam_xr_test: 1.902e+01, psnr_yr_test: 2.115e+01, sam_yr_test: 1.951e+01, psnr_zr_test: 2.093e+01, sam_zr_test: 2.077e+01, ssim_zr_test: 7.899e-01, rmse_zr_test: 2.258e+01, ergas_zr_test: 2.498e+00, uqi_zr_test: 7.750e-01, psnr_xdsr_test: 1.606e+01, sam_xdsr_test: 1.994e+01
23-11-27 17:51:17.824 : , G_loss_test: 3.876e-02, hsi_likelihood_test: 2.714e-02, msi_likelihood_test: 1.162e-02, regularization_degradation_test: 3.817e-09, regularization_phi_test: 2.762e-02, psnr_xr_test: 1.625e+01, sam_xr_test: 1.902e+01, psnr_yr_test: 2.115e+01, sam_yr_test: 1.951e+01, psnr_zr_test: 2.093e+01, sam_zr_test: 2.077e+01, ssim_zr_test: 7.899e-01, rmse_zr_test: 2.258e+01, ergas_zr_test: 2.498e+00, uqi_zr_test: 7.750e-01, psnr_xdsr_test: 1.606e+01, sam_xdsr_test: 1.994e+01
23-11-27 17:51:22.834 : , G_loss_test: 4.871e-02, hsi_likelihood_test: 3.377e-02, msi_likelihood_test: 1.494e-02, regularization_degradation_test: 3.439e-09, regularization_phi_test: 2.927e-02, psnr_xr_test: 1.521e+01, sam_xr_test: 2.453e+01, psnr_yr_test: 2.006e+01, sam_yr_test: 1.953e+01, psnr_zr_test: 1.993e+01, sam_zr_test: 2.587e+01, ssim_zr_test: 6.670e-01, rmse_zr_test: 2.521e+01, ergas_zr_test: 2.798e+00, uqi_zr_test: 5.921e-01, psnr_xdsr_test: 1.602e+01, sam_xdsr_test: 2.168e+01
23-11-27 17:51:22.835 : , G_loss_test: 4.871e-02, hsi_likelihood_test: 3.377e-02, msi_likelihood_test: 1.494e-02, regularization_degradation_test: 3.439e-09, regularization_phi_test: 2.927e-02, psnr_xr_test: 1.521e+01, sam_xr_test: 2.453e+01, psnr_yr_test: 2.006e+01, sam_yr_test: 1.953e+01, psnr_zr_test: 1.993e+01, sam_zr_test: 2.587e+01, ssim_zr_test: 6.670e-01, rmse_zr_test: 2.521e+01, ergas_zr_test: 2.798e+00, uqi_zr_test: 5.921e-01, psnr_xdsr_test: 1.602e+01, sam_xdsr_test: 2.168e+01
23-11-27 17:51:28.387 : , G_loss_test: 4.187e-02, hsi_likelihood_test: 2.803e-02, msi_likelihood_test: 1.383e-02, regularization_degradation_test: 2.470e-09, regularization_phi_test: 2.700e-02, psnr_xr_test: 1.589e+01, sam_xr_test: 2.107e+01, psnr_yr_test: 1.922e+01, sam_yr_test: 1.916e+01, psnr_zr_test: 2.056e+01, sam_zr_test: 2.240e+01, ssim_zr_test: 7.617e-01, rmse_zr_test: 2.381e+01, ergas_zr_test: 2.666e+00, uqi_zr_test: 7.379e-01, psnr_xdsr_test: 1.607e+01, sam_xdsr_test: 1.939e+01
23-11-27 17:51:28.388 : , G_loss_test: 4.187e-02, hsi_likelihood_test: 2.803e-02, msi_likelihood_test: 1.383e-02, regularization_degradation_test: 2.470e-09, regularization_phi_test: 2.700e-02, psnr_xr_test: 1.589e+01, sam_xr_test: 2.107e+01, psnr_yr_test: 1.922e+01, sam_yr_test: 1.916e+01, psnr_zr_test: 2.056e+01, sam_zr_test: 2.240e+01, ssim_zr_test: 7.617e-01, rmse_zr_test: 2.381e+01, ergas_zr_test: 2.666e+00, uqi_zr_test: 7.379e-01, psnr_xdsr_test: 1.607e+01, sam_xdsr_test: 1.939e+01
23-11-27 17:51:33.447 : , G_loss_test: 3.870e-02, hsi_likelihood_test: 2.672e-02, msi_likelihood_test: 1.199e-02, regularization_degradation_test: 3.025e-09, regularization_phi_test: 3.038e-02, psnr_xr_test: 1.615e+01, sam_xr_test: 1.887e+01, psnr_yr_test: 2.052e+01, sam_yr_test: 1.923e+01, psnr_zr_test: 2.082e+01, sam_zr_test: 2.086e+01, ssim_zr_test: 7.807e-01, rmse_zr_test: 2.289e+01, ergas_zr_test: 2.544e+00, uqi_zr_test: 7.812e-01, psnr_xdsr_test: 1.511e+01, sam_xdsr_test: 2.056e+01
23-11-27 17:51:33.448 : , G_loss_test: 3.870e-02, hsi_likelihood_test: 2.672e-02, msi_likelihood_test: 1.199e-02, regularization_degradation_test: 3.025e-09, regularization_phi_test: 3.038e-02, psnr_xr_test: 1.615e+01, sam_xr_test: 1.887e+01, psnr_yr_test: 2.052e+01, sam_yr_test: 1.923e+01, psnr_zr_test: 2.082e+01, sam_zr_test: 2.086e+01, ssim_zr_test: 7.807e-01, rmse_zr_test: 2.289e+01, ergas_zr_test: 2.544e+00, uqi_zr_test: 7.812e-01, psnr_xdsr_test: 1.511e+01, sam_xdsr_test: 2.056e+01
23-11-27 17:51:38.516 : , G_loss_test: 4.395e-02, hsi_likelihood_test: 3.213e-02, msi_likelihood_test: 1.182e-02, regularization_degradation_test: 3.758e-09, regularization_phi_test: 3.852e-02, psnr_xr_test: 1.490e+01, sam_xr_test: 2.128e+01, psnr_yr_test: 2.176e+01, sam_yr_test: 1.974e+01, psnr_zr_test: 1.963e+01, sam_zr_test: 2.283e+01, ssim_zr_test: 7.703e-01, rmse_zr_test: 2.609e+01, ergas_zr_test: 2.891e+00, uqi_zr_test: 7.233e-01, psnr_xdsr_test: 1.353e+01, sam_xdsr_test: 2.347e+01
23-11-27 17:51:38.517 : , G_loss_test: 4.395e-02, hsi_likelihood_test: 3.213e-02, msi_likelihood_test: 1.182e-02, regularization_degradation_test: 3.758e-09, regularization_phi_test: 3.852e-02, psnr_xr_test: 1.490e+01, sam_xr_test: 2.128e+01, psnr_yr_test: 2.176e+01, sam_yr_test: 1.974e+01, psnr_zr_test: 1.963e+01, sam_zr_test: 2.283e+01, ssim_zr_test: 7.703e-01, rmse_zr_test: 2.609e+01, ergas_zr_test: 2.891e+00, uqi_zr_test: 7.233e-01, psnr_xdsr_test: 1.353e+01, sam_xdsr_test: 2.347e+01
23-11-27 17:51:43.451 : , G_loss_test: 4.029e-02, hsi_likelihood_test: 2.833e-02, msi_likelihood_test: 1.196e-02, regularization_degradation_test: 3.486e-09, regularization_phi_test: 2.927e-02, psnr_xr_test: 1.609e+01, sam_xr_test: 2.078e+01, psnr_yr_test: 2.132e+01, sam_yr_test: 1.916e+01, psnr_zr_test: 2.073e+01, sam_zr_test: 2.190e+01, ssim_zr_test: 7.598e-01, rmse_zr_test: 2.318e+01, ergas_zr_test: 2.555e+00, uqi_zr_test: 7.366e-01, psnr_xdsr_test: 1.498e+01, sam_xdsr_test: 1.975e+01
23-11-27 17:51:43.452 : , G_loss_test: 4.029e-02, hsi_likelihood_test: 2.833e-02, msi_likelihood_test: 1.196e-02, regularization_degradation_test: 3.486e-09, regularization_phi_test: 2.927e-02, psnr_xr_test: 1.609e+01, sam_xr_test: 2.078e+01, psnr_yr_test: 2.132e+01, sam_yr_test: 1.916e+01, psnr_zr_test: 2.073e+01, sam_zr_test: 2.190e+01, ssim_zr_test: 7.598e-01, rmse_zr_test: 2.318e+01, ergas_zr_test: 2.555e+00, uqi_zr_test: 7.366e-01, psnr_xdsr_test: 1.498e+01, sam_xdsr_test: 1.975e+01
23-11-27 17:51:48.446 : , G_loss_test: 4.042e-02, hsi_likelihood_test: 2.759e-02, msi_likelihood_test: 1.283e-02, regularization_degradation_test: 2.709e-09, regularization_phi_test: 3.098e-02, psnr_xr_test: 1.592e+01, sam_xr_test: 2.077e+01, psnr_yr_test: 1.976e+01, sam_yr_test: 1.984e+01, psnr_zr_test: 2.066e+01, sam_zr_test: 2.227e+01, ssim_zr_test: 7.719e-01, rmse_zr_test: 2.353e+01, ergas_zr_test: 2.640e+00, uqi_zr_test: 7.656e-01, psnr_xdsr_test: 1.505e+01, sam_xdsr_test: 2.175e+01
23-11-27 17:51:48.446 : , G_loss_test: 4.042e-02, hsi_likelihood_test: 2.759e-02, msi_likelihood_test: 1.283e-02, regularization_degradation_test: 2.709e-09, regularization_phi_test: 3.098e-02, psnr_xr_test: 1.592e+01, sam_xr_test: 2.077e+01, psnr_yr_test: 1.976e+01, sam_yr_test: 1.984e+01, psnr_zr_test: 2.066e+01, sam_zr_test: 2.227e+01, ssim_zr_test: 7.719e-01, rmse_zr_test: 2.353e+01, ergas_zr_test: 2.640e+00, uqi_zr_test: 7.656e-01, psnr_xdsr_test: 1.505e+01, sam_xdsr_test: 2.175e+01
23-11-27 17:51:58.652 : , G_loss_test: 2.367e-02, hsi_likelihood_test: 1.741e-02, msi_likelihood_test: 6.258e-03, regularization_degradation_test: 3.255e-09, regularization_phi_test: 1.403e-02, psnr_xr_test: 2.209e+01, sam_xr_test: 1.608e+01, psnr_yr_test: 2.451e+01, sam_yr_test: nan, psnr_zr_test: 2.239e+01, sam_zr_test: 1.867e+01, ssim_zr_test: 8.972e-01, rmse_zr_test: 1.945e+01, ergas_zr_test: 2.674e+00, uqi_zr_test: 8.086e-01, psnr_xdsr_test: 2.411e+01, sam_xdsr_test: 1.567e+01
23-11-27 17:51:58.652 : , G_loss_test: 2.367e-02, hsi_likelihood_test: 1.741e-02, msi_likelihood_test: 6.258e-03, regularization_degradation_test: 3.255e-09, regularization_phi_test: 1.403e-02, psnr_xr_test: 2.209e+01, sam_xr_test: 1.608e+01, psnr_yr_test: 2.451e+01, sam_yr_test: nan, psnr_zr_test: 2.239e+01, sam_zr_test: 1.867e+01, ssim_zr_test: 8.972e-01, rmse_zr_test: 1.945e+01, ergas_zr_test: 2.674e+00, uqi_zr_test: 8.086e-01, psnr_xdsr_test: 2.411e+01, sam_xdsr_test: 1.567e+01
23-11-27 17:52:03.602 : , G_loss_test: 1.886e-02, hsi_likelihood_test: 1.237e-02, msi_likelihood_test: 6.489e-03, regularization_degradation_test: 2.595e-09, regularization_phi_test: 3.199e-02, psnr_xr_test: 2.804e+01, sam_xr_test: 2.001e+01, psnr_yr_test: 2.641e+01, sam_yr_test: nan, psnr_zr_test: 2.831e+01, sam_zr_test: 2.263e+01, ssim_zr_test: 7.819e-01, rmse_zr_test: 1.049e+01, ergas_zr_test: 1.317e+00, uqi_zr_test: 6.008e-01, psnr_xdsr_test: 1.817e+01, sam_xdsr_test: 1.620e+01
23-11-27 17:52:03.602 : , G_loss_test: 1.886e-02, hsi_likelihood_test: 1.237e-02, msi_likelihood_test: 6.489e-03, regularization_degradation_test: 2.595e-09, regularization_phi_test: 3.199e-02, psnr_xr_test: 2.804e+01, sam_xr_test: 2.001e+01, psnr_yr_test: 2.641e+01, sam_yr_test: nan, psnr_zr_test: 2.831e+01, sam_zr_test: 2.263e+01, ssim_zr_test: 7.819e-01, rmse_zr_test: 1.049e+01, ergas_zr_test: 1.317e+00, uqi_zr_test: 6.008e-01, psnr_xdsr_test: 1.817e+01, sam_xdsr_test: 1.620e+01
23-11-27 17:52:08.676 : , G_loss_test: 1.701e-02, hsi_likelihood_test: 9.633e-03, msi_likelihood_test: 7.375e-03, regularization_degradation_test: 2.428e-09, regularization_phi_test: 1.299e-02, psnr_xr_test: 3.036e+01, sam_xr_test: 1.525e+01, psnr_yr_test: 2.503e+01, sam_yr_test: 1.736e+01, psnr_zr_test: 3.051e+01, sam_zr_test: 1.761e+01, ssim_zr_test: 8.686e-01, rmse_zr_test: 8.228e+00, ergas_zr_test: 1.039e+00, uqi_zr_test: 7.968e-01, psnr_xdsr_test: 2.593e+01, sam_xdsr_test: 1.561e+01
23-11-27 17:52:08.676 : , G_loss_test: 1.701e-02, hsi_likelihood_test: 9.633e-03, msi_likelihood_test: 7.375e-03, regularization_degradation_test: 2.428e-09, regularization_phi_test: 1.299e-02, psnr_xr_test: 3.036e+01, sam_xr_test: 1.525e+01, psnr_yr_test: 2.503e+01, sam_yr_test: 1.736e+01, psnr_zr_test: 3.051e+01, sam_zr_test: 1.761e+01, ssim_zr_test: 8.686e-01, rmse_zr_test: 8.228e+00, ergas_zr_test: 1.039e+00, uqi_zr_test: 7.968e-01, psnr_xdsr_test: 2.593e+01, sam_xdsr_test: 1.561e+01
23-11-27 17:52:13.735 : , G_loss_test: 3.482e-02, hsi_likelihood_test: 2.697e-02, msi_likelihood_test: 7.847e-03, regularization_degradation_test: 4.163e-09, regularization_phi_test: 1.618e-02, psnr_xr_test: 1.922e+01, sam_xr_test: 1.621e+01, psnr_yr_test: 2.095e+01, sam_yr_test: 1.748e+01, psnr_zr_test: 1.973e+01, sam_zr_test: 1.850e+01, ssim_zr_test: 8.511e-01, rmse_zr_test: 2.555e+01, ergas_zr_test: 3.599e+00, uqi_zr_test: 7.257e-01, psnr_xdsr_test: 2.512e+01, sam_xdsr_test: 1.685e+01
23-11-27 17:52:13.736 : , G_loss_test: 3.482e-02, hsi_likelihood_test: 2.697e-02, msi_likelihood_test: 7.847e-03, regularization_degradation_test: 4.163e-09, regularization_phi_test: 1.618e-02, psnr_xr_test: 1.922e+01, sam_xr_test: 1.621e+01, psnr_yr_test: 2.095e+01, sam_yr_test: 1.748e+01, psnr_zr_test: 1.973e+01, sam_zr_test: 1.850e+01, ssim_zr_test: 8.511e-01, rmse_zr_test: 2.555e+01, ergas_zr_test: 3.599e+00, uqi_zr_test: 7.257e-01, psnr_xdsr_test: 2.512e+01, sam_xdsr_test: 1.685e+01
23-11-27 17:52:18.784 : , G_loss_test: 2.043e-02, hsi_likelihood_test: 1.406e-02, msi_likelihood_test: 6.373e-03, regularization_degradation_test: 2.904e-09, regularization_phi_test: 1.129e-02, psnr_xr_test: 2.518e+01, sam_xr_test: 1.739e+01, psnr_yr_test: 2.537e+01, sam_yr_test: 1.795e+01, psnr_zr_test: 2.551e+01, sam_zr_test: 2.064e+01, ssim_zr_test: 8.558e-01, rmse_zr_test: 1.339e+01, ergas_zr_test: 1.798e+00, uqi_zr_test: 6.827e-01, psnr_xdsr_test: 2.708e+01, sam_xdsr_test: 1.377e+01
23-11-27 17:52:18.785 : , G_loss_test: 2.043e-02, hsi_likelihood_test: 1.406e-02, msi_likelihood_test: 6.373e-03, regularization_degradation_test: 2.904e-09, regularization_phi_test: 1.129e-02, psnr_xr_test: 2.518e+01, sam_xr_test: 1.739e+01, psnr_yr_test: 2.537e+01, sam_yr_test: 1.795e+01, psnr_zr_test: 2.551e+01, sam_zr_test: 2.064e+01, ssim_zr_test: 8.558e-01, rmse_zr_test: 1.339e+01, ergas_zr_test: 1.798e+00, uqi_zr_test: 6.827e-01, psnr_xdsr_test: 2.708e+01, sam_xdsr_test: 1.377e+01
23-11-27 17:52:23.877 : , G_loss_test: 1.507e-02, hsi_likelihood_test: 8.294e-03, msi_likelihood_test: 6.774e-03, regularization_degradation_test: 2.312e-09, regularization_phi_test: 1.361e-02, psnr_xr_test: 3.092e+01, sam_xr_test: 1.415e+01, psnr_yr_test: 2.542e+01, sam_yr_test: 1.819e+01, psnr_zr_test: 3.088e+01, sam_zr_test: 1.735e+01, ssim_zr_test: 8.692e-01, rmse_zr_test: 7.931e+00, ergas_zr_test: 1.024e+00, uqi_zr_test: 7.474e-01, psnr_xdsr_test: 2.475e+01, sam_xdsr_test: 1.472e+01
23-11-27 17:52:23.877 : , G_loss_test: 1.507e-02, hsi_likelihood_test: 8.294e-03, msi_likelihood_test: 6.774e-03, regularization_degradation_test: 2.312e-09, regularization_phi_test: 1.361e-02, psnr_xr_test: 3.092e+01, sam_xr_test: 1.415e+01, psnr_yr_test: 2.542e+01, sam_yr_test: 1.819e+01, psnr_zr_test: 3.088e+01, sam_zr_test: 1.735e+01, ssim_zr_test: 8.692e-01, rmse_zr_test: 7.931e+00, ergas_zr_test: 1.024e+00, uqi_zr_test: 7.474e-01, psnr_xdsr_test: 2.475e+01, sam_xdsr_test: 1.472e+01
23-11-27 17:52:28.951 : , G_loss_test: 1.664e-02, hsi_likelihood_test: 8.489e-03, msi_likelihood_test: 8.151e-03, regularization_degradation_test: 2.112e-09, regularization_phi_test: 8.782e-03, psnr_xr_test: 3.097e+01, sam_xr_test: 1.395e+01, psnr_yr_test: 2.360e+01, sam_yr_test: nan, psnr_zr_test: 3.097e+01, sam_zr_test: 1.621e+01, ssim_zr_test: 8.983e-01, rmse_zr_test: 8.417e+00, ergas_zr_test: 1.062e+00, uqi_zr_test: 8.403e-01, psnr_xdsr_test: 3.048e+01, sam_xdsr_test: 1.344e+01
23-11-27 17:52:28.952 : , G_loss_test: 1.664e-02, hsi_likelihood_test: 8.489e-03, msi_likelihood_test: 8.151e-03, regularization_degradation_test: 2.112e-09, regularization_phi_test: 8.782e-03, psnr_xr_test: 3.097e+01, sam_xr_test: 1.395e+01, psnr_yr_test: 2.360e+01, sam_yr_test: nan, psnr_zr_test: 3.097e+01, sam_zr_test: 1.621e+01, ssim_zr_test: 8.983e-01, rmse_zr_test: 8.417e+00, ergas_zr_test: 1.062e+00, uqi_zr_test: 8.403e-01, psnr_xdsr_test: 3.048e+01, sam_xdsr_test: 1.344e+01
23-11-27 17:52:34.043 : , G_loss_test: 1.836e-02, hsi_likelihood_test: 1.193e-02, msi_likelihood_test: 6.427e-03, regularization_degradation_test: 2.650e-09, regularization_phi_test: 2.446e-02, psnr_xr_test: 2.883e+01, sam_xr_test: 2.344e+01, psnr_yr_test: 2.602e+01, sam_yr_test: 1.754e+01, psnr_zr_test: 2.908e+01, sam_zr_test: 2.678e+01, ssim_zr_test: 7.592e-01, rmse_zr_test: 9.530e+00, ergas_zr_test: 1.254e+00, uqi_zr_test: 5.656e-01, psnr_xdsr_test: 2.029e+01, sam_xdsr_test: 2.550e+01
23-11-27 17:52:34.043 : , G_loss_test: 1.836e-02, hsi_likelihood_test: 1.193e-02, msi_likelihood_test: 6.427e-03, regularization_degradation_test: 2.650e-09, regularization_phi_test: 2.446e-02, psnr_xr_test: 2.883e+01, sam_xr_test: 2.344e+01, psnr_yr_test: 2.602e+01, sam_yr_test: 1.754e+01, psnr_zr_test: 2.908e+01, sam_zr_test: 2.678e+01, ssim_zr_test: 7.592e-01, rmse_zr_test: 9.530e+00, ergas_zr_test: 1.254e+00, uqi_zr_test: 5.656e-01, psnr_xdsr_test: 2.029e+01, sam_xdsr_test: 2.550e+01
23-11-27 17:52:39.128 : , G_loss_test: 2.816e-02, hsi_likelihood_test: 2.101e-02, msi_likelihood_test: 7.155e-03, regularization_degradation_test: 3.485e-09, regularization_phi_test: 1.886e-02, psnr_xr_test: 2.090e+01, sam_xr_test: 1.373e+01, psnr_yr_test: 2.143e+01, sam_yr_test: 1.744e+01, psnr_zr_test: 2.156e+01, sam_zr_test: 1.667e+01, ssim_zr_test: 8.890e-01, rmse_zr_test: 2.107e+01, ergas_zr_test: 3.093e+00, uqi_zr_test: 7.536e-01, psnr_xdsr_test: 2.184e+01, sam_xdsr_test: 1.503e+01
23-11-27 17:52:39.128 : , G_loss_test: 2.816e-02, hsi_likelihood_test: 2.101e-02, msi_likelihood_test: 7.155e-03, regularization_degradation_test: 3.485e-09, regularization_phi_test: 1.886e-02, psnr_xr_test: 2.090e+01, sam_xr_test: 1.373e+01, psnr_yr_test: 2.143e+01, sam_yr_test: 1.744e+01, psnr_zr_test: 2.156e+01, sam_zr_test: 1.667e+01, ssim_zr_test: 8.890e-01, rmse_zr_test: 2.107e+01, ergas_zr_test: 3.093e+00, uqi_zr_test: 7.536e-01, psnr_xdsr_test: 2.184e+01, sam_xdsr_test: 1.503e+01
23-11-27 17:52:44.185 : , G_loss_test: 2.310e-02, hsi_likelihood_test: 1.347e-02, msi_likelihood_test: 9.626e-03, regularization_degradation_test: 2.006e-09, regularization_phi_test: 1.460e-02, psnr_xr_test: 2.741e+01, sam_xr_test: 1.943e+01, psnr_yr_test: 2.159e+01, sam_yr_test: 1.759e+01, psnr_zr_test: 2.783e+01, sam_zr_test: 2.177e+01, ssim_zr_test: 7.824e-01, rmse_zr_test: 1.095e+01, ergas_zr_test: 1.446e+00, uqi_zr_test: 6.560e-01, psnr_xdsr_test: 2.685e+01, sam_xdsr_test: 1.631e+01
23-11-27 17:52:44.186 : , G_loss_test: 2.310e-02, hsi_likelihood_test: 1.347e-02, msi_likelihood_test: 9.626e-03, regularization_degradation_test: 2.006e-09, regularization_phi_test: 1.460e-02, psnr_xr_test: 2.741e+01, sam_xr_test: 1.943e+01, psnr_yr_test: 2.159e+01, sam_yr_test: 1.759e+01, psnr_zr_test: 2.783e+01, sam_zr_test: 2.177e+01, ssim_zr_test: 7.824e-01, rmse_zr_test: 1.095e+01, ergas_zr_test: 1.446e+00, uqi_zr_test: 6.560e-01, psnr_xdsr_test: 2.685e+01, sam_xdsr_test: 1.631e+01
23-11-27 17:52:49.227 : , G_loss_test: 2.865e-02, hsi_likelihood_test: 1.832e-02, msi_likelihood_test: 1.033e-02, regularization_degradation_test: 1.710e-09, regularization_phi_test: 2.257e-02, psnr_xr_test: 2.433e+01, sam_xr_test: 2.265e+01, psnr_yr_test: 2.095e+01, sam_yr_test: 1.760e+01, psnr_zr_test: 2.484e+01, sam_zr_test: 2.415e+01, ssim_zr_test: 6.601e-01, rmse_zr_test: 1.423e+01, ergas_zr_test: 1.906e+00, uqi_zr_test: 4.960e-01, psnr_xdsr_test: 2.250e+01, sam_xdsr_test: 3.009e+01
23-11-27 17:52:49.228 : , G_loss_test: 2.865e-02, hsi_likelihood_test: 1.832e-02, msi_likelihood_test: 1.033e-02, regularization_degradation_test: 1.710e-09, regularization_phi_test: 2.257e-02, psnr_xr_test: 2.433e+01, sam_xr_test: 2.265e+01, psnr_yr_test: 2.095e+01, sam_yr_test: 1.760e+01, psnr_zr_test: 2.484e+01, sam_zr_test: 2.415e+01, ssim_zr_test: 6.601e-01, rmse_zr_test: 1.423e+01, ergas_zr_test: 1.906e+00, uqi_zr_test: 4.960e-01, psnr_xdsr_test: 2.250e+01, sam_xdsr_test: 3.009e+01
23-11-27 17:52:54.222 : , G_loss_test: 1.839e-02, hsi_likelihood_test: 1.180e-02, msi_likelihood_test: 6.584e-03, regularization_degradation_test: 2.552e-09, regularization_phi_test: 1.207e-02, psnr_xr_test: 2.897e+01, sam_xr_test: 1.791e+01, psnr_yr_test: 2.554e+01, sam_yr_test: 1.668e+01, psnr_zr_test: 2.902e+01, sam_zr_test: 2.033e+01, ssim_zr_test: 8.125e-01, rmse_zr_test: 9.721e+00, ergas_zr_test: 1.186e+00, uqi_zr_test: 7.503e-01, psnr_xdsr_test: 2.853e+01, sam_xdsr_test: 1.824e+01
23-11-27 17:52:54.223 : , G_loss_test: 1.839e-02, hsi_likelihood_test: 1.180e-02, msi_likelihood_test: 6.584e-03, regularization_degradation_test: 2.552e-09, regularization_phi_test: 1.207e-02, psnr_xr_test: 2.897e+01, sam_xr_test: 1.791e+01, psnr_yr_test: 2.554e+01, sam_yr_test: 1.668e+01, psnr_zr_test: 2.902e+01, sam_zr_test: 2.033e+01, ssim_zr_test: 8.125e-01, rmse_zr_test: 9.721e+00, ergas_zr_test: 1.186e+00, uqi_zr_test: 7.503e-01, psnr_xdsr_test: 2.853e+01, sam_xdsr_test: 1.824e+01
23-11-27 17:52:59.204 : , G_loss_test: 2.638e-02, hsi_likelihood_test: 1.613e-02, msi_likelihood_test: 1.024e-02, regularization_degradation_test: 1.663e-09, regularization_phi_test: 8.654e-03, psnr_xr_test: 2.446e+01, sam_xr_test: 1.654e+01, psnr_yr_test: 2.042e+01, sam_yr_test: nan, psnr_zr_test: 2.503e+01, sam_zr_test: 1.912e+01, ssim_zr_test: 7.932e-01, rmse_zr_test: 1.397e+01, ergas_zr_test: 1.932e+00, uqi_zr_test: 6.695e-01, psnr_xdsr_test: 3.021e+01, sam_xdsr_test: 1.459e+01
23-11-27 17:52:59.204 : , G_loss_test: 2.638e-02, hsi_likelihood_test: 1.613e-02, msi_likelihood_test: 1.024e-02, regularization_degradation_test: 1.663e-09, regularization_phi_test: 8.654e-03, psnr_xr_test: 2.446e+01, sam_xr_test: 1.654e+01, psnr_yr_test: 2.042e+01, sam_yr_test: nan, psnr_zr_test: 2.503e+01, sam_zr_test: 1.912e+01, ssim_zr_test: 7.932e-01, rmse_zr_test: 1.397e+01, ergas_zr_test: 1.932e+00, uqi_zr_test: 6.695e-01, psnr_xdsr_test: 3.021e+01, sam_xdsr_test: 1.459e+01
23-11-27 17:53:04.275 : , G_loss_test: 3.141e-02, hsi_likelihood_test: 1.990e-02, msi_likelihood_test: 1.151e-02, regularization_degradation_test: 1.542e-09, regularization_phi_test: 1.189e-02, psnr_xr_test: 2.180e+01, sam_xr_test: 1.454e+01, psnr_yr_test: 1.894e+01, sam_yr_test: 1.755e+01, psnr_zr_test: 2.229e+01, sam_zr_test: 1.669e+01, ssim_zr_test: 7.803e-01, rmse_zr_test: 1.891e+01, ergas_zr_test: 2.616e+00, uqi_zr_test: 6.925e-01, psnr_xdsr_test: 2.751e+01, sam_xdsr_test: 1.491e+01
23-11-27 17:53:04.275 : , G_loss_test: 3.141e-02, hsi_likelihood_test: 1.990e-02, msi_likelihood_test: 1.151e-02, regularization_degradation_test: 1.542e-09, regularization_phi_test: 1.189e-02, psnr_xr_test: 2.180e+01, sam_xr_test: 1.454e+01, psnr_yr_test: 1.894e+01, sam_yr_test: 1.755e+01, psnr_zr_test: 2.229e+01, sam_zr_test: 1.669e+01, ssim_zr_test: 7.803e-01, rmse_zr_test: 1.891e+01, ergas_zr_test: 2.616e+00, uqi_zr_test: 6.925e-01, psnr_xdsr_test: 2.751e+01, sam_xdsr_test: 1.491e+01
23-11-27 17:53:09.328 : , G_loss_test: 2.623e-02, hsi_likelihood_test: 1.557e-02, msi_likelihood_test: 1.066e-02, regularization_degradation_test: 1.657e-09, regularization_phi_test: 1.242e-02, psnr_xr_test: 2.357e+01, sam_xr_test: 1.545e+01, psnr_yr_test: 1.978e+01, sam_yr_test: nan, psnr_zr_test: 2.387e+01, sam_zr_test: 1.785e+01, ssim_zr_test: 8.129e-01, rmse_zr_test: 1.573e+01, ergas_zr_test: 2.208e+00, uqi_zr_test: 7.950e-01, psnr_xdsr_test: 2.633e+01, sam_xdsr_test: 1.448e+01
23-11-27 17:53:09.329 : , G_loss_test: 2.623e-02, hsi_likelihood_test: 1.557e-02, msi_likelihood_test: 1.066e-02, regularization_degradation_test: 1.657e-09, regularization_phi_test: 1.242e-02, psnr_xr_test: 2.357e+01, sam_xr_test: 1.545e+01, psnr_yr_test: 1.978e+01, sam_yr_test: nan, psnr_zr_test: 2.387e+01, sam_zr_test: 1.785e+01, ssim_zr_test: 8.129e-01, rmse_zr_test: 1.573e+01, ergas_zr_test: 2.208e+00, uqi_zr_test: 7.950e-01, psnr_xdsr_test: 2.633e+01, sam_xdsr_test: 1.448e+01
23-11-27 17:53:14.356 : , G_loss_test: 2.324e-02, hsi_likelihood_test: 1.363e-02, msi_likelihood_test: 9.608e-03, regularization_degradation_test: 1.767e-09, regularization_phi_test: 1.293e-02, psnr_xr_test: 2.534e+01, sam_xr_test: 1.377e+01, psnr_yr_test: 2.112e+01, sam_yr_test: 1.716e+01, psnr_zr_test: 2.567e+01, sam_zr_test: 1.615e+01, ssim_zr_test: 8.553e-01, rmse_zr_test: 1.299e+01, ergas_zr_test: 1.804e+00, uqi_zr_test: 7.866e-01, psnr_xdsr_test: 2.790e+01, sam_xdsr_test: 1.479e+01
23-11-27 17:53:14.356 : , G_loss_test: 2.324e-02, hsi_likelihood_test: 1.363e-02, msi_likelihood_test: 9.608e-03, regularization_degradation_test: 1.767e-09, regularization_phi_test: 1.293e-02, psnr_xr_test: 2.534e+01, sam_xr_test: 1.377e+01, psnr_yr_test: 2.112e+01, sam_yr_test: 1.716e+01, psnr_zr_test: 2.567e+01, sam_zr_test: 1.615e+01, ssim_zr_test: 8.553e-01, rmse_zr_test: 1.299e+01, ergas_zr_test: 1.804e+00, uqi_zr_test: 7.866e-01, psnr_xdsr_test: 2.790e+01, sam_xdsr_test: 1.479e+01
23-11-27 17:53:19.361 : , G_loss_test: 2.193e-02, hsi_likelihood_test: 1.305e-02, msi_likelihood_test: 8.879e-03, regularization_degradation_test: 1.847e-09, regularization_phi_test: 1.838e-02, psnr_xr_test: 2.741e+01, sam_xr_test: 2.221e+01, psnr_yr_test: 2.229e+01, sam_yr_test: nan, psnr_zr_test: 2.804e+01, sam_zr_test: 2.541e+01, ssim_zr_test: 7.275e-01, rmse_zr_test: 1.027e+01, ergas_zr_test: 1.401e+00, uqi_zr_test: 5.529e-01, psnr_xdsr_test: 2.397e+01, sam_xdsr_test: 2.740e+01
23-11-27 17:53:19.362 : , G_loss_test: 2.193e-02, hsi_likelihood_test: 1.305e-02, msi_likelihood_test: 8.879e-03, regularization_degradation_test: 1.847e-09, regularization_phi_test: 1.838e-02, psnr_xr_test: 2.741e+01, sam_xr_test: 2.221e+01, psnr_yr_test: 2.229e+01, sam_yr_test: nan, psnr_zr_test: 2.804e+01, sam_zr_test: 2.541e+01, ssim_zr_test: 7.275e-01, rmse_zr_test: 1.027e+01, ergas_zr_test: 1.401e+00, uqi_zr_test: 5.529e-01, psnr_xdsr_test: 2.397e+01, sam_xdsr_test: 2.740e+01
23-11-27 17:53:24.376 : , G_loss_test: 1.894e-02, hsi_likelihood_test: 1.071e-02, msi_likelihood_test: 8.234e-03, regularization_degradation_test: 2.092e-09, regularization_phi_test: 9.857e-03, psnr_xr_test: 2.717e+01, sam_xr_test: 1.469e+01, psnr_yr_test: 2.276e+01, sam_yr_test: 1.724e+01, psnr_zr_test: 2.744e+01, sam_zr_test: 1.724e+01, ssim_zr_test: 8.775e-01, rmse_zr_test: 1.090e+01, ergas_zr_test: 1.418e+00, uqi_zr_test: 8.359e-01, psnr_xdsr_test: 2.904e+01, sam_xdsr_test: 1.590e+01
23-11-27 17:53:24.377 : , G_loss_test: 1.894e-02, hsi_likelihood_test: 1.071e-02, msi_likelihood_test: 8.234e-03, regularization_degradation_test: 2.092e-09, regularization_phi_test: 9.857e-03, psnr_xr_test: 2.717e+01, sam_xr_test: 1.469e+01, psnr_yr_test: 2.276e+01, sam_yr_test: 1.724e+01, psnr_zr_test: 2.744e+01, sam_zr_test: 1.724e+01, ssim_zr_test: 8.775e-01, rmse_zr_test: 1.090e+01, ergas_zr_test: 1.418e+00, uqi_zr_test: 8.359e-01, psnr_xdsr_test: 2.904e+01, sam_xdsr_test: 1.590e+01
23-11-27 17:53:29.446 : , G_loss_test: 1.491e-02, hsi_likelihood_test: 8.282e-03, msi_likelihood_test: 6.628e-03, regularization_degradation_test: 2.534e-09, regularization_phi_test: 1.221e-02, psnr_xr_test: 3.160e+01, sam_xr_test: 1.489e+01, psnr_yr_test: 2.571e+01, sam_yr_test: 1.765e+01, psnr_zr_test: 3.143e+01, sam_zr_test: 1.849e+01, ssim_zr_test: 8.690e-01, rmse_zr_test: 7.826e+00, ergas_zr_test: 9.819e-01, uqi_zr_test: 7.469e-01, psnr_xdsr_test: 2.693e+01, sam_xdsr_test: 1.498e+01
23-11-27 17:53:29.446 : , G_loss_test: 1.491e-02, hsi_likelihood_test: 8.282e-03, msi_likelihood_test: 6.628e-03, regularization_degradation_test: 2.534e-09, regularization_phi_test: 1.221e-02, psnr_xr_test: 3.160e+01, sam_xr_test: 1.489e+01, psnr_yr_test: 2.571e+01, sam_yr_test: 1.765e+01, psnr_zr_test: 3.143e+01, sam_zr_test: 1.849e+01, ssim_zr_test: 8.690e-01, rmse_zr_test: 7.826e+00, ergas_zr_test: 9.819e-01, uqi_zr_test: 7.469e-01, psnr_xdsr_test: 2.693e+01, sam_xdsr_test: 1.498e+01
23-11-27 17:53:34.594 : , G_loss_test: 1.701e-02, hsi_likelihood_test: 9.514e-03, msi_likelihood_test: 7.496e-03, regularization_degradation_test: 2.154e-09, regularization_phi_test: 1.486e-02, psnr_xr_test: 3.064e+01, sam_xr_test: 1.492e+01, psnr_yr_test: 2.464e+01, sam_yr_test: 1.742e+01, psnr_zr_test: 3.099e+01, sam_zr_test: 1.769e+01, ssim_zr_test: 8.432e-01, rmse_zr_test: 8.004e+00, ergas_zr_test: 1.009e+00, uqi_zr_test: 7.015e-01, psnr_xdsr_test: 2.356e+01, sam_xdsr_test: 1.325e+01
23-11-27 17:53:34.595 : , G_loss_test: 1.701e-02, hsi_likelihood_test: 9.514e-03, msi_likelihood_test: 7.496e-03, regularization_degradation_test: 2.154e-09, regularization_phi_test: 1.486e-02, psnr_xr_test: 3.064e+01, sam_xr_test: 1.492e+01, psnr_yr_test: 2.464e+01, sam_yr_test: 1.742e+01, psnr_zr_test: 3.099e+01, sam_zr_test: 1.769e+01, ssim_zr_test: 8.432e-01, rmse_zr_test: 8.004e+00, ergas_zr_test: 1.009e+00, uqi_zr_test: 7.015e-01, psnr_xdsr_test: 2.356e+01, sam_xdsr_test: 1.325e+01
23-11-27 17:53:39.754 : , G_loss_test: 2.978e-02, hsi_likelihood_test: 1.805e-02, msi_likelihood_test: 1.173e-02, regularization_degradation_test: 1.496e-09, regularization_phi_test: 1.660e-02, psnr_xr_test: 2.227e+01, sam_xr_test: 1.487e+01, psnr_yr_test: 1.874e+01, sam_yr_test: 1.740e+01, psnr_zr_test: 2.275e+01, sam_zr_test: 1.709e+01, ssim_zr_test: 8.041e-01, rmse_zr_test: 1.795e+01, ergas_zr_test: 2.540e+00, uqi_zr_test: 7.803e-01, psnr_xdsr_test: 2.332e+01, sam_xdsr_test: 1.480e+01
23-11-27 17:53:39.754 : , G_loss_test: 2.978e-02, hsi_likelihood_test: 1.805e-02, msi_likelihood_test: 1.173e-02, regularization_degradation_test: 1.496e-09, regularization_phi_test: 1.660e-02, psnr_xr_test: 2.227e+01, sam_xr_test: 1.487e+01, psnr_yr_test: 1.874e+01, sam_yr_test: 1.740e+01, psnr_zr_test: 2.275e+01, sam_zr_test: 1.709e+01, ssim_zr_test: 8.041e-01, rmse_zr_test: 1.795e+01, ergas_zr_test: 2.540e+00, uqi_zr_test: 7.803e-01, psnr_xdsr_test: 2.332e+01, sam_xdsr_test: 1.480e+01
23-11-27 17:53:44.878 : , G_loss_test: 1.946e-02, hsi_likelihood_test: 1.336e-02, msi_likelihood_test: 6.100e-03, regularization_degradation_test: 2.605e-09, regularization_phi_test: 1.722e-02, psnr_xr_test: 2.662e+01, sam_xr_test: 1.977e+01, psnr_yr_test: 2.668e+01, sam_yr_test: nan, psnr_zr_test: 2.720e+01, sam_zr_test: 2.359e+01, ssim_zr_test: 8.036e-01, rmse_zr_test: 1.120e+01, ergas_zr_test: 1.430e+00, uqi_zr_test: 6.161e-01, psnr_xdsr_test: 2.464e+01, sam_xdsr_test: 2.182e+01
23-11-27 17:53:44.878 : , G_loss_test: 1.946e-02, hsi_likelihood_test: 1.336e-02, msi_likelihood_test: 6.100e-03, regularization_degradation_test: 2.605e-09, regularization_phi_test: 1.722e-02, psnr_xr_test: 2.662e+01, sam_xr_test: 1.977e+01, psnr_yr_test: 2.668e+01, sam_yr_test: nan, psnr_zr_test: 2.720e+01, sam_zr_test: 2.359e+01, ssim_zr_test: 8.036e-01, rmse_zr_test: 1.120e+01, ergas_zr_test: 1.430e+00, uqi_zr_test: 6.161e-01, psnr_xdsr_test: 2.464e+01, sam_xdsr_test: 2.182e+01
23-11-27 17:53:49.740 : , G_loss_test: 2.380e-02, hsi_likelihood_test: 1.408e-02, msi_likelihood_test: 9.716e-03, regularization_degradation_test: 1.935e-09, regularization_phi_test: 9.389e-03, psnr_xr_test: 2.394e+01, sam_xr_test: 1.433e+01, psnr_yr_test: 2.035e+01, sam_yr_test: nan, psnr_zr_test: 2.424e+01, sam_zr_test: 1.652e+01, ssim_zr_test: 8.534e-01, rmse_zr_test: 1.516e+01, ergas_zr_test: 2.113e+00, uqi_zr_test: 8.261e-01, psnr_xdsr_test: 2.880e+01, sam_xdsr_test: 1.381e+01
23-11-27 17:53:49.740 : , G_loss_test: 2.380e-02, hsi_likelihood_test: 1.408e-02, msi_likelihood_test: 9.716e-03, regularization_degradation_test: 1.935e-09, regularization_phi_test: 9.389e-03, psnr_xr_test: 2.394e+01, sam_xr_test: 1.433e+01, psnr_yr_test: 2.035e+01, sam_yr_test: nan, psnr_zr_test: 2.424e+01, sam_zr_test: 1.652e+01, ssim_zr_test: 8.534e-01, rmse_zr_test: 1.516e+01, ergas_zr_test: 2.113e+00, uqi_zr_test: 8.261e-01, psnr_xdsr_test: 2.880e+01, sam_xdsr_test: 1.381e+01
23-11-27 17:53:54.679 : , G_loss_test: 1.939e-02, hsi_likelihood_test: 1.222e-02, msi_likelihood_test: 7.166e-03, regularization_degradation_test: 2.420e-09, regularization_phi_test: 1.601e-02, psnr_xr_test: 2.807e+01, sam_xr_test: 1.722e+01, psnr_yr_test: 2.550e+01, sam_yr_test: 1.715e+01, psnr_zr_test: 2.846e+01, sam_zr_test: 1.991e+01, ssim_zr_test: 8.047e-01, rmse_zr_test: 1.016e+01, ergas_zr_test: 1.260e+00, uqi_zr_test: 6.522e-01, psnr_xdsr_test: 2.501e+01, sam_xdsr_test: 1.619e+01
23-11-27 17:53:54.680 : , G_loss_test: 1.939e-02, hsi_likelihood_test: 1.222e-02, msi_likelihood_test: 7.166e-03, regularization_degradation_test: 2.420e-09, regularization_phi_test: 1.601e-02, psnr_xr_test: 2.807e+01, sam_xr_test: 1.722e+01, psnr_yr_test: 2.550e+01, sam_yr_test: 1.715e+01, psnr_zr_test: 2.846e+01, sam_zr_test: 1.991e+01, ssim_zr_test: 8.047e-01, rmse_zr_test: 1.016e+01, ergas_zr_test: 1.260e+00, uqi_zr_test: 6.522e-01, psnr_xdsr_test: 2.501e+01, sam_xdsr_test: 1.619e+01
23-11-27 17:54:04.602 : , G_loss_test: 3.230e-02, hsi_likelihood_test: 1.918e-02, msi_likelihood_test: 1.313e-02, regularization_degradation_test: 3.068e-09, regularization_phi_test: 1.482e-02, psnr_xr_test: 2.143e+01, sam_xr_test: 1.401e+01, psnr_yr_test: 2.119e+01, sam_yr_test: 2.130e+01, psnr_zr_test: 2.371e+01, sam_zr_test: 1.719e+01, ssim_zr_test: 8.230e-01, rmse_zr_test: 1.648e+01, ergas_zr_test: 1.573e+00, uqi_zr_test: 8.063e-01, psnr_xdsr_test: 2.414e+01, sam_xdsr_test: 1.468e+01
23-11-27 17:54:04.603 : , G_loss_test: 3.230e-02, hsi_likelihood_test: 1.918e-02, msi_likelihood_test: 1.313e-02, regularization_degradation_test: 3.068e-09, regularization_phi_test: 1.482e-02, psnr_xr_test: 2.143e+01, sam_xr_test: 1.401e+01, psnr_yr_test: 2.119e+01, sam_yr_test: 2.130e+01, psnr_zr_test: 2.371e+01, sam_zr_test: 1.719e+01, ssim_zr_test: 8.230e-01, rmse_zr_test: 1.648e+01, ergas_zr_test: 1.573e+00, uqi_zr_test: 8.063e-01, psnr_xdsr_test: 2.414e+01, sam_xdsr_test: 1.468e+01
23-11-27 17:54:09.441 : , G_loss_test: 2.541e-02, hsi_likelihood_test: 1.426e-02, msi_likelihood_test: 1.115e-02, regularization_degradation_test: 3.151e-09, regularization_phi_test: 2.470e-02, psnr_xr_test: 2.429e+01, sam_xr_test: 1.313e+01, psnr_yr_test: 2.347e+01, sam_yr_test: 2.091e+01, psnr_zr_test: 2.622e+01, sam_zr_test: 1.598e+01, ssim_zr_test: 8.603e-01, rmse_zr_test: 1.242e+01, ergas_zr_test: 1.183e+00, uqi_zr_test: 8.300e-01, psnr_xdsr_test: 1.903e+01, sam_xdsr_test: 1.462e+01
23-11-27 17:54:09.441 : , G_loss_test: 2.541e-02, hsi_likelihood_test: 1.426e-02, msi_likelihood_test: 1.115e-02, regularization_degradation_test: 3.151e-09, regularization_phi_test: 2.470e-02, psnr_xr_test: 2.429e+01, sam_xr_test: 1.313e+01, psnr_yr_test: 2.347e+01, sam_yr_test: 2.091e+01, psnr_zr_test: 2.622e+01, sam_zr_test: 1.598e+01, ssim_zr_test: 8.603e-01, rmse_zr_test: 1.242e+01, ergas_zr_test: 1.183e+00, uqi_zr_test: 8.300e-01, psnr_xdsr_test: 1.903e+01, sam_xdsr_test: 1.462e+01
23-11-27 17:54:14.585 : , G_loss_test: 3.459e-02, hsi_likelihood_test: 2.100e-02, msi_likelihood_test: 1.358e-02, regularization_degradation_test: 3.315e-09, regularization_phi_test: 2.606e-02, psnr_xr_test: 2.072e+01, sam_xr_test: 1.387e+01, psnr_yr_test: 2.104e+01, sam_yr_test: 2.148e+01, psnr_zr_test: 2.294e+01, sam_zr_test: 1.717e+01, ssim_zr_test: 8.091e-01, rmse_zr_test: 1.828e+01, ergas_zr_test: 1.719e+00, uqi_zr_test: 8.076e-01, psnr_xdsr_test: 1.884e+01, sam_xdsr_test: 1.598e+01
23-11-27 17:54:14.586 : , G_loss_test: 3.459e-02, hsi_likelihood_test: 2.100e-02, msi_likelihood_test: 1.358e-02, regularization_degradation_test: 3.315e-09, regularization_phi_test: 2.606e-02, psnr_xr_test: 2.072e+01, sam_xr_test: 1.387e+01, psnr_yr_test: 2.104e+01, sam_yr_test: 2.148e+01, psnr_zr_test: 2.294e+01, sam_zr_test: 1.717e+01, ssim_zr_test: 8.091e-01, rmse_zr_test: 1.828e+01, ergas_zr_test: 1.719e+00, uqi_zr_test: 8.076e-01, psnr_xdsr_test: 1.884e+01, sam_xdsr_test: 1.598e+01
23-11-27 17:54:19.493 : , G_loss_test: 2.497e-02, hsi_likelihood_test: 1.415e-02, msi_likelihood_test: 1.083e-02, regularization_degradation_test: 3.301e-09, regularization_phi_test: 1.442e-02, psnr_xr_test: 2.436e+01, sam_xr_test: 1.345e+01, psnr_yr_test: 2.406e+01, sam_yr_test: 2.164e+01, psnr_zr_test: 2.604e+01, sam_zr_test: 1.714e+01, ssim_zr_test: 8.465e-01, rmse_zr_test: 1.291e+01, ergas_zr_test: 1.192e+00, uqi_zr_test: 8.270e-01, psnr_xdsr_test: 2.409e+01, sam_xdsr_test: 1.433e+01
23-11-27 17:54:19.494 : , G_loss_test: 2.497e-02, hsi_likelihood_test: 1.415e-02, msi_likelihood_test: 1.083e-02, regularization_degradation_test: 3.301e-09, regularization_phi_test: 1.442e-02, psnr_xr_test: 2.436e+01, sam_xr_test: 1.345e+01, psnr_yr_test: 2.406e+01, sam_yr_test: 2.164e+01, psnr_zr_test: 2.604e+01, sam_zr_test: 1.714e+01, ssim_zr_test: 8.465e-01, rmse_zr_test: 1.291e+01, ergas_zr_test: 1.192e+00, uqi_zr_test: 8.270e-01, psnr_xdsr_test: 2.409e+01, sam_xdsr_test: 1.433e+01
23-11-27 17:54:24.440 : , G_loss_test: 3.371e-02, hsi_likelihood_test: 1.995e-02, msi_likelihood_test: 1.376e-02, regularization_degradation_test: 2.931e-09, regularization_phi_test: 1.663e-02, psnr_xr_test: 2.093e+01, sam_xr_test: 1.351e+01, psnr_yr_test: 2.065e+01, sam_yr_test: 2.130e+01, psnr_zr_test: 2.312e+01, sam_zr_test: 1.621e+01, ssim_zr_test: 8.237e-01, rmse_zr_test: 1.750e+01, ergas_zr_test: 1.711e+00, uqi_zr_test: 8.226e-01, psnr_xdsr_test: 2.305e+01, sam_xdsr_test: 1.482e+01
23-11-27 17:54:24.440 : , G_loss_test: 3.371e-02, hsi_likelihood_test: 1.995e-02, msi_likelihood_test: 1.376e-02, regularization_degradation_test: 2.931e-09, regularization_phi_test: 1.663e-02, psnr_xr_test: 2.093e+01, sam_xr_test: 1.351e+01, psnr_yr_test: 2.065e+01, sam_yr_test: 2.130e+01, psnr_zr_test: 2.312e+01, sam_zr_test: 1.621e+01, ssim_zr_test: 8.237e-01, rmse_zr_test: 1.750e+01, ergas_zr_test: 1.711e+00, uqi_zr_test: 8.226e-01, psnr_xdsr_test: 2.305e+01, sam_xdsr_test: 1.482e+01
23-11-27 17:54:29.332 : , G_loss_test: 2.717e-02, hsi_likelihood_test: 1.730e-02, msi_likelihood_test: 9.871e-03, regularization_degradation_test: 4.155e-09, regularization_phi_test: 2.286e-02, psnr_xr_test: 2.274e+01, sam_xr_test: 1.415e+01, psnr_yr_test: 2.437e+01, sam_yr_test: 2.154e+01, psnr_zr_test: 2.484e+01, sam_zr_test: 1.841e+01, ssim_zr_test: 8.294e-01, rmse_zr_test: 1.425e+01, ergas_zr_test: 1.520e+00, uqi_zr_test: 7.817e-01, psnr_xdsr_test: 1.969e+01, sam_xdsr_test: 1.494e+01
23-11-27 17:54:29.332 : , G_loss_test: 2.717e-02, hsi_likelihood_test: 1.730e-02, msi_likelihood_test: 9.871e-03, regularization_degradation_test: 4.155e-09, regularization_phi_test: 2.286e-02, psnr_xr_test: 2.274e+01, sam_xr_test: 1.415e+01, psnr_yr_test: 2.437e+01, sam_yr_test: 2.154e+01, psnr_zr_test: 2.484e+01, sam_zr_test: 1.841e+01, ssim_zr_test: 8.294e-01, rmse_zr_test: 1.425e+01, ergas_zr_test: 1.520e+00, uqi_zr_test: 7.817e-01, psnr_xdsr_test: 1.969e+01, sam_xdsr_test: 1.494e+01
23-11-27 17:54:34.212 : , G_loss_test: 2.851e-02, hsi_likelihood_test: 1.636e-02, msi_likelihood_test: 1.215e-02, regularization_degradation_test: 2.984e-09, regularization_phi_test: 2.258e-02, psnr_xr_test: 2.333e+01, sam_xr_test: 1.423e+01, psnr_yr_test: 2.242e+01, sam_yr_test: 2.198e+01, psnr_zr_test: 2.498e+01, sam_zr_test: 1.744e+01, ssim_zr_test: 8.250e-01, rmse_zr_test: 1.464e+01, ergas_zr_test: 1.341e+00, uqi_zr_test: 8.052e-01, psnr_xdsr_test: 2.035e+01, sam_xdsr_test: 1.480e+01
23-11-27 17:54:34.212 : , G_loss_test: 2.851e-02, hsi_likelihood_test: 1.636e-02, msi_likelihood_test: 1.215e-02, regularization_degradation_test: 2.984e-09, regularization_phi_test: 2.258e-02, psnr_xr_test: 2.333e+01, sam_xr_test: 1.423e+01, psnr_yr_test: 2.242e+01, sam_yr_test: 2.198e+01, psnr_zr_test: 2.498e+01, sam_zr_test: 1.744e+01, ssim_zr_test: 8.250e-01, rmse_zr_test: 1.464e+01, ergas_zr_test: 1.341e+00, uqi_zr_test: 8.052e-01, psnr_xdsr_test: 2.035e+01, sam_xdsr_test: 1.480e+01
23-11-27 17:54:39.073 : , G_loss_test: 2.605e-02, hsi_likelihood_test: 1.656e-02, msi_likelihood_test: 9.498e-03, regularization_degradation_test: 4.265e-09, regularization_phi_test: 1.941e-02, psnr_xr_test: 2.260e+01, sam_xr_test: 1.303e+01, psnr_yr_test: 2.467e+01, sam_yr_test: 2.162e+01, psnr_zr_test: 2.471e+01, sam_zr_test: 1.606e+01, ssim_zr_test: 8.668e-01, rmse_zr_test: 1.439e+01, ergas_zr_test: 1.544e+00, uqi_zr_test: 8.290e-01, psnr_xdsr_test: 2.096e+01, sam_xdsr_test: 1.450e+01
23-11-27 17:54:39.074 : , G_loss_test: 2.605e-02, hsi_likelihood_test: 1.656e-02, msi_likelihood_test: 9.498e-03, regularization_degradation_test: 4.265e-09, regularization_phi_test: 1.941e-02, psnr_xr_test: 2.260e+01, sam_xr_test: 1.303e+01, psnr_yr_test: 2.467e+01, sam_yr_test: 2.162e+01, psnr_zr_test: 2.471e+01, sam_zr_test: 1.606e+01, ssim_zr_test: 8.668e-01, rmse_zr_test: 1.439e+01, ergas_zr_test: 1.544e+00, uqi_zr_test: 8.290e-01, psnr_xdsr_test: 2.096e+01, sam_xdsr_test: 1.450e+01
23-11-27 17:54:43.924 : , G_loss_test: 2.601e-02, hsi_likelihood_test: 1.441e-02, msi_likelihood_test: 1.160e-02, regularization_degradation_test: 3.357e-09, regularization_phi_test: 2.189e-02, psnr_xr_test: 2.429e+01, sam_xr_test: 1.335e+01, psnr_yr_test: 2.340e+01, sam_yr_test: 2.143e+01, psnr_zr_test: 2.627e+01, sam_zr_test: 1.715e+01, ssim_zr_test: 8.453e-01, rmse_zr_test: 1.257e+01, ergas_zr_test: 1.169e+00, uqi_zr_test: 8.269e-01, psnr_xdsr_test: 1.991e+01, sam_xdsr_test: 1.510e+01
23-11-27 17:54:43.925 : , G_loss_test: 2.601e-02, hsi_likelihood_test: 1.441e-02, msi_likelihood_test: 1.160e-02, regularization_degradation_test: 3.357e-09, regularization_phi_test: 2.189e-02, psnr_xr_test: 2.429e+01, sam_xr_test: 1.335e+01, psnr_yr_test: 2.340e+01, sam_yr_test: 2.143e+01, psnr_zr_test: 2.627e+01, sam_zr_test: 1.715e+01, ssim_zr_test: 8.453e-01, rmse_zr_test: 1.257e+01, ergas_zr_test: 1.169e+00, uqi_zr_test: 8.269e-01, psnr_xdsr_test: 1.991e+01, sam_xdsr_test: 1.510e+01
23-11-27 17:54:48.892 : , G_loss_test: 2.372e-02, hsi_likelihood_test: 1.476e-02, msi_likelihood_test: 8.958e-03, regularization_degradation_test: 3.589e-09, regularization_phi_test: 3.262e-02, psnr_xr_test: 2.432e+01, sam_xr_test: 1.609e+01, psnr_yr_test: 2.524e+01, sam_yr_test: 2.160e+01, psnr_zr_test: 2.652e+01, sam_zr_test: 1.964e+01, ssim_zr_test: 8.101e-01, rmse_zr_test: 1.202e+01, ergas_zr_test: 1.198e+00, uqi_zr_test: 7.293e-01, psnr_xdsr_test: 1.767e+01, sam_xdsr_test: 2.340e+01
23-11-27 17:54:48.892 : , G_loss_test: 2.372e-02, hsi_likelihood_test: 1.476e-02, msi_likelihood_test: 8.958e-03, regularization_degradation_test: 3.589e-09, regularization_phi_test: 3.262e-02, psnr_xr_test: 2.432e+01, sam_xr_test: 1.609e+01, psnr_yr_test: 2.524e+01, sam_yr_test: 2.160e+01, psnr_zr_test: 2.652e+01, sam_zr_test: 1.964e+01, ssim_zr_test: 8.101e-01, rmse_zr_test: 1.202e+01, ergas_zr_test: 1.198e+00, uqi_zr_test: 7.293e-01, psnr_xdsr_test: 1.767e+01, sam_xdsr_test: 2.340e+01
23-11-27 17:54:53.953 : , G_loss_test: 2.655e-02, hsi_likelihood_test: 1.703e-02, msi_likelihood_test: 9.517e-03, regularization_degradation_test: 4.400e-09, regularization_phi_test: 1.565e-02, psnr_xr_test: 2.236e+01, sam_xr_test: 1.428e+01, psnr_yr_test: 2.371e+01, sam_yr_test: 2.128e+01, psnr_zr_test: 2.439e+01, sam_zr_test: 1.696e+01, ssim_zr_test: 8.650e-01, rmse_zr_test: 1.557e+01, ergas_zr_test: 1.781e+00, uqi_zr_test: 8.289e-01, psnr_xdsr_test: 2.360e+01, sam_xdsr_test: 1.496e+01
23-11-27 17:54:53.953 : , G_loss_test: 2.655e-02, hsi_likelihood_test: 1.703e-02, msi_likelihood_test: 9.517e-03, regularization_degradation_test: 4.400e-09, regularization_phi_test: 1.565e-02, psnr_xr_test: 2.236e+01, sam_xr_test: 1.428e+01, psnr_yr_test: 2.371e+01, sam_yr_test: 2.128e+01, psnr_zr_test: 2.439e+01, sam_zr_test: 1.696e+01, ssim_zr_test: 8.650e-01, rmse_zr_test: 1.557e+01, ergas_zr_test: 1.781e+00, uqi_zr_test: 8.289e-01, psnr_xdsr_test: 2.360e+01, sam_xdsr_test: 1.496e+01
23-11-27 17:54:58.848 : , G_loss_test: 3.021e-02, hsi_likelihood_test: 1.785e-02, msi_likelihood_test: 1.236e-02, regularization_degradation_test: 2.974e-09, regularization_phi_test: 1.333e-02, psnr_xr_test: 2.266e+01, sam_xr_test: 1.409e+01, psnr_yr_test: 2.254e+01, sam_yr_test: 2.127e+01, psnr_zr_test: 2.495e+01, sam_zr_test: 1.772e+01, ssim_zr_test: 8.298e-01, rmse_zr_test: 1.486e+01, ergas_zr_test: 1.341e+00, uqi_zr_test: 8.053e-01, psnr_xdsr_test: 2.486e+01, sam_xdsr_test: 1.385e+01
23-11-27 17:54:58.849 : , G_loss_test: 3.021e-02, hsi_likelihood_test: 1.785e-02, msi_likelihood_test: 1.236e-02, regularization_degradation_test: 2.974e-09, regularization_phi_test: 1.333e-02, psnr_xr_test: 2.266e+01, sam_xr_test: 1.409e+01, psnr_yr_test: 2.254e+01, sam_yr_test: 2.127e+01, psnr_zr_test: 2.495e+01, sam_zr_test: 1.772e+01, ssim_zr_test: 8.298e-01, rmse_zr_test: 1.486e+01, ergas_zr_test: 1.341e+00, uqi_zr_test: 8.053e-01, psnr_xdsr_test: 2.486e+01, sam_xdsr_test: 1.385e+01
23-11-27 17:55:03.828 : , G_loss_test: 5.074e-02, hsi_likelihood_test: 3.427e-02, msi_likelihood_test: 1.647e-02, regularization_degradation_test: 2.186e-09, regularization_phi_test: 1.432e-02, psnr_xr_test: 1.676e+01, sam_xr_test: 1.735e+01, psnr_yr_test: 1.851e+01, sam_yr_test: 2.102e+01, psnr_zr_test: 1.964e+01, sam_zr_test: 2.224e+01, ssim_zr_test: 6.514e-01, rmse_zr_test: 2.683e+01, ergas_zr_test: 2.514e+00, uqi_zr_test: 6.319e-01, psnr_xdsr_test: 2.411e+01, sam_xdsr_test: 1.342e+01
23-11-27 17:55:03.828 : , G_loss_test: 5.074e-02, hsi_likelihood_test: 3.427e-02, msi_likelihood_test: 1.647e-02, regularization_degradation_test: 2.186e-09, regularization_phi_test: 1.432e-02, psnr_xr_test: 1.676e+01, sam_xr_test: 1.735e+01, psnr_yr_test: 1.851e+01, sam_yr_test: 2.102e+01, psnr_zr_test: 1.964e+01, sam_zr_test: 2.224e+01, ssim_zr_test: 6.514e-01, rmse_zr_test: 2.683e+01, ergas_zr_test: 2.514e+00, uqi_zr_test: 6.319e-01, psnr_xdsr_test: 2.411e+01, sam_xdsr_test: 1.342e+01
23-11-27 17:55:08.764 : , G_loss_test: 5.463e-02, hsi_likelihood_test: 3.745e-02, msi_likelihood_test: 1.718e-02, regularization_degradation_test: 1.906e-09, regularization_phi_test: 1.307e-02, psnr_xr_test: 1.589e+01, sam_xr_test: 1.825e+01, psnr_yr_test: 1.755e+01, sam_yr_test: 2.134e+01, psnr_zr_test: 1.861e+01, sam_zr_test: 2.124e+01, ssim_zr_test: 6.251e-01, rmse_zr_test: 2.972e+01, ergas_zr_test: 2.856e+00, uqi_zr_test: 6.064e-01, psnr_xdsr_test: 2.494e+01, sam_xdsr_test: 1.326e+01
23-11-27 17:55:08.765 : , G_loss_test: 5.463e-02, hsi_likelihood_test: 3.745e-02, msi_likelihood_test: 1.718e-02, regularization_degradation_test: 1.906e-09, regularization_phi_test: 1.307e-02, psnr_xr_test: 1.589e+01, sam_xr_test: 1.825e+01, psnr_yr_test: 1.755e+01, sam_yr_test: 2.134e+01, psnr_zr_test: 1.861e+01, sam_zr_test: 2.124e+01, ssim_zr_test: 6.251e-01, rmse_zr_test: 2.972e+01, ergas_zr_test: 2.856e+00, uqi_zr_test: 6.064e-01, psnr_xdsr_test: 2.494e+01, sam_xdsr_test: 1.326e+01
23-11-27 17:55:13.710 : , G_loss_test: 2.464e-02, hsi_likelihood_test: 1.473e-02, msi_likelihood_test: 9.914e-03, regularization_degradation_test: 3.721e-09, regularization_phi_test: 1.860e-02, psnr_xr_test: 2.426e+01, sam_xr_test: 1.395e+01, psnr_yr_test: 2.484e+01, sam_yr_test: 2.144e+01, psnr_zr_test: 2.632e+01, sam_zr_test: 1.725e+01, ssim_zr_test: 8.458e-01, rmse_zr_test: 1.199e+01, ergas_zr_test: 1.221e+00, uqi_zr_test: 8.043e-01, psnr_xdsr_test: 2.237e+01, sam_xdsr_test: 1.457e+01
23-11-27 17:55:13.711 : , G_loss_test: 2.464e-02, hsi_likelihood_test: 1.473e-02, msi_likelihood_test: 9.914e-03, regularization_degradation_test: 3.721e-09, regularization_phi_test: 1.860e-02, psnr_xr_test: 2.426e+01, sam_xr_test: 1.395e+01, psnr_yr_test: 2.484e+01, sam_yr_test: 2.144e+01, psnr_zr_test: 2.632e+01, sam_zr_test: 1.725e+01, ssim_zr_test: 8.458e-01, rmse_zr_test: 1.199e+01, ergas_zr_test: 1.221e+00, uqi_zr_test: 8.043e-01, psnr_xdsr_test: 2.237e+01, sam_xdsr_test: 1.457e+01
23-11-27 17:55:18.620 : , G_loss_test: 2.243e-02, hsi_likelihood_test: 1.239e-02, msi_likelihood_test: 1.004e-02, regularization_degradation_test: 3.727e-09, regularization_phi_test: 1.496e-02, psnr_xr_test: 2.537e+01, sam_xr_test: 1.271e+01, psnr_yr_test: 2.473e+01, sam_yr_test: 2.183e+01, psnr_zr_test: 2.730e+01, sam_zr_test: 1.539e+01, ssim_zr_test: 8.735e-01, rmse_zr_test: 1.079e+01, ergas_zr_test: 1.101e+00, uqi_zr_test: 8.358e-01, psnr_xdsr_test: 2.420e+01, sam_xdsr_test: 1.679e+01
23-11-27 17:55:18.620 : , G_loss_test: 2.243e-02, hsi_likelihood_test: 1.239e-02, msi_likelihood_test: 1.004e-02, regularization_degradation_test: 3.727e-09, regularization_phi_test: 1.496e-02, psnr_xr_test: 2.537e+01, sam_xr_test: 1.271e+01, psnr_yr_test: 2.473e+01, sam_yr_test: 2.183e+01, psnr_zr_test: 2.730e+01, sam_zr_test: 1.539e+01, ssim_zr_test: 8.735e-01, rmse_zr_test: 1.079e+01, ergas_zr_test: 1.101e+00, uqi_zr_test: 8.358e-01, psnr_xdsr_test: 2.420e+01, sam_xdsr_test: 1.679e+01
23-11-27 17:55:23.556 : , G_loss_test: 2.295e-02, hsi_likelihood_test: 1.319e-02, msi_likelihood_test: 9.762e-03, regularization_degradation_test: 3.952e-09, regularization_phi_test: 1.652e-02, psnr_xr_test: 2.481e+01, sam_xr_test: 1.339e+01, psnr_yr_test: 2.479e+01, sam_yr_test: 2.190e+01, psnr_zr_test: 2.661e+01, sam_zr_test: 1.634e+01, ssim_zr_test: 8.666e-01, rmse_zr_test: 1.171e+01, ergas_zr_test: 1.211e+00, uqi_zr_test: 8.353e-01, psnr_xdsr_test: 2.279e+01, sam_xdsr_test: 1.467e+01
23-11-27 17:55:23.557 : , G_loss_test: 2.295e-02, hsi_likelihood_test: 1.319e-02, msi_likelihood_test: 9.762e-03, regularization_degradation_test: 3.952e-09, regularization_phi_test: 1.652e-02, psnr_xr_test: 2.481e+01, sam_xr_test: 1.339e+01, psnr_yr_test: 2.479e+01, sam_yr_test: 2.190e+01, psnr_zr_test: 2.661e+01, sam_zr_test: 1.634e+01, ssim_zr_test: 8.666e-01, rmse_zr_test: 1.171e+01, ergas_zr_test: 1.211e+00, uqi_zr_test: 8.353e-01, psnr_xdsr_test: 2.279e+01, sam_xdsr_test: 1.467e+01
23-11-27 17:55:28.426 : , G_loss_test: 2.364e-02, hsi_likelihood_test: 1.334e-02, msi_likelihood_test: 1.029e-02, regularization_degradation_test: 3.227e-09, regularization_phi_test: 2.047e-02, psnr_xr_test: 2.499e+01, sam_xr_test: 1.340e+01, psnr_yr_test: 2.443e+01, sam_yr_test: 2.162e+01, psnr_zr_test: 2.715e+01, sam_zr_test: 1.642e+01, ssim_zr_test: 8.688e-01, rmse_zr_test: 1.127e+01, ergas_zr_test: 1.077e+00, uqi_zr_test: 8.336e-01, psnr_xdsr_test: 2.042e+01, sam_xdsr_test: 1.360e+01
23-11-27 17:55:28.427 : , G_loss_test: 2.364e-02, hsi_likelihood_test: 1.334e-02, msi_likelihood_test: 1.029e-02, regularization_degradation_test: 3.227e-09, regularization_phi_test: 2.047e-02, psnr_xr_test: 2.499e+01, sam_xr_test: 1.340e+01, psnr_yr_test: 2.443e+01, sam_yr_test: 2.162e+01, psnr_zr_test: 2.715e+01, sam_zr_test: 1.642e+01, ssim_zr_test: 8.688e-01, rmse_zr_test: 1.127e+01, ergas_zr_test: 1.077e+00, uqi_zr_test: 8.336e-01, psnr_xdsr_test: 2.042e+01, sam_xdsr_test: 1.360e+01
23-11-27 17:55:33.361 : , G_loss_test: 2.364e-02, hsi_likelihood_test: 1.353e-02, msi_likelihood_test: 1.011e-02, regularization_degradation_test: 3.962e-09, regularization_phi_test: 1.935e-02, psnr_xr_test: 2.479e+01, sam_xr_test: 1.277e+01, psnr_yr_test: 2.465e+01, sam_yr_test: 2.177e+01, psnr_zr_test: 2.667e+01, sam_zr_test: 1.558e+01, ssim_zr_test: 8.619e-01, rmse_zr_test: 1.152e+01, ergas_zr_test: 1.172e+00, uqi_zr_test: 8.314e-01, psnr_xdsr_test: 2.129e+01, sam_xdsr_test: 1.483e+01
23-11-27 17:55:33.362 : , G_loss_test: 2.364e-02, hsi_likelihood_test: 1.353e-02, msi_likelihood_test: 1.011e-02, regularization_degradation_test: 3.962e-09, regularization_phi_test: 1.935e-02, psnr_xr_test: 2.479e+01, sam_xr_test: 1.277e+01, psnr_yr_test: 2.465e+01, sam_yr_test: 2.177e+01, psnr_zr_test: 2.667e+01, sam_zr_test: 1.558e+01, ssim_zr_test: 8.619e-01, rmse_zr_test: 1.152e+01, ergas_zr_test: 1.172e+00, uqi_zr_test: 8.314e-01, psnr_xdsr_test: 2.129e+01, sam_xdsr_test: 1.483e+01
23-11-27 17:55:38.310 : , G_loss_test: 2.705e-02, hsi_likelihood_test: 1.563e-02, msi_likelihood_test: 1.142e-02, regularization_degradation_test: 3.393e-09, regularization_phi_test: 2.280e-02, psnr_xr_test: 2.339e+01, sam_xr_test: 1.305e+01, psnr_yr_test: 2.281e+01, sam_yr_test: 2.155e+01, psnr_zr_test: 2.553e+01, sam_zr_test: 1.585e+01, ssim_zr_test: 8.582e-01, rmse_zr_test: 1.339e+01, ergas_zr_test: 1.288e+00, uqi_zr_test: 8.339e-01, psnr_xdsr_test: 1.983e+01, sam_xdsr_test: 1.529e+01
23-11-27 17:55:38.310 : , G_loss_test: 2.705e-02, hsi_likelihood_test: 1.563e-02, msi_likelihood_test: 1.142e-02, regularization_degradation_test: 3.393e-09, regularization_phi_test: 2.280e-02, psnr_xr_test: 2.339e+01, sam_xr_test: 1.305e+01, psnr_yr_test: 2.281e+01, sam_yr_test: 2.155e+01, psnr_zr_test: 2.553e+01, sam_zr_test: 1.585e+01, ssim_zr_test: 8.582e-01, rmse_zr_test: 1.339e+01, ergas_zr_test: 1.288e+00, uqi_zr_test: 8.339e-01, psnr_xdsr_test: 1.983e+01, sam_xdsr_test: 1.529e+01
23-11-27 17:55:43.351 : , G_loss_test: 2.773e-02, hsi_likelihood_test: 1.667e-02, msi_likelihood_test: 1.106e-02, regularization_degradation_test: 3.221e-09, regularization_phi_test: 1.436e-02, psnr_xr_test: 2.348e+01, sam_xr_test: 1.495e+01, psnr_yr_test: 2.376e+01, sam_yr_test: nan, psnr_zr_test: 2.574e+01, sam_zr_test: 1.901e+01, ssim_zr_test: 8.285e-01, rmse_zr_test: 1.373e+01, ergas_zr_test: 1.222e+00, uqi_zr_test: 7.938e-01, psnr_xdsr_test: 2.446e+01, sam_xdsr_test: 1.460e+01
23-11-27 17:55:43.352 : , G_loss_test: 2.773e-02, hsi_likelihood_test: 1.667e-02, msi_likelihood_test: 1.106e-02, regularization_degradation_test: 3.221e-09, regularization_phi_test: 1.436e-02, psnr_xr_test: 2.348e+01, sam_xr_test: 1.495e+01, psnr_yr_test: 2.376e+01, sam_yr_test: nan, psnr_zr_test: 2.574e+01, sam_zr_test: 1.901e+01, ssim_zr_test: 8.285e-01, rmse_zr_test: 1.373e+01, ergas_zr_test: 1.222e+00, uqi_zr_test: 7.938e-01, psnr_xdsr_test: 2.446e+01, sam_xdsr_test: 1.460e+01
23-11-27 17:55:48.305 : , G_loss_test: 2.429e-02, hsi_likelihood_test: 1.320e-02, msi_likelihood_test: 1.109e-02, regularization_degradation_test: 3.340e-09, regularization_phi_test: 2.064e-02, psnr_xr_test: 2.491e+01, sam_xr_test: 1.279e+01, psnr_yr_test: 2.361e+01, sam_yr_test: 2.163e+01, psnr_zr_test: 2.662e+01, sam_zr_test: 1.533e+01, ssim_zr_test: 8.735e-01, rmse_zr_test: 1.182e+01, ergas_zr_test: 1.133e+00, uqi_zr_test: 8.567e-01, psnr_xdsr_test: 2.103e+01, sam_xdsr_test: 1.552e+01
23-11-27 17:55:48.305 : , G_loss_test: 2.429e-02, hsi_likelihood_test: 1.320e-02, msi_likelihood_test: 1.109e-02, regularization_degradation_test: 3.340e-09, regularization_phi_test: 2.064e-02, psnr_xr_test: 2.491e+01, sam_xr_test: 1.279e+01, psnr_yr_test: 2.361e+01, sam_yr_test: 2.163e+01, psnr_zr_test: 2.662e+01, sam_zr_test: 1.533e+01, ssim_zr_test: 8.735e-01, rmse_zr_test: 1.182e+01, ergas_zr_test: 1.133e+00, uqi_zr_test: 8.567e-01, psnr_xdsr_test: 2.103e+01, sam_xdsr_test: 1.552e+01
23-11-27 17:55:53.327 : , G_loss_test: 2.914e-02, hsi_likelihood_test: 1.926e-02, msi_likelihood_test: 9.882e-03, regularization_degradation_test: 4.366e-09, regularization_phi_test: 2.274e-02, psnr_xr_test: 2.213e+01, sam_xr_test: 1.510e+01, psnr_yr_test: 2.441e+01, sam_yr_test: 2.164e+01, psnr_zr_test: 2.423e+01, sam_zr_test: 1.944e+01, ssim_zr_test: 8.042e-01, rmse_zr_test: 1.522e+01, ergas_zr_test: 1.645e+00, uqi_zr_test: 7.509e-01, psnr_xdsr_test: 2.064e+01, sam_xdsr_test: 1.506e+01
23-11-27 17:55:53.328 : , G_loss_test: 2.914e-02, hsi_likelihood_test: 1.926e-02, msi_likelihood_test: 9.882e-03, regularization_degradation_test: 4.366e-09, regularization_phi_test: 2.274e-02, psnr_xr_test: 2.213e+01, sam_xr_test: 1.510e+01, psnr_yr_test: 2.441e+01, sam_yr_test: 2.164e+01, psnr_zr_test: 2.423e+01, sam_zr_test: 1.944e+01, ssim_zr_test: 8.042e-01, rmse_zr_test: 1.522e+01, ergas_zr_test: 1.645e+00, uqi_zr_test: 7.509e-01, psnr_xdsr_test: 2.064e+01, sam_xdsr_test: 1.506e+01
23-11-27 17:55:58.221 : , G_loss_test: 4.255e-02, hsi_likelihood_test: 3.106e-02, msi_likelihood_test: 1.148e-02, regularization_degradation_test: 5.276e-09, regularization_phi_test: 1.578e-02, psnr_xr_test: 1.748e+01, sam_xr_test: 1.529e+01, psnr_yr_test: 2.082e+01, sam_yr_test: 2.160e+01, psnr_zr_test: 1.989e+01, sam_zr_test: 1.734e+01, ssim_zr_test: 8.162e-01, rmse_zr_test: 2.604e+01, ergas_zr_test: 3.025e+00, uqi_zr_test: 7.640e-01, psnr_xdsr_test: 2.331e+01, sam_xdsr_test: 1.462e+01
23-11-27 17:55:58.221 : , G_loss_test: 4.255e-02, hsi_likelihood_test: 3.106e-02, msi_likelihood_test: 1.148e-02, regularization_degradation_test: 5.276e-09, regularization_phi_test: 1.578e-02, psnr_xr_test: 1.748e+01, sam_xr_test: 1.529e+01, psnr_yr_test: 2.082e+01, sam_yr_test: 2.160e+01, psnr_zr_test: 1.989e+01, sam_zr_test: 1.734e+01, ssim_zr_test: 8.162e-01, rmse_zr_test: 2.604e+01, ergas_zr_test: 3.025e+00, uqi_zr_test: 7.640e-01, psnr_xdsr_test: 2.331e+01, sam_xdsr_test: 1.462e+01
23-11-27 17:56:08.134 : , G_loss_test: 2.200e-02, hsi_likelihood_test: 1.281e-02, msi_likelihood_test: 9.192e-03, regularization_degradation_test: 3.270e-09, regularization_phi_test: 1.174e-02, psnr_xr_test: 2.262e+01, sam_xr_test: 1.355e+01, psnr_yr_test: 2.311e+01, sam_yr_test: 1.738e+01, psnr_zr_test: 2.636e+01, sam_zr_test: 1.636e+01, ssim_zr_test: 8.153e-01, rmse_zr_test: 1.126e+01, ergas_zr_test: 1.096e+00, uqi_zr_test: 8.045e-01, psnr_xdsr_test: 2.289e+01, sam_xdsr_test: 1.242e+01
23-11-27 17:56:08.134 : , G_loss_test: 2.200e-02, hsi_likelihood_test: 1.281e-02, msi_likelihood_test: 9.192e-03, regularization_degradation_test: 3.270e-09, regularization_phi_test: 1.174e-02, psnr_xr_test: 2.262e+01, sam_xr_test: 1.355e+01, psnr_yr_test: 2.311e+01, sam_yr_test: 1.738e+01, psnr_zr_test: 2.636e+01, sam_zr_test: 1.636e+01, ssim_zr_test: 8.153e-01, rmse_zr_test: 1.126e+01, ergas_zr_test: 1.096e+00, uqi_zr_test: 8.045e-01, psnr_xdsr_test: 2.289e+01, sam_xdsr_test: 1.242e+01
23-11-27 17:56:13.109 : , G_loss_test: 2.405e-02, hsi_likelihood_test: 1.395e-02, msi_likelihood_test: 1.011e-02, regularization_degradation_test: 3.229e-09, regularization_phi_test: 1.802e-02, psnr_xr_test: 2.193e+01, sam_xr_test: 1.303e+01, psnr_yr_test: 2.215e+01, sam_yr_test: 1.677e+01, psnr_zr_test: 2.588e+01, sam_zr_test: 1.530e+01, ssim_zr_test: 8.015e-01, rmse_zr_test: 1.197e+01, ergas_zr_test: 1.188e+00, uqi_zr_test: 8.040e-01, psnr_xdsr_test: 2.015e+01, sam_xdsr_test: 1.631e+01
23-11-27 17:56:13.109 : , G_loss_test: 2.405e-02, hsi_likelihood_test: 1.395e-02, msi_likelihood_test: 1.011e-02, regularization_degradation_test: 3.229e-09, regularization_phi_test: 1.802e-02, psnr_xr_test: 2.193e+01, sam_xr_test: 1.303e+01, psnr_yr_test: 2.215e+01, sam_yr_test: 1.677e+01, psnr_zr_test: 2.588e+01, sam_zr_test: 1.530e+01, ssim_zr_test: 8.015e-01, rmse_zr_test: 1.197e+01, ergas_zr_test: 1.188e+00, uqi_zr_test: 8.040e-01, psnr_xdsr_test: 2.015e+01, sam_xdsr_test: 1.631e+01
23-11-27 17:56:18.137 : , G_loss_test: 1.947e-02, hsi_likelihood_test: 1.028e-02, msi_likelihood_test: 9.183e-03, regularization_degradation_test: 3.246e-09, regularization_phi_test: 1.114e-02, psnr_xr_test: 2.377e+01, sam_xr_test: 1.004e+01, psnr_yr_test: 2.329e+01, sam_yr_test: 1.712e+01, psnr_zr_test: 2.719e+01, sam_zr_test: 1.306e+01, ssim_zr_test: 8.639e-01, rmse_zr_test: 1.037e+01, ergas_zr_test: 1.026e+00, uqi_zr_test: 8.850e-01, psnr_xdsr_test: 2.322e+01, sam_xdsr_test: 1.082e+01
23-11-27 17:56:18.138 : , G_loss_test: 1.947e-02, hsi_likelihood_test: 1.028e-02, msi_likelihood_test: 9.183e-03, regularization_degradation_test: 3.246e-09, regularization_phi_test: 1.114e-02, psnr_xr_test: 2.377e+01, sam_xr_test: 1.004e+01, psnr_yr_test: 2.329e+01, sam_yr_test: 1.712e+01, psnr_zr_test: 2.719e+01, sam_zr_test: 1.306e+01, ssim_zr_test: 8.639e-01, rmse_zr_test: 1.037e+01, ergas_zr_test: 1.026e+00, uqi_zr_test: 8.850e-01, psnr_xdsr_test: 2.322e+01, sam_xdsr_test: 1.082e+01
23-11-27 17:56:23.104 : , G_loss_test: 2.166e-02, hsi_likelihood_test: 1.244e-02, msi_likelihood_test: 9.222e-03, regularization_degradation_test: 3.807e-09, regularization_phi_test: 1.594e-02, psnr_xr_test: 2.282e+01, sam_xr_test: 1.108e+01, psnr_yr_test: 2.398e+01, sam_yr_test: 1.763e+01, psnr_zr_test: 2.635e+01, sam_zr_test: 1.459e+01, ssim_zr_test: 8.385e-01, rmse_zr_test: 1.138e+01, ergas_zr_test: 1.119e+00, uqi_zr_test: 8.660e-01, psnr_xdsr_test: 2.173e+01, sam_xdsr_test: 1.399e+01
23-11-27 17:56:23.105 : , G_loss_test: 2.166e-02, hsi_likelihood_test: 1.244e-02, msi_likelihood_test: 9.222e-03, regularization_degradation_test: 3.807e-09, regularization_phi_test: 1.594e-02, psnr_xr_test: 2.282e+01, sam_xr_test: 1.108e+01, psnr_yr_test: 2.398e+01, sam_yr_test: 1.763e+01, psnr_zr_test: 2.635e+01, sam_zr_test: 1.459e+01, ssim_zr_test: 8.385e-01, rmse_zr_test: 1.138e+01, ergas_zr_test: 1.119e+00, uqi_zr_test: 8.660e-01, psnr_xdsr_test: 2.173e+01, sam_xdsr_test: 1.399e+01
23-11-27 17:56:28.165 : , G_loss_test: 2.127e-02, hsi_likelihood_test: 1.198e-02, msi_likelihood_test: 9.294e-03, regularization_degradation_test: 3.333e-09, regularization_phi_test: 2.069e-02, psnr_xr_test: 2.321e+01, sam_xr_test: 1.169e+01, psnr_yr_test: 2.335e+01, sam_yr_test: 1.759e+01, psnr_zr_test: 2.661e+01, sam_zr_test: 1.472e+01, ssim_zr_test: 8.247e-01, rmse_zr_test: 1.101e+01, ergas_zr_test: 1.080e+00, uqi_zr_test: 8.183e-01, psnr_xdsr_test: 1.853e+01, sam_xdsr_test: 1.272e+01
23-11-27 17:56:28.166 : , G_loss_test: 2.127e-02, hsi_likelihood_test: 1.198e-02, msi_likelihood_test: 9.294e-03, regularization_degradation_test: 3.333e-09, regularization_phi_test: 2.069e-02, psnr_xr_test: 2.321e+01, sam_xr_test: 1.169e+01, psnr_yr_test: 2.335e+01, sam_yr_test: 1.759e+01, psnr_zr_test: 2.661e+01, sam_zr_test: 1.472e+01, ssim_zr_test: 8.247e-01, rmse_zr_test: 1.101e+01, ergas_zr_test: 1.080e+00, uqi_zr_test: 8.183e-01, psnr_xdsr_test: 1.853e+01, sam_xdsr_test: 1.272e+01
23-11-27 17:56:33.194 : , G_loss_test: 2.069e-02, hsi_likelihood_test: 1.193e-02, msi_likelihood_test: 8.759e-03, regularization_degradation_test: 3.341e-09, regularization_phi_test: 1.279e-02, psnr_xr_test: 2.279e+01, sam_xr_test: 1.015e+01, psnr_yr_test: 2.394e+01, sam_yr_test: 1.717e+01, psnr_zr_test: 2.633e+01, sam_zr_test: 1.353e+01, ssim_zr_test: 8.676e-01, rmse_zr_test: 1.136e+01, ergas_zr_test: 1.121e+00, uqi_zr_test: 8.973e-01, psnr_xdsr_test: 2.223e+01, sam_xdsr_test: 1.097e+01
23-11-27 17:56:33.194 : , G_loss_test: 2.069e-02, hsi_likelihood_test: 1.193e-02, msi_likelihood_test: 8.759e-03, regularization_degradation_test: 3.341e-09, regularization_phi_test: 1.279e-02, psnr_xr_test: 2.279e+01, sam_xr_test: 1.015e+01, psnr_yr_test: 2.394e+01, sam_yr_test: 1.717e+01, psnr_zr_test: 2.633e+01, sam_zr_test: 1.353e+01, ssim_zr_test: 8.676e-01, rmse_zr_test: 1.136e+01, ergas_zr_test: 1.121e+00, uqi_zr_test: 8.973e-01, psnr_xdsr_test: 2.223e+01, sam_xdsr_test: 1.097e+01
23-11-27 17:56:38.188 : , G_loss_test: 1.909e-02, hsi_likelihood_test: 1.004e-02, msi_likelihood_test: 9.049e-03, regularization_degradation_test: 3.430e-09, regularization_phi_test: 1.359e-02, psnr_xr_test: 2.399e+01, sam_xr_test: 9.523e+00, psnr_yr_test: 2.364e+01, sam_yr_test: nan, psnr_zr_test: 2.734e+01, sam_zr_test: 1.305e+01, ssim_zr_test: 8.554e-01, rmse_zr_test: 1.021e+01, ergas_zr_test: 9.992e-01, uqi_zr_test: 8.909e-01, psnr_xdsr_test: 2.176e+01, sam_xdsr_test: 1.106e+01
23-11-27 17:56:38.188 : , G_loss_test: 1.909e-02, hsi_likelihood_test: 1.004e-02, msi_likelihood_test: 9.049e-03, regularization_degradation_test: 3.430e-09, regularization_phi_test: 1.359e-02, psnr_xr_test: 2.399e+01, sam_xr_test: 9.523e+00, psnr_yr_test: 2.364e+01, sam_yr_test: nan, psnr_zr_test: 2.734e+01, sam_zr_test: 1.305e+01, ssim_zr_test: 8.554e-01, rmse_zr_test: 1.021e+01, ergas_zr_test: 9.992e-01, uqi_zr_test: 8.909e-01, psnr_xdsr_test: 2.176e+01, sam_xdsr_test: 1.106e+01
23-11-27 17:56:43.137 : , G_loss_test: 2.304e-02, hsi_likelihood_test: 1.311e-02, msi_likelihood_test: 9.926e-03, regularization_degradation_test: 2.775e-09, regularization_phi_test: 1.173e-02, psnr_xr_test: 2.237e+01, sam_xr_test: 1.063e+01, psnr_yr_test: 2.271e+01, sam_yr_test: 1.752e+01, psnr_zr_test: 2.623e+01, sam_zr_test: 1.372e+01, ssim_zr_test: 8.443e-01, rmse_zr_test: 1.141e+01, ergas_zr_test: 1.106e+00, uqi_zr_test: 8.632e-01, psnr_xdsr_test: 2.320e+01, sam_xdsr_test: 1.197e+01
23-11-27 17:56:43.137 : , G_loss_test: 2.304e-02, hsi_likelihood_test: 1.311e-02, msi_likelihood_test: 9.926e-03, regularization_degradation_test: 2.775e-09, regularization_phi_test: 1.173e-02, psnr_xr_test: 2.237e+01, sam_xr_test: 1.063e+01, psnr_yr_test: 2.271e+01, sam_yr_test: 1.752e+01, psnr_zr_test: 2.623e+01, sam_zr_test: 1.372e+01, ssim_zr_test: 8.443e-01, rmse_zr_test: 1.141e+01, ergas_zr_test: 1.106e+00, uqi_zr_test: 8.632e-01, psnr_xdsr_test: 2.320e+01, sam_xdsr_test: 1.197e+01
23-11-27 17:56:48.078 : , G_loss_test: 4.182e-02, hsi_likelihood_test: 2.677e-02, msi_likelihood_test: 1.505e-02, regularization_degradation_test: 2.175e-09, regularization_phi_test: 1.655e-02, psnr_xr_test: 1.649e+01, sam_xr_test: 1.494e+01, psnr_yr_test: 1.859e+01, sam_yr_test: 1.765e+01, psnr_zr_test: 2.124e+01, sam_zr_test: 1.739e+01, ssim_zr_test: 7.230e-01, rmse_zr_test: 2.027e+01, ergas_zr_test: 2.003e+00, uqi_zr_test: 7.063e-01, psnr_xdsr_test: 2.076e+01, sam_xdsr_test: 1.379e+01
23-11-27 17:56:48.079 : , G_loss_test: 4.182e-02, hsi_likelihood_test: 2.677e-02, msi_likelihood_test: 1.505e-02, regularization_degradation_test: 2.175e-09, regularization_phi_test: 1.655e-02, psnr_xr_test: 1.649e+01, sam_xr_test: 1.494e+01, psnr_yr_test: 1.859e+01, sam_yr_test: 1.765e+01, psnr_zr_test: 2.124e+01, sam_zr_test: 1.739e+01, ssim_zr_test: 7.230e-01, rmse_zr_test: 2.027e+01, ergas_zr_test: 2.003e+00, uqi_zr_test: 7.063e-01, psnr_xdsr_test: 2.076e+01, sam_xdsr_test: 1.379e+01
23-11-27 17:56:53.058 : , G_loss_test: 2.397e-02, hsi_likelihood_test: 1.338e-02, msi_likelihood_test: 1.059e-02, regularization_degradation_test: 3.080e-09, regularization_phi_test: 1.755e-02, psnr_xr_test: 2.275e+01, sam_xr_test: 1.235e+01, psnr_yr_test: 2.233e+01, sam_yr_test: 1.753e+01, psnr_zr_test: 2.630e+01, sam_zr_test: 1.610e+01, ssim_zr_test: 7.946e-01, rmse_zr_test: 1.140e+01, ergas_zr_test: 1.111e+00, uqi_zr_test: 8.327e-01, psnr_xdsr_test: 2.009e+01, sam_xdsr_test: 1.382e+01
23-11-27 17:56:53.058 : , G_loss_test: 2.397e-02, hsi_likelihood_test: 1.338e-02, msi_likelihood_test: 1.059e-02, regularization_degradation_test: 3.080e-09, regularization_phi_test: 1.755e-02, psnr_xr_test: 2.275e+01, sam_xr_test: 1.235e+01, psnr_yr_test: 2.233e+01, sam_yr_test: 1.753e+01, psnr_zr_test: 2.630e+01, sam_zr_test: 1.610e+01, ssim_zr_test: 7.946e-01, rmse_zr_test: 1.140e+01, ergas_zr_test: 1.111e+00, uqi_zr_test: 8.327e-01, psnr_xdsr_test: 2.009e+01, sam_xdsr_test: 1.382e+01
23-11-27 17:56:57.943 : , G_loss_test: 2.676e-02, hsi_likelihood_test: 1.631e-02, msi_likelihood_test: 1.045e-02, regularization_degradation_test: 4.821e-09, regularization_phi_test: 1.666e-02, psnr_xr_test: 1.976e+01, sam_xr_test: 1.088e+01, psnr_yr_test: 2.186e+01, sam_yr_test: 1.702e+01, psnr_zr_test: 2.380e+01, sam_zr_test: 1.417e+01, ssim_zr_test: 8.579e-01, rmse_zr_test: 1.622e+01, ergas_zr_test: 1.670e+00, uqi_zr_test: 8.775e-01, psnr_xdsr_test: 1.986e+01, sam_xdsr_test: 1.138e+01
23-11-27 17:56:57.943 : , G_loss_test: 2.676e-02, hsi_likelihood_test: 1.631e-02, msi_likelihood_test: 1.045e-02, regularization_degradation_test: 4.821e-09, regularization_phi_test: 1.666e-02, psnr_xr_test: 1.976e+01, sam_xr_test: 1.088e+01, psnr_yr_test: 2.186e+01, sam_yr_test: 1.702e+01, psnr_zr_test: 2.380e+01, sam_zr_test: 1.417e+01, ssim_zr_test: 8.579e-01, rmse_zr_test: 1.622e+01, ergas_zr_test: 1.670e+00, uqi_zr_test: 8.775e-01, psnr_xdsr_test: 1.986e+01, sam_xdsr_test: 1.138e+01
23-11-27 17:57:02.815 : , G_loss_test: 2.149e-02, hsi_likelihood_test: 1.288e-02, msi_likelihood_test: 8.608e-03, regularization_degradation_test: 3.643e-09, regularization_phi_test: 1.744e-02, psnr_xr_test: 2.296e+01, sam_xr_test: 1.092e+01, psnr_yr_test: 2.442e+01, sam_yr_test: 1.741e+01, psnr_zr_test: 2.642e+01, sam_zr_test: 1.412e+01, ssim_zr_test: 8.331e-01, rmse_zr_test: 1.127e+01, ergas_zr_test: 1.108e+00, uqi_zr_test: 8.685e-01, psnr_xdsr_test: 1.986e+01, sam_xdsr_test: 1.185e+01
23-11-27 17:57:02.815 : , G_loss_test: 2.149e-02, hsi_likelihood_test: 1.288e-02, msi_likelihood_test: 8.608e-03, regularization_degradation_test: 3.643e-09, regularization_phi_test: 1.744e-02, psnr_xr_test: 2.296e+01, sam_xr_test: 1.092e+01, psnr_yr_test: 2.442e+01, sam_yr_test: 1.741e+01, psnr_zr_test: 2.642e+01, sam_zr_test: 1.412e+01, ssim_zr_test: 8.331e-01, rmse_zr_test: 1.127e+01, ergas_zr_test: 1.108e+00, uqi_zr_test: 8.685e-01, psnr_xdsr_test: 1.986e+01, sam_xdsr_test: 1.185e+01
23-11-27 17:57:07.780 : , G_loss_test: 2.884e-02, hsi_likelihood_test: 1.885e-02, msi_likelihood_test: 9.991e-03, regularization_degradation_test: 4.550e-09, regularization_phi_test: 1.685e-02, psnr_xr_test: 1.900e+01, sam_xr_test: 1.066e+01, psnr_yr_test: 2.222e+01, sam_yr_test: 1.725e+01, psnr_zr_test: 2.318e+01, sam_zr_test: 1.430e+01, ssim_zr_test: 8.488e-01, rmse_zr_test: 1.649e+01, ergas_zr_test: 1.652e+00, uqi_zr_test: 8.601e-01, psnr_xdsr_test: 2.068e+01, sam_xdsr_test: 1.186e+01
23-11-27 17:57:07.780 : , G_loss_test: 2.884e-02, hsi_likelihood_test: 1.885e-02, msi_likelihood_test: 9.991e-03, regularization_degradation_test: 4.550e-09, regularization_phi_test: 1.685e-02, psnr_xr_test: 1.900e+01, sam_xr_test: 1.066e+01, psnr_yr_test: 2.222e+01, sam_yr_test: 1.725e+01, psnr_zr_test: 2.318e+01, sam_zr_test: 1.430e+01, ssim_zr_test: 8.488e-01, rmse_zr_test: 1.649e+01, ergas_zr_test: 1.652e+00, uqi_zr_test: 8.601e-01, psnr_xdsr_test: 2.068e+01, sam_xdsr_test: 1.186e+01
23-11-27 17:57:12.664 : , G_loss_test: 2.302e-02, hsi_likelihood_test: 1.373e-02, msi_likelihood_test: 9.282e-03, regularization_degradation_test: 3.445e-09, regularization_phi_test: 1.506e-02, psnr_xr_test: 2.226e+01, sam_xr_test: 1.114e+01, psnr_yr_test: 2.367e+01, sam_yr_test: 1.761e+01, psnr_zr_test: 2.603e+01, sam_zr_test: 1.453e+01, ssim_zr_test: 8.441e-01, rmse_zr_test: 1.167e+01, ergas_zr_test: 1.143e+00, uqi_zr_test: 8.534e-01, psnr_xdsr_test: 2.141e+01, sam_xdsr_test: 1.233e+01
23-11-27 17:57:12.665 : , G_loss_test: 2.302e-02, hsi_likelihood_test: 1.373e-02, msi_likelihood_test: 9.282e-03, regularization_degradation_test: 3.445e-09, regularization_phi_test: 1.506e-02, psnr_xr_test: 2.226e+01, sam_xr_test: 1.114e+01, psnr_yr_test: 2.367e+01, sam_yr_test: 1.761e+01, psnr_zr_test: 2.603e+01, sam_zr_test: 1.453e+01, ssim_zr_test: 8.441e-01, rmse_zr_test: 1.167e+01, ergas_zr_test: 1.143e+00, uqi_zr_test: 8.534e-01, psnr_xdsr_test: 2.141e+01, sam_xdsr_test: 1.233e+01
23-11-27 17:57:17.576 : , G_loss_test: 2.309e-02, hsi_likelihood_test: 1.480e-02, msi_likelihood_test: 8.292e-03, regularization_degradation_test: 4.380e-09, regularization_phi_test: 1.413e-02, psnr_xr_test: 2.199e+01, sam_xr_test: 1.082e+01, psnr_yr_test: 2.490e+01, sam_yr_test: 1.748e+01, psnr_zr_test: 2.576e+01, sam_zr_test: 1.465e+01, ssim_zr_test: 8.244e-01, rmse_zr_test: 1.204e+01, ergas_zr_test: 1.159e+00, uqi_zr_test: 8.543e-01, psnr_xdsr_test: 2.243e+01, sam_xdsr_test: 1.349e+01
23-11-27 17:57:17.576 : , G_loss_test: 2.309e-02, hsi_likelihood_test: 1.480e-02, msi_likelihood_test: 8.292e-03, regularization_degradation_test: 4.380e-09, regularization_phi_test: 1.413e-02, psnr_xr_test: 2.199e+01, sam_xr_test: 1.082e+01, psnr_yr_test: 2.490e+01, sam_yr_test: 1.748e+01, psnr_zr_test: 2.576e+01, sam_zr_test: 1.465e+01, ssim_zr_test: 8.244e-01, rmse_zr_test: 1.204e+01, ergas_zr_test: 1.159e+00, uqi_zr_test: 8.543e-01, psnr_xdsr_test: 2.243e+01, sam_xdsr_test: 1.349e+01
23-11-27 17:57:22.478 : , G_loss_test: 2.124e-02, hsi_likelihood_test: 1.185e-02, msi_likelihood_test: 9.387e-03, regularization_degradation_test: 3.258e-09, regularization_phi_test: 1.483e-02, psnr_xr_test: 2.324e+01, sam_xr_test: 1.030e+01, psnr_yr_test: 2.343e+01, sam_yr_test: 1.755e+01, psnr_zr_test: 2.687e+01, sam_zr_test: 1.342e+01, ssim_zr_test: 8.602e-01, rmse_zr_test: 1.073e+01, ergas_zr_test: 1.058e+00, uqi_zr_test: 8.721e-01, psnr_xdsr_test: 2.112e+01, sam_xdsr_test: 1.189e+01
23-11-27 17:57:22.478 : , G_loss_test: 2.124e-02, hsi_likelihood_test: 1.185e-02, msi_likelihood_test: 9.387e-03, regularization_degradation_test: 3.258e-09, regularization_phi_test: 1.483e-02, psnr_xr_test: 2.324e+01, sam_xr_test: 1.030e+01, psnr_yr_test: 2.343e+01, sam_yr_test: 1.755e+01, psnr_zr_test: 2.687e+01, sam_zr_test: 1.342e+01, ssim_zr_test: 8.602e-01, rmse_zr_test: 1.073e+01, ergas_zr_test: 1.058e+00, uqi_zr_test: 8.721e-01, psnr_xdsr_test: 2.112e+01, sam_xdsr_test: 1.189e+01
23-11-27 17:57:27.443 : , G_loss_test: 2.410e-02, hsi_likelihood_test: 1.367e-02, msi_likelihood_test: 1.043e-02, regularization_degradation_test: 2.988e-09, regularization_phi_test: 1.825e-02, psnr_xr_test: 2.243e+01, sam_xr_test: 1.315e+01, psnr_yr_test: 2.239e+01, sam_yr_test: 1.714e+01, psnr_zr_test: 2.623e+01, sam_zr_test: 1.626e+01, ssim_zr_test: 8.062e-01, rmse_zr_test: 1.156e+01, ergas_zr_test: 1.144e+00, uqi_zr_test: 8.368e-01, psnr_xdsr_test: 2.059e+01, sam_xdsr_test: 1.290e+01
23-11-27 17:57:27.443 : , G_loss_test: 2.410e-02, hsi_likelihood_test: 1.367e-02, msi_likelihood_test: 1.043e-02, regularization_degradation_test: 2.988e-09, regularization_phi_test: 1.825e-02, psnr_xr_test: 2.243e+01, sam_xr_test: 1.315e+01, psnr_yr_test: 2.239e+01, sam_yr_test: 1.714e+01, psnr_zr_test: 2.623e+01, sam_zr_test: 1.626e+01, ssim_zr_test: 8.062e-01, rmse_zr_test: 1.156e+01, ergas_zr_test: 1.144e+00, uqi_zr_test: 8.368e-01, psnr_xdsr_test: 2.059e+01, sam_xdsr_test: 1.290e+01
23-11-27 17:57:32.461 : , G_loss_test: 1.949e-02, hsi_likelihood_test: 1.088e-02, msi_likelihood_test: 8.616e-03, regularization_degradation_test: 3.157e-09, regularization_phi_test: 1.480e-02, psnr_xr_test: 2.373e+01, sam_xr_test: 9.866e+00, psnr_yr_test: 2.434e+01, sam_yr_test: 1.751e+01, psnr_zr_test: 2.712e+01, sam_zr_test: 1.336e+01, ssim_zr_test: 8.551e-01, rmse_zr_test: 1.046e+01, ergas_zr_test: 1.029e+00, uqi_zr_test: 8.848e-01, psnr_xdsr_test: 2.136e+01, sam_xdsr_test: 1.141e+01
23-11-27 17:57:32.462 : , G_loss_test: 1.949e-02, hsi_likelihood_test: 1.088e-02, msi_likelihood_test: 8.616e-03, regularization_degradation_test: 3.157e-09, regularization_phi_test: 1.480e-02, psnr_xr_test: 2.373e+01, sam_xr_test: 9.866e+00, psnr_yr_test: 2.434e+01, sam_yr_test: 1.751e+01, psnr_zr_test: 2.712e+01, sam_zr_test: 1.336e+01, ssim_zr_test: 8.551e-01, rmse_zr_test: 1.046e+01, ergas_zr_test: 1.029e+00, uqi_zr_test: 8.848e-01, psnr_xdsr_test: 2.136e+01, sam_xdsr_test: 1.141e+01
23-11-27 17:57:37.565 : , G_loss_test: 2.489e-02, hsi_likelihood_test: 1.461e-02, msi_likelihood_test: 1.028e-02, regularization_degradation_test: 3.165e-09, regularization_phi_test: 1.269e-02, psnr_xr_test: 2.166e+01, sam_xr_test: 1.382e+01, psnr_yr_test: 2.251e+01, sam_yr_test: 1.736e+01, psnr_zr_test: 2.547e+01, sam_zr_test: 1.731e+01, ssim_zr_test: 7.796e-01, rmse_zr_test: 1.244e+01, ergas_zr_test: 1.202e+00, uqi_zr_test: 8.275e-01, psnr_xdsr_test: 2.258e+01, sam_xdsr_test: 1.130e+01
23-11-27 17:57:37.566 : , G_loss_test: 2.489e-02, hsi_likelihood_test: 1.461e-02, msi_likelihood_test: 1.028e-02, regularization_degradation_test: 3.165e-09, regularization_phi_test: 1.269e-02, psnr_xr_test: 2.166e+01, sam_xr_test: 1.382e+01, psnr_yr_test: 2.251e+01, sam_yr_test: 1.736e+01, psnr_zr_test: 2.547e+01, sam_zr_test: 1.731e+01, ssim_zr_test: 7.796e-01, rmse_zr_test: 1.244e+01, ergas_zr_test: 1.202e+00, uqi_zr_test: 8.275e-01, psnr_xdsr_test: 2.258e+01, sam_xdsr_test: 1.130e+01
23-11-27 17:57:42.727 : , G_loss_test: 2.412e-02, hsi_likelihood_test: 1.530e-02, msi_likelihood_test: 8.820e-03, regularization_degradation_test: 3.772e-09, regularization_phi_test: 1.727e-02, psnr_xr_test: 2.174e+01, sam_xr_test: 1.075e+01, psnr_yr_test: 2.445e+01, sam_yr_test: nan, psnr_zr_test: 2.564e+01, sam_zr_test: 1.414e+01, ssim_zr_test: 8.325e-01, rmse_zr_test: 1.215e+01, ergas_zr_test: 1.182e+00, uqi_zr_test: 8.500e-01, psnr_xdsr_test: 1.983e+01, sam_xdsr_test: 1.185e+01
23-11-27 17:57:42.727 : , G_loss_test: 2.412e-02, hsi_likelihood_test: 1.530e-02, msi_likelihood_test: 8.820e-03, regularization_degradation_test: 3.772e-09, regularization_phi_test: 1.727e-02, psnr_xr_test: 2.174e+01, sam_xr_test: 1.075e+01, psnr_yr_test: 2.445e+01, sam_yr_test: nan, psnr_zr_test: 2.564e+01, sam_zr_test: 1.414e+01, ssim_zr_test: 8.325e-01, rmse_zr_test: 1.215e+01, ergas_zr_test: 1.182e+00, uqi_zr_test: 8.500e-01, psnr_xdsr_test: 1.983e+01, sam_xdsr_test: 1.185e+01
23-11-27 17:57:47.798 : , G_loss_test: 2.333e-02, hsi_likelihood_test: 1.420e-02, msi_likelihood_test: 9.125e-03, regularization_degradation_test: 3.913e-09, regularization_phi_test: 1.597e-02, psnr_xr_test: 2.193e+01, sam_xr_test: 1.301e+01, psnr_yr_test: 2.378e+01, sam_yr_test: 1.845e+01, psnr_zr_test: 2.562e+01, sam_zr_test: 1.576e+01, ssim_zr_test: 8.280e-01, rmse_zr_test: 1.241e+01, ergas_zr_test: 1.242e+00, uqi_zr_test: 8.073e-01, psnr_xdsr_test: 2.071e+01, sam_xdsr_test: 1.376e+01
23-11-27 17:57:47.798 : , G_loss_test: 2.333e-02, hsi_likelihood_test: 1.420e-02, msi_likelihood_test: 9.125e-03, regularization_degradation_test: 3.913e-09, regularization_phi_test: 1.597e-02, psnr_xr_test: 2.193e+01, sam_xr_test: 1.301e+01, psnr_yr_test: 2.378e+01, sam_yr_test: 1.845e+01, psnr_zr_test: 2.562e+01, sam_zr_test: 1.576e+01, ssim_zr_test: 8.280e-01, rmse_zr_test: 1.241e+01, ergas_zr_test: 1.242e+00, uqi_zr_test: 8.073e-01, psnr_xdsr_test: 2.071e+01, sam_xdsr_test: 1.376e+01
23-11-27 17:57:52.784 : , G_loss_test: 1.985e-02, hsi_likelihood_test: 1.078e-02, msi_likelihood_test: 9.063e-03, regularization_degradation_test: 3.458e-09, regularization_phi_test: 1.213e-02, psnr_xr_test: 2.375e+01, sam_xr_test: 1.097e+01, psnr_yr_test: 2.374e+01, sam_yr_test: 1.695e+01, psnr_zr_test: 2.694e+01, sam_zr_test: 1.487e+01, ssim_zr_test: 8.316e-01, rmse_zr_test: 1.062e+01, ergas_zr_test: 1.038e+00, uqi_zr_test: 8.692e-01, psnr_xdsr_test: 2.278e+01, sam_xdsr_test: 1.203e+01
23-11-27 17:57:52.784 : , G_loss_test: 1.985e-02, hsi_likelihood_test: 1.078e-02, msi_likelihood_test: 9.063e-03, regularization_degradation_test: 3.458e-09, regularization_phi_test: 1.213e-02, psnr_xr_test: 2.375e+01, sam_xr_test: 1.097e+01, psnr_yr_test: 2.374e+01, sam_yr_test: 1.695e+01, psnr_zr_test: 2.694e+01, sam_zr_test: 1.487e+01, ssim_zr_test: 8.316e-01, rmse_zr_test: 1.062e+01, ergas_zr_test: 1.038e+00, uqi_zr_test: 8.692e-01, psnr_xdsr_test: 2.278e+01, sam_xdsr_test: 1.203e+01
23-11-27 17:57:57.663 : , G_loss_test: 2.414e-02, hsi_likelihood_test: 1.477e-02, msi_likelihood_test: 9.371e-03, regularization_degradation_test: 4.113e-09, regularization_phi_test: 2.120e-02, psnr_xr_test: 2.114e+01, sam_xr_test: 1.001e+01, psnr_yr_test: 2.348e+01, sam_yr_test: 1.733e+01, psnr_zr_test: 2.497e+01, sam_zr_test: 1.337e+01, ssim_zr_test: 8.545e-01, rmse_zr_test: 1.370e+01, ergas_zr_test: 1.391e+00, uqi_zr_test: 8.778e-01, psnr_xdsr_test: 1.868e+01, sam_xdsr_test: 1.399e+01
23-11-27 17:57:57.664 : , G_loss_test: 2.414e-02, hsi_likelihood_test: 1.477e-02, msi_likelihood_test: 9.371e-03, regularization_degradation_test: 4.113e-09, regularization_phi_test: 2.120e-02, psnr_xr_test: 2.114e+01, sam_xr_test: 1.001e+01, psnr_yr_test: 2.348e+01, sam_yr_test: 1.733e+01, psnr_zr_test: 2.497e+01, sam_zr_test: 1.337e+01, ssim_zr_test: 8.545e-01, rmse_zr_test: 1.370e+01, ergas_zr_test: 1.391e+00, uqi_zr_test: 8.778e-01, psnr_xdsr_test: 1.868e+01, sam_xdsr_test: 1.399e+01
23-11-27 17:58:02.537 : , G_loss_test: 3.025e-02, hsi_likelihood_test: 1.784e-02, msi_likelihood_test: 1.241e-02, regularization_degradation_test: 2.623e-09, regularization_phi_test: 2.554e-02, psnr_xr_test: 1.980e+01, sam_xr_test: 1.216e+01, psnr_yr_test: 2.058e+01, sam_yr_test: 1.724e+01, psnr_zr_test: 2.393e+01, sam_zr_test: 1.552e+01, ssim_zr_test: 7.799e-01, rmse_zr_test: 1.485e+01, ergas_zr_test: 1.454e+00, uqi_zr_test: 8.372e-01, psnr_xdsr_test: 1.764e+01, sam_xdsr_test: 1.491e+01
23-11-27 17:58:02.537 : , G_loss_test: 3.025e-02, hsi_likelihood_test: 1.784e-02, msi_likelihood_test: 1.241e-02, regularization_degradation_test: 2.623e-09, regularization_phi_test: 2.554e-02, psnr_xr_test: 1.980e+01, sam_xr_test: 1.216e+01, psnr_yr_test: 2.058e+01, sam_yr_test: 1.724e+01, psnr_zr_test: 2.393e+01, sam_zr_test: 1.552e+01, ssim_zr_test: 7.799e-01, rmse_zr_test: 1.485e+01, ergas_zr_test: 1.454e+00, uqi_zr_test: 8.372e-01, psnr_xdsr_test: 1.764e+01, sam_xdsr_test: 1.491e+01
23-11-27 17:58:12.298 : , G_loss_test: 3.369e-02, hsi_likelihood_test: 2.091e-02, msi_likelihood_test: 1.278e-02, regularization_degradation_test: 8.000e-09, regularization_phi_test: 1.931e-02, psnr_xr_test: 2.102e+01, sam_xr_test: 1.187e+01, psnr_yr_test: 2.036e+01, sam_yr_test: 1.233e+01, psnr_zr_test: 2.274e+01, sam_zr_test: 1.504e+01, ssim_zr_test: 8.853e-01, rmse_zr_test: 1.900e+01, ergas_zr_test: 1.196e+00, uqi_zr_test: 8.721e-01, psnr_xdsr_test: 2.193e+01, sam_xdsr_test: 1.295e+01
23-11-27 17:58:12.298 : , G_loss_test: 3.369e-02, hsi_likelihood_test: 2.091e-02, msi_likelihood_test: 1.278e-02, regularization_degradation_test: 8.000e-09, regularization_phi_test: 1.931e-02, psnr_xr_test: 2.102e+01, sam_xr_test: 1.187e+01, psnr_yr_test: 2.036e+01, sam_yr_test: 1.233e+01, psnr_zr_test: 2.274e+01, sam_zr_test: 1.504e+01, ssim_zr_test: 8.853e-01, rmse_zr_test: 1.900e+01, ergas_zr_test: 1.196e+00, uqi_zr_test: 8.721e-01, psnr_xdsr_test: 2.193e+01, sam_xdsr_test: 1.295e+01
23-11-27 17:58:17.280 : , G_loss_test: 6.016e-02, hsi_likelihood_test: 3.756e-02, msi_likelihood_test: 2.261e-02, regularization_degradation_test: 1.085e-08, regularization_phi_test: 1.977e-02, psnr_xr_test: 1.687e+01, sam_xr_test: 1.302e+01, psnr_yr_test: 1.546e+01, sam_yr_test: nan, psnr_zr_test: 1.900e+01, sam_zr_test: 1.601e+01, ssim_zr_test: 8.305e-01, rmse_zr_test: 2.985e+01, ergas_zr_test: 1.889e+00, uqi_zr_test: 7.771e-01, psnr_xdsr_test: 2.117e+01, sam_xdsr_test: 1.069e+01
23-11-27 17:58:17.281 : , G_loss_test: 6.016e-02, hsi_likelihood_test: 3.756e-02, msi_likelihood_test: 2.261e-02, regularization_degradation_test: 1.085e-08, regularization_phi_test: 1.977e-02, psnr_xr_test: 1.687e+01, sam_xr_test: 1.302e+01, psnr_yr_test: 1.546e+01, sam_yr_test: nan, psnr_zr_test: 1.900e+01, sam_zr_test: 1.601e+01, ssim_zr_test: 8.305e-01, rmse_zr_test: 2.985e+01, ergas_zr_test: 1.889e+00, uqi_zr_test: 7.771e-01, psnr_xdsr_test: 2.117e+01, sam_xdsr_test: 1.069e+01
23-11-27 17:58:22.175 : , G_loss_test: 2.144e-02, hsi_likelihood_test: 1.523e-02, msi_likelihood_test: 6.215e-03, regularization_degradation_test: 7.044e-09, regularization_phi_test: 3.477e-02, psnr_xr_test: 2.321e+01, sam_xr_test: 1.244e+01, psnr_yr_test: 2.625e+01, sam_yr_test: 1.305e+01, psnr_zr_test: 2.504e+01, sam_zr_test: 1.543e+01, ssim_zr_test: 8.648e-01, rmse_zr_test: 1.416e+01, ergas_zr_test: 9.023e-01, uqi_zr_test: 8.385e-01, psnr_xdsr_test: 1.722e+01, sam_xdsr_test: 1.256e+01
23-11-27 17:58:22.175 : , G_loss_test: 2.144e-02, hsi_likelihood_test: 1.523e-02, msi_likelihood_test: 6.215e-03, regularization_degradation_test: 7.044e-09, regularization_phi_test: 3.477e-02, psnr_xr_test: 2.321e+01, sam_xr_test: 1.244e+01, psnr_yr_test: 2.625e+01, sam_yr_test: 1.305e+01, psnr_zr_test: 2.504e+01, sam_zr_test: 1.543e+01, ssim_zr_test: 8.648e-01, rmse_zr_test: 1.416e+01, ergas_zr_test: 9.023e-01, uqi_zr_test: 8.385e-01, psnr_xdsr_test: 1.722e+01, sam_xdsr_test: 1.256e+01
23-11-27 17:58:27.109 : , G_loss_test: 2.319e-02, hsi_likelihood_test: 1.676e-02, msi_likelihood_test: 6.429e-03, regularization_degradation_test: 6.798e-09, regularization_phi_test: 1.384e-02, psnr_xr_test: 2.263e+01, sam_xr_test: 1.155e+01, psnr_yr_test: 2.628e+01, sam_yr_test: 1.255e+01, psnr_zr_test: 2.444e+01, sam_zr_test: 1.476e+01, ssim_zr_test: 8.737e-01, rmse_zr_test: 1.501e+01, ergas_zr_test: 9.593e-01, uqi_zr_test: 8.723e-01, psnr_xdsr_test: 2.350e+01, sam_xdsr_test: 1.053e+01
23-11-27 17:58:27.109 : , G_loss_test: 2.319e-02, hsi_likelihood_test: 1.676e-02, msi_likelihood_test: 6.429e-03, regularization_degradation_test: 6.798e-09, regularization_phi_test: 1.384e-02, psnr_xr_test: 2.263e+01, sam_xr_test: 1.155e+01, psnr_yr_test: 2.628e+01, sam_yr_test: 1.255e+01, psnr_zr_test: 2.444e+01, sam_zr_test: 1.476e+01, ssim_zr_test: 8.737e-01, rmse_zr_test: 1.501e+01, ergas_zr_test: 9.593e-01, uqi_zr_test: 8.723e-01, psnr_xdsr_test: 2.350e+01, sam_xdsr_test: 1.053e+01
23-11-27 17:58:31.963 : , G_loss_test: 3.221e-02, hsi_likelihood_test: 1.802e-02, msi_likelihood_test: 1.419e-02, regularization_degradation_test: 8.236e-09, regularization_phi_test: 1.705e-02, psnr_xr_test: 2.217e+01, sam_xr_test: 1.120e+01, psnr_yr_test: 2.026e+01, sam_yr_test: 1.236e+01, psnr_zr_test: 2.395e+01, sam_zr_test: 1.449e+01, ssim_zr_test: 8.859e-01, rmse_zr_test: 1.634e+01, ergas_zr_test: 1.032e+00, uqi_zr_test: 8.743e-01, psnr_xdsr_test: 2.225e+01, sam_xdsr_test: 1.016e+01
23-11-27 17:58:31.964 : , G_loss_test: 3.221e-02, hsi_likelihood_test: 1.802e-02, msi_likelihood_test: 1.419e-02, regularization_degradation_test: 8.236e-09, regularization_phi_test: 1.705e-02, psnr_xr_test: 2.217e+01, sam_xr_test: 1.120e+01, psnr_yr_test: 2.026e+01, sam_yr_test: 1.236e+01, psnr_zr_test: 2.395e+01, sam_zr_test: 1.449e+01, ssim_zr_test: 8.859e-01, rmse_zr_test: 1.634e+01, ergas_zr_test: 1.032e+00, uqi_zr_test: 8.743e-01, psnr_xdsr_test: 2.225e+01, sam_xdsr_test: 1.016e+01
23-11-27 17:58:36.944 : , G_loss_test: 2.625e-02, hsi_likelihood_test: 1.802e-02, msi_likelihood_test: 8.232e-03, regularization_degradation_test: 6.989e-09, regularization_phi_test: 2.469e-02, psnr_xr_test: 2.179e+01, sam_xr_test: 1.008e+01, psnr_yr_test: 2.529e+01, sam_yr_test: nan, psnr_zr_test: 2.336e+01, sam_zr_test: 1.360e+01, ssim_zr_test: 8.757e-01, rmse_zr_test: 1.684e+01, ergas_zr_test: 1.081e+00, uqi_zr_test: 8.916e-01, psnr_xdsr_test: 1.978e+01, sam_xdsr_test: 1.183e+01
23-11-27 17:58:36.945 : , G_loss_test: 2.625e-02, hsi_likelihood_test: 1.802e-02, msi_likelihood_test: 8.232e-03, regularization_degradation_test: 6.989e-09, regularization_phi_test: 2.469e-02, psnr_xr_test: 2.179e+01, sam_xr_test: 1.008e+01, psnr_yr_test: 2.529e+01, sam_yr_test: nan, psnr_zr_test: 2.336e+01, sam_zr_test: 1.360e+01, ssim_zr_test: 8.757e-01, rmse_zr_test: 1.684e+01, ergas_zr_test: 1.081e+00, uqi_zr_test: 8.916e-01, psnr_xdsr_test: 1.978e+01, sam_xdsr_test: 1.183e+01
23-11-27 17:58:41.694 : , G_loss_test: 2.246e-02, hsi_likelihood_test: 1.336e-02, msi_likelihood_test: 9.103e-03, regularization_degradation_test: 8.372e-09, regularization_phi_test: 2.295e-02, psnr_xr_test: 2.352e+01, sam_xr_test: 1.046e+01, psnr_yr_test: 2.393e+01, sam_yr_test: 1.151e+01, psnr_zr_test: 2.521e+01, sam_zr_test: 1.368e+01, ssim_zr_test: 8.964e-01, rmse_zr_test: 1.389e+01, ergas_zr_test: 8.811e-01, uqi_zr_test: 8.987e-01, psnr_xdsr_test: 2.012e+01, sam_xdsr_test: 1.167e+01
23-11-27 17:58:41.695 : , G_loss_test: 2.246e-02, hsi_likelihood_test: 1.336e-02, msi_likelihood_test: 9.103e-03, regularization_degradation_test: 8.372e-09, regularization_phi_test: 2.295e-02, psnr_xr_test: 2.352e+01, sam_xr_test: 1.046e+01, psnr_yr_test: 2.393e+01, sam_yr_test: 1.151e+01, psnr_zr_test: 2.521e+01, sam_zr_test: 1.368e+01, ssim_zr_test: 8.964e-01, rmse_zr_test: 1.389e+01, ergas_zr_test: 8.811e-01, uqi_zr_test: 8.987e-01, psnr_xdsr_test: 2.012e+01, sam_xdsr_test: 1.167e+01
23-11-27 17:58:46.150 : , G_loss_test: 3.511e-02, hsi_likelihood_test: 2.079e-02, msi_likelihood_test: 1.431e-02, regularization_degradation_test: 8.658e-09, regularization_phi_test: 3.125e-02, psnr_xr_test: 2.145e+01, sam_xr_test: 1.107e+01, psnr_yr_test: 2.043e+01, sam_yr_test: 1.228e+01, psnr_zr_test: 2.339e+01, sam_zr_test: 1.414e+01, ssim_zr_test: 8.795e-01, rmse_zr_test: 1.726e+01, ergas_zr_test: 1.092e+00, uqi_zr_test: 8.555e-01, psnr_xdsr_test: 1.827e+01, sam_xdsr_test: 1.206e+01
23-11-27 17:58:46.150 : , G_loss_test: 3.511e-02, hsi_likelihood_test: 2.079e-02, msi_likelihood_test: 1.431e-02, regularization_degradation_test: 8.658e-09, regularization_phi_test: 3.125e-02, psnr_xr_test: 2.145e+01, sam_xr_test: 1.107e+01, psnr_yr_test: 2.043e+01, sam_yr_test: 1.228e+01, psnr_zr_test: 2.339e+01, sam_zr_test: 1.414e+01, ssim_zr_test: 8.795e-01, rmse_zr_test: 1.726e+01, ergas_zr_test: 1.092e+00, uqi_zr_test: 8.555e-01, psnr_xdsr_test: 1.827e+01, sam_xdsr_test: 1.206e+01
23-11-27 17:58:50.891 : , G_loss_test: 3.670e-02, hsi_likelihood_test: 2.582e-02, msi_likelihood_test: 1.088e-02, regularization_degradation_test: 6.089e-09, regularization_phi_test: 1.392e-02, psnr_xr_test: 1.910e+01, sam_xr_test: 1.000e+01, psnr_yr_test: 2.237e+01, sam_yr_test: 1.198e+01, psnr_zr_test: 2.093e+01, sam_zr_test: 1.343e+01, ssim_zr_test: 8.537e-01, rmse_zr_test: 2.227e+01, ergas_zr_test: 1.434e+00, uqi_zr_test: 8.719e-01, psnr_xdsr_test: 2.319e+01, sam_xdsr_test: 1.014e+01
23-11-27 17:58:50.892 : , G_loss_test: 3.670e-02, hsi_likelihood_test: 2.582e-02, msi_likelihood_test: 1.088e-02, regularization_degradation_test: 6.089e-09, regularization_phi_test: 1.392e-02, psnr_xr_test: 1.910e+01, sam_xr_test: 1.000e+01, psnr_yr_test: 2.237e+01, sam_yr_test: 1.198e+01, psnr_zr_test: 2.093e+01, sam_zr_test: 1.343e+01, ssim_zr_test: 8.537e-01, rmse_zr_test: 2.227e+01, ergas_zr_test: 1.434e+00, uqi_zr_test: 8.719e-01, psnr_xdsr_test: 2.319e+01, sam_xdsr_test: 1.014e+01
23-11-27 17:58:55.686 : , G_loss_test: 4.935e-02, hsi_likelihood_test: 3.577e-02, msi_likelihood_test: 1.358e-02, regularization_degradation_test: 4.816e-09, regularization_phi_test: 2.610e-02, psnr_xr_test: 1.657e+01, sam_xr_test: 1.094e+01, psnr_yr_test: 1.946e+01, sam_yr_test: nan, psnr_zr_test: 1.884e+01, sam_zr_test: 1.423e+01, ssim_zr_test: 8.110e-01, rmse_zr_test: 2.831e+01, ergas_zr_test: 1.816e+00, uqi_zr_test: 8.154e-01, psnr_xdsr_test: 1.943e+01, sam_xdsr_test: 1.210e+01
23-11-27 17:58:55.686 : , G_loss_test: 4.935e-02, hsi_likelihood_test: 3.577e-02, msi_likelihood_test: 1.358e-02, regularization_degradation_test: 4.816e-09, regularization_phi_test: 2.610e-02, psnr_xr_test: 1.657e+01, sam_xr_test: 1.094e+01, psnr_yr_test: 1.946e+01, sam_yr_test: nan, psnr_zr_test: 1.884e+01, sam_zr_test: 1.423e+01, ssim_zr_test: 8.110e-01, rmse_zr_test: 2.831e+01, ergas_zr_test: 1.816e+00, uqi_zr_test: 8.154e-01, psnr_xdsr_test: 1.943e+01, sam_xdsr_test: 1.210e+01
23-11-27 17:59:00.456 : , G_loss_test: 3.256e-02, hsi_likelihood_test: 1.956e-02, msi_likelihood_test: 1.300e-02, regularization_degradation_test: 8.192e-09, regularization_phi_test: 4.059e-02, psnr_xr_test: 2.254e+01, sam_xr_test: 1.436e+01, psnr_yr_test: 2.242e+01, sam_yr_test: 1.210e+01, psnr_zr_test: 2.385e+01, sam_zr_test: 1.750e+01, ssim_zr_test: 7.683e-01, rmse_zr_test: 1.590e+01, ergas_zr_test: 1.017e+00, uqi_zr_test: 7.127e-01, psnr_xdsr_test: 1.641e+01, sam_xdsr_test: 1.388e+01
23-11-27 17:59:00.456 : , G_loss_test: 3.256e-02, hsi_likelihood_test: 1.956e-02, msi_likelihood_test: 1.300e-02, regularization_degradation_test: 8.192e-09, regularization_phi_test: 4.059e-02, psnr_xr_test: 2.254e+01, sam_xr_test: 1.436e+01, psnr_yr_test: 2.242e+01, sam_yr_test: 1.210e+01, psnr_zr_test: 2.385e+01, sam_zr_test: 1.750e+01, ssim_zr_test: 7.683e-01, rmse_zr_test: 1.590e+01, ergas_zr_test: 1.017e+00, uqi_zr_test: 7.127e-01, psnr_xdsr_test: 1.641e+01, sam_xdsr_test: 1.388e+01
23-11-27 17:59:05.389 : , G_loss_test: 5.221e-02, hsi_likelihood_test: 3.717e-02, msi_likelihood_test: 1.504e-02, regularization_degradation_test: 4.830e-09, regularization_phi_test: 1.732e-02, psnr_xr_test: 1.618e+01, sam_xr_test: 1.120e+01, psnr_yr_test: 1.839e+01, sam_yr_test: nan, psnr_zr_test: 1.839e+01, sam_zr_test: 1.451e+01, ssim_zr_test: 8.116e-01, rmse_zr_test: 3.023e+01, ergas_zr_test: 1.935e+00, uqi_zr_test: 8.165e-01, psnr_xdsr_test: 2.208e+01, sam_xdsr_test: 1.036e+01
23-11-27 17:59:05.389 : , G_loss_test: 5.221e-02, hsi_likelihood_test: 3.717e-02, msi_likelihood_test: 1.504e-02, regularization_degradation_test: 4.830e-09, regularization_phi_test: 1.732e-02, psnr_xr_test: 1.618e+01, sam_xr_test: 1.120e+01, psnr_yr_test: 1.839e+01, sam_yr_test: nan, psnr_zr_test: 1.839e+01, sam_zr_test: 1.451e+01, ssim_zr_test: 8.116e-01, rmse_zr_test: 3.023e+01, ergas_zr_test: 1.935e+00, uqi_zr_test: 8.165e-01, psnr_xdsr_test: 2.208e+01, sam_xdsr_test: 1.036e+01
23-11-27 17:59:10.208 : , G_loss_test: 2.143e-02, hsi_likelihood_test: 1.318e-02, msi_likelihood_test: 8.250e-03, regularization_degradation_test: 7.035e-09, regularization_phi_test: 1.412e-02, psnr_xr_test: 2.355e+01, sam_xr_test: 1.003e+01, psnr_yr_test: 2.507e+01, sam_yr_test: nan, psnr_zr_test: 2.499e+01, sam_zr_test: 1.350e+01, ssim_zr_test: 8.855e-01, rmse_zr_test: 1.396e+01, ergas_zr_test: 8.959e-01, uqi_zr_test: 8.890e-01, psnr_xdsr_test: 2.319e+01, sam_xdsr_test: 1.012e+01
23-11-27 17:59:10.209 : , G_loss_test: 2.143e-02, hsi_likelihood_test: 1.318e-02, msi_likelihood_test: 8.250e-03, regularization_degradation_test: 7.035e-09, regularization_phi_test: 1.412e-02, psnr_xr_test: 2.355e+01, sam_xr_test: 1.003e+01, psnr_yr_test: 2.507e+01, sam_yr_test: nan, psnr_zr_test: 2.499e+01, sam_zr_test: 1.350e+01, ssim_zr_test: 8.855e-01, rmse_zr_test: 1.396e+01, ergas_zr_test: 8.959e-01, uqi_zr_test: 8.890e-01, psnr_xdsr_test: 2.319e+01, sam_xdsr_test: 1.012e+01
23-11-27 17:59:15.182 : , G_loss_test: 3.699e-02, hsi_likelihood_test: 2.562e-02, msi_likelihood_test: 1.137e-02, regularization_degradation_test: 5.093e-09, regularization_phi_test: 2.790e-02, psnr_xr_test: 1.903e+01, sam_xr_test: 9.912e+00, psnr_yr_test: 2.210e+01, sam_yr_test: nan, psnr_zr_test: 2.100e+01, sam_zr_test: 1.333e+01, ssim_zr_test: 8.418e-01, rmse_zr_test: 2.199e+01, ergas_zr_test: 1.413e+00, uqi_zr_test: 8.727e-01, psnr_xdsr_test: 1.845e+01, sam_xdsr_test: 1.029e+01
23-11-27 17:59:15.183 : , G_loss_test: 3.699e-02, hsi_likelihood_test: 2.562e-02, msi_likelihood_test: 1.137e-02, regularization_degradation_test: 5.093e-09, regularization_phi_test: 2.790e-02, psnr_xr_test: 1.903e+01, sam_xr_test: 9.912e+00, psnr_yr_test: 2.210e+01, sam_yr_test: nan, psnr_zr_test: 2.100e+01, sam_zr_test: 1.333e+01, ssim_zr_test: 8.418e-01, rmse_zr_test: 2.199e+01, ergas_zr_test: 1.413e+00, uqi_zr_test: 8.727e-01, psnr_xdsr_test: 1.845e+01, sam_xdsr_test: 1.029e+01
23-11-27 17:59:20.173 : , G_loss_test: 4.256e-02, hsi_likelihood_test: 2.580e-02, msi_likelihood_test: 1.676e-02, regularization_degradation_test: 8.374e-09, regularization_phi_test: 4.464e-02, psnr_xr_test: 1.946e+01, sam_xr_test: 1.018e+01, psnr_yr_test: 1.833e+01, sam_yr_test: 1.237e+01, psnr_zr_test: 2.141e+01, sam_zr_test: 1.351e+01, ssim_zr_test: 8.886e-01, rmse_zr_test: 2.189e+01, ergas_zr_test: 1.387e+00, uqi_zr_test: 8.866e-01, psnr_xdsr_test: 1.572e+01, sam_xdsr_test: 1.428e+01
23-11-27 17:59:20.174 : , G_loss_test: 4.256e-02, hsi_likelihood_test: 2.580e-02, msi_likelihood_test: 1.676e-02, regularization_degradation_test: 8.374e-09, regularization_phi_test: 4.464e-02, psnr_xr_test: 1.946e+01, sam_xr_test: 1.018e+01, psnr_yr_test: 1.833e+01, sam_yr_test: 1.237e+01, psnr_zr_test: 2.141e+01, sam_zr_test: 1.351e+01, ssim_zr_test: 8.886e-01, rmse_zr_test: 2.189e+01, ergas_zr_test: 1.387e+00, uqi_zr_test: 8.866e-01, psnr_xdsr_test: 1.572e+01, sam_xdsr_test: 1.428e+01
23-11-27 17:59:25.100 : , G_loss_test: 4.199e-02, hsi_likelihood_test: 3.105e-02, msi_likelihood_test: 1.094e-02, regularization_degradation_test: 5.255e-09, regularization_phi_test: 1.682e-02, psnr_xr_test: 1.837e+01, sam_xr_test: 1.916e+01, psnr_yr_test: 2.160e+01, sam_yr_test: 1.298e+01, psnr_zr_test: 2.057e+01, sam_zr_test: 2.237e+01, ssim_zr_test: 6.956e-01, rmse_zr_test: 2.324e+01, ergas_zr_test: 1.489e+00, uqi_zr_test: 6.456e-01, psnr_xdsr_test: 2.282e+01, sam_xdsr_test: 1.472e+01
23-11-27 17:59:25.101 : , G_loss_test: 4.199e-02, hsi_likelihood_test: 3.105e-02, msi_likelihood_test: 1.094e-02, regularization_degradation_test: 5.255e-09, regularization_phi_test: 1.682e-02, psnr_xr_test: 1.837e+01, sam_xr_test: 1.916e+01, psnr_yr_test: 2.160e+01, sam_yr_test: 1.298e+01, psnr_zr_test: 2.057e+01, sam_zr_test: 2.237e+01, ssim_zr_test: 6.956e-01, rmse_zr_test: 2.324e+01, ergas_zr_test: 1.489e+00, uqi_zr_test: 6.456e-01, psnr_xdsr_test: 2.282e+01, sam_xdsr_test: 1.472e+01
23-11-27 17:59:30.388 : , G_loss_test: 6.168e-02, hsi_likelihood_test: 4.467e-02, msi_likelihood_test: 1.701e-02, regularization_degradation_test: 4.261e-09, regularization_phi_test: 1.512e-02, psnr_xr_test: 1.438e+01, sam_xr_test: 1.088e+01, psnr_yr_test: 1.707e+01, sam_yr_test: nan, psnr_zr_test: 1.663e+01, sam_zr_test: 1.433e+01, ssim_zr_test: 7.478e-01, rmse_zr_test: 3.646e+01, ergas_zr_test: 2.341e+00, uqi_zr_test: 7.794e-01, psnr_xdsr_test: 2.322e+01, sam_xdsr_test: 1.101e+01
23-11-27 17:59:30.389 : , G_loss_test: 6.168e-02, hsi_likelihood_test: 4.467e-02, msi_likelihood_test: 1.701e-02, regularization_degradation_test: 4.261e-09, regularization_phi_test: 1.512e-02, psnr_xr_test: 1.438e+01, sam_xr_test: 1.088e+01, psnr_yr_test: 1.707e+01, sam_yr_test: nan, psnr_zr_test: 1.663e+01, sam_zr_test: 1.433e+01, ssim_zr_test: 7.478e-01, rmse_zr_test: 3.646e+01, ergas_zr_test: 2.341e+00, uqi_zr_test: 7.794e-01, psnr_xdsr_test: 2.322e+01, sam_xdsr_test: 1.101e+01
23-11-27 17:59:35.239 : , G_loss_test: 3.929e-02, hsi_likelihood_test: 2.979e-02, msi_likelihood_test: 9.507e-03, regularization_degradation_test: 5.400e-09, regularization_phi_test: 3.188e-02, psnr_xr_test: 1.837e+01, sam_xr_test: 1.325e+01, psnr_yr_test: 2.261e+01, sam_yr_test: nan, psnr_zr_test: 2.059e+01, sam_zr_test: 1.663e+01, ssim_zr_test: 8.168e-01, rmse_zr_test: 2.323e+01, ergas_zr_test: 1.490e+00, uqi_zr_test: 7.809e-01, psnr_xdsr_test: 1.761e+01, sam_xdsr_test: 1.388e+01
23-11-27 17:59:35.239 : , G_loss_test: 3.929e-02, hsi_likelihood_test: 2.979e-02, msi_likelihood_test: 9.507e-03, regularization_degradation_test: 5.400e-09, regularization_phi_test: 3.188e-02, psnr_xr_test: 1.837e+01, sam_xr_test: 1.325e+01, psnr_yr_test: 2.261e+01, sam_yr_test: nan, psnr_zr_test: 2.059e+01, sam_zr_test: 1.663e+01, ssim_zr_test: 8.168e-01, rmse_zr_test: 2.323e+01, ergas_zr_test: 1.490e+00, uqi_zr_test: 7.809e-01, psnr_xdsr_test: 1.761e+01, sam_xdsr_test: 1.388e+01
23-11-27 17:59:40.156 : , G_loss_test: 2.331e-02, hsi_likelihood_test: 1.546e-02, msi_likelihood_test: 7.854e-03, regularization_degradation_test: 7.129e-09, regularization_phi_test: 1.547e-02, psnr_xr_test: 2.273e+01, sam_xr_test: 1.014e+01, psnr_yr_test: 2.531e+01, sam_yr_test: nan, psnr_zr_test: 2.417e+01, sam_zr_test: 1.359e+01, ssim_zr_test: 8.750e-01, rmse_zr_test: 1.539e+01, ergas_zr_test: 9.867e-01, uqi_zr_test: 8.833e-01, psnr_xdsr_test: 2.267e+01, sam_xdsr_test: 1.011e+01
23-11-27 17:59:40.156 : , G_loss_test: 2.331e-02, hsi_likelihood_test: 1.546e-02, msi_likelihood_test: 7.854e-03, regularization_degradation_test: 7.129e-09, regularization_phi_test: 1.547e-02, psnr_xr_test: 2.273e+01, sam_xr_test: 1.014e+01, psnr_yr_test: 2.531e+01, sam_yr_test: nan, psnr_zr_test: 2.417e+01, sam_zr_test: 1.359e+01, ssim_zr_test: 8.750e-01, rmse_zr_test: 1.539e+01, ergas_zr_test: 9.867e-01, uqi_zr_test: 8.833e-01, psnr_xdsr_test: 2.267e+01, sam_xdsr_test: 1.011e+01
23-11-27 17:59:45.083 : , G_loss_test: 1.987e-02, hsi_likelihood_test: 1.382e-02, msi_likelihood_test: 6.051e-03, regularization_degradation_test: 6.927e-09, regularization_phi_test: 1.446e-02, psnr_xr_test: 2.350e+01, sam_xr_test: 1.223e+01, psnr_yr_test: 2.600e+01, sam_yr_test: nan, psnr_zr_test: 2.530e+01, sam_zr_test: 1.558e+01, ssim_zr_test: 8.678e-01, rmse_zr_test: 1.366e+01, ergas_zr_test: 8.703e-01, uqi_zr_test: 8.357e-01, psnr_xdsr_test: 2.324e+01, sam_xdsr_test: 1.064e+01
23-11-27 17:59:45.083 : , G_loss_test: 1.987e-02, hsi_likelihood_test: 1.382e-02, msi_likelihood_test: 6.051e-03, regularization_degradation_test: 6.927e-09, regularization_phi_test: 1.446e-02, psnr_xr_test: 2.350e+01, sam_xr_test: 1.223e+01, psnr_yr_test: 2.600e+01, sam_yr_test: nan, psnr_zr_test: 2.530e+01, sam_zr_test: 1.558e+01, ssim_zr_test: 8.678e-01, rmse_zr_test: 1.366e+01, ergas_zr_test: 8.703e-01, uqi_zr_test: 8.357e-01, psnr_xdsr_test: 2.324e+01, sam_xdsr_test: 1.064e+01
23-11-27 17:59:49.920 : , G_loss_test: 2.070e-02, hsi_likelihood_test: 1.438e-02, msi_likelihood_test: 6.323e-03, regularization_degradation_test: 6.971e-09, regularization_phi_test: 1.391e-02, psnr_xr_test: 2.310e+01, sam_xr_test: 9.890e+00, psnr_yr_test: 2.629e+01, sam_yr_test: 1.207e+01, psnr_zr_test: 2.491e+01, sam_zr_test: 1.338e+01, ssim_zr_test: 8.935e-01, rmse_zr_test: 1.441e+01, ergas_zr_test: 9.212e-01, uqi_zr_test: 9.024e-01, psnr_xdsr_test: 2.325e+01, sam_xdsr_test: 1.038e+01
23-11-27 17:59:49.921 : , G_loss_test: 2.070e-02, hsi_likelihood_test: 1.438e-02, msi_likelihood_test: 6.323e-03, regularization_degradation_test: 6.971e-09, regularization_phi_test: 1.391e-02, psnr_xr_test: 2.310e+01, sam_xr_test: 9.890e+00, psnr_yr_test: 2.629e+01, sam_yr_test: 1.207e+01, psnr_zr_test: 2.491e+01, sam_zr_test: 1.338e+01, ssim_zr_test: 8.935e-01, rmse_zr_test: 1.441e+01, ergas_zr_test: 9.212e-01, uqi_zr_test: 9.024e-01, psnr_xdsr_test: 2.325e+01, sam_xdsr_test: 1.038e+01
23-11-27 17:59:54.883 : , G_loss_test: 2.041e-02, hsi_likelihood_test: 1.359e-02, msi_likelihood_test: 6.825e-03, regularization_degradation_test: 7.445e-09, regularization_phi_test: 3.657e-02, psnr_xr_test: 2.325e+01, sam_xr_test: 9.788e+00, psnr_yr_test: 2.596e+01, sam_yr_test: 1.202e+01, psnr_zr_test: 2.485e+01, sam_zr_test: 1.329e+01, ssim_zr_test: 8.929e-01, rmse_zr_test: 1.443e+01, ergas_zr_test: 9.214e-01, uqi_zr_test: 9.096e-01, psnr_xdsr_test: 1.608e+01, sam_xdsr_test: 1.018e+01
23-11-27 17:59:54.884 : , G_loss_test: 2.041e-02, hsi_likelihood_test: 1.359e-02, msi_likelihood_test: 6.825e-03, regularization_degradation_test: 7.445e-09, regularization_phi_test: 3.657e-02, psnr_xr_test: 2.325e+01, sam_xr_test: 9.788e+00, psnr_yr_test: 2.596e+01, sam_yr_test: 1.202e+01, psnr_zr_test: 2.485e+01, sam_zr_test: 1.329e+01, ssim_zr_test: 8.929e-01, rmse_zr_test: 1.443e+01, ergas_zr_test: 9.214e-01, uqi_zr_test: 9.096e-01, psnr_xdsr_test: 1.608e+01, sam_xdsr_test: 1.018e+01
23-11-27 17:59:59.645 : , G_loss_test: 4.930e-02, hsi_likelihood_test: 3.496e-02, msi_likelihood_test: 1.434e-02, regularization_degradation_test: 4.683e-09, regularization_phi_test: 1.566e-02, psnr_xr_test: 1.650e+01, sam_xr_test: 1.026e+01, psnr_yr_test: 1.906e+01, sam_yr_test: nan, psnr_zr_test: 1.862e+01, sam_zr_test: 1.364e+01, ssim_zr_test: 8.155e-01, rmse_zr_test: 2.900e+01, ergas_zr_test: 1.860e+00, uqi_zr_test: 8.416e-01, psnr_xdsr_test: 2.269e+01, sam_xdsr_test: 1.023e+01
23-11-27 17:59:59.646 : , G_loss_test: 4.930e-02, hsi_likelihood_test: 3.496e-02, msi_likelihood_test: 1.434e-02, regularization_degradation_test: 4.683e-09, regularization_phi_test: 1.566e-02, psnr_xr_test: 1.650e+01, sam_xr_test: 1.026e+01, psnr_yr_test: 1.906e+01, sam_yr_test: nan, psnr_zr_test: 1.862e+01, sam_zr_test: 1.364e+01, ssim_zr_test: 8.155e-01, rmse_zr_test: 2.900e+01, ergas_zr_test: 1.860e+00, uqi_zr_test: 8.416e-01, psnr_xdsr_test: 2.269e+01, sam_xdsr_test: 1.023e+01
23-11-27 18:00:04.595 : , G_loss_test: 4.551e-02, hsi_likelihood_test: 3.343e-02, msi_likelihood_test: 1.207e-02, regularization_degradation_test: 4.972e-09, regularization_phi_test: 1.541e-02, psnr_xr_test: 1.722e+01, sam_xr_test: 1.187e+01, psnr_yr_test: 2.065e+01, sam_yr_test: nan, psnr_zr_test: 1.933e+01, sam_zr_test: 1.479e+01, ssim_zr_test: 8.164e-01, rmse_zr_test: 2.680e+01, ergas_zr_test: 1.721e+00, uqi_zr_test: 8.128e-01, psnr_xdsr_test: 2.303e+01, sam_xdsr_test: 1.205e+01
23-11-27 18:00:04.595 : , G_loss_test: 4.551e-02, hsi_likelihood_test: 3.343e-02, msi_likelihood_test: 1.207e-02, regularization_degradation_test: 4.972e-09, regularization_phi_test: 1.541e-02, psnr_xr_test: 1.722e+01, sam_xr_test: 1.187e+01, psnr_yr_test: 2.065e+01, sam_yr_test: nan, psnr_zr_test: 1.933e+01, sam_zr_test: 1.479e+01, ssim_zr_test: 8.164e-01, rmse_zr_test: 2.680e+01, ergas_zr_test: 1.721e+00, uqi_zr_test: 8.128e-01, psnr_xdsr_test: 2.303e+01, sam_xdsr_test: 1.205e+01
23-11-27 18:00:14.465 : , G_loss_test: 9.875e-03, hsi_likelihood_test: 6.492e-03, msi_likelihood_test: 3.383e-03, regularization_degradation_test: 1.304e-09, regularization_phi_test: 8.627e-03, psnr_xr_test: 2.584e+01, sam_xr_test: 2.650e+01, psnr_yr_test: 2.999e+01, sam_yr_test: 2.065e+01, psnr_zr_test: 3.179e+01, sam_zr_test: 3.232e+01, ssim_zr_test: 8.466e-01, rmse_zr_test: 6.362e+00, ergas_zr_test: 1.364e+00, uqi_zr_test: 5.913e-01, psnr_xdsr_test: 2.340e+01, sam_xdsr_test: 2.863e+01
23-11-27 18:00:14.465 : , G_loss_test: 9.875e-03, hsi_likelihood_test: 6.492e-03, msi_likelihood_test: 3.383e-03, regularization_degradation_test: 1.304e-09, regularization_phi_test: 8.627e-03, psnr_xr_test: 2.584e+01, sam_xr_test: 2.650e+01, psnr_yr_test: 2.999e+01, sam_yr_test: 2.065e+01, psnr_zr_test: 3.179e+01, sam_zr_test: 3.232e+01, ssim_zr_test: 8.466e-01, rmse_zr_test: 6.362e+00, ergas_zr_test: 1.364e+00, uqi_zr_test: 5.913e-01, psnr_xdsr_test: 2.340e+01, sam_xdsr_test: 2.863e+01
23-11-27 18:00:19.229 : , G_loss_test: 9.338e-03, hsi_likelihood_test: 5.808e-03, msi_likelihood_test: 3.530e-03, regularization_degradation_test: 1.383e-09, regularization_phi_test: 8.449e-03, psnr_xr_test: 2.583e+01, sam_xr_test: 1.629e+01, psnr_yr_test: 2.925e+01, sam_yr_test: 1.455e+01, psnr_zr_test: 3.144e+01, sam_zr_test: 2.200e+01, ssim_zr_test: 8.855e-01, rmse_zr_test: 6.523e+00, ergas_zr_test: 1.415e+00, uqi_zr_test: 7.343e-01, psnr_xdsr_test: 2.559e+01, sam_xdsr_test: 2.202e+01
23-11-27 18:00:19.229 : , G_loss_test: 9.338e-03, hsi_likelihood_test: 5.808e-03, msi_likelihood_test: 3.530e-03, regularization_degradation_test: 1.383e-09, regularization_phi_test: 8.449e-03, psnr_xr_test: 2.583e+01, sam_xr_test: 1.629e+01, psnr_yr_test: 2.925e+01, sam_yr_test: 1.455e+01, psnr_zr_test: 3.144e+01, sam_zr_test: 2.200e+01, ssim_zr_test: 8.855e-01, rmse_zr_test: 6.523e+00, ergas_zr_test: 1.415e+00, uqi_zr_test: 7.343e-01, psnr_xdsr_test: 2.559e+01, sam_xdsr_test: 2.202e+01
23-11-27 18:00:24.059 : , G_loss_test: 8.301e-03, hsi_likelihood_test: 4.952e-03, msi_likelihood_test: 3.349e-03, regularization_degradation_test: 1.693e-09, regularization_phi_test: 6.127e-03, psnr_xr_test: 2.779e+01, sam_xr_test: 2.017e+01, psnr_yr_test: 3.077e+01, sam_yr_test: 1.644e+01, psnr_zr_test: 3.239e+01, sam_zr_test: 2.539e+01, ssim_zr_test: 8.629e-01, rmse_zr_test: 5.800e+00, ergas_zr_test: 1.272e+00, uqi_zr_test: 6.731e-01, psnr_xdsr_test: 2.632e+01, sam_xdsr_test: 2.889e+01
23-11-27 18:00:24.060 : , G_loss_test: 8.301e-03, hsi_likelihood_test: 4.952e-03, msi_likelihood_test: 3.349e-03, regularization_degradation_test: 1.693e-09, regularization_phi_test: 6.127e-03, psnr_xr_test: 2.779e+01, sam_xr_test: 2.017e+01, psnr_yr_test: 3.077e+01, sam_yr_test: 1.644e+01, psnr_zr_test: 3.239e+01, sam_zr_test: 2.539e+01, ssim_zr_test: 8.629e-01, rmse_zr_test: 5.800e+00, ergas_zr_test: 1.272e+00, uqi_zr_test: 6.731e-01, psnr_xdsr_test: 2.632e+01, sam_xdsr_test: 2.889e+01
23-11-27 18:00:29.031 : , G_loss_test: 8.462e-03, hsi_likelihood_test: 4.978e-03, msi_likelihood_test: 3.484e-03, regularization_degradation_test: 1.548e-09, regularization_phi_test: 6.987e-03, psnr_xr_test: 2.777e+01, sam_xr_test: 1.559e+01, psnr_yr_test: 2.930e+01, sam_yr_test: 1.618e+01, psnr_zr_test: 3.283e+01, sam_zr_test: 2.156e+01, ssim_zr_test: 9.035e-01, rmse_zr_test: 5.738e+00, ergas_zr_test: 1.310e+00, uqi_zr_test: 7.269e-01, psnr_xdsr_test: 2.514e+01, sam_xdsr_test: 1.855e+01
23-11-27 18:00:29.031 : , G_loss_test: 8.462e-03, hsi_likelihood_test: 4.978e-03, msi_likelihood_test: 3.484e-03, regularization_degradation_test: 1.548e-09, regularization_phi_test: 6.987e-03, psnr_xr_test: 2.777e+01, sam_xr_test: 1.559e+01, psnr_yr_test: 2.930e+01, sam_yr_test: 1.618e+01, psnr_zr_test: 3.283e+01, sam_zr_test: 2.156e+01, ssim_zr_test: 9.035e-01, rmse_zr_test: 5.738e+00, ergas_zr_test: 1.310e+00, uqi_zr_test: 7.269e-01, psnr_xdsr_test: 2.514e+01, sam_xdsr_test: 1.855e+01
23-11-27 18:00:33.954 : , G_loss_test: 1.053e-02, hsi_likelihood_test: 6.296e-03, msi_likelihood_test: 4.233e-03, regularization_degradation_test: 1.257e-09, regularization_phi_test: 1.255e-02, psnr_xr_test: 2.470e+01, sam_xr_test: 1.509e+01, psnr_yr_test: 2.776e+01, sam_yr_test: 1.559e+01, psnr_zr_test: 3.024e+01, sam_zr_test: 2.071e+01, ssim_zr_test: 8.722e-01, rmse_zr_test: 7.369e+00, ergas_zr_test: 1.629e+00, uqi_zr_test: 7.588e-01, psnr_xdsr_test: 2.142e+01, sam_xdsr_test: 2.436e+01
23-11-27 18:00:33.954 : , G_loss_test: 1.053e-02, hsi_likelihood_test: 6.296e-03, msi_likelihood_test: 4.233e-03, regularization_degradation_test: 1.257e-09, regularization_phi_test: 1.255e-02, psnr_xr_test: 2.470e+01, sam_xr_test: 1.509e+01, psnr_yr_test: 2.776e+01, sam_yr_test: 1.559e+01, psnr_zr_test: 3.024e+01, sam_zr_test: 2.071e+01, ssim_zr_test: 8.722e-01, rmse_zr_test: 7.369e+00, ergas_zr_test: 1.629e+00, uqi_zr_test: 7.588e-01, psnr_xdsr_test: 2.142e+01, sam_xdsr_test: 2.436e+01
23-11-27 18:00:39.011 : , G_loss_test: 1.447e-02, hsi_likelihood_test: 9.453e-03, msi_likelihood_test: 5.015e-03, regularization_degradation_test: 1.325e-09, regularization_phi_test: 1.026e-02, psnr_xr_test: 2.166e+01, sam_xr_test: 1.959e+01, psnr_yr_test: 2.633e+01, sam_yr_test: 1.498e+01, psnr_zr_test: 2.731e+01, sam_zr_test: 2.472e+01, ssim_zr_test: 7.340e-01, rmse_zr_test: 1.031e+01, ergas_zr_test: 2.276e+00, uqi_zr_test: 6.431e-01, psnr_xdsr_test: 2.304e+01, sam_xdsr_test: 2.327e+01
23-11-27 18:00:39.012 : , G_loss_test: 1.447e-02, hsi_likelihood_test: 9.453e-03, msi_likelihood_test: 5.015e-03, regularization_degradation_test: 1.325e-09, regularization_phi_test: 1.026e-02, psnr_xr_test: 2.166e+01, sam_xr_test: 1.959e+01, psnr_yr_test: 2.633e+01, sam_yr_test: 1.498e+01, psnr_zr_test: 2.731e+01, sam_zr_test: 2.472e+01, ssim_zr_test: 7.340e-01, rmse_zr_test: 1.031e+01, ergas_zr_test: 2.276e+00, uqi_zr_test: 6.431e-01, psnr_xdsr_test: 2.304e+01, sam_xdsr_test: 2.327e+01
23-11-27 18:00:43.958 : , G_loss_test: 8.684e-03, hsi_likelihood_test: 5.540e-03, msi_likelihood_test: 3.144e-03, regularization_degradation_test: 1.530e-09, regularization_phi_test: 1.072e-02, psnr_xr_test: 2.733e+01, sam_xr_test: 1.706e+01, psnr_yr_test: 3.150e+01, sam_yr_test: 1.464e+01, psnr_zr_test: 3.291e+01, sam_zr_test: 2.329e+01, ssim_zr_test: 8.654e-01, rmse_zr_test: 5.512e+00, ergas_zr_test: 1.197e+00, uqi_zr_test: 6.492e-01, psnr_xdsr_test: 2.100e+01, sam_xdsr_test: 1.893e+01
23-11-27 18:00:43.959 : , G_loss_test: 8.684e-03, hsi_likelihood_test: 5.540e-03, msi_likelihood_test: 3.144e-03, regularization_degradation_test: 1.530e-09, regularization_phi_test: 1.072e-02, psnr_xr_test: 2.733e+01, sam_xr_test: 1.706e+01, psnr_yr_test: 3.150e+01, sam_yr_test: 1.464e+01, psnr_zr_test: 3.291e+01, sam_zr_test: 2.329e+01, ssim_zr_test: 8.654e-01, rmse_zr_test: 5.512e+00, ergas_zr_test: 1.197e+00, uqi_zr_test: 6.492e-01, psnr_xdsr_test: 2.100e+01, sam_xdsr_test: 1.893e+01
23-11-27 18:00:48.834 : , G_loss_test: 7.585e-03, hsi_likelihood_test: 5.014e-03, msi_likelihood_test: 2.571e-03, regularization_degradation_test: 1.788e-09, regularization_phi_test: 5.265e-03, psnr_xr_test: 2.812e+01, sam_xr_test: 1.960e+01, psnr_yr_test: 3.147e+01, sam_yr_test: 1.772e+01, psnr_zr_test: 3.329e+01, sam_zr_test: 2.561e+01, ssim_zr_test: 8.861e-01, rmse_zr_test: 5.415e+00, ergas_zr_test: 1.198e+00, uqi_zr_test: 6.013e-01, psnr_xdsr_test: 2.771e+01, sam_xdsr_test: 2.056e+01
23-11-27 18:00:48.835 : , G_loss_test: 7.585e-03, hsi_likelihood_test: 5.014e-03, msi_likelihood_test: 2.571e-03, regularization_degradation_test: 1.788e-09, regularization_phi_test: 5.265e-03, psnr_xr_test: 2.812e+01, sam_xr_test: 1.960e+01, psnr_yr_test: 3.147e+01, sam_yr_test: 1.772e+01, psnr_zr_test: 3.329e+01, sam_zr_test: 2.561e+01, ssim_zr_test: 8.861e-01, rmse_zr_test: 5.415e+00, ergas_zr_test: 1.198e+00, uqi_zr_test: 6.013e-01, psnr_xdsr_test: 2.771e+01, sam_xdsr_test: 2.056e+01
23-11-27 18:00:53.617 : , G_loss_test: 9.314e-03, hsi_likelihood_test: 5.721e-03, msi_likelihood_test: 3.593e-03, regularization_degradation_test: 1.286e-09, regularization_phi_test: 7.571e-03, psnr_xr_test: 2.622e+01, sam_xr_test: 2.069e+01, psnr_yr_test: 2.884e+01, sam_yr_test: 1.683e+01, psnr_zr_test: 3.171e+01, sam_zr_test: 2.587e+01, ssim_zr_test: 8.500e-01, rmse_zr_test: 6.235e+00, ergas_zr_test: 1.408e+00, uqi_zr_test: 5.600e-01, psnr_xdsr_test: 2.389e+01, sam_xdsr_test: 1.675e+01
23-11-27 18:00:53.618 : , G_loss_test: 9.314e-03, hsi_likelihood_test: 5.721e-03, msi_likelihood_test: 3.593e-03, regularization_degradation_test: 1.286e-09, regularization_phi_test: 7.571e-03, psnr_xr_test: 2.622e+01, sam_xr_test: 2.069e+01, psnr_yr_test: 2.884e+01, sam_yr_test: 1.683e+01, psnr_zr_test: 3.171e+01, sam_zr_test: 2.587e+01, ssim_zr_test: 8.500e-01, rmse_zr_test: 6.235e+00, ergas_zr_test: 1.408e+00, uqi_zr_test: 5.600e-01, psnr_xdsr_test: 2.389e+01, sam_xdsr_test: 1.675e+01
23-11-27 18:00:58.554 : , G_loss_test: 8.469e-03, hsi_likelihood_test: 5.408e-03, msi_likelihood_test: 3.061e-03, regularization_degradation_test: 1.850e-09, regularization_phi_test: 8.474e-03, psnr_xr_test: 2.771e+01, sam_xr_test: 1.851e+01, psnr_yr_test: 2.979e+01, sam_yr_test: 1.527e+01, psnr_zr_test: 3.266e+01, sam_zr_test: 2.399e+01, ssim_zr_test: 8.590e-01, rmse_zr_test: 5.902e+00, ergas_zr_test: 1.341e+00, uqi_zr_test: 7.048e-01, psnr_xdsr_test: 2.618e+01, sam_xdsr_test: 2.241e+01
23-11-27 18:00:58.555 : , G_loss_test: 8.469e-03, hsi_likelihood_test: 5.408e-03, msi_likelihood_test: 3.061e-03, regularization_degradation_test: 1.850e-09, regularization_phi_test: 8.474e-03, psnr_xr_test: 2.771e+01, sam_xr_test: 1.851e+01, psnr_yr_test: 2.979e+01, sam_yr_test: 1.527e+01, psnr_zr_test: 3.266e+01, sam_zr_test: 2.399e+01, ssim_zr_test: 8.590e-01, rmse_zr_test: 5.902e+00, ergas_zr_test: 1.341e+00, uqi_zr_test: 7.048e-01, psnr_xdsr_test: 2.618e+01, sam_xdsr_test: 2.241e+01
23-11-27 18:01:03.513 : , G_loss_test: 2.097e-02, hsi_likelihood_test: 1.429e-02, msi_likelihood_test: 6.677e-03, regularization_degradation_test: 1.068e-09, regularization_phi_test: 1.135e-02, psnr_xr_test: 1.899e+01, sam_xr_test: 2.143e+01, psnr_yr_test: 2.439e+01, sam_yr_test: 1.619e+01, psnr_zr_test: 2.560e+01, sam_zr_test: 2.763e+01, ssim_zr_test: 6.462e-01, rmse_zr_test: 1.263e+01, ergas_zr_test: 2.757e+00, uqi_zr_test: 5.019e-01, psnr_xdsr_test: 2.325e+01, sam_xdsr_test: 2.320e+01
23-11-27 18:01:03.514 : , G_loss_test: 2.097e-02, hsi_likelihood_test: 1.429e-02, msi_likelihood_test: 6.677e-03, regularization_degradation_test: 1.068e-09, regularization_phi_test: 1.135e-02, psnr_xr_test: 1.899e+01, sam_xr_test: 2.143e+01, psnr_yr_test: 2.439e+01, sam_yr_test: 1.619e+01, psnr_zr_test: 2.560e+01, sam_zr_test: 2.763e+01, ssim_zr_test: 6.462e-01, rmse_zr_test: 1.263e+01, ergas_zr_test: 2.757e+00, uqi_zr_test: 5.019e-01, psnr_xdsr_test: 2.325e+01, sam_xdsr_test: 2.320e+01
23-11-27 18:01:08.270 : , G_loss_test: 1.725e-02, hsi_likelihood_test: 1.179e-02, msi_likelihood_test: 5.451e-03, regularization_degradation_test: 9.491e-10, regularization_phi_test: 7.317e-03, psnr_xr_test: 2.036e+01, sam_xr_test: 3.445e+01, psnr_yr_test: 2.573e+01, sam_yr_test: 2.236e+01, psnr_zr_test: 2.675e+01, sam_zr_test: 4.240e+01, ssim_zr_test: 6.608e-01, rmse_zr_test: 1.101e+01, ergas_zr_test: 2.420e+00, uqi_zr_test: 3.829e-01, psnr_xdsr_test: 2.379e+01, sam_xdsr_test: 2.020e+01
23-11-27 18:01:08.270 : , G_loss_test: 1.725e-02, hsi_likelihood_test: 1.179e-02, msi_likelihood_test: 5.451e-03, regularization_degradation_test: 9.491e-10, regularization_phi_test: 7.317e-03, psnr_xr_test: 2.036e+01, sam_xr_test: 3.445e+01, psnr_yr_test: 2.573e+01, sam_yr_test: 2.236e+01, psnr_zr_test: 2.675e+01, sam_zr_test: 4.240e+01, ssim_zr_test: 6.608e-01, rmse_zr_test: 1.101e+01, ergas_zr_test: 2.420e+00, uqi_zr_test: 3.829e-01, psnr_xdsr_test: 2.379e+01, sam_xdsr_test: 2.020e+01
23-11-27 18:01:12.985 : , G_loss_test: 1.012e-02, hsi_likelihood_test: 6.746e-03, msi_likelihood_test: 3.370e-03, regularization_degradation_test: 1.397e-09, regularization_phi_test: 5.929e-03, psnr_xr_test: 2.547e+01, sam_xr_test: 2.087e+01, psnr_yr_test: 3.037e+01, sam_yr_test: 1.669e+01, psnr_zr_test: 3.137e+01, sam_zr_test: 2.652e+01, ssim_zr_test: 8.494e-01, rmse_zr_test: 6.707e+00, ergas_zr_test: 1.425e+00, uqi_zr_test: 5.867e-01, psnr_xdsr_test: 2.627e+01, sam_xdsr_test: 1.915e+01
23-11-27 18:01:12.985 : , G_loss_test: 1.012e-02, hsi_likelihood_test: 6.746e-03, msi_likelihood_test: 3.370e-03, regularization_degradation_test: 1.397e-09, regularization_phi_test: 5.929e-03, psnr_xr_test: 2.547e+01, sam_xr_test: 2.087e+01, psnr_yr_test: 3.037e+01, sam_yr_test: 1.669e+01, psnr_zr_test: 3.137e+01, sam_zr_test: 2.652e+01, ssim_zr_test: 8.494e-01, rmse_zr_test: 6.707e+00, ergas_zr_test: 1.425e+00, uqi_zr_test: 5.867e-01, psnr_xdsr_test: 2.627e+01, sam_xdsr_test: 1.915e+01
23-11-27 18:01:17.870 : , G_loss_test: 8.367e-03, hsi_likelihood_test: 5.336e-03, msi_likelihood_test: 3.030e-03, regularization_degradation_test: 1.329e-09, regularization_phi_test: 4.706e-03, psnr_xr_test: 2.812e+01, sam_xr_test: 2.794e+01, psnr_yr_test: 3.142e+01, sam_yr_test: 2.177e+01, psnr_zr_test: 3.364e+01, sam_zr_test: 3.359e+01, ssim_zr_test: 8.329e-01, rmse_zr_test: 5.083e+00, ergas_zr_test: 1.129e+00, uqi_zr_test: 4.704e-01, psnr_xdsr_test: 2.853e+01, sam_xdsr_test: 1.522e+01
23-11-27 18:01:17.871 : , G_loss_test: 8.367e-03, hsi_likelihood_test: 5.336e-03, msi_likelihood_test: 3.030e-03, regularization_degradation_test: 1.329e-09, regularization_phi_test: 4.706e-03, psnr_xr_test: 2.812e+01, sam_xr_test: 2.794e+01, psnr_yr_test: 3.142e+01, sam_yr_test: 2.177e+01, psnr_zr_test: 3.364e+01, sam_zr_test: 3.359e+01, ssim_zr_test: 8.329e-01, rmse_zr_test: 5.083e+00, ergas_zr_test: 1.129e+00, uqi_zr_test: 4.704e-01, psnr_xdsr_test: 2.853e+01, sam_xdsr_test: 1.522e+01
23-11-27 18:01:22.753 : , G_loss_test: 9.438e-03, hsi_likelihood_test: 6.265e-03, msi_likelihood_test: 3.173e-03, regularization_degradation_test: 1.366e-09, regularization_phi_test: 1.026e-02, psnr_xr_test: 2.608e+01, sam_xr_test: 1.883e+01, psnr_yr_test: 3.104e+01, sam_yr_test: 1.830e+01, psnr_zr_test: 3.212e+01, sam_zr_test: 2.472e+01, ssim_zr_test: 8.545e-01, rmse_zr_test: 6.150e+00, ergas_zr_test: 1.310e+00, uqi_zr_test: 5.684e-01, psnr_xdsr_test: 2.161e+01, sam_xdsr_test: 1.810e+01
23-11-27 18:01:22.754 : , G_loss_test: 9.438e-03, hsi_likelihood_test: 6.265e-03, msi_likelihood_test: 3.173e-03, regularization_degradation_test: 1.366e-09, regularization_phi_test: 1.026e-02, psnr_xr_test: 2.608e+01, sam_xr_test: 1.883e+01, psnr_yr_test: 3.104e+01, sam_yr_test: 1.830e+01, psnr_zr_test: 3.212e+01, sam_zr_test: 2.472e+01, ssim_zr_test: 8.545e-01, rmse_zr_test: 6.150e+00, ergas_zr_test: 1.310e+00, uqi_zr_test: 5.684e-01, psnr_xdsr_test: 2.161e+01, sam_xdsr_test: 1.810e+01
23-11-27 18:01:27.614 : , G_loss_test: 8.472e-03, hsi_likelihood_test: 5.414e-03, msi_likelihood_test: 3.058e-03, regularization_degradation_test: 1.574e-09, regularization_phi_test: 8.240e-03, psnr_xr_test: 2.790e+01, sam_xr_test: 2.921e+01, psnr_yr_test: 3.041e+01, sam_yr_test: 2.108e+01, psnr_zr_test: 3.281e+01, sam_zr_test: 3.632e+01, ssim_zr_test: 8.457e-01, rmse_zr_test: 5.622e+00, ergas_zr_test: 1.284e+00, uqi_zr_test: 4.857e-01, psnr_xdsr_test: 2.248e+01, sam_xdsr_test: 1.900e+01
23-11-27 18:01:27.615 : , G_loss_test: 8.472e-03, hsi_likelihood_test: 5.414e-03, msi_likelihood_test: 3.058e-03, regularization_degradation_test: 1.574e-09, regularization_phi_test: 8.240e-03, psnr_xr_test: 2.790e+01, sam_xr_test: 2.921e+01, psnr_yr_test: 3.041e+01, sam_yr_test: 2.108e+01, psnr_zr_test: 3.281e+01, sam_zr_test: 3.632e+01, ssim_zr_test: 8.457e-01, rmse_zr_test: 5.622e+00, ergas_zr_test: 1.284e+00, uqi_zr_test: 4.857e-01, psnr_xdsr_test: 2.248e+01, sam_xdsr_test: 1.900e+01
23-11-27 18:01:32.385 : , G_loss_test: 2.061e-02, hsi_likelihood_test: 1.447e-02, msi_likelihood_test: 6.147e-03, regularization_degradation_test: 1.695e-09, regularization_phi_test: 7.005e-03, psnr_xr_test: 2.187e+01, sam_xr_test: 2.393e+01, psnr_yr_test: 2.788e+01, sam_yr_test: 1.565e+01, psnr_zr_test: 2.818e+01, sam_zr_test: 2.915e+01, ssim_zr_test: 5.249e-01, rmse_zr_test: 9.448e+00, ergas_zr_test: 2.048e+00, uqi_zr_test: 4.413e-01, psnr_xdsr_test: 2.639e+01, sam_xdsr_test: 1.992e+01
23-11-27 18:01:32.385 : , G_loss_test: 2.061e-02, hsi_likelihood_test: 1.447e-02, msi_likelihood_test: 6.147e-03, regularization_degradation_test: 1.695e-09, regularization_phi_test: 7.005e-03, psnr_xr_test: 2.187e+01, sam_xr_test: 2.393e+01, psnr_yr_test: 2.788e+01, sam_yr_test: 1.565e+01, psnr_zr_test: 2.818e+01, sam_zr_test: 2.915e+01, ssim_zr_test: 5.249e-01, rmse_zr_test: 9.448e+00, ergas_zr_test: 2.048e+00, uqi_zr_test: 4.413e-01, psnr_xdsr_test: 2.639e+01, sam_xdsr_test: 1.992e+01
23-11-27 18:01:37.297 : , G_loss_test: 7.267e-03, hsi_likelihood_test: 4.654e-03, msi_likelihood_test: 2.613e-03, regularization_degradation_test: 1.487e-09, regularization_phi_test: 6.975e-03, psnr_xr_test: 2.907e+01, sam_xr_test: 2.148e+01, psnr_yr_test: 3.224e+01, sam_yr_test: nan, psnr_zr_test: 3.376e+01, sam_zr_test: 2.675e+01, ssim_zr_test: 8.716e-01, rmse_zr_test: 5.127e+00, ergas_zr_test: 1.107e+00, uqi_zr_test: 5.832e-01, psnr_xdsr_test: 2.479e+01, sam_xdsr_test: 1.897e+01
23-11-27 18:01:37.297 : , G_loss_test: 7.267e-03, hsi_likelihood_test: 4.654e-03, msi_likelihood_test: 2.613e-03, regularization_degradation_test: 1.487e-09, regularization_phi_test: 6.975e-03, psnr_xr_test: 2.907e+01, sam_xr_test: 2.148e+01, psnr_yr_test: 3.224e+01, sam_yr_test: nan, psnr_zr_test: 3.376e+01, sam_zr_test: 2.675e+01, ssim_zr_test: 8.716e-01, rmse_zr_test: 5.127e+00, ergas_zr_test: 1.107e+00, uqi_zr_test: 5.832e-01, psnr_xdsr_test: 2.479e+01, sam_xdsr_test: 1.897e+01
23-11-27 18:01:42.058 : , G_loss_test: 1.640e-02, hsi_likelihood_test: 1.149e-02, msi_likelihood_test: 4.913e-03, regularization_degradation_test: 2.664e-09, regularization_phi_test: 6.250e-03, psnr_xr_test: 2.038e+01, sam_xr_test: 1.741e+01, psnr_yr_test: 2.440e+01, sam_yr_test: 1.499e+01, psnr_zr_test: 2.674e+01, sam_zr_test: 2.323e+01, ssim_zr_test: 8.531e-01, rmse_zr_test: 1.150e+01, ergas_zr_test: 2.700e+00, uqi_zr_test: 6.574e-01, psnr_xdsr_test: 2.663e+01, sam_xdsr_test: 3.582e+01
23-11-27 18:01:42.059 : , G_loss_test: 1.640e-02, hsi_likelihood_test: 1.149e-02, msi_likelihood_test: 4.913e-03, regularization_degradation_test: 2.664e-09, regularization_phi_test: 6.250e-03, psnr_xr_test: 2.038e+01, sam_xr_test: 1.741e+01, psnr_yr_test: 2.440e+01, sam_yr_test: 1.499e+01, psnr_zr_test: 2.674e+01, sam_zr_test: 2.323e+01, ssim_zr_test: 8.531e-01, rmse_zr_test: 1.150e+01, ergas_zr_test: 2.700e+00, uqi_zr_test: 6.574e-01, psnr_xdsr_test: 2.663e+01, sam_xdsr_test: 3.582e+01
23-11-27 18:01:46.900 : , G_loss_test: 9.435e-03, hsi_likelihood_test: 6.107e-03, msi_likelihood_test: 3.329e-03, regularization_degradation_test: 1.444e-09, regularization_phi_test: 1.030e-02, psnr_xr_test: 2.762e+01, sam_xr_test: 1.813e+01, psnr_yr_test: 3.165e+01, sam_yr_test: 1.537e+01, psnr_zr_test: 3.263e+01, sam_zr_test: 2.346e+01, ssim_zr_test: 7.943e-01, rmse_zr_test: 5.723e+00, ergas_zr_test: 1.228e+00, uqi_zr_test: 6.556e-01, psnr_xdsr_test: 1.997e+01, sam_xdsr_test: 1.798e+01
23-11-27 18:01:46.901 : , G_loss_test: 9.435e-03, hsi_likelihood_test: 6.107e-03, msi_likelihood_test: 3.329e-03, regularization_degradation_test: 1.444e-09, regularization_phi_test: 1.030e-02, psnr_xr_test: 2.762e+01, sam_xr_test: 1.813e+01, psnr_yr_test: 3.165e+01, sam_yr_test: 1.537e+01, psnr_zr_test: 3.263e+01, sam_zr_test: 2.346e+01, ssim_zr_test: 7.943e-01, rmse_zr_test: 5.723e+00, ergas_zr_test: 1.228e+00, uqi_zr_test: 6.556e-01, psnr_xdsr_test: 1.997e+01, sam_xdsr_test: 1.798e+01
23-11-27 18:01:51.692 : , G_loss_test: 7.677e-03, hsi_likelihood_test: 5.189e-03, msi_likelihood_test: 2.489e-03, regularization_degradation_test: 1.727e-09, regularization_phi_test: 9.838e-03, psnr_xr_test: 2.730e+01, sam_xr_test: 1.487e+01, psnr_yr_test: 3.345e+01, sam_yr_test: nan, psnr_zr_test: 3.277e+01, sam_zr_test: 2.145e+01, ssim_zr_test: 9.099e-01, rmse_zr_test: 5.506e+00, ergas_zr_test: 1.227e+00, uqi_zr_test: 6.960e-01, psnr_xdsr_test: 2.142e+01, sam_xdsr_test: 1.736e+01
23-11-27 18:01:51.693 : , G_loss_test: 7.677e-03, hsi_likelihood_test: 5.189e-03, msi_likelihood_test: 2.489e-03, regularization_degradation_test: 1.727e-09, regularization_phi_test: 9.838e-03, psnr_xr_test: 2.730e+01, sam_xr_test: 1.487e+01, psnr_yr_test: 3.345e+01, sam_yr_test: nan, psnr_zr_test: 3.277e+01, sam_zr_test: 2.145e+01, ssim_zr_test: 9.099e-01, rmse_zr_test: 5.506e+00, ergas_zr_test: 1.227e+00, uqi_zr_test: 6.960e-01, psnr_xdsr_test: 2.142e+01, sam_xdsr_test: 1.736e+01
23-11-27 18:01:56.609 : , G_loss_test: 7.779e-03, hsi_likelihood_test: 5.098e-03, msi_likelihood_test: 2.680e-03, regularization_degradation_test: 1.514e-09, regularization_phi_test: 7.691e-03, psnr_xr_test: 2.785e+01, sam_xr_test: 2.136e+01, psnr_yr_test: 3.235e+01, sam_yr_test: 1.516e+01, psnr_zr_test: 3.251e+01, sam_zr_test: 2.645e+01, ssim_zr_test: 8.571e-01, rmse_zr_test: 5.947e+00, ergas_zr_test: 1.254e+00, uqi_zr_test: 5.859e-01, psnr_xdsr_test: 2.347e+01, sam_xdsr_test: 1.764e+01
23-11-27 18:01:56.609 : , G_loss_test: 7.779e-03, hsi_likelihood_test: 5.098e-03, msi_likelihood_test: 2.680e-03, regularization_degradation_test: 1.514e-09, regularization_phi_test: 7.691e-03, psnr_xr_test: 2.785e+01, sam_xr_test: 2.136e+01, psnr_yr_test: 3.235e+01, sam_yr_test: 1.516e+01, psnr_zr_test: 3.251e+01, sam_zr_test: 2.645e+01, ssim_zr_test: 8.571e-01, rmse_zr_test: 5.947e+00, ergas_zr_test: 1.254e+00, uqi_zr_test: 5.859e-01, psnr_xdsr_test: 2.347e+01, sam_xdsr_test: 1.764e+01
23-11-27 18:02:01.513 : , G_loss_test: 1.243e-02, hsi_likelihood_test: 8.956e-03, msi_likelihood_test: 3.479e-03, regularization_degradation_test: 1.941e-09, regularization_phi_test: 1.992e-02, psnr_xr_test: 2.154e+01, sam_xr_test: 3.373e+01, psnr_yr_test: 2.662e+01, sam_yr_test: 2.101e+01, psnr_zr_test: 2.746e+01, sam_zr_test: 4.075e+01, ssim_zr_test: 8.638e-01, rmse_zr_test: 1.037e+01, ergas_zr_test: 2.418e+00, uqi_zr_test: 4.563e-01, psnr_xdsr_test: 1.483e+01, sam_xdsr_test: 2.079e+01
23-11-27 18:02:01.513 : , G_loss_test: 1.243e-02, hsi_likelihood_test: 8.956e-03, msi_likelihood_test: 3.479e-03, regularization_degradation_test: 1.941e-09, regularization_phi_test: 1.992e-02, psnr_xr_test: 2.154e+01, sam_xr_test: 3.373e+01, psnr_yr_test: 2.662e+01, sam_yr_test: 2.101e+01, psnr_zr_test: 2.746e+01, sam_zr_test: 4.075e+01, ssim_zr_test: 8.638e-01, rmse_zr_test: 1.037e+01, ergas_zr_test: 2.418e+00, uqi_zr_test: 4.563e-01, psnr_xdsr_test: 1.483e+01, sam_xdsr_test: 2.079e+01
23-11-27 18:02:06.396 : , G_loss_test: 1.599e-02, hsi_likelihood_test: 1.113e-02, msi_likelihood_test: 4.856e-03, regularization_degradation_test: 1.101e-09, regularization_phi_test: 1.002e-02, psnr_xr_test: 2.075e+01, sam_xr_test: 3.306e+01, psnr_yr_test: 2.674e+01, sam_yr_test: 2.176e+01, psnr_zr_test: 2.698e+01, sam_zr_test: 3.879e+01, ssim_zr_test: 6.703e-01, rmse_zr_test: 1.102e+01, ergas_zr_test: 2.360e+00, uqi_zr_test: 4.410e-01, psnr_xdsr_test: 2.219e+01, sam_xdsr_test: 3.949e+01
23-11-27 18:02:06.396 : , G_loss_test: 1.599e-02, hsi_likelihood_test: 1.113e-02, msi_likelihood_test: 4.856e-03, regularization_degradation_test: 1.101e-09, regularization_phi_test: 1.002e-02, psnr_xr_test: 2.075e+01, sam_xr_test: 3.306e+01, psnr_yr_test: 2.674e+01, sam_yr_test: 2.176e+01, psnr_zr_test: 2.698e+01, sam_zr_test: 3.879e+01, ssim_zr_test: 6.703e-01, rmse_zr_test: 1.102e+01, ergas_zr_test: 2.360e+00, uqi_zr_test: 4.410e-01, psnr_xdsr_test: 2.219e+01, sam_xdsr_test: 3.949e+01
23-11-27 18:02:16.227 : , G_loss_test: 5.109e-02, hsi_likelihood_test: 3.068e-02, msi_likelihood_test: 2.042e-02, regularization_degradation_test: 3.139e-09, regularization_phi_test: 3.225e-02, psnr_xr_test: 1.736e+01, sam_xr_test: 2.176e+01, psnr_yr_test: 1.494e+01, sam_yr_test: 2.203e+01, psnr_zr_test: 1.838e+01, sam_zr_test: 2.347e+01, ssim_zr_test: 6.929e-01, rmse_zr_test: 2.782e+01, ergas_zr_test: 2.321e+00, uqi_zr_test: 7.764e-01, psnr_xdsr_test: 1.734e+01, sam_xdsr_test: 2.183e+01
23-11-27 18:02:16.227 : , G_loss_test: 5.109e-02, hsi_likelihood_test: 3.068e-02, msi_likelihood_test: 2.042e-02, regularization_degradation_test: 3.139e-09, regularization_phi_test: 3.225e-02, psnr_xr_test: 1.736e+01, sam_xr_test: 2.176e+01, psnr_yr_test: 1.494e+01, sam_yr_test: 2.203e+01, psnr_zr_test: 1.838e+01, sam_zr_test: 2.347e+01, ssim_zr_test: 6.929e-01, rmse_zr_test: 2.782e+01, ergas_zr_test: 2.321e+00, uqi_zr_test: 7.764e-01, psnr_xdsr_test: 1.734e+01, sam_xdsr_test: 2.183e+01
23-11-27 18:02:21.015 : , G_loss_test: 5.431e-02, hsi_likelihood_test: 3.393e-02, msi_likelihood_test: 2.038e-02, regularization_degradation_test: 3.193e-09, regularization_phi_test: 3.156e-02, psnr_xr_test: 1.668e+01, sam_xr_test: 2.311e+01, psnr_yr_test: 1.496e+01, sam_yr_test: 2.194e+01, psnr_zr_test: 1.772e+01, sam_zr_test: 2.459e+01, ssim_zr_test: 6.605e-01, rmse_zr_test: 2.996e+01, ergas_zr_test: 2.424e+00, uqi_zr_test: 7.467e-01, psnr_xdsr_test: 1.746e+01, sam_xdsr_test: 2.165e+01
23-11-27 18:02:21.016 : , G_loss_test: 5.431e-02, hsi_likelihood_test: 3.393e-02, msi_likelihood_test: 2.038e-02, regularization_degradation_test: 3.193e-09, regularization_phi_test: 3.156e-02, psnr_xr_test: 1.668e+01, sam_xr_test: 2.311e+01, psnr_yr_test: 1.496e+01, sam_yr_test: 2.194e+01, psnr_zr_test: 1.772e+01, sam_zr_test: 2.459e+01, ssim_zr_test: 6.605e-01, rmse_zr_test: 2.996e+01, ergas_zr_test: 2.424e+00, uqi_zr_test: 7.467e-01, psnr_xdsr_test: 1.746e+01, sam_xdsr_test: 2.165e+01
23-11-27 18:02:25.899 : , G_loss_test: 5.310e-02, hsi_likelihood_test: 3.199e-02, msi_likelihood_test: 2.111e-02, regularization_degradation_test: 3.069e-09, regularization_phi_test: 3.495e-02, psnr_xr_test: 1.730e+01, sam_xr_test: 2.135e+01, psnr_yr_test: 1.434e+01, sam_yr_test: 2.190e+01, psnr_zr_test: 1.836e+01, sam_zr_test: 2.353e+01, ssim_zr_test: 6.068e-01, rmse_zr_test: 2.787e+01, ergas_zr_test: 2.381e+00, uqi_zr_test: 7.794e-01, psnr_xdsr_test: 1.653e+01, sam_xdsr_test: 2.246e+01
23-11-27 18:02:25.899 : , G_loss_test: 5.310e-02, hsi_likelihood_test: 3.199e-02, msi_likelihood_test: 2.111e-02, regularization_degradation_test: 3.069e-09, regularization_phi_test: 3.495e-02, psnr_xr_test: 1.730e+01, sam_xr_test: 2.135e+01, psnr_yr_test: 1.434e+01, sam_yr_test: 2.190e+01, psnr_zr_test: 1.836e+01, sam_zr_test: 2.353e+01, ssim_zr_test: 6.068e-01, rmse_zr_test: 2.787e+01, ergas_zr_test: 2.381e+00, uqi_zr_test: 7.794e-01, psnr_xdsr_test: 1.653e+01, sam_xdsr_test: 2.246e+01
23-11-27 18:02:30.813 : , G_loss_test: 5.046e-02, hsi_likelihood_test: 3.030e-02, msi_likelihood_test: 2.016e-02, regularization_degradation_test: 3.041e-09, regularization_phi_test: 2.982e-02, psnr_xr_test: 1.758e+01, sam_xr_test: 2.115e+01, psnr_yr_test: 1.481e+01, sam_yr_test: 2.196e+01, psnr_zr_test: 1.863e+01, sam_zr_test: 2.287e+01, ssim_zr_test: 6.664e-01, rmse_zr_test: 2.699e+01, ergas_zr_test: 2.301e+00, uqi_zr_test: 7.876e-01, psnr_xdsr_test: 1.758e+01, sam_xdsr_test: 2.123e+01
23-11-27 18:02:30.813 : , G_loss_test: 5.046e-02, hsi_likelihood_test: 3.030e-02, msi_likelihood_test: 2.016e-02, regularization_degradation_test: 3.041e-09, regularization_phi_test: 2.982e-02, psnr_xr_test: 1.758e+01, sam_xr_test: 2.115e+01, psnr_yr_test: 1.481e+01, sam_yr_test: 2.196e+01, psnr_zr_test: 1.863e+01, sam_zr_test: 2.287e+01, ssim_zr_test: 6.664e-01, rmse_zr_test: 2.699e+01, ergas_zr_test: 2.301e+00, uqi_zr_test: 7.876e-01, psnr_xdsr_test: 1.758e+01, sam_xdsr_test: 2.123e+01
23-11-27 18:02:35.797 : , G_loss_test: 5.432e-02, hsi_likelihood_test: 3.508e-02, msi_likelihood_test: 1.924e-02, regularization_degradation_test: 3.522e-09, regularization_phi_test: 3.233e-02, psnr_xr_test: 1.654e+01, sam_xr_test: 2.233e+01, psnr_yr_test: 1.566e+01, sam_yr_test: 2.203e+01, psnr_zr_test: 1.754e+01, sam_zr_test: 2.369e+01, ssim_zr_test: 6.768e-01, rmse_zr_test: 3.056e+01, ergas_zr_test: 2.423e+00, uqi_zr_test: 7.521e-01, psnr_xdsr_test: 1.698e+01, sam_xdsr_test: 2.131e+01
23-11-27 18:02:35.797 : , G_loss_test: 5.432e-02, hsi_likelihood_test: 3.508e-02, msi_likelihood_test: 1.924e-02, regularization_degradation_test: 3.522e-09, regularization_phi_test: 3.233e-02, psnr_xr_test: 1.654e+01, sam_xr_test: 2.233e+01, psnr_yr_test: 1.566e+01, sam_yr_test: 2.203e+01, psnr_zr_test: 1.754e+01, sam_zr_test: 2.369e+01, ssim_zr_test: 6.768e-01, rmse_zr_test: 3.056e+01, ergas_zr_test: 2.423e+00, uqi_zr_test: 7.521e-01, psnr_xdsr_test: 1.698e+01, sam_xdsr_test: 2.131e+01
23-11-27 18:02:40.701 : , G_loss_test: 5.843e-02, hsi_likelihood_test: 3.761e-02, msi_likelihood_test: 2.083e-02, regularization_degradation_test: 2.785e-09, regularization_phi_test: 3.419e-02, psnr_xr_test: 1.608e+01, sam_xr_test: 2.197e+01, psnr_yr_test: 1.427e+01, sam_yr_test: 2.247e+01, psnr_zr_test: 1.728e+01, sam_zr_test: 2.404e+01, ssim_zr_test: 5.786e-01, rmse_zr_test: 3.108e+01, ergas_zr_test: 2.559e+00, uqi_zr_test: 7.131e-01, psnr_xdsr_test: 1.636e+01, sam_xdsr_test: 2.147e+01
23-11-27 18:02:40.702 : , G_loss_test: 5.843e-02, hsi_likelihood_test: 3.761e-02, msi_likelihood_test: 2.083e-02, regularization_degradation_test: 2.785e-09, regularization_phi_test: 3.419e-02, psnr_xr_test: 1.608e+01, sam_xr_test: 2.197e+01, psnr_yr_test: 1.427e+01, sam_yr_test: 2.247e+01, psnr_zr_test: 1.728e+01, sam_zr_test: 2.404e+01, ssim_zr_test: 5.786e-01, rmse_zr_test: 3.108e+01, ergas_zr_test: 2.559e+00, uqi_zr_test: 7.131e-01, psnr_xdsr_test: 1.636e+01, sam_xdsr_test: 2.147e+01
23-11-27 18:02:45.633 : , G_loss_test: 6.579e-02, hsi_likelihood_test: 4.518e-02, msi_likelihood_test: 2.061e-02, regularization_degradation_test: 3.436e-09, regularization_phi_test: 3.183e-02, psnr_xr_test: 1.542e+01, sam_xr_test: 2.352e+01, psnr_yr_test: 1.529e+01, sam_yr_test: 2.208e+01, psnr_zr_test: 1.655e+01, sam_zr_test: 2.551e+01, ssim_zr_test: 5.885e-01, rmse_zr_test: 3.454e+01, ergas_zr_test: 2.632e+00, uqi_zr_test: 6.730e-01, psnr_xdsr_test: 1.743e+01, sam_xdsr_test: 2.100e+01
23-11-27 18:02:45.633 : , G_loss_test: 6.579e-02, hsi_likelihood_test: 4.518e-02, msi_likelihood_test: 2.061e-02, regularization_degradation_test: 3.436e-09, regularization_phi_test: 3.183e-02, psnr_xr_test: 1.542e+01, sam_xr_test: 2.352e+01, psnr_yr_test: 1.529e+01, sam_yr_test: 2.208e+01, psnr_zr_test: 1.655e+01, sam_zr_test: 2.551e+01, ssim_zr_test: 5.885e-01, rmse_zr_test: 3.454e+01, ergas_zr_test: 2.632e+00, uqi_zr_test: 6.730e-01, psnr_xdsr_test: 1.743e+01, sam_xdsr_test: 2.100e+01
23-11-27 18:02:50.586 : , G_loss_test: 5.299e-02, hsi_likelihood_test: 3.121e-02, msi_likelihood_test: 2.178e-02, regularization_degradation_test: 3.026e-09, regularization_phi_test: 3.080e-02, psnr_xr_test: 1.718e+01, sam_xr_test: 2.205e+01, psnr_yr_test: 1.420e+01, sam_yr_test: 2.186e+01, psnr_zr_test: 1.817e+01, sam_zr_test: 2.376e+01, ssim_zr_test: 5.810e-01, rmse_zr_test: 2.840e+01, ergas_zr_test: 2.432e+00, uqi_zr_test: 7.573e-01, psnr_xdsr_test: 1.754e+01, sam_xdsr_test: 2.081e+01
23-11-27 18:02:50.587 : , G_loss_test: 5.299e-02, hsi_likelihood_test: 3.121e-02, msi_likelihood_test: 2.178e-02, regularization_degradation_test: 3.026e-09, regularization_phi_test: 3.080e-02, psnr_xr_test: 1.718e+01, sam_xr_test: 2.205e+01, psnr_yr_test: 1.420e+01, sam_yr_test: 2.186e+01, psnr_zr_test: 1.817e+01, sam_zr_test: 2.376e+01, ssim_zr_test: 5.810e-01, rmse_zr_test: 2.840e+01, ergas_zr_test: 2.432e+00, uqi_zr_test: 7.573e-01, psnr_xdsr_test: 1.754e+01, sam_xdsr_test: 2.081e+01
23-11-27 18:02:55.566 : , G_loss_test: 5.298e-02, hsi_likelihood_test: 3.206e-02, msi_likelihood_test: 2.091e-02, regularization_degradation_test: 3.129e-09, regularization_phi_test: 3.335e-02, psnr_xr_test: 1.687e+01, sam_xr_test: 2.125e+01, psnr_yr_test: 1.458e+01, sam_yr_test: 2.209e+01, psnr_zr_test: 1.779e+01, sam_zr_test: 2.288e+01, ssim_zr_test: 6.282e-01, rmse_zr_test: 2.970e+01, ergas_zr_test: 2.444e+00, uqi_zr_test: 7.699e-01, psnr_xdsr_test: 1.654e+01, sam_xdsr_test: 2.114e+01
23-11-27 18:02:55.567 : , G_loss_test: 5.298e-02, hsi_likelihood_test: 3.206e-02, msi_likelihood_test: 2.091e-02, regularization_degradation_test: 3.129e-09, regularization_phi_test: 3.335e-02, psnr_xr_test: 1.687e+01, sam_xr_test: 2.125e+01, psnr_yr_test: 1.458e+01, sam_yr_test: 2.209e+01, psnr_zr_test: 1.779e+01, sam_zr_test: 2.288e+01, ssim_zr_test: 6.282e-01, rmse_zr_test: 2.970e+01, ergas_zr_test: 2.444e+00, uqi_zr_test: 7.699e-01, psnr_xdsr_test: 1.654e+01, sam_xdsr_test: 2.114e+01
23-11-27 18:03:00.535 : , G_loss_test: 4.876e-02, hsi_likelihood_test: 2.858e-02, msi_likelihood_test: 2.018e-02, regularization_degradation_test: 3.165e-09, regularization_phi_test: 3.772e-02, psnr_xr_test: 1.771e+01, sam_xr_test: 2.018e+01, psnr_yr_test: 1.476e+01, sam_yr_test: 2.223e+01, psnr_zr_test: 1.864e+01, sam_zr_test: 2.217e+01, ssim_zr_test: 6.795e-01, rmse_zr_test: 2.699e+01, ergas_zr_test: 2.292e+00, uqi_zr_test: 7.990e-01, psnr_xdsr_test: 1.599e+01, sam_xdsr_test: 2.255e+01
23-11-27 18:03:00.535 : , G_loss_test: 4.876e-02, hsi_likelihood_test: 2.858e-02, msi_likelihood_test: 2.018e-02, regularization_degradation_test: 3.165e-09, regularization_phi_test: 3.772e-02, psnr_xr_test: 1.771e+01, sam_xr_test: 2.018e+01, psnr_yr_test: 1.476e+01, sam_yr_test: 2.223e+01, psnr_zr_test: 1.864e+01, sam_zr_test: 2.217e+01, ssim_zr_test: 6.795e-01, rmse_zr_test: 2.699e+01, ergas_zr_test: 2.292e+00, uqi_zr_test: 7.990e-01, psnr_xdsr_test: 1.599e+01, sam_xdsr_test: 2.255e+01
23-11-27 18:03:05.372 : , G_loss_test: 5.296e-02, hsi_likelihood_test: 3.234e-02, msi_likelihood_test: 2.061e-02, regularization_degradation_test: 2.806e-09, regularization_phi_test: 4.539e-02, psnr_xr_test: 1.663e+01, sam_xr_test: 2.254e+01, psnr_yr_test: 1.459e+01, sam_yr_test: 2.218e+01, psnr_zr_test: 1.751e+01, sam_zr_test: 2.636e+01, ssim_zr_test: 6.150e-01, rmse_zr_test: 3.043e+01, ergas_zr_test: 2.465e+00, uqi_zr_test: 6.939e-01, psnr_xdsr_test: 1.502e+01, sam_xdsr_test: 2.935e+01
23-11-27 18:03:05.373 : , G_loss_test: 5.296e-02, hsi_likelihood_test: 3.234e-02, msi_likelihood_test: 2.061e-02, regularization_degradation_test: 2.806e-09, regularization_phi_test: 4.539e-02, psnr_xr_test: 1.663e+01, sam_xr_test: 2.254e+01, psnr_yr_test: 1.459e+01, sam_yr_test: 2.218e+01, psnr_zr_test: 1.751e+01, sam_zr_test: 2.636e+01, ssim_zr_test: 6.150e-01, rmse_zr_test: 3.043e+01, ergas_zr_test: 2.465e+00, uqi_zr_test: 6.939e-01, psnr_xdsr_test: 1.502e+01, sam_xdsr_test: 2.935e+01
23-11-27 18:03:10.245 : , G_loss_test: 5.046e-02, hsi_likelihood_test: 3.030e-02, msi_likelihood_test: 2.016e-02, regularization_degradation_test: 2.926e-09, regularization_phi_test: 2.953e-02, psnr_xr_test: 1.749e+01, sam_xr_test: 2.081e+01, psnr_yr_test: 1.492e+01, sam_yr_test: 2.304e+01, psnr_zr_test: 1.845e+01, sam_zr_test: 2.298e+01, ssim_zr_test: 6.972e-01, rmse_zr_test: 2.731e+01, ergas_zr_test: 2.292e+00, uqi_zr_test: 7.597e-01, psnr_xdsr_test: 1.776e+01, sam_xdsr_test: 2.050e+01
23-11-27 18:03:10.245 : , G_loss_test: 5.046e-02, hsi_likelihood_test: 3.030e-02, msi_likelihood_test: 2.016e-02, regularization_degradation_test: 2.926e-09, regularization_phi_test: 2.953e-02, psnr_xr_test: 1.749e+01, sam_xr_test: 2.081e+01, psnr_yr_test: 1.492e+01, sam_yr_test: 2.304e+01, psnr_zr_test: 1.845e+01, sam_zr_test: 2.298e+01, ssim_zr_test: 6.972e-01, rmse_zr_test: 2.731e+01, ergas_zr_test: 2.292e+00, uqi_zr_test: 7.597e-01, psnr_xdsr_test: 1.776e+01, sam_xdsr_test: 2.050e+01
23-11-27 18:03:15.142 : , G_loss_test: 5.972e-02, hsi_likelihood_test: 4.016e-02, msi_likelihood_test: 1.956e-02, regularization_degradation_test: 3.247e-09, regularization_phi_test: 3.608e-02, psnr_xr_test: 1.526e+01, sam_xr_test: 2.129e+01, psnr_yr_test: 1.538e+01, sam_yr_test: 2.219e+01, psnr_zr_test: 1.615e+01, sam_zr_test: 2.301e+01, ssim_zr_test: 6.720e-01, rmse_zr_test: 3.721e+01, ergas_zr_test: 2.767e+00, uqi_zr_test: 7.574e-01, psnr_xdsr_test: 1.649e+01, sam_xdsr_test: 2.249e+01
23-11-27 18:03:15.142 : , G_loss_test: 5.972e-02, hsi_likelihood_test: 4.016e-02, msi_likelihood_test: 1.956e-02, regularization_degradation_test: 3.247e-09, regularization_phi_test: 3.608e-02, psnr_xr_test: 1.526e+01, sam_xr_test: 2.129e+01, psnr_yr_test: 1.538e+01, sam_yr_test: 2.219e+01, psnr_zr_test: 1.615e+01, sam_zr_test: 2.301e+01, ssim_zr_test: 6.720e-01, rmse_zr_test: 3.721e+01, ergas_zr_test: 2.767e+00, uqi_zr_test: 7.574e-01, psnr_xdsr_test: 1.649e+01, sam_xdsr_test: 2.249e+01
23-11-27 18:03:20.008 : , G_loss_test: 4.954e-02, hsi_likelihood_test: 2.998e-02, msi_likelihood_test: 1.956e-02, regularization_degradation_test: 3.211e-09, regularization_phi_test: 3.661e-02, psnr_xr_test: 1.715e+01, sam_xr_test: 2.072e+01, psnr_yr_test: 1.513e+01, sam_yr_test: 2.226e+01, psnr_zr_test: 1.813e+01, sam_zr_test: 2.253e+01, ssim_zr_test: 6.942e-01, rmse_zr_test: 2.842e+01, ergas_zr_test: 2.355e+00, uqi_zr_test: 7.871e-01, psnr_xdsr_test: 1.583e+01, sam_xdsr_test: 2.197e+01
23-11-27 18:03:20.009 : , G_loss_test: 4.954e-02, hsi_likelihood_test: 2.998e-02, msi_likelihood_test: 1.956e-02, regularization_degradation_test: 3.211e-09, regularization_phi_test: 3.661e-02, psnr_xr_test: 1.715e+01, sam_xr_test: 2.072e+01, psnr_yr_test: 1.513e+01, sam_yr_test: 2.226e+01, psnr_zr_test: 1.813e+01, sam_zr_test: 2.253e+01, ssim_zr_test: 6.942e-01, rmse_zr_test: 2.842e+01, ergas_zr_test: 2.355e+00, uqi_zr_test: 7.871e-01, psnr_xdsr_test: 1.583e+01, sam_xdsr_test: 2.197e+01
23-11-27 18:03:24.915 : , G_loss_test: 6.790e-02, hsi_likelihood_test: 5.079e-02, msi_likelihood_test: 1.710e-02, regularization_degradation_test: 4.057e-09, regularization_phi_test: 3.454e-02, psnr_xr_test: 1.440e+01, sam_xr_test: 2.316e+01, psnr_yr_test: 1.728e+01, sam_yr_test: 2.203e+01, psnr_zr_test: 1.548e+01, sam_zr_test: 2.436e+01, ssim_zr_test: 6.429e-01, rmse_zr_test: 4.021e+01, ergas_zr_test: 2.963e+00, uqi_zr_test: 6.904e-01, psnr_xdsr_test: 1.705e+01, sam_xdsr_test: 2.249e+01
23-11-27 18:03:24.915 : , G_loss_test: 6.790e-02, hsi_likelihood_test: 5.079e-02, msi_likelihood_test: 1.710e-02, regularization_degradation_test: 4.057e-09, regularization_phi_test: 3.454e-02, psnr_xr_test: 1.440e+01, sam_xr_test: 2.316e+01, psnr_yr_test: 1.728e+01, sam_yr_test: 2.203e+01, psnr_zr_test: 1.548e+01, sam_zr_test: 2.436e+01, ssim_zr_test: 6.429e-01, rmse_zr_test: 4.021e+01, ergas_zr_test: 2.963e+00, uqi_zr_test: 6.904e-01, psnr_xdsr_test: 1.705e+01, sam_xdsr_test: 2.249e+01
23-11-27 18:03:29.844 : , G_loss_test: 5.756e-02, hsi_likelihood_test: 3.769e-02, msi_likelihood_test: 1.988e-02, regularization_degradation_test: 3.341e-09, regularization_phi_test: 2.939e-02, psnr_xr_test: 1.615e+01, sam_xr_test: 2.188e+01, psnr_yr_test: 1.547e+01, sam_yr_test: 2.168e+01, psnr_zr_test: 1.712e+01, sam_zr_test: 2.373e+01, ssim_zr_test: 6.227e-01, rmse_zr_test: 3.207e+01, ergas_zr_test: 2.524e+00, uqi_zr_test: 7.311e-01, psnr_xdsr_test: 1.762e+01, sam_xdsr_test: 2.050e+01
23-11-27 18:03:29.844 : , G_loss_test: 5.756e-02, hsi_likelihood_test: 3.769e-02, msi_likelihood_test: 1.988e-02, regularization_degradation_test: 3.341e-09, regularization_phi_test: 2.939e-02, psnr_xr_test: 1.615e+01, sam_xr_test: 2.188e+01, psnr_yr_test: 1.547e+01, sam_yr_test: 2.168e+01, psnr_zr_test: 1.712e+01, sam_zr_test: 2.373e+01, ssim_zr_test: 6.227e-01, rmse_zr_test: 3.207e+01, ergas_zr_test: 2.524e+00, uqi_zr_test: 7.311e-01, psnr_xdsr_test: 1.762e+01, sam_xdsr_test: 2.050e+01
23-11-27 18:03:34.755 : , G_loss_test: 5.655e-02, hsi_likelihood_test: 3.629e-02, msi_likelihood_test: 2.026e-02, regularization_degradation_test: 3.164e-09, regularization_phi_test: 2.969e-02, psnr_xr_test: 1.622e+01, sam_xr_test: 2.189e+01, psnr_yr_test: 1.522e+01, sam_yr_test: 2.219e+01, psnr_zr_test: 1.721e+01, sam_zr_test: 2.368e+01, ssim_zr_test: 6.504e-01, rmse_zr_test: 3.195e+01, ergas_zr_test: 2.507e+00, uqi_zr_test: 7.464e-01, psnr_xdsr_test: 1.722e+01, sam_xdsr_test: 2.089e+01
23-11-27 18:03:34.756 : , G_loss_test: 5.655e-02, hsi_likelihood_test: 3.629e-02, msi_likelihood_test: 2.026e-02, regularization_degradation_test: 3.164e-09, regularization_phi_test: 2.969e-02, psnr_xr_test: 1.622e+01, sam_xr_test: 2.189e+01, psnr_yr_test: 1.522e+01, sam_yr_test: 2.219e+01, psnr_zr_test: 1.721e+01, sam_zr_test: 2.368e+01, ssim_zr_test: 6.504e-01, rmse_zr_test: 3.195e+01, ergas_zr_test: 2.507e+00, uqi_zr_test: 7.464e-01, psnr_xdsr_test: 1.722e+01, sam_xdsr_test: 2.089e+01
23-11-27 18:03:39.694 : , G_loss_test: 4.851e-02, hsi_likelihood_test: 2.887e-02, msi_likelihood_test: 1.964e-02, regularization_degradation_test: 3.175e-09, regularization_phi_test: 3.266e-02, psnr_xr_test: 1.775e+01, sam_xr_test: 2.034e+01, psnr_yr_test: 1.516e+01, sam_yr_test: 2.212e+01, psnr_zr_test: 1.872e+01, sam_zr_test: 2.240e+01, ssim_zr_test: 6.819e-01, rmse_zr_test: 2.668e+01, ergas_zr_test: 2.264e+00, uqi_zr_test: 7.949e-01, psnr_xdsr_test: 1.717e+01, sam_xdsr_test: 2.151e+01
23-11-27 18:03:39.695 : , G_loss_test: 4.851e-02, hsi_likelihood_test: 2.887e-02, msi_likelihood_test: 1.964e-02, regularization_degradation_test: 3.175e-09, regularization_phi_test: 3.266e-02, psnr_xr_test: 1.775e+01, sam_xr_test: 2.034e+01, psnr_yr_test: 1.516e+01, sam_yr_test: 2.212e+01, psnr_zr_test: 1.872e+01, sam_zr_test: 2.240e+01, ssim_zr_test: 6.819e-01, rmse_zr_test: 2.668e+01, ergas_zr_test: 2.264e+00, uqi_zr_test: 7.949e-01, psnr_xdsr_test: 1.717e+01, sam_xdsr_test: 2.151e+01
23-11-27 18:03:44.647 : , G_loss_test: 5.090e-02, hsi_likelihood_test: 3.048e-02, msi_likelihood_test: 2.043e-02, regularization_degradation_test: 2.699e-09, regularization_phi_test: 3.103e-02, psnr_xr_test: 1.747e+01, sam_xr_test: 2.113e+01, psnr_yr_test: 1.466e+01, sam_yr_test: 2.268e+01, psnr_zr_test: 1.847e+01, sam_zr_test: 2.330e+01, ssim_zr_test: 6.832e-01, rmse_zr_test: 2.753e+01, ergas_zr_test: 2.347e+00, uqi_zr_test: 7.622e-01, psnr_xdsr_test: 1.688e+01, sam_xdsr_test: 2.096e+01
23-11-27 18:03:44.648 : , G_loss_test: 5.090e-02, hsi_likelihood_test: 3.048e-02, msi_likelihood_test: 2.043e-02, regularization_degradation_test: 2.699e-09, regularization_phi_test: 3.103e-02, psnr_xr_test: 1.747e+01, sam_xr_test: 2.113e+01, psnr_yr_test: 1.466e+01, sam_yr_test: 2.268e+01, psnr_zr_test: 1.847e+01, sam_zr_test: 2.330e+01, ssim_zr_test: 6.832e-01, rmse_zr_test: 2.753e+01, ergas_zr_test: 2.347e+00, uqi_zr_test: 7.622e-01, psnr_xdsr_test: 1.688e+01, sam_xdsr_test: 2.096e+01
23-11-27 18:03:49.615 : , G_loss_test: 4.956e-02, hsi_likelihood_test: 2.960e-02, msi_likelihood_test: 1.996e-02, regularization_degradation_test: 3.118e-09, regularization_phi_test: 2.900e-02, psnr_xr_test: 1.725e+01, sam_xr_test: 2.044e+01, psnr_yr_test: 1.496e+01, sam_yr_test: 2.207e+01, psnr_zr_test: 1.820e+01, sam_zr_test: 2.239e+01, ssim_zr_test: 7.010e-01, rmse_zr_test: 2.823e+01, ergas_zr_test: 2.340e+00, uqi_zr_test: 7.925e-01, psnr_xdsr_test: 1.743e+01, sam_xdsr_test: 2.040e+01
23-11-27 18:03:49.616 : , G_loss_test: 4.956e-02, hsi_likelihood_test: 2.960e-02, msi_likelihood_test: 1.996e-02, regularization_degradation_test: 3.118e-09, regularization_phi_test: 2.900e-02, psnr_xr_test: 1.725e+01, sam_xr_test: 2.044e+01, psnr_yr_test: 1.496e+01, sam_yr_test: 2.207e+01, psnr_zr_test: 1.820e+01, sam_zr_test: 2.239e+01, ssim_zr_test: 7.010e-01, rmse_zr_test: 2.823e+01, ergas_zr_test: 2.340e+00, uqi_zr_test: 7.925e-01, psnr_xdsr_test: 1.743e+01, sam_xdsr_test: 2.040e+01
23-11-27 18:03:54.524 : , G_loss_test: 6.374e-02, hsi_likelihood_test: 4.448e-02, msi_likelihood_test: 1.926e-02, regularization_degradation_test: 3.662e-09, regularization_phi_test: 3.551e-02, psnr_xr_test: 1.503e+01, sam_xr_test: 2.198e+01, psnr_yr_test: 1.592e+01, sam_yr_test: 2.194e+01, psnr_zr_test: 1.610e+01, sam_zr_test: 2.374e+01, ssim_zr_test: 6.481e-01, rmse_zr_test: 3.681e+01, ergas_zr_test: 2.771e+00, uqi_zr_test: 7.178e-01, psnr_xdsr_test: 1.630e+01, sam_xdsr_test: 2.183e+01
23-11-27 18:03:54.525 : , G_loss_test: 6.374e-02, hsi_likelihood_test: 4.448e-02, msi_likelihood_test: 1.926e-02, regularization_degradation_test: 3.662e-09, regularization_phi_test: 3.551e-02, psnr_xr_test: 1.503e+01, sam_xr_test: 2.198e+01, psnr_yr_test: 1.592e+01, sam_yr_test: 2.194e+01, psnr_zr_test: 1.610e+01, sam_zr_test: 2.374e+01, ssim_zr_test: 6.481e-01, rmse_zr_test: 3.681e+01, ergas_zr_test: 2.771e+00, uqi_zr_test: 7.178e-01, psnr_xdsr_test: 1.630e+01, sam_xdsr_test: 2.183e+01
23-11-27 18:03:59.480 : , G_loss_test: 4.844e-02, hsi_likelihood_test: 2.953e-02, msi_likelihood_test: 1.891e-02, regularization_degradation_test: 3.348e-09, regularization_phi_test: 3.065e-02, psnr_xr_test: 1.771e+01, sam_xr_test: 2.037e+01, psnr_yr_test: 1.554e+01, sam_yr_test: 2.226e+01, psnr_zr_test: 1.867e+01, sam_zr_test: 2.225e+01, ssim_zr_test: 6.979e-01, rmse_zr_test: 2.669e+01, ergas_zr_test: 2.233e+00, uqi_zr_test: 7.909e-01, psnr_xdsr_test: 1.761e+01, sam_xdsr_test: 2.058e+01
23-11-27 18:03:59.480 : , G_loss_test: 4.844e-02, hsi_likelihood_test: 2.953e-02, msi_likelihood_test: 1.891e-02, regularization_degradation_test: 3.348e-09, regularization_phi_test: 3.065e-02, psnr_xr_test: 1.771e+01, sam_xr_test: 2.037e+01, psnr_yr_test: 1.554e+01, sam_yr_test: 2.226e+01, psnr_zr_test: 1.867e+01, sam_zr_test: 2.225e+01, ssim_zr_test: 6.979e-01, rmse_zr_test: 2.669e+01, ergas_zr_test: 2.233e+00, uqi_zr_test: 7.909e-01, psnr_xdsr_test: 1.761e+01, sam_xdsr_test: 2.058e+01
23-11-27 18:04:04.354 : , G_loss_test: 4.970e-02, hsi_likelihood_test: 3.014e-02, msi_likelihood_test: 1.956e-02, regularization_degradation_test: 2.943e-09, regularization_phi_test: 3.125e-02, psnr_xr_test: 1.711e+01, sam_xr_test: 2.072e+01, psnr_yr_test: 1.511e+01, sam_yr_test: 2.188e+01, psnr_zr_test: 1.811e+01, sam_zr_test: 2.247e+01, ssim_zr_test: 7.091e-01, rmse_zr_test: 2.844e+01, ergas_zr_test: 2.354e+00, uqi_zr_test: 7.817e-01, psnr_xdsr_test: 1.725e+01, sam_xdsr_test: 2.236e+01
23-11-27 18:04:04.354 : , G_loss_test: 4.970e-02, hsi_likelihood_test: 3.014e-02, msi_likelihood_test: 1.956e-02, regularization_degradation_test: 2.943e-09, regularization_phi_test: 3.125e-02, psnr_xr_test: 1.711e+01, sam_xr_test: 2.072e+01, psnr_yr_test: 1.511e+01, sam_yr_test: 2.188e+01, psnr_zr_test: 1.811e+01, sam_zr_test: 2.247e+01, ssim_zr_test: 7.091e-01, rmse_zr_test: 2.844e+01, ergas_zr_test: 2.354e+00, uqi_zr_test: 7.817e-01, psnr_xdsr_test: 1.725e+01, sam_xdsr_test: 2.236e+01
23-11-27 18:04:09.227 : , G_loss_test: 5.133e-02, hsi_likelihood_test: 3.041e-02, msi_likelihood_test: 2.092e-02, regularization_degradation_test: 3.128e-09, regularization_phi_test: 2.926e-02, psnr_xr_test: 1.757e+01, sam_xr_test: 2.070e+01, psnr_yr_test: 1.446e+01, sam_yr_test: 2.201e+01, psnr_zr_test: 1.859e+01, sam_zr_test: 2.248e+01, ssim_zr_test: 6.346e-01, rmse_zr_test: 2.721e+01, ergas_zr_test: 2.341e+00, uqi_zr_test: 7.876e-01, psnr_xdsr_test: 1.761e+01, sam_xdsr_test: 2.064e+01
23-11-27 18:04:09.228 : , G_loss_test: 5.133e-02, hsi_likelihood_test: 3.041e-02, msi_likelihood_test: 2.092e-02, regularization_degradation_test: 3.128e-09, regularization_phi_test: 2.926e-02, psnr_xr_test: 1.757e+01, sam_xr_test: 2.070e+01, psnr_yr_test: 1.446e+01, sam_yr_test: 2.201e+01, psnr_zr_test: 1.859e+01, sam_zr_test: 2.248e+01, ssim_zr_test: 6.346e-01, rmse_zr_test: 2.721e+01, ergas_zr_test: 2.341e+00, uqi_zr_test: 7.876e-01, psnr_xdsr_test: 1.761e+01, sam_xdsr_test: 2.064e+01
23-11-27 18:04:19.208 : , G_loss_test: 1.400e-02, hsi_likelihood_test: 9.300e-03, msi_likelihood_test: 4.697e-03, regularization_degradation_test: 1.098e-09, regularization_phi_test: 1.294e-02, psnr_xr_test: 2.428e+01, sam_xr_test: 1.626e+01, psnr_yr_test: 2.295e+01, sam_yr_test: 1.721e+01, psnr_zr_test: 2.467e+01, sam_zr_test: 1.847e+01, ssim_zr_test: 7.889e-01, rmse_zr_test: 1.020e+01, ergas_zr_test: 2.709e+00, uqi_zr_test: 6.726e-01, psnr_xdsr_test: 2.038e+01, sam_xdsr_test: 2.147e+01
23-11-27 18:04:19.208 : , G_loss_test: 1.400e-02, hsi_likelihood_test: 9.300e-03, msi_likelihood_test: 4.697e-03, regularization_degradation_test: 1.098e-09, regularization_phi_test: 1.294e-02, psnr_xr_test: 2.428e+01, sam_xr_test: 1.626e+01, psnr_yr_test: 2.295e+01, sam_yr_test: 1.721e+01, psnr_zr_test: 2.467e+01, sam_zr_test: 1.847e+01, ssim_zr_test: 7.889e-01, rmse_zr_test: 1.020e+01, ergas_zr_test: 2.709e+00, uqi_zr_test: 6.726e-01, psnr_xdsr_test: 2.038e+01, sam_xdsr_test: 2.147e+01
23-11-27 18:04:24.040 : , G_loss_test: 1.224e-02, hsi_likelihood_test: 7.916e-03, msi_likelihood_test: 4.322e-03, regularization_degradation_test: 1.659e-09, regularization_phi_test: 9.930e-03, psnr_xr_test: 2.587e+01, sam_xr_test: 1.683e+01, psnr_yr_test: 2.411e+01, sam_yr_test: 1.656e+01, psnr_zr_test: 2.624e+01, sam_zr_test: 1.866e+01, ssim_zr_test: 8.437e-01, rmse_zr_test: 8.593e+00, ergas_zr_test: 2.336e+00, uqi_zr_test: 7.612e-01, psnr_xdsr_test: 2.308e+01, sam_xdsr_test: 1.720e+01
23-11-27 18:04:24.040 : , G_loss_test: 1.224e-02, hsi_likelihood_test: 7.916e-03, msi_likelihood_test: 4.322e-03, regularization_degradation_test: 1.659e-09, regularization_phi_test: 9.930e-03, psnr_xr_test: 2.587e+01, sam_xr_test: 1.683e+01, psnr_yr_test: 2.411e+01, sam_yr_test: 1.656e+01, psnr_zr_test: 2.624e+01, sam_zr_test: 1.866e+01, ssim_zr_test: 8.437e-01, rmse_zr_test: 8.593e+00, ergas_zr_test: 2.336e+00, uqi_zr_test: 7.612e-01, psnr_xdsr_test: 2.308e+01, sam_xdsr_test: 1.720e+01
23-11-27 18:04:28.989 : , G_loss_test: 1.180e-02, hsi_likelihood_test: 7.595e-03, msi_likelihood_test: 4.203e-03, regularization_degradation_test: 1.573e-09, regularization_phi_test: 1.020e-02, psnr_xr_test: 2.691e+01, sam_xr_test: 1.656e+01, psnr_yr_test: 2.652e+01, sam_yr_test: 1.732e+01, psnr_zr_test: 2.735e+01, sam_zr_test: 1.807e+01, ssim_zr_test: 8.257e-01, rmse_zr_test: 7.586e+00, ergas_zr_test: 1.961e+00, uqi_zr_test: 7.276e-01, psnr_xdsr_test: 2.492e+01, sam_xdsr_test: 2.166e+01
23-11-27 18:04:28.989 : , G_loss_test: 1.180e-02, hsi_likelihood_test: 7.595e-03, msi_likelihood_test: 4.203e-03, regularization_degradation_test: 1.573e-09, regularization_phi_test: 1.020e-02, psnr_xr_test: 2.691e+01, sam_xr_test: 1.656e+01, psnr_yr_test: 2.652e+01, sam_yr_test: 1.732e+01, psnr_zr_test: 2.735e+01, sam_zr_test: 1.807e+01, ssim_zr_test: 8.257e-01, rmse_zr_test: 7.586e+00, ergas_zr_test: 1.961e+00, uqi_zr_test: 7.276e-01, psnr_xdsr_test: 2.492e+01, sam_xdsr_test: 2.166e+01
23-11-27 18:04:33.912 : , G_loss_test: 1.238e-02, hsi_likelihood_test: 8.212e-03, msi_likelihood_test: 4.165e-03, regularization_degradation_test: 1.402e-09, regularization_phi_test: 9.194e-03, psnr_xr_test: 2.560e+01, sam_xr_test: 1.711e+01, psnr_yr_test: 2.317e+01, sam_yr_test: 1.674e+01, psnr_zr_test: 2.591e+01, sam_zr_test: 1.899e+01, ssim_zr_test: 8.154e-01, rmse_zr_test: 9.137e+00, ergas_zr_test: 2.546e+00, uqi_zr_test: 6.183e-01, psnr_xdsr_test: 2.403e+01, sam_xdsr_test: 1.783e+01
23-11-27 18:04:33.912 : , G_loss_test: 1.238e-02, hsi_likelihood_test: 8.212e-03, msi_likelihood_test: 4.165e-03, regularization_degradation_test: 1.402e-09, regularization_phi_test: 9.194e-03, psnr_xr_test: 2.560e+01, sam_xr_test: 1.711e+01, psnr_yr_test: 2.317e+01, sam_yr_test: 1.674e+01, psnr_zr_test: 2.591e+01, sam_zr_test: 1.899e+01, ssim_zr_test: 8.154e-01, rmse_zr_test: 9.137e+00, ergas_zr_test: 2.546e+00, uqi_zr_test: 6.183e-01, psnr_xdsr_test: 2.403e+01, sam_xdsr_test: 1.783e+01
23-11-27 18:04:38.867 : , G_loss_test: 1.256e-02, hsi_likelihood_test: 7.808e-03, msi_likelihood_test: 4.753e-03, regularization_degradation_test: 1.424e-09, regularization_phi_test: 1.045e-02, psnr_xr_test: 2.738e+01, sam_xr_test: 1.814e+01, psnr_yr_test: 2.528e+01, sam_yr_test: 1.676e+01, psnr_zr_test: 2.756e+01, sam_zr_test: 1.966e+01, ssim_zr_test: 7.829e-01, rmse_zr_test: 7.584e+00, ergas_zr_test: 1.964e+00, uqi_zr_test: 6.849e-01, psnr_xdsr_test: 2.626e+01, sam_xdsr_test: 2.421e+01
23-11-27 18:04:38.868 : , G_loss_test: 1.256e-02, hsi_likelihood_test: 7.808e-03, msi_likelihood_test: 4.753e-03, regularization_degradation_test: 1.424e-09, regularization_phi_test: 1.045e-02, psnr_xr_test: 2.738e+01, sam_xr_test: 1.814e+01, psnr_yr_test: 2.528e+01, sam_yr_test: 1.676e+01, psnr_zr_test: 2.756e+01, sam_zr_test: 1.966e+01, ssim_zr_test: 7.829e-01, rmse_zr_test: 7.584e+00, ergas_zr_test: 1.964e+00, uqi_zr_test: 6.849e-01, psnr_xdsr_test: 2.626e+01, sam_xdsr_test: 2.421e+01
23-11-27 18:04:43.739 : , G_loss_test: 1.374e-02, hsi_likelihood_test: 8.981e-03, msi_likelihood_test: 4.758e-03, regularization_degradation_test: 1.607e-09, regularization_phi_test: 9.402e-03, psnr_xr_test: 2.659e+01, sam_xr_test: 2.055e+01, psnr_yr_test: 2.594e+01, sam_yr_test: 1.779e+01, psnr_zr_test: 2.696e+01, sam_zr_test: 2.206e+01, ssim_zr_test: 7.617e-01, rmse_zr_test: 8.131e+00, ergas_zr_test: 2.030e+00, uqi_zr_test: 6.270e-01, psnr_xdsr_test: 2.507e+01, sam_xdsr_test: 2.269e+01
23-11-27 18:04:43.739 : , G_loss_test: 1.374e-02, hsi_likelihood_test: 8.981e-03, msi_likelihood_test: 4.758e-03, regularization_degradation_test: 1.607e-09, regularization_phi_test: 9.402e-03, psnr_xr_test: 2.659e+01, sam_xr_test: 2.055e+01, psnr_yr_test: 2.594e+01, sam_yr_test: 1.779e+01, psnr_zr_test: 2.696e+01, sam_zr_test: 2.206e+01, ssim_zr_test: 7.617e-01, rmse_zr_test: 8.131e+00, ergas_zr_test: 2.030e+00, uqi_zr_test: 6.270e-01, psnr_xdsr_test: 2.507e+01, sam_xdsr_test: 2.269e+01
23-11-27 18:04:48.599 : , G_loss_test: 1.384e-02, hsi_likelihood_test: 8.981e-03, msi_likelihood_test: 4.854e-03, regularization_degradation_test: 9.985e-10, regularization_phi_test: 7.089e-03, psnr_xr_test: 2.412e+01, sam_xr_test: 1.666e+01, psnr_yr_test: 2.300e+01, sam_yr_test: 1.796e+01, psnr_zr_test: 2.450e+01, sam_zr_test: 1.879e+01, ssim_zr_test: 7.833e-01, rmse_zr_test: 1.012e+01, ergas_zr_test: 2.826e+00, uqi_zr_test: 6.814e-01, psnr_xdsr_test: 2.698e+01, sam_xdsr_test: 1.533e+01
23-11-27 18:04:48.599 : , G_loss_test: 1.384e-02, hsi_likelihood_test: 8.981e-03, msi_likelihood_test: 4.854e-03, regularization_degradation_test: 9.985e-10, regularization_phi_test: 7.089e-03, psnr_xr_test: 2.412e+01, sam_xr_test: 1.666e+01, psnr_yr_test: 2.300e+01, sam_yr_test: 1.796e+01, psnr_zr_test: 2.450e+01, sam_zr_test: 1.879e+01, ssim_zr_test: 7.833e-01, rmse_zr_test: 1.012e+01, ergas_zr_test: 2.826e+00, uqi_zr_test: 6.814e-01, psnr_xdsr_test: 2.698e+01, sam_xdsr_test: 1.533e+01
23-11-27 18:04:53.486 : , G_loss_test: 1.276e-02, hsi_likelihood_test: 7.852e-03, msi_likelihood_test: 4.906e-03, regularization_degradation_test: 1.054e-09, regularization_phi_test: 8.908e-03, psnr_xr_test: 2.600e+01, sam_xr_test: 1.617e+01, psnr_yr_test: 2.358e+01, sam_yr_test: nan, psnr_zr_test: 2.624e+01, sam_zr_test: 1.811e+01, ssim_zr_test: 8.056e-01, rmse_zr_test: 8.464e+00, ergas_zr_test: 2.328e+00, uqi_zr_test: 7.163e-01, psnr_xdsr_test: 2.497e+01, sam_xdsr_test: 1.876e+01
23-11-27 18:04:53.486 : , G_loss_test: 1.276e-02, hsi_likelihood_test: 7.852e-03, msi_likelihood_test: 4.906e-03, regularization_degradation_test: 1.054e-09, regularization_phi_test: 8.908e-03, psnr_xr_test: 2.600e+01, sam_xr_test: 1.617e+01, psnr_yr_test: 2.358e+01, sam_yr_test: nan, psnr_zr_test: 2.624e+01, sam_zr_test: 1.811e+01, ssim_zr_test: 8.056e-01, rmse_zr_test: 8.464e+00, ergas_zr_test: 2.328e+00, uqi_zr_test: 7.163e-01, psnr_xdsr_test: 2.497e+01, sam_xdsr_test: 1.876e+01
23-11-27 18:04:58.425 : , G_loss_test: 1.185e-02, hsi_likelihood_test: 7.294e-03, msi_likelihood_test: 4.552e-03, regularization_degradation_test: 1.664e-09, regularization_phi_test: 1.040e-02, psnr_xr_test: 2.818e+01, sam_xr_test: 1.843e+01, psnr_yr_test: 2.588e+01, sam_yr_test: 1.632e+01, psnr_zr_test: 2.843e+01, sam_zr_test: 1.999e+01, ssim_zr_test: 7.867e-01, rmse_zr_test: 6.843e+00, ergas_zr_test: 1.782e+00, uqi_zr_test: 6.703e-01, psnr_xdsr_test: 2.397e+01, sam_xdsr_test: 2.140e+01
23-11-27 18:04:58.425 : , G_loss_test: 1.185e-02, hsi_likelihood_test: 7.294e-03, msi_likelihood_test: 4.552e-03, regularization_degradation_test: 1.664e-09, regularization_phi_test: 1.040e-02, psnr_xr_test: 2.818e+01, sam_xr_test: 1.843e+01, psnr_yr_test: 2.588e+01, sam_yr_test: 1.632e+01, psnr_zr_test: 2.843e+01, sam_zr_test: 1.999e+01, ssim_zr_test: 7.867e-01, rmse_zr_test: 6.843e+00, ergas_zr_test: 1.782e+00, uqi_zr_test: 6.703e-01, psnr_xdsr_test: 2.397e+01, sam_xdsr_test: 2.140e+01
23-11-27 18:05:03.397 : , G_loss_test: 2.385e-02, hsi_likelihood_test: 1.530e-02, msi_likelihood_test: 8.547e-03, regularization_degradation_test: 2.747e-09, regularization_phi_test: 1.202e-02, psnr_xr_test: 1.751e+01, sam_xr_test: 1.647e+01, psnr_yr_test: 1.446e+01, sam_yr_test: 1.675e+01, psnr_zr_test: 1.767e+01, sam_zr_test: 1.844e+01, ssim_zr_test: 8.483e-01, rmse_zr_test: 2.380e+01, ergas_zr_test: 7.429e+00, uqi_zr_test: 7.227e-01, psnr_xdsr_test: 2.108e+01, sam_xdsr_test: 1.824e+01
23-11-27 18:05:03.397 : , G_loss_test: 2.385e-02, hsi_likelihood_test: 1.530e-02, msi_likelihood_test: 8.547e-03, regularization_degradation_test: 2.747e-09, regularization_phi_test: 1.202e-02, psnr_xr_test: 1.751e+01, sam_xr_test: 1.647e+01, psnr_yr_test: 1.446e+01, sam_yr_test: 1.675e+01, psnr_zr_test: 1.767e+01, sam_zr_test: 1.844e+01, ssim_zr_test: 8.483e-01, rmse_zr_test: 2.380e+01, ergas_zr_test: 7.429e+00, uqi_zr_test: 7.227e-01, psnr_xdsr_test: 2.108e+01, sam_xdsr_test: 1.824e+01
23-11-27 18:05:08.343 : , G_loss_test: 2.229e-02, hsi_likelihood_test: 1.460e-02, msi_likelihood_test: 7.697e-03, regularization_degradation_test: 2.380e-09, regularization_phi_test: 1.453e-02, psnr_xr_test: 1.763e+01, sam_xr_test: 1.446e+01, psnr_yr_test: 1.515e+01, sam_yr_test: 1.734e+01, psnr_zr_test: 1.781e+01, sam_zr_test: 1.680e+01, ssim_zr_test: 8.692e-01, rmse_zr_test: 2.289e+01, ergas_zr_test: 7.131e+00, uqi_zr_test: 7.459e-01, psnr_xdsr_test: 2.065e+01, sam_xdsr_test: 2.752e+01
23-11-27 18:05:08.344 : , G_loss_test: 2.229e-02, hsi_likelihood_test: 1.460e-02, msi_likelihood_test: 7.697e-03, regularization_degradation_test: 2.380e-09, regularization_phi_test: 1.453e-02, psnr_xr_test: 1.763e+01, sam_xr_test: 1.446e+01, psnr_yr_test: 1.515e+01, sam_yr_test: 1.734e+01, psnr_zr_test: 1.781e+01, sam_zr_test: 1.680e+01, ssim_zr_test: 8.692e-01, rmse_zr_test: 2.289e+01, ergas_zr_test: 7.131e+00, uqi_zr_test: 7.459e-01, psnr_xdsr_test: 2.065e+01, sam_xdsr_test: 2.752e+01
23-11-27 18:05:13.253 : , G_loss_test: 2.134e-02, hsi_likelihood_test: 1.464e-02, msi_likelihood_test: 6.700e-03, regularization_degradation_test: 2.189e-09, regularization_phi_test: 9.751e-03, psnr_xr_test: 1.831e+01, sam_xr_test: 1.779e+01, psnr_yr_test: 1.799e+01, sam_yr_test: 1.883e+01, psnr_zr_test: 1.858e+01, sam_zr_test: 1.964e+01, ssim_zr_test: 8.440e-01, rmse_zr_test: 1.960e+01, ergas_zr_test: 5.808e+00, uqi_zr_test: 7.136e-01, psnr_xdsr_test: 2.596e+01, sam_xdsr_test: 2.341e+01
23-11-27 18:05:13.254 : , G_loss_test: 2.134e-02, hsi_likelihood_test: 1.464e-02, msi_likelihood_test: 6.700e-03, regularization_degradation_test: 2.189e-09, regularization_phi_test: 9.751e-03, psnr_xr_test: 1.831e+01, sam_xr_test: 1.779e+01, psnr_yr_test: 1.799e+01, sam_yr_test: 1.883e+01, psnr_zr_test: 1.858e+01, sam_zr_test: 1.964e+01, ssim_zr_test: 8.440e-01, rmse_zr_test: 1.960e+01, ergas_zr_test: 5.808e+00, uqi_zr_test: 7.136e-01, psnr_xdsr_test: 2.596e+01, sam_xdsr_test: 2.341e+01
23-11-27 18:05:18.070 : , G_loss_test: 1.061e-02, hsi_likelihood_test: 6.608e-03, msi_likelihood_test: 4.006e-03, regularization_degradation_test: 1.399e-09, regularization_phi_test: 1.133e-02, psnr_xr_test: 2.782e+01, sam_xr_test: 1.456e+01, psnr_yr_test: 2.629e+01, sam_yr_test: 1.786e+01, psnr_zr_test: 2.807e+01, sam_zr_test: 1.676e+01, ssim_zr_test: 8.334e-01, rmse_zr_test: 7.107e+00, ergas_zr_test: 1.823e+00, uqi_zr_test: 7.367e-01, psnr_xdsr_test: 2.193e+01, sam_xdsr_test: 1.953e+01
23-11-27 18:05:18.071 : , G_loss_test: 1.061e-02, hsi_likelihood_test: 6.608e-03, msi_likelihood_test: 4.006e-03, regularization_degradation_test: 1.399e-09, regularization_phi_test: 1.133e-02, psnr_xr_test: 2.782e+01, sam_xr_test: 1.456e+01, psnr_yr_test: 2.629e+01, sam_yr_test: 1.786e+01, psnr_zr_test: 2.807e+01, sam_zr_test: 1.676e+01, ssim_zr_test: 8.334e-01, rmse_zr_test: 7.107e+00, ergas_zr_test: 1.823e+00, uqi_zr_test: 7.367e-01, psnr_xdsr_test: 2.193e+01, sam_xdsr_test: 1.953e+01
23-11-27 18:05:22.936 : , G_loss_test: 1.128e-02, hsi_likelihood_test: 7.335e-03, msi_likelihood_test: 3.944e-03, regularization_degradation_test: 1.480e-09, regularization_phi_test: 1.081e-02, psnr_xr_test: 2.644e+01, sam_xr_test: 1.455e+01, psnr_yr_test: 2.591e+01, sam_yr_test: 1.693e+01, psnr_zr_test: 2.647e+01, sam_zr_test: 1.693e+01, ssim_zr_test: 8.553e-01, rmse_zr_test: 8.259e+00, ergas_zr_test: 2.198e+00, uqi_zr_test: 7.376e-01, psnr_xdsr_test: 2.178e+01, sam_xdsr_test: 1.651e+01
23-11-27 18:05:22.937 : , G_loss_test: 1.128e-02, hsi_likelihood_test: 7.335e-03, msi_likelihood_test: 3.944e-03, regularization_degradation_test: 1.480e-09, regularization_phi_test: 1.081e-02, psnr_xr_test: 2.644e+01, sam_xr_test: 1.455e+01, psnr_yr_test: 2.591e+01, sam_yr_test: 1.693e+01, psnr_zr_test: 2.647e+01, sam_zr_test: 1.693e+01, ssim_zr_test: 8.553e-01, rmse_zr_test: 8.259e+00, ergas_zr_test: 2.198e+00, uqi_zr_test: 7.376e-01, psnr_xdsr_test: 2.178e+01, sam_xdsr_test: 1.651e+01
23-11-27 18:05:28.340 : , G_loss_test: 1.124e-02, hsi_likelihood_test: 7.286e-03, msi_likelihood_test: 3.953e-03, regularization_degradation_test: 1.327e-09, regularization_phi_test: 1.152e-02, psnr_xr_test: 2.620e+01, sam_xr_test: 1.372e+01, psnr_yr_test: 2.551e+01, sam_yr_test: 1.604e+01, psnr_zr_test: 2.647e+01, sam_zr_test: 1.596e+01, ssim_zr_test: 8.379e-01, rmse_zr_test: 8.445e+00, ergas_zr_test: 2.168e+00, uqi_zr_test: 7.611e-01, psnr_xdsr_test: 2.103e+01, sam_xdsr_test: 1.696e+01
23-11-27 18:05:28.341 : , G_loss_test: 1.124e-02, hsi_likelihood_test: 7.286e-03, msi_likelihood_test: 3.953e-03, regularization_degradation_test: 1.327e-09, regularization_phi_test: 1.152e-02, psnr_xr_test: 2.620e+01, sam_xr_test: 1.372e+01, psnr_yr_test: 2.551e+01, sam_yr_test: 1.604e+01, psnr_zr_test: 2.647e+01, sam_zr_test: 1.596e+01, ssim_zr_test: 8.379e-01, rmse_zr_test: 8.445e+00, ergas_zr_test: 2.168e+00, uqi_zr_test: 7.611e-01, psnr_xdsr_test: 2.103e+01, sam_xdsr_test: 1.696e+01
23-11-27 18:05:33.265 : , G_loss_test: 1.476e-02, hsi_likelihood_test: 9.970e-03, msi_likelihood_test: 4.791e-03, regularization_degradation_test: 1.717e-09, regularization_phi_test: 8.109e-03, psnr_xr_test: 2.185e+01, sam_xr_test: 1.490e+01, psnr_yr_test: 2.284e+01, sam_yr_test: nan, psnr_zr_test: 2.190e+01, sam_zr_test: 1.734e+01, ssim_zr_test: 8.495e-01, rmse_zr_test: 1.336e+01, ergas_zr_test: 3.872e+00, uqi_zr_test: 7.009e-01, psnr_xdsr_test: 2.579e+01, sam_xdsr_test: 1.581e+01
23-11-27 18:05:33.265 : , G_loss_test: 1.476e-02, hsi_likelihood_test: 9.970e-03, msi_likelihood_test: 4.791e-03, regularization_degradation_test: 1.717e-09, regularization_phi_test: 8.109e-03, psnr_xr_test: 2.185e+01, sam_xr_test: 1.490e+01, psnr_yr_test: 2.284e+01, sam_yr_test: nan, psnr_zr_test: 2.190e+01, sam_zr_test: 1.734e+01, ssim_zr_test: 8.495e-01, rmse_zr_test: 1.336e+01, ergas_zr_test: 3.872e+00, uqi_zr_test: 7.009e-01, psnr_xdsr_test: 2.579e+01, sam_xdsr_test: 1.581e+01
23-11-27 18:05:38.160 : , G_loss_test: 1.192e-02, hsi_likelihood_test: 7.724e-03, msi_likelihood_test: 4.196e-03, regularization_degradation_test: 1.739e-09, regularization_phi_test: 8.020e-03, psnr_xr_test: 2.510e+01, sam_xr_test: 1.316e+01, psnr_yr_test: 2.443e+01, sam_yr_test: 1.631e+01, psnr_zr_test: 2.539e+01, sam_zr_test: 1.554e+01, ssim_zr_test: 8.665e-01, rmse_zr_test: 9.154e+00, ergas_zr_test: 2.531e+00, uqi_zr_test: 7.649e-01, psnr_xdsr_test: 2.556e+01, sam_xdsr_test: 1.550e+01
23-11-27 18:05:38.160 : , G_loss_test: 1.192e-02, hsi_likelihood_test: 7.724e-03, msi_likelihood_test: 4.196e-03, regularization_degradation_test: 1.739e-09, regularization_phi_test: 8.020e-03, psnr_xr_test: 2.510e+01, sam_xr_test: 1.316e+01, psnr_yr_test: 2.443e+01, sam_yr_test: 1.631e+01, psnr_zr_test: 2.539e+01, sam_zr_test: 1.554e+01, ssim_zr_test: 8.665e-01, rmse_zr_test: 9.154e+00, ergas_zr_test: 2.531e+00, uqi_zr_test: 7.649e-01, psnr_xdsr_test: 2.556e+01, sam_xdsr_test: 1.550e+01
23-11-27 18:05:43.005 : , G_loss_test: 1.526e-02, hsi_likelihood_test: 1.056e-02, msi_likelihood_test: 4.691e-03, regularization_degradation_test: 1.810e-09, regularization_phi_test: 8.583e-03, psnr_xr_test: 2.265e+01, sam_xr_test: 1.994e+01, psnr_yr_test: 2.325e+01, sam_yr_test: 1.674e+01, psnr_zr_test: 2.304e+01, sam_zr_test: 2.154e+01, ssim_zr_test: 8.110e-01, rmse_zr_test: 1.175e+01, ergas_zr_test: 3.337e+00, uqi_zr_test: 6.800e-01, psnr_xdsr_test: 2.544e+01, sam_xdsr_test: 1.778e+01
23-11-27 18:05:43.006 : , G_loss_test: 1.526e-02, hsi_likelihood_test: 1.056e-02, msi_likelihood_test: 4.691e-03, regularization_degradation_test: 1.810e-09, regularization_phi_test: 8.583e-03, psnr_xr_test: 2.265e+01, sam_xr_test: 1.994e+01, psnr_yr_test: 2.325e+01, sam_yr_test: 1.674e+01, psnr_zr_test: 2.304e+01, sam_zr_test: 2.154e+01, ssim_zr_test: 8.110e-01, rmse_zr_test: 1.175e+01, ergas_zr_test: 3.337e+00, uqi_zr_test: 6.800e-01, psnr_xdsr_test: 2.544e+01, sam_xdsr_test: 1.778e+01
23-11-27 18:05:47.891 : , G_loss_test: 1.088e-02, hsi_likelihood_test: 6.944e-03, msi_likelihood_test: 3.939e-03, regularization_degradation_test: 1.632e-09, regularization_phi_test: 1.046e-02, psnr_xr_test: 2.717e+01, sam_xr_test: 1.484e+01, psnr_yr_test: 2.570e+01, sam_yr_test: nan, psnr_zr_test: 2.735e+01, sam_zr_test: 1.731e+01, ssim_zr_test: 8.299e-01, rmse_zr_test: 7.561e+00, ergas_zr_test: 2.010e+00, uqi_zr_test: 7.103e-01, psnr_xdsr_test: 2.623e+01, sam_xdsr_test: 2.702e+01
23-11-27 18:05:47.891 : , G_loss_test: 1.088e-02, hsi_likelihood_test: 6.944e-03, msi_likelihood_test: 3.939e-03, regularization_degradation_test: 1.632e-09, regularization_phi_test: 1.046e-02, psnr_xr_test: 2.717e+01, sam_xr_test: 1.484e+01, psnr_yr_test: 2.570e+01, sam_yr_test: nan, psnr_zr_test: 2.735e+01, sam_zr_test: 1.731e+01, ssim_zr_test: 8.299e-01, rmse_zr_test: 7.561e+00, ergas_zr_test: 2.010e+00, uqi_zr_test: 7.103e-01, psnr_xdsr_test: 2.623e+01, sam_xdsr_test: 2.702e+01
23-11-27 18:05:52.821 : , G_loss_test: 1.558e-02, hsi_likelihood_test: 9.631e-03, msi_likelihood_test: 5.953e-03, regularization_degradation_test: 1.122e-09, regularization_phi_test: 7.262e-03, psnr_xr_test: 2.320e+01, sam_xr_test: 1.827e+01, psnr_yr_test: 2.098e+01, sam_yr_test: nan, psnr_zr_test: 2.323e+01, sam_zr_test: 2.013e+01, ssim_zr_test: 7.619e-01, rmse_zr_test: 1.166e+01, ergas_zr_test: 3.354e+00, uqi_zr_test: 6.931e-01, psnr_xdsr_test: 2.711e+01, sam_xdsr_test: 1.633e+01
23-11-27 18:05:52.821 : , G_loss_test: 1.558e-02, hsi_likelihood_test: 9.631e-03, msi_likelihood_test: 5.953e-03, regularization_degradation_test: 1.122e-09, regularization_phi_test: 7.262e-03, psnr_xr_test: 2.320e+01, sam_xr_test: 1.827e+01, psnr_yr_test: 2.098e+01, sam_yr_test: nan, psnr_zr_test: 2.323e+01, sam_zr_test: 2.013e+01, ssim_zr_test: 7.619e-01, rmse_zr_test: 1.166e+01, ergas_zr_test: 3.354e+00, uqi_zr_test: 6.931e-01, psnr_xdsr_test: 2.711e+01, sam_xdsr_test: 1.633e+01
23-11-27 18:05:57.727 : , G_loss_test: 1.002e-02, hsi_likelihood_test: 6.166e-03, msi_likelihood_test: 3.849e-03, regularization_degradation_test: 1.343e-09, regularization_phi_test: 7.552e-03, psnr_xr_test: 2.813e+01, sam_xr_test: 1.292e+01, psnr_yr_test: 2.595e+01, sam_yr_test: nan, psnr_zr_test: 2.851e+01, sam_zr_test: 1.528e+01, ssim_zr_test: 8.569e-01, rmse_zr_test: 6.696e+00, ergas_zr_test: 1.778e+00, uqi_zr_test: 7.630e-01, psnr_xdsr_test: 2.658e+01, sam_xdsr_test: 1.791e+01
23-11-27 18:05:57.728 : , G_loss_test: 1.002e-02, hsi_likelihood_test: 6.166e-03, msi_likelihood_test: 3.849e-03, regularization_degradation_test: 1.343e-09, regularization_phi_test: 7.552e-03, psnr_xr_test: 2.813e+01, sam_xr_test: 1.292e+01, psnr_yr_test: 2.595e+01, sam_yr_test: nan, psnr_zr_test: 2.851e+01, sam_zr_test: 1.528e+01, ssim_zr_test: 8.569e-01, rmse_zr_test: 6.696e+00, ergas_zr_test: 1.778e+00, uqi_zr_test: 7.630e-01, psnr_xdsr_test: 2.658e+01, sam_xdsr_test: 1.791e+01
23-11-27 18:06:02.630 : , G_loss_test: 1.100e-02, hsi_likelihood_test: 7.326e-03, msi_likelihood_test: 3.676e-03, regularization_degradation_test: 1.481e-09, regularization_phi_test: 8.485e-03, psnr_xr_test: 2.627e+01, sam_xr_test: 1.365e+01, psnr_yr_test: 2.653e+01, sam_yr_test: 1.632e+01, psnr_zr_test: 2.664e+01, sam_zr_test: 1.591e+01, ssim_zr_test: 8.598e-01, rmse_zr_test: 8.312e+00, ergas_zr_test: 2.128e+00, uqi_zr_test: 7.668e-01, psnr_xdsr_test: 2.580e+01, sam_xdsr_test: 1.892e+01
23-11-27 18:06:02.631 : , G_loss_test: 1.100e-02, hsi_likelihood_test: 7.326e-03, msi_likelihood_test: 3.676e-03, regularization_degradation_test: 1.481e-09, regularization_phi_test: 8.485e-03, psnr_xr_test: 2.627e+01, sam_xr_test: 1.365e+01, psnr_yr_test: 2.653e+01, sam_yr_test: 1.632e+01, psnr_zr_test: 2.664e+01, sam_zr_test: 1.591e+01, ssim_zr_test: 8.598e-01, rmse_zr_test: 8.312e+00, ergas_zr_test: 2.128e+00, uqi_zr_test: 7.668e-01, psnr_xdsr_test: 2.580e+01, sam_xdsr_test: 1.892e+01
23-11-27 18:06:07.514 : , G_loss_test: 1.616e-02, hsi_likelihood_test: 1.180e-02, msi_likelihood_test: 4.359e-03, regularization_degradation_test: 1.758e-09, regularization_phi_test: 9.450e-03, psnr_xr_test: 2.488e+01, sam_xr_test: 2.648e+01, psnr_yr_test: 2.617e+01, sam_yr_test: 1.717e+01, psnr_zr_test: 2.543e+01, sam_zr_test: 2.780e+01, ssim_zr_test: 7.239e-01, rmse_zr_test: 1.012e+01, ergas_zr_test: 2.418e+00, uqi_zr_test: 5.853e-01, psnr_xdsr_test: 2.392e+01, sam_xdsr_test: 1.828e+01
23-11-27 18:06:07.514 : , G_loss_test: 1.616e-02, hsi_likelihood_test: 1.180e-02, msi_likelihood_test: 4.359e-03, regularization_degradation_test: 1.758e-09, regularization_phi_test: 9.450e-03, psnr_xr_test: 2.488e+01, sam_xr_test: 2.648e+01, psnr_yr_test: 2.617e+01, sam_yr_test: 1.717e+01, psnr_zr_test: 2.543e+01, sam_zr_test: 2.780e+01, ssim_zr_test: 7.239e-01, rmse_zr_test: 1.012e+01, ergas_zr_test: 2.418e+00, uqi_zr_test: 5.853e-01, psnr_xdsr_test: 2.392e+01, sam_xdsr_test: 1.828e+01
23-11-27 18:06:12.328 : , G_loss_test: 1.554e-02, hsi_likelihood_test: 9.892e-03, msi_likelihood_test: 5.649e-03, regularization_degradation_test: 1.304e-09, regularization_phi_test: 1.041e-02, psnr_xr_test: 2.363e+01, sam_xr_test: 1.977e+01, psnr_yr_test: 2.185e+01, sam_yr_test: nan, psnr_zr_test: 2.388e+01, sam_zr_test: 2.111e+01, ssim_zr_test: 7.549e-01, rmse_zr_test: 1.088e+01, ergas_zr_test: 3.060e+00, uqi_zr_test: 6.644e-01, psnr_xdsr_test: 2.519e+01, sam_xdsr_test: 2.223e+01
23-11-27 18:06:12.329 : , G_loss_test: 1.554e-02, hsi_likelihood_test: 9.892e-03, msi_likelihood_test: 5.649e-03, regularization_degradation_test: 1.304e-09, regularization_phi_test: 1.041e-02, psnr_xr_test: 2.363e+01, sam_xr_test: 1.977e+01, psnr_yr_test: 2.185e+01, sam_yr_test: nan, psnr_zr_test: 2.388e+01, sam_zr_test: 2.111e+01, ssim_zr_test: 7.549e-01, rmse_zr_test: 1.088e+01, ergas_zr_test: 3.060e+00, uqi_zr_test: 6.644e-01, psnr_xdsr_test: 2.519e+01, sam_xdsr_test: 2.223e+01
23-11-27 18:06:23.279 : , G_loss_test: 2.600e-02, hsi_likelihood_test: 1.523e-02, msi_likelihood_test: 1.077e-02, regularization_degradation_test: 2.808e-09, regularization_phi_test: 1.384e-02, psnr_xr_test: 2.307e+01, sam_xr_test: 1.672e+01, psnr_yr_test: 2.067e+01, sam_yr_test: 1.826e+01, psnr_zr_test: 2.435e+01, sam_zr_test: 1.765e+01, ssim_zr_test: 7.801e-01, rmse_zr_test: 1.233e+01, ergas_zr_test: 1.811e+00, uqi_zr_test: 6.982e-01, psnr_xdsr_test: 2.281e+01, sam_xdsr_test: 1.325e+01
23-11-27 18:06:23.279 : , G_loss_test: 2.600e-02, hsi_likelihood_test: 1.523e-02, msi_likelihood_test: 1.077e-02, regularization_degradation_test: 2.808e-09, regularization_phi_test: 1.384e-02, psnr_xr_test: 2.307e+01, sam_xr_test: 1.672e+01, psnr_yr_test: 2.067e+01, sam_yr_test: 1.826e+01, psnr_zr_test: 2.435e+01, sam_zr_test: 1.765e+01, ssim_zr_test: 7.801e-01, rmse_zr_test: 1.233e+01, ergas_zr_test: 1.811e+00, uqi_zr_test: 6.982e-01, psnr_xdsr_test: 2.281e+01, sam_xdsr_test: 1.325e+01
23-11-27 18:06:28.441 : , G_loss_test: 3.555e-02, hsi_likelihood_test: 2.422e-02, msi_likelihood_test: 1.133e-02, regularization_degradation_test: 3.548e-09, regularization_phi_test: 1.367e-02, psnr_xr_test: 1.774e+01, sam_xr_test: 1.637e+01, psnr_yr_test: 1.892e+01, sam_yr_test: 1.891e+01, psnr_zr_test: 1.907e+01, sam_zr_test: 1.829e+01, ssim_zr_test: 7.856e-01, rmse_zr_test: 2.223e+01, ergas_zr_test: 3.468e+00, uqi_zr_test: 6.866e-01, psnr_xdsr_test: 2.330e+01, sam_xdsr_test: 1.393e+01
23-11-27 18:06:28.442 : , G_loss_test: 3.555e-02, hsi_likelihood_test: 2.422e-02, msi_likelihood_test: 1.133e-02, regularization_degradation_test: 3.548e-09, regularization_phi_test: 1.367e-02, psnr_xr_test: 1.774e+01, sam_xr_test: 1.637e+01, psnr_yr_test: 1.892e+01, sam_yr_test: 1.891e+01, psnr_zr_test: 1.907e+01, sam_zr_test: 1.829e+01, ssim_zr_test: 7.856e-01, rmse_zr_test: 2.223e+01, ergas_zr_test: 3.468e+00, uqi_zr_test: 6.866e-01, psnr_xdsr_test: 2.330e+01, sam_xdsr_test: 1.393e+01
23-11-27 18:06:33.753 : , G_loss_test: 3.635e-02, hsi_likelihood_test: 2.499e-02, msi_likelihood_test: 1.136e-02, regularization_degradation_test: 3.078e-09, regularization_phi_test: 1.596e-02, psnr_xr_test: 1.670e+01, sam_xr_test: 1.202e+01, psnr_yr_test: 1.815e+01, sam_yr_test: 1.836e+01, psnr_zr_test: 1.799e+01, sam_zr_test: 1.331e+01, ssim_zr_test: 8.669e-01, rmse_zr_test: 2.516e+01, ergas_zr_test: 3.879e+00, uqi_zr_test: 8.094e-01, psnr_xdsr_test: 2.071e+01, sam_xdsr_test: 1.492e+01
23-11-27 18:06:33.754 : , G_loss_test: 3.635e-02, hsi_likelihood_test: 2.499e-02, msi_likelihood_test: 1.136e-02, regularization_degradation_test: 3.078e-09, regularization_phi_test: 1.596e-02, psnr_xr_test: 1.670e+01, sam_xr_test: 1.202e+01, psnr_yr_test: 1.815e+01, sam_yr_test: 1.836e+01, psnr_zr_test: 1.799e+01, sam_zr_test: 1.331e+01, ssim_zr_test: 8.669e-01, rmse_zr_test: 2.516e+01, ergas_zr_test: 3.879e+00, uqi_zr_test: 8.094e-01, psnr_xdsr_test: 2.071e+01, sam_xdsr_test: 1.492e+01
23-11-27 18:06:38.929 : , G_loss_test: 2.128e-02, hsi_likelihood_test: 1.064e-02, msi_likelihood_test: 1.064e-02, regularization_degradation_test: 2.482e-09, regularization_phi_test: 1.164e-02, psnr_xr_test: 2.464e+01, sam_xr_test: 1.265e+01, psnr_yr_test: 1.971e+01, sam_yr_test: 1.819e+01, psnr_zr_test: 2.553e+01, sam_zr_test: 1.368e+01, ssim_zr_test: 8.545e-01, rmse_zr_test: 1.097e+01, ergas_zr_test: 1.652e+00, uqi_zr_test: 8.291e-01, psnr_xdsr_test: 2.424e+01, sam_xdsr_test: 1.309e+01
23-11-27 18:06:38.929 : , G_loss_test: 2.128e-02, hsi_likelihood_test: 1.064e-02, msi_likelihood_test: 1.064e-02, regularization_degradation_test: 2.482e-09, regularization_phi_test: 1.164e-02, psnr_xr_test: 2.464e+01, sam_xr_test: 1.265e+01, psnr_yr_test: 1.971e+01, sam_yr_test: 1.819e+01, psnr_zr_test: 2.553e+01, sam_zr_test: 1.368e+01, ssim_zr_test: 8.545e-01, rmse_zr_test: 1.097e+01, ergas_zr_test: 1.652e+00, uqi_zr_test: 8.291e-01, psnr_xdsr_test: 2.424e+01, sam_xdsr_test: 1.309e+01
23-11-27 18:06:44.122 : , G_loss_test: 2.671e-02, hsi_likelihood_test: 1.492e-02, msi_likelihood_test: 1.180e-02, regularization_degradation_test: 2.618e-09, regularization_phi_test: 2.192e-02, psnr_xr_test: 2.311e+01, sam_xr_test: 1.827e+01, psnr_yr_test: 1.933e+01, sam_yr_test: 1.868e+01, psnr_zr_test: 2.412e+01, sam_zr_test: 1.931e+01, ssim_zr_test: 7.632e-01, rmse_zr_test: 1.267e+01, ergas_zr_test: 1.872e+00, uqi_zr_test: 6.779e-01, psnr_xdsr_test: 1.767e+01, sam_xdsr_test: 1.354e+01
23-11-27 18:06:44.122 : , G_loss_test: 2.671e-02, hsi_likelihood_test: 1.492e-02, msi_likelihood_test: 1.180e-02, regularization_degradation_test: 2.618e-09, regularization_phi_test: 2.192e-02, psnr_xr_test: 2.311e+01, sam_xr_test: 1.827e+01, psnr_yr_test: 1.933e+01, sam_yr_test: 1.868e+01, psnr_zr_test: 2.412e+01, sam_zr_test: 1.931e+01, ssim_zr_test: 7.632e-01, rmse_zr_test: 1.267e+01, ergas_zr_test: 1.872e+00, uqi_zr_test: 6.779e-01, psnr_xdsr_test: 1.767e+01, sam_xdsr_test: 1.354e+01
23-11-27 18:06:49.069 : , G_loss_test: 2.298e-02, hsi_likelihood_test: 1.175e-02, msi_likelihood_test: 1.123e-02, regularization_degradation_test: 2.165e-09, regularization_phi_test: 2.991e-02, psnr_xr_test: 2.417e+01, sam_xr_test: 1.426e+01, psnr_yr_test: 1.912e+01, sam_yr_test: 1.777e+01, psnr_zr_test: 2.505e+01, sam_zr_test: 1.508e+01, ssim_zr_test: 7.854e-01, rmse_zr_test: 1.141e+01, ergas_zr_test: 1.748e+00, uqi_zr_test: 7.307e-01, psnr_xdsr_test: 1.560e+01, sam_xdsr_test: 1.546e+01
23-11-27 18:06:49.069 : , G_loss_test: 2.298e-02, hsi_likelihood_test: 1.175e-02, msi_likelihood_test: 1.123e-02, regularization_degradation_test: 2.165e-09, regularization_phi_test: 2.991e-02, psnr_xr_test: 2.417e+01, sam_xr_test: 1.426e+01, psnr_yr_test: 1.912e+01, sam_yr_test: 1.777e+01, psnr_zr_test: 2.505e+01, sam_zr_test: 1.508e+01, ssim_zr_test: 7.854e-01, rmse_zr_test: 1.141e+01, ergas_zr_test: 1.748e+00, uqi_zr_test: 7.307e-01, psnr_xdsr_test: 1.560e+01, sam_xdsr_test: 1.546e+01
23-11-27 18:06:53.799 : , G_loss_test: 2.924e-02, hsi_likelihood_test: 1.598e-02, msi_likelihood_test: 1.326e-02, regularization_degradation_test: 2.080e-09, regularization_phi_test: 1.305e-02, psnr_xr_test: 2.128e+01, sam_xr_test: 1.671e+01, psnr_yr_test: 1.665e+01, sam_yr_test: 1.880e+01, psnr_zr_test: 2.242e+01, sam_zr_test: 1.756e+01, ssim_zr_test: 7.916e-01, rmse_zr_test: 1.590e+01, ergas_zr_test: 2.677e+00, uqi_zr_test: 7.678e-01, psnr_xdsr_test: 2.320e+01, sam_xdsr_test: 1.631e+01
23-11-27 18:06:53.799 : , G_loss_test: 2.924e-02, hsi_likelihood_test: 1.598e-02, msi_likelihood_test: 1.326e-02, regularization_degradation_test: 2.080e-09, regularization_phi_test: 1.305e-02, psnr_xr_test: 2.128e+01, sam_xr_test: 1.671e+01, psnr_yr_test: 1.665e+01, sam_yr_test: 1.880e+01, psnr_zr_test: 2.242e+01, sam_zr_test: 1.756e+01, ssim_zr_test: 7.916e-01, rmse_zr_test: 1.590e+01, ergas_zr_test: 2.677e+00, uqi_zr_test: 7.678e-01, psnr_xdsr_test: 2.320e+01, sam_xdsr_test: 1.631e+01
23-11-27 18:06:58.918 : , G_loss_test: 2.951e-02, hsi_likelihood_test: 1.662e-02, msi_likelihood_test: 1.289e-02, regularization_degradation_test: 1.904e-09, regularization_phi_test: 1.087e-02, psnr_xr_test: 2.067e+01, sam_xr_test: 1.300e+01, psnr_yr_test: 1.687e+01, sam_yr_test: nan, psnr_zr_test: 2.188e+01, sam_zr_test: 1.397e+01, ssim_zr_test: 8.164e-01, rmse_zr_test: 1.608e+01, ergas_zr_test: 2.511e+00, uqi_zr_test: 7.836e-01, psnr_xdsr_test: 2.420e+01, sam_xdsr_test: 1.189e+01
23-11-27 18:06:58.919 : , G_loss_test: 2.951e-02, hsi_likelihood_test: 1.662e-02, msi_likelihood_test: 1.289e-02, regularization_degradation_test: 1.904e-09, regularization_phi_test: 1.087e-02, psnr_xr_test: 2.067e+01, sam_xr_test: 1.300e+01, psnr_yr_test: 1.687e+01, sam_yr_test: nan, psnr_zr_test: 2.188e+01, sam_zr_test: 1.397e+01, ssim_zr_test: 8.164e-01, rmse_zr_test: 1.608e+01, ergas_zr_test: 2.511e+00, uqi_zr_test: 7.836e-01, psnr_xdsr_test: 2.420e+01, sam_xdsr_test: 1.189e+01
23-11-27 18:07:04.179 : , G_loss_test: 3.280e-02, hsi_likelihood_test: 1.856e-02, msi_likelihood_test: 1.424e-02, regularization_degradation_test: 1.801e-09, regularization_phi_test: 1.463e-02, psnr_xr_test: 1.930e+01, sam_xr_test: 1.272e+01, psnr_yr_test: 1.572e+01, sam_yr_test: 1.911e+01, psnr_zr_test: 2.057e+01, sam_zr_test: 1.315e+01, ssim_zr_test: 8.012e-01, rmse_zr_test: 1.877e+01, ergas_zr_test: 3.001e+00, uqi_zr_test: 7.960e-01, psnr_xdsr_test: 2.308e+01, sam_xdsr_test: 1.837e+01
23-11-27 18:07:04.179 : , G_loss_test: 3.280e-02, hsi_likelihood_test: 1.856e-02, msi_likelihood_test: 1.424e-02, regularization_degradation_test: 1.801e-09, regularization_phi_test: 1.463e-02, psnr_xr_test: 1.930e+01, sam_xr_test: 1.272e+01, psnr_yr_test: 1.572e+01, sam_yr_test: 1.911e+01, psnr_zr_test: 2.057e+01, sam_zr_test: 1.315e+01, ssim_zr_test: 8.012e-01, rmse_zr_test: 1.877e+01, ergas_zr_test: 3.001e+00, uqi_zr_test: 7.960e-01, psnr_xdsr_test: 2.308e+01, sam_xdsr_test: 1.837e+01
23-11-27 18:07:09.331 : , G_loss_test: 2.329e-02, hsi_likelihood_test: 1.277e-02, msi_likelihood_test: 1.053e-02, regularization_degradation_test: 2.521e-09, regularization_phi_test: 1.076e-02, psnr_xr_test: 2.269e+01, sam_xr_test: 1.147e+01, psnr_yr_test: 1.912e+01, sam_yr_test: 1.925e+01, psnr_zr_test: 2.360e+01, sam_zr_test: 1.267e+01, ssim_zr_test: 8.583e-01, rmse_zr_test: 1.370e+01, ergas_zr_test: 2.215e+00, uqi_zr_test: 7.854e-01, psnr_xdsr_test: 2.452e+01, sam_xdsr_test: 1.148e+01
23-11-27 18:07:09.331 : , G_loss_test: 2.329e-02, hsi_likelihood_test: 1.277e-02, msi_likelihood_test: 1.053e-02, regularization_degradation_test: 2.521e-09, regularization_phi_test: 1.076e-02, psnr_xr_test: 2.269e+01, sam_xr_test: 1.147e+01, psnr_yr_test: 1.912e+01, sam_yr_test: 1.925e+01, psnr_zr_test: 2.360e+01, sam_zr_test: 1.267e+01, ssim_zr_test: 8.583e-01, rmse_zr_test: 1.370e+01, ergas_zr_test: 2.215e+00, uqi_zr_test: 7.854e-01, psnr_xdsr_test: 2.452e+01, sam_xdsr_test: 1.148e+01
23-11-27 18:07:14.419 : , G_loss_test: 2.884e-02, hsi_likelihood_test: 1.603e-02, msi_likelihood_test: 1.281e-02, regularization_degradation_test: 1.815e-09, regularization_phi_test: 2.005e-02, psnr_xr_test: 2.108e+01, sam_xr_test: 1.165e+01, psnr_yr_test: 1.728e+01, sam_yr_test: nan, psnr_zr_test: 2.229e+01, sam_zr_test: 1.234e+01, ssim_zr_test: 8.392e-01, rmse_zr_test: 1.529e+01, ergas_zr_test: 2.290e+00, uqi_zr_test: 8.070e-01, psnr_xdsr_test: 1.841e+01, sam_xdsr_test: 1.279e+01
23-11-27 18:07:14.419 : , G_loss_test: 2.884e-02, hsi_likelihood_test: 1.603e-02, msi_likelihood_test: 1.281e-02, regularization_degradation_test: 1.815e-09, regularization_phi_test: 2.005e-02, psnr_xr_test: 2.108e+01, sam_xr_test: 1.165e+01, psnr_yr_test: 1.728e+01, sam_yr_test: nan, psnr_zr_test: 2.229e+01, sam_zr_test: 1.234e+01, ssim_zr_test: 8.392e-01, rmse_zr_test: 1.529e+01, ergas_zr_test: 2.290e+00, uqi_zr_test: 8.070e-01, psnr_xdsr_test: 1.841e+01, sam_xdsr_test: 1.279e+01
23-11-27 18:07:19.389 : , G_loss_test: 2.916e-02, hsi_likelihood_test: 1.803e-02, msi_likelihood_test: 1.113e-02, regularization_degradation_test: 3.042e-09, regularization_phi_test: 1.759e-02, psnr_xr_test: 1.984e+01, sam_xr_test: 1.609e+01, psnr_yr_test: 1.739e+01, sam_yr_test: 1.853e+01, psnr_zr_test: 2.090e+01, sam_zr_test: 1.763e+01, ssim_zr_test: 7.266e-01, rmse_zr_test: 1.892e+01, ergas_zr_test: 3.204e+00, uqi_zr_test: 6.120e-01, psnr_xdsr_test: 2.137e+01, sam_xdsr_test: 2.019e+01
23-11-27 18:07:19.389 : , G_loss_test: 2.916e-02, hsi_likelihood_test: 1.803e-02, msi_likelihood_test: 1.113e-02, regularization_degradation_test: 3.042e-09, regularization_phi_test: 1.759e-02, psnr_xr_test: 1.984e+01, sam_xr_test: 1.609e+01, psnr_yr_test: 1.739e+01, sam_yr_test: 1.853e+01, psnr_zr_test: 2.090e+01, sam_zr_test: 1.763e+01, ssim_zr_test: 7.266e-01, rmse_zr_test: 1.892e+01, ergas_zr_test: 3.204e+00, uqi_zr_test: 6.120e-01, psnr_xdsr_test: 2.137e+01, sam_xdsr_test: 2.019e+01
23-11-27 18:07:24.589 : , G_loss_test: 3.243e-02, hsi_likelihood_test: 2.001e-02, msi_likelihood_test: 1.242e-02, regularization_degradation_test: 2.927e-09, regularization_phi_test: 1.704e-02, psnr_xr_test: 2.066e+01, sam_xr_test: 1.923e+01, psnr_yr_test: 1.882e+01, sam_yr_test: 1.824e+01, psnr_zr_test: 2.179e+01, sam_zr_test: 2.083e+01, ssim_zr_test: 7.403e-01, rmse_zr_test: 1.649e+01, ergas_zr_test: 2.368e+00, uqi_zr_test: 6.490e-01, psnr_xdsr_test: 2.165e+01, sam_xdsr_test: 1.999e+01
23-11-27 18:07:24.589 : , G_loss_test: 3.243e-02, hsi_likelihood_test: 2.001e-02, msi_likelihood_test: 1.242e-02, regularization_degradation_test: 2.927e-09, regularization_phi_test: 1.704e-02, psnr_xr_test: 2.066e+01, sam_xr_test: 1.923e+01, psnr_yr_test: 1.882e+01, sam_yr_test: 1.824e+01, psnr_zr_test: 2.179e+01, sam_zr_test: 2.083e+01, ssim_zr_test: 7.403e-01, rmse_zr_test: 1.649e+01, ergas_zr_test: 2.368e+00, uqi_zr_test: 6.490e-01, psnr_xdsr_test: 2.165e+01, sam_xdsr_test: 1.999e+01
23-11-27 18:07:29.607 : , G_loss_test: 2.521e-02, hsi_likelihood_test: 1.490e-02, msi_likelihood_test: 1.031e-02, regularization_degradation_test: 2.851e-09, regularization_phi_test: 1.355e-02, psnr_xr_test: 2.181e+01, sam_xr_test: 1.288e+01, psnr_yr_test: 1.911e+01, sam_yr_test: 1.906e+01, psnr_zr_test: 2.276e+01, sam_zr_test: 1.470e+01, ssim_zr_test: 7.945e-01, rmse_zr_test: 1.494e+01, ergas_zr_test: 2.333e+00, uqi_zr_test: 6.868e-01, psnr_xdsr_test: 2.286e+01, sam_xdsr_test: 1.618e+01
23-11-27 18:07:29.607 : , G_loss_test: 2.521e-02, hsi_likelihood_test: 1.490e-02, msi_likelihood_test: 1.031e-02, regularization_degradation_test: 2.851e-09, regularization_phi_test: 1.355e-02, psnr_xr_test: 2.181e+01, sam_xr_test: 1.288e+01, psnr_yr_test: 1.911e+01, sam_yr_test: 1.906e+01, psnr_zr_test: 2.276e+01, sam_zr_test: 1.470e+01, ssim_zr_test: 7.945e-01, rmse_zr_test: 1.494e+01, ergas_zr_test: 2.333e+00, uqi_zr_test: 6.868e-01, psnr_xdsr_test: 2.286e+01, sam_xdsr_test: 1.618e+01
23-11-27 18:07:34.585 : , G_loss_test: 3.236e-02, hsi_likelihood_test: 1.997e-02, msi_likelihood_test: 1.239e-02, regularization_degradation_test: 3.141e-09, regularization_phi_test: 1.903e-02, psnr_xr_test: 2.036e+01, sam_xr_test: 1.942e+01, psnr_yr_test: 1.806e+01, sam_yr_test: 1.875e+01, psnr_zr_test: 2.152e+01, sam_zr_test: 2.111e+01, ssim_zr_test: 7.379e-01, rmse_zr_test: 1.713e+01, ergas_zr_test: 2.721e+00, uqi_zr_test: 6.472e-01, psnr_xdsr_test: 2.153e+01, sam_xdsr_test: 2.095e+01
23-11-27 18:07:34.586 : , G_loss_test: 3.236e-02, hsi_likelihood_test: 1.997e-02, msi_likelihood_test: 1.239e-02, regularization_degradation_test: 3.141e-09, regularization_phi_test: 1.903e-02, psnr_xr_test: 2.036e+01, sam_xr_test: 1.942e+01, psnr_yr_test: 1.806e+01, sam_yr_test: 1.875e+01, psnr_zr_test: 2.152e+01, sam_zr_test: 2.111e+01, ssim_zr_test: 7.379e-01, rmse_zr_test: 1.713e+01, ergas_zr_test: 2.721e+00, uqi_zr_test: 6.472e-01, psnr_xdsr_test: 2.153e+01, sam_xdsr_test: 2.095e+01
23-11-27 18:07:39.869 : , G_loss_test: 2.240e-02, hsi_likelihood_test: 1.183e-02, msi_likelihood_test: 1.057e-02, regularization_degradation_test: 2.596e-09, regularization_phi_test: 1.781e-02, psnr_xr_test: 2.343e+01, sam_xr_test: 1.072e+01, psnr_yr_test: 1.959e+01, sam_yr_test: nan, psnr_zr_test: 2.432e+01, sam_zr_test: 1.197e+01, ssim_zr_test: 8.641e-01, rmse_zr_test: 1.249e+01, ergas_zr_test: 1.829e+00, uqi_zr_test: 8.354e-01, psnr_xdsr_test: 1.985e+01, sam_xdsr_test: 1.431e+01
23-11-27 18:07:39.869 : , G_loss_test: 2.240e-02, hsi_likelihood_test: 1.183e-02, msi_likelihood_test: 1.057e-02, regularization_degradation_test: 2.596e-09, regularization_phi_test: 1.781e-02, psnr_xr_test: 2.343e+01, sam_xr_test: 1.072e+01, psnr_yr_test: 1.959e+01, sam_yr_test: nan, psnr_zr_test: 2.432e+01, sam_zr_test: 1.197e+01, ssim_zr_test: 8.641e-01, rmse_zr_test: 1.249e+01, ergas_zr_test: 1.829e+00, uqi_zr_test: 8.354e-01, psnr_xdsr_test: 1.985e+01, sam_xdsr_test: 1.431e+01
23-11-27 18:07:45.012 : , G_loss_test: 2.258e-02, hsi_likelihood_test: 1.242e-02, msi_likelihood_test: 1.016e-02, regularization_degradation_test: 2.802e-09, regularization_phi_test: 1.229e-02, psnr_xr_test: 2.309e+01, sam_xr_test: 1.239e+01, psnr_yr_test: 1.941e+01, sam_yr_test: nan, psnr_zr_test: 2.396e+01, sam_zr_test: 1.364e+01, ssim_zr_test: 8.328e-01, rmse_zr_test: 1.304e+01, ergas_zr_test: 2.106e+00, uqi_zr_test: 7.458e-01, psnr_xdsr_test: 2.410e+01, sam_xdsr_test: 1.463e+01
23-11-27 18:07:45.012 : , G_loss_test: 2.258e-02, hsi_likelihood_test: 1.242e-02, msi_likelihood_test: 1.016e-02, regularization_degradation_test: 2.802e-09, regularization_phi_test: 1.229e-02, psnr_xr_test: 2.309e+01, sam_xr_test: 1.239e+01, psnr_yr_test: 1.941e+01, sam_yr_test: nan, psnr_zr_test: 2.396e+01, sam_zr_test: 1.364e+01, ssim_zr_test: 8.328e-01, rmse_zr_test: 1.304e+01, ergas_zr_test: 2.106e+00, uqi_zr_test: 7.458e-01, psnr_xdsr_test: 2.410e+01, sam_xdsr_test: 1.463e+01
23-11-27 18:07:49.721 : , G_loss_test: 2.101e-02, hsi_likelihood_test: 1.041e-02, msi_likelihood_test: 1.061e-02, regularization_degradation_test: 2.656e-09, regularization_phi_test: 1.400e-02, psnr_xr_test: 2.460e+01, sam_xr_test: 1.200e+01, psnr_yr_test: 1.965e+01, sam_yr_test: nan, psnr_zr_test: 2.536e+01, sam_zr_test: 1.321e+01, ssim_zr_test: 8.536e-01, rmse_zr_test: 1.114e+01, ergas_zr_test: 1.637e+00, uqi_zr_test: 8.237e-01, psnr_xdsr_test: 2.346e+01, sam_xdsr_test: 1.596e+01
23-11-27 18:07:49.721 : , G_loss_test: 2.101e-02, hsi_likelihood_test: 1.041e-02, msi_likelihood_test: 1.061e-02, regularization_degradation_test: 2.656e-09, regularization_phi_test: 1.400e-02, psnr_xr_test: 2.460e+01, sam_xr_test: 1.200e+01, psnr_yr_test: 1.965e+01, sam_yr_test: nan, psnr_zr_test: 2.536e+01, sam_zr_test: 1.321e+01, ssim_zr_test: 8.536e-01, rmse_zr_test: 1.114e+01, ergas_zr_test: 1.637e+00, uqi_zr_test: 8.237e-01, psnr_xdsr_test: 2.346e+01, sam_xdsr_test: 1.596e+01
23-11-27 18:07:54.461 : , G_loss_test: 2.267e-02, hsi_likelihood_test: 1.180e-02, msi_likelihood_test: 1.087e-02, regularization_degradation_test: 2.125e-09, regularization_phi_test: 1.296e-02, psnr_xr_test: 2.422e+01, sam_xr_test: 1.341e+01, psnr_yr_test: 1.911e+01, sam_yr_test: 1.901e+01, psnr_zr_test: 2.502e+01, sam_zr_test: 1.428e+01, ssim_zr_test: 7.914e-01, rmse_zr_test: 1.136e+01, ergas_zr_test: 1.739e+00, uqi_zr_test: 7.161e-01, psnr_xdsr_test: 2.335e+01, sam_xdsr_test: 1.609e+01
23-11-27 18:07:54.461 : , G_loss_test: 2.267e-02, hsi_likelihood_test: 1.180e-02, msi_likelihood_test: 1.087e-02, regularization_degradation_test: 2.125e-09, regularization_phi_test: 1.296e-02, psnr_xr_test: 2.422e+01, sam_xr_test: 1.341e+01, psnr_yr_test: 1.911e+01, sam_yr_test: 1.901e+01, psnr_zr_test: 2.502e+01, sam_zr_test: 1.428e+01, ssim_zr_test: 7.914e-01, rmse_zr_test: 1.136e+01, ergas_zr_test: 1.739e+00, uqi_zr_test: 7.161e-01, psnr_xdsr_test: 2.335e+01, sam_xdsr_test: 1.609e+01
23-11-27 18:07:59.352 : , G_loss_test: 2.239e-02, hsi_likelihood_test: 1.125e-02, msi_likelihood_test: 1.114e-02, regularization_degradation_test: 2.772e-09, regularization_phi_test: 1.083e-02, psnr_xr_test: 2.405e+01, sam_xr_test: 1.273e+01, psnr_yr_test: 1.953e+01, sam_yr_test: 1.817e+01, psnr_zr_test: 2.477e+01, sam_zr_test: 1.402e+01, ssim_zr_test: 8.471e-01, rmse_zr_test: 1.184e+01, ergas_zr_test: 1.750e+00, uqi_zr_test: 8.087e-01, psnr_xdsr_test: 2.418e+01, sam_xdsr_test: 1.290e+01
23-11-27 18:07:59.352 : , G_loss_test: 2.239e-02, hsi_likelihood_test: 1.125e-02, msi_likelihood_test: 1.114e-02, regularization_degradation_test: 2.772e-09, regularization_phi_test: 1.083e-02, psnr_xr_test: 2.405e+01, sam_xr_test: 1.273e+01, psnr_yr_test: 1.953e+01, sam_yr_test: 1.817e+01, psnr_zr_test: 2.477e+01, sam_zr_test: 1.402e+01, ssim_zr_test: 8.471e-01, rmse_zr_test: 1.184e+01, ergas_zr_test: 1.750e+00, uqi_zr_test: 8.087e-01, psnr_xdsr_test: 2.418e+01, sam_xdsr_test: 1.290e+01
23-11-27 18:08:04.132 : , G_loss_test: 2.274e-02, hsi_likelihood_test: 1.195e-02, msi_likelihood_test: 1.079e-02, regularization_degradation_test: 2.537e-09, regularization_phi_test: 1.756e-02, psnr_xr_test: 2.325e+01, sam_xr_test: 1.033e+01, psnr_yr_test: 1.923e+01, sam_yr_test: nan, psnr_zr_test: 2.408e+01, sam_zr_test: 1.153e+01, ssim_zr_test: 8.741e-01, rmse_zr_test: 1.295e+01, ergas_zr_test: 2.023e+00, uqi_zr_test: 8.515e-01, psnr_xdsr_test: 2.009e+01, sam_xdsr_test: 1.189e+01
23-11-27 18:08:04.132 : , G_loss_test: 2.274e-02, hsi_likelihood_test: 1.195e-02, msi_likelihood_test: 1.079e-02, regularization_degradation_test: 2.537e-09, regularization_phi_test: 1.756e-02, psnr_xr_test: 2.325e+01, sam_xr_test: 1.033e+01, psnr_yr_test: 1.923e+01, sam_yr_test: nan, psnr_zr_test: 2.408e+01, sam_zr_test: 1.153e+01, ssim_zr_test: 8.741e-01, rmse_zr_test: 1.295e+01, ergas_zr_test: 2.023e+00, uqi_zr_test: 8.515e-01, psnr_xdsr_test: 2.009e+01, sam_xdsr_test: 1.189e+01
23-11-27 18:08:09.030 : , G_loss_test: 2.585e-02, hsi_likelihood_test: 1.307e-02, msi_likelihood_test: 1.278e-02, regularization_degradation_test: 2.204e-09, regularization_phi_test: 1.714e-02, psnr_xr_test: 2.284e+01, sam_xr_test: 1.236e+01, psnr_yr_test: 1.767e+01, sam_yr_test: nan, psnr_zr_test: 2.376e+01, sam_zr_test: 1.322e+01, ssim_zr_test: 8.415e-01, rmse_zr_test: 1.324e+01, ergas_zr_test: 2.156e+00, uqi_zr_test: 8.243e-01, psnr_xdsr_test: 2.061e+01, sam_xdsr_test: 1.436e+01
23-11-27 18:08:09.030 : , G_loss_test: 2.585e-02, hsi_likelihood_test: 1.307e-02, msi_likelihood_test: 1.278e-02, regularization_degradation_test: 2.204e-09, regularization_phi_test: 1.714e-02, psnr_xr_test: 2.284e+01, sam_xr_test: 1.236e+01, psnr_yr_test: 1.767e+01, sam_yr_test: nan, psnr_zr_test: 2.376e+01, sam_zr_test: 1.322e+01, ssim_zr_test: 8.415e-01, rmse_zr_test: 1.324e+01, ergas_zr_test: 2.156e+00, uqi_zr_test: 8.243e-01, psnr_xdsr_test: 2.061e+01, sam_xdsr_test: 1.436e+01
23-11-27 18:08:13.804 : , G_loss_test: 2.547e-02, hsi_likelihood_test: 1.369e-02, msi_likelihood_test: 1.177e-02, regularization_degradation_test: 2.745e-09, regularization_phi_test: 2.010e-02, psnr_xr_test: 2.381e+01, sam_xr_test: 1.754e+01, psnr_yr_test: 1.942e+01, sam_yr_test: 1.800e+01, psnr_zr_test: 2.461e+01, sam_zr_test: 1.914e+01, ssim_zr_test: 7.572e-01, rmse_zr_test: 1.186e+01, ergas_zr_test: 1.780e+00, uqi_zr_test: 6.805e-01, psnr_xdsr_test: 1.951e+01, sam_xdsr_test: 1.565e+01
23-11-27 18:08:13.804 : , G_loss_test: 2.547e-02, hsi_likelihood_test: 1.369e-02, msi_likelihood_test: 1.177e-02, regularization_degradation_test: 2.745e-09, regularization_phi_test: 2.010e-02, psnr_xr_test: 2.381e+01, sam_xr_test: 1.754e+01, psnr_yr_test: 1.942e+01, sam_yr_test: 1.800e+01, psnr_zr_test: 2.461e+01, sam_zr_test: 1.914e+01, ssim_zr_test: 7.572e-01, rmse_zr_test: 1.186e+01, ergas_zr_test: 1.780e+00, uqi_zr_test: 6.805e-01, psnr_xdsr_test: 1.951e+01, sam_xdsr_test: 1.565e+01
23-11-27 18:08:18.573 : , G_loss_test: 2.246e-02, hsi_likelihood_test: 1.117e-02, msi_likelihood_test: 1.129e-02, regularization_degradation_test: 2.180e-09, regularization_phi_test: 1.088e-02, psnr_xr_test: 2.455e+01, sam_xr_test: 1.190e+01, psnr_yr_test: 1.902e+01, sam_yr_test: nan, psnr_zr_test: 2.535e+01, sam_zr_test: 1.299e+01, ssim_zr_test: 8.504e-01, rmse_zr_test: 1.104e+01, ergas_zr_test: 1.699e+00, uqi_zr_test: 7.913e-01, psnr_xdsr_test: 2.441e+01, sam_xdsr_test: 1.272e+01
23-11-27 18:08:18.573 : , G_loss_test: 2.246e-02, hsi_likelihood_test: 1.117e-02, msi_likelihood_test: 1.129e-02, regularization_degradation_test: 2.180e-09, regularization_phi_test: 1.088e-02, psnr_xr_test: 2.455e+01, sam_xr_test: 1.190e+01, psnr_yr_test: 1.902e+01, sam_yr_test: nan, psnr_zr_test: 2.535e+01, sam_zr_test: 1.299e+01, ssim_zr_test: 8.504e-01, rmse_zr_test: 1.104e+01, ergas_zr_test: 1.699e+00, uqi_zr_test: 7.913e-01, psnr_xdsr_test: 2.441e+01, sam_xdsr_test: 1.272e+01
23-11-27 18:08:28.506 : , G_loss_test: 8.793e-02, hsi_likelihood_test: 5.756e-02, msi_likelihood_test: 3.037e-02, regularization_degradation_test: 4.326e-09, regularization_phi_test: 8.605e-02, psnr_xr_test: 1.361e+01, sam_xr_test: 2.520e+01, psnr_yr_test: 1.184e+01, sam_yr_test: 2.114e+01, psnr_zr_test: 1.413e+01, sam_zr_test: 2.669e+01, ssim_zr_test: 7.293e-01, rmse_zr_test: 4.243e+01, ergas_zr_test: 2.122e+00, uqi_zr_test: 7.198e-01, psnr_xdsr_test: 1.092e+01, sam_xdsr_test: 2.661e+01
23-11-27 18:08:28.507 : , G_loss_test: 8.793e-02, hsi_likelihood_test: 5.756e-02, msi_likelihood_test: 3.037e-02, regularization_degradation_test: 4.326e-09, regularization_phi_test: 8.605e-02, psnr_xr_test: 1.361e+01, sam_xr_test: 2.520e+01, psnr_yr_test: 1.184e+01, sam_yr_test: 2.114e+01, psnr_zr_test: 1.413e+01, sam_zr_test: 2.669e+01, ssim_zr_test: 7.293e-01, rmse_zr_test: 4.243e+01, ergas_zr_test: 2.122e+00, uqi_zr_test: 7.198e-01, psnr_xdsr_test: 1.092e+01, sam_xdsr_test: 2.661e+01
23-11-27 18:08:33.357 : , G_loss_test: 9.001e-02, hsi_likelihood_test: 5.688e-02, msi_likelihood_test: 3.313e-02, regularization_degradation_test: 3.361e-09, regularization_phi_test: 5.584e-02, psnr_xr_test: 1.283e+01, sam_xr_test: 2.163e+01, psnr_yr_test: 1.044e+01, sam_yr_test: 2.019e+01, psnr_zr_test: 1.334e+01, sam_zr_test: 2.303e+01, ssim_zr_test: 6.212e-01, rmse_zr_test: 4.552e+01, ergas_zr_test: 2.353e+00, uqi_zr_test: 7.103e-01, psnr_xdsr_test: 1.312e+01, sam_xdsr_test: 2.271e+01
23-11-27 18:08:33.357 : , G_loss_test: 9.001e-02, hsi_likelihood_test: 5.688e-02, msi_likelihood_test: 3.313e-02, regularization_degradation_test: 3.361e-09, regularization_phi_test: 5.584e-02, psnr_xr_test: 1.283e+01, sam_xr_test: 2.163e+01, psnr_yr_test: 1.044e+01, sam_yr_test: 2.019e+01, psnr_zr_test: 1.334e+01, sam_zr_test: 2.303e+01, ssim_zr_test: 6.212e-01, rmse_zr_test: 4.552e+01, ergas_zr_test: 2.353e+00, uqi_zr_test: 7.103e-01, psnr_xdsr_test: 1.312e+01, sam_xdsr_test: 2.271e+01
23-11-27 18:08:38.132 : , G_loss_test: 7.598e-02, hsi_likelihood_test: 4.469e-02, msi_likelihood_test: 3.128e-02, regularization_degradation_test: 3.901e-09, regularization_phi_test: 5.134e-02, psnr_xr_test: 1.531e+01, sam_xr_test: 2.205e+01, psnr_yr_test: 1.138e+01, sam_yr_test: 1.984e+01, psnr_zr_test: 1.577e+01, sam_zr_test: 2.354e+01, ssim_zr_test: 6.987e-01, rmse_zr_test: 3.401e+01, ergas_zr_test: 1.908e+00, uqi_zr_test: 7.784e-01, psnr_xdsr_test: 1.398e+01, sam_xdsr_test: 2.224e+01
23-11-27 18:08:38.132 : , G_loss_test: 7.598e-02, hsi_likelihood_test: 4.469e-02, msi_likelihood_test: 3.128e-02, regularization_degradation_test: 3.901e-09, regularization_phi_test: 5.134e-02, psnr_xr_test: 1.531e+01, sam_xr_test: 2.205e+01, psnr_yr_test: 1.138e+01, sam_yr_test: 1.984e+01, psnr_zr_test: 1.577e+01, sam_zr_test: 2.354e+01, ssim_zr_test: 6.987e-01, rmse_zr_test: 3.401e+01, ergas_zr_test: 1.908e+00, uqi_zr_test: 7.784e-01, psnr_xdsr_test: 1.398e+01, sam_xdsr_test: 2.224e+01
23-11-27 18:08:43.021 : , G_loss_test: 7.609e-02, hsi_likelihood_test: 4.536e-02, msi_likelihood_test: 3.074e-02, regularization_degradation_test: 3.889e-09, regularization_phi_test: 5.494e-02, psnr_xr_test: 1.484e+01, sam_xr_test: 2.195e+01, psnr_yr_test: 1.140e+01, sam_yr_test: 1.983e+01, psnr_zr_test: 1.532e+01, sam_zr_test: 2.379e+01, ssim_zr_test: 7.384e-01, rmse_zr_test: 3.562e+01, ergas_zr_test: 1.927e+00, uqi_zr_test: 7.801e-01, psnr_xdsr_test: 1.327e+01, sam_xdsr_test: 2.295e+01
23-11-27 18:08:43.021 : , G_loss_test: 7.609e-02, hsi_likelihood_test: 4.536e-02, msi_likelihood_test: 3.074e-02, regularization_degradation_test: 3.889e-09, regularization_phi_test: 5.494e-02, psnr_xr_test: 1.484e+01, sam_xr_test: 2.195e+01, psnr_yr_test: 1.140e+01, sam_yr_test: 1.983e+01, psnr_zr_test: 1.532e+01, sam_zr_test: 2.379e+01, ssim_zr_test: 7.384e-01, rmse_zr_test: 3.562e+01, ergas_zr_test: 1.927e+00, uqi_zr_test: 7.801e-01, psnr_xdsr_test: 1.327e+01, sam_xdsr_test: 2.295e+01
23-11-27 18:08:47.811 : , G_loss_test: 8.293e-02, hsi_likelihood_test: 5.717e-02, msi_likelihood_test: 2.577e-02, regularization_degradation_test: 6.150e-09, regularization_phi_test: 7.829e-02, psnr_xr_test: 1.353e+01, sam_xr_test: 2.251e+01, psnr_yr_test: 1.352e+01, sam_yr_test: 1.984e+01, psnr_zr_test: 1.403e+01, sam_zr_test: 2.432e+01, ssim_zr_test: 7.058e-01, rmse_zr_test: 4.320e+01, ergas_zr_test: 2.137e+00, uqi_zr_test: 7.450e-01, psnr_xdsr_test: 1.149e+01, sam_xdsr_test: 2.442e+01
23-11-27 18:08:47.812 : , G_loss_test: 8.293e-02, hsi_likelihood_test: 5.717e-02, msi_likelihood_test: 2.577e-02, regularization_degradation_test: 6.150e-09, regularization_phi_test: 7.829e-02, psnr_xr_test: 1.353e+01, sam_xr_test: 2.251e+01, psnr_yr_test: 1.352e+01, sam_yr_test: 1.984e+01, psnr_zr_test: 1.403e+01, sam_zr_test: 2.432e+01, ssim_zr_test: 7.058e-01, rmse_zr_test: 4.320e+01, ergas_zr_test: 2.137e+00, uqi_zr_test: 7.450e-01, psnr_xdsr_test: 1.149e+01, sam_xdsr_test: 2.442e+01
23-11-27 18:08:52.579 : , G_loss_test: 8.788e-02, hsi_likelihood_test: 5.518e-02, msi_likelihood_test: 3.271e-02, regularization_degradation_test: 3.588e-09, regularization_phi_test: 4.983e-02, psnr_xr_test: 1.324e+01, sam_xr_test: 2.132e+01, psnr_yr_test: 1.048e+01, sam_yr_test: 2.011e+01, psnr_zr_test: 1.373e+01, sam_zr_test: 2.217e+01, ssim_zr_test: 6.402e-01, rmse_zr_test: 4.326e+01, ergas_zr_test: 2.345e+00, uqi_zr_test: 7.223e-01, psnr_xdsr_test: 1.414e+01, sam_xdsr_test: 2.098e+01
23-11-27 18:08:52.580 : , G_loss_test: 8.788e-02, hsi_likelihood_test: 5.518e-02, msi_likelihood_test: 3.271e-02, regularization_degradation_test: 3.588e-09, regularization_phi_test: 4.983e-02, psnr_xr_test: 1.324e+01, sam_xr_test: 2.132e+01, psnr_yr_test: 1.048e+01, sam_yr_test: 2.011e+01, psnr_zr_test: 1.373e+01, sam_zr_test: 2.217e+01, ssim_zr_test: 6.402e-01, rmse_zr_test: 4.326e+01, ergas_zr_test: 2.345e+00, uqi_zr_test: 7.223e-01, psnr_xdsr_test: 1.414e+01, sam_xdsr_test: 2.098e+01
23-11-27 18:08:57.363 : , G_loss_test: 9.693e-02, hsi_likelihood_test: 6.154e-02, msi_likelihood_test: 3.539e-02, regularization_degradation_test: 2.621e-09, regularization_phi_test: 6.503e-02, psnr_xr_test: 1.249e+01, sam_xr_test: 2.451e+01, psnr_yr_test: 9.794e+00, sam_yr_test: nan, psnr_zr_test: 1.299e+01, sam_zr_test: 2.565e+01, ssim_zr_test: 5.919e-01, rmse_zr_test: 4.693e+01, ergas_zr_test: 2.483e+00, uqi_zr_test: 6.374e-01, psnr_xdsr_test: 1.204e+01, sam_xdsr_test: 2.533e+01
23-11-27 18:08:57.364 : , G_loss_test: 9.693e-02, hsi_likelihood_test: 6.154e-02, msi_likelihood_test: 3.539e-02, regularization_degradation_test: 2.621e-09, regularization_phi_test: 6.503e-02, psnr_xr_test: 1.249e+01, sam_xr_test: 2.451e+01, psnr_yr_test: 9.794e+00, sam_yr_test: nan, psnr_zr_test: 1.299e+01, sam_zr_test: 2.565e+01, ssim_zr_test: 5.919e-01, rmse_zr_test: 4.693e+01, ergas_zr_test: 2.483e+00, uqi_zr_test: 6.374e-01, psnr_xdsr_test: 1.204e+01, sam_xdsr_test: 2.533e+01
23-11-27 18:09:02.067 : , G_loss_test: 7.397e-02, hsi_likelihood_test: 4.262e-02, msi_likelihood_test: 3.135e-02, regularization_degradation_test: 4.346e-09, regularization_phi_test: 5.453e-02, psnr_xr_test: 1.564e+01, sam_xr_test: 1.989e+01, psnr_yr_test: 1.133e+01, sam_yr_test: 2.014e+01, psnr_zr_test: 1.609e+01, sam_zr_test: 2.135e+01, ssim_zr_test: 7.061e-01, rmse_zr_test: 3.257e+01, ergas_zr_test: 1.820e+00, uqi_zr_test: 7.967e-01, psnr_xdsr_test: 1.399e+01, sam_xdsr_test: 2.281e+01
23-11-27 18:09:02.068 : , G_loss_test: 7.397e-02, hsi_likelihood_test: 4.262e-02, msi_likelihood_test: 3.135e-02, regularization_degradation_test: 4.346e-09, regularization_phi_test: 5.453e-02, psnr_xr_test: 1.564e+01, sam_xr_test: 1.989e+01, psnr_yr_test: 1.133e+01, sam_yr_test: 2.014e+01, psnr_zr_test: 1.609e+01, sam_zr_test: 2.135e+01, ssim_zr_test: 7.061e-01, rmse_zr_test: 3.257e+01, ergas_zr_test: 1.820e+00, uqi_zr_test: 7.967e-01, psnr_xdsr_test: 1.399e+01, sam_xdsr_test: 2.281e+01
23-11-27 18:09:06.829 : , G_loss_test: 7.540e-02, hsi_likelihood_test: 4.423e-02, msi_likelihood_test: 3.118e-02, regularization_degradation_test: 3.585e-09, regularization_phi_test: 4.410e-02, psnr_xr_test: 1.532e+01, sam_xr_test: 1.956e+01, psnr_yr_test: 1.102e+01, sam_yr_test: 2.039e+01, psnr_zr_test: 1.576e+01, sam_zr_test: 2.102e+01, ssim_zr_test: 6.972e-01, rmse_zr_test: 3.405e+01, ergas_zr_test: 1.931e+00, uqi_zr_test: 7.787e-01, psnr_xdsr_test: 1.511e+01, sam_xdsr_test: 2.130e+01
23-11-27 18:09:06.829 : , G_loss_test: 7.540e-02, hsi_likelihood_test: 4.423e-02, msi_likelihood_test: 3.118e-02, regularization_degradation_test: 3.585e-09, regularization_phi_test: 4.410e-02, psnr_xr_test: 1.532e+01, sam_xr_test: 1.956e+01, psnr_yr_test: 1.102e+01, sam_yr_test: 2.039e+01, psnr_zr_test: 1.576e+01, sam_zr_test: 2.102e+01, ssim_zr_test: 6.972e-01, rmse_zr_test: 3.405e+01, ergas_zr_test: 1.931e+00, uqi_zr_test: 7.787e-01, psnr_xdsr_test: 1.511e+01, sam_xdsr_test: 2.130e+01
23-11-27 18:09:11.596 : , G_loss_test: 8.075e-02, hsi_likelihood_test: 5.164e-02, msi_likelihood_test: 2.911e-02, regularization_degradation_test: 4.276e-09, regularization_phi_test: 4.326e-02, psnr_xr_test: 1.414e+01, sam_xr_test: 2.039e+01, psnr_yr_test: 1.216e+01, sam_yr_test: nan, psnr_zr_test: 1.460e+01, sam_zr_test: 2.213e+01, ssim_zr_test: 7.406e-01, rmse_zr_test: 3.979e+01, ergas_zr_test: 2.050e+00, uqi_zr_test: 7.735e-01, psnr_xdsr_test: 1.565e+01, sam_xdsr_test: 2.023e+01
23-11-27 18:09:11.596 : , G_loss_test: 8.075e-02, hsi_likelihood_test: 5.164e-02, msi_likelihood_test: 2.911e-02, regularization_degradation_test: 4.276e-09, regularization_phi_test: 4.326e-02, psnr_xr_test: 1.414e+01, sam_xr_test: 2.039e+01, psnr_yr_test: 1.216e+01, sam_yr_test: nan, psnr_zr_test: 1.460e+01, sam_zr_test: 2.213e+01, ssim_zr_test: 7.406e-01, rmse_zr_test: 3.979e+01, ergas_zr_test: 2.050e+00, uqi_zr_test: 7.735e-01, psnr_xdsr_test: 1.565e+01, sam_xdsr_test: 2.023e+01
23-11-27 18:09:16.238 : , G_loss_test: 7.224e-02, hsi_likelihood_test: 3.982e-02, msi_likelihood_test: 3.241e-02, regularization_degradation_test: 3.686e-09, regularization_phi_test: 4.324e-02, psnr_xr_test: 1.554e+01, sam_xr_test: 1.836e+01, psnr_yr_test: 1.077e+01, sam_yr_test: 2.023e+01, psnr_zr_test: 1.595e+01, sam_zr_test: 1.984e+01, ssim_zr_test: 7.477e-01, rmse_zr_test: 3.348e+01, ergas_zr_test: 1.933e+00, uqi_zr_test: 8.296e-01, psnr_xdsr_test: 1.488e+01, sam_xdsr_test: 2.000e+01
23-11-27 18:09:16.238 : , G_loss_test: 7.224e-02, hsi_likelihood_test: 3.982e-02, msi_likelihood_test: 3.241e-02, regularization_degradation_test: 3.686e-09, regularization_phi_test: 4.324e-02, psnr_xr_test: 1.554e+01, sam_xr_test: 1.836e+01, psnr_yr_test: 1.077e+01, sam_yr_test: 2.023e+01, psnr_zr_test: 1.595e+01, sam_zr_test: 1.984e+01, ssim_zr_test: 7.477e-01, rmse_zr_test: 3.348e+01, ergas_zr_test: 1.933e+00, uqi_zr_test: 8.296e-01, psnr_xdsr_test: 1.488e+01, sam_xdsr_test: 2.000e+01
23-11-27 18:09:20.956 : , G_loss_test: 7.082e-02, hsi_likelihood_test: 3.890e-02, msi_likelihood_test: 3.192e-02, regularization_degradation_test: 3.495e-09, regularization_phi_test: 4.119e-02, psnr_xr_test: 1.600e+01, sam_xr_test: 1.760e+01, psnr_yr_test: 1.084e+01, sam_yr_test: 2.007e+01, psnr_zr_test: 1.644e+01, sam_zr_test: 1.901e+01, ssim_zr_test: 7.464e-01, rmse_zr_test: 3.163e+01, ergas_zr_test: 1.827e+00, uqi_zr_test: 8.221e-01, psnr_xdsr_test: 1.558e+01, sam_xdsr_test: 1.877e+01
23-11-27 18:09:20.956 : , G_loss_test: 7.082e-02, hsi_likelihood_test: 3.890e-02, msi_likelihood_test: 3.192e-02, regularization_degradation_test: 3.495e-09, regularization_phi_test: 4.119e-02, psnr_xr_test: 1.600e+01, sam_xr_test: 1.760e+01, psnr_yr_test: 1.084e+01, sam_yr_test: 2.007e+01, psnr_zr_test: 1.644e+01, sam_zr_test: 1.901e+01, ssim_zr_test: 7.464e-01, rmse_zr_test: 3.163e+01, ergas_zr_test: 1.827e+00, uqi_zr_test: 8.221e-01, psnr_xdsr_test: 1.558e+01, sam_xdsr_test: 1.877e+01
23-11-27 18:09:25.798 : , G_loss_test: 7.205e-02, hsi_likelihood_test: 4.004e-02, msi_likelihood_test: 3.200e-02, regularization_degradation_test: 3.553e-09, regularization_phi_test: 4.331e-02, psnr_xr_test: 1.592e+01, sam_xr_test: 1.762e+01, psnr_yr_test: 1.082e+01, sam_yr_test: 2.026e+01, psnr_zr_test: 1.632e+01, sam_zr_test: 1.906e+01, ssim_zr_test: 7.213e-01, rmse_zr_test: 3.220e+01, ergas_zr_test: 1.865e+00, uqi_zr_test: 7.841e-01, psnr_xdsr_test: 1.522e+01, sam_xdsr_test: 1.882e+01
23-11-27 18:09:25.798 : , G_loss_test: 7.205e-02, hsi_likelihood_test: 4.004e-02, msi_likelihood_test: 3.200e-02, regularization_degradation_test: 3.553e-09, regularization_phi_test: 4.331e-02, psnr_xr_test: 1.592e+01, sam_xr_test: 1.762e+01, psnr_yr_test: 1.082e+01, sam_yr_test: 2.026e+01, psnr_zr_test: 1.632e+01, sam_zr_test: 1.906e+01, ssim_zr_test: 7.213e-01, rmse_zr_test: 3.220e+01, ergas_zr_test: 1.865e+00, uqi_zr_test: 7.841e-01, psnr_xdsr_test: 1.522e+01, sam_xdsr_test: 1.882e+01
23-11-27 18:09:30.473 : , G_loss_test: 7.417e-02, hsi_likelihood_test: 4.165e-02, msi_likelihood_test: 3.252e-02, regularization_degradation_test: 3.535e-09, regularization_phi_test: 4.288e-02, psnr_xr_test: 1.520e+01, sam_xr_test: 1.839e+01, psnr_yr_test: 1.053e+01, sam_yr_test: 2.043e+01, psnr_zr_test: 1.560e+01, sam_zr_test: 1.941e+01, ssim_zr_test: 7.276e-01, rmse_zr_test: 3.491e+01, ergas_zr_test: 1.987e+00, uqi_zr_test: 8.257e-01, psnr_xdsr_test: 1.534e+01, sam_xdsr_test: 1.932e+01
23-11-27 18:09:30.474 : , G_loss_test: 7.417e-02, hsi_likelihood_test: 4.165e-02, msi_likelihood_test: 3.252e-02, regularization_degradation_test: 3.535e-09, regularization_phi_test: 4.288e-02, psnr_xr_test: 1.520e+01, sam_xr_test: 1.839e+01, psnr_yr_test: 1.053e+01, sam_yr_test: 2.043e+01, psnr_zr_test: 1.560e+01, sam_zr_test: 1.941e+01, ssim_zr_test: 7.276e-01, rmse_zr_test: 3.491e+01, ergas_zr_test: 1.987e+00, uqi_zr_test: 8.257e-01, psnr_xdsr_test: 1.534e+01, sam_xdsr_test: 1.932e+01
23-11-27 18:09:35.401 : , G_loss_test: 7.164e-02, hsi_likelihood_test: 3.898e-02, msi_likelihood_test: 3.267e-02, regularization_degradation_test: 3.689e-09, regularization_phi_test: 4.130e-02, psnr_xr_test: 1.574e+01, sam_xr_test: 1.788e+01, psnr_yr_test: 1.049e+01, sam_yr_test: 2.047e+01, psnr_zr_test: 1.614e+01, sam_zr_test: 1.881e+01, ssim_zr_test: 7.168e-01, rmse_zr_test: 3.284e+01, ergas_zr_test: 1.902e+00, uqi_zr_test: 8.197e-01, psnr_xdsr_test: 1.573e+01, sam_xdsr_test: 1.907e+01
23-11-27 18:09:35.401 : , G_loss_test: 7.164e-02, hsi_likelihood_test: 3.898e-02, msi_likelihood_test: 3.267e-02, regularization_degradation_test: 3.689e-09, regularization_phi_test: 4.130e-02, psnr_xr_test: 1.574e+01, sam_xr_test: 1.788e+01, psnr_yr_test: 1.049e+01, sam_yr_test: 2.047e+01, psnr_zr_test: 1.614e+01, sam_zr_test: 1.881e+01, ssim_zr_test: 7.168e-01, rmse_zr_test: 3.284e+01, ergas_zr_test: 1.902e+00, uqi_zr_test: 8.197e-01, psnr_xdsr_test: 1.573e+01, sam_xdsr_test: 1.907e+01
23-11-27 18:09:40.296 : , G_loss_test: 7.854e-02, hsi_likelihood_test: 4.476e-02, msi_likelihood_test: 3.378e-02, regularization_degradation_test: 3.251e-09, regularization_phi_test: 5.090e-02, psnr_xr_test: 1.481e+01, sam_xr_test: 1.884e+01, psnr_yr_test: 1.026e+01, sam_yr_test: 2.075e+01, psnr_zr_test: 1.527e+01, sam_zr_test: 1.943e+01, ssim_zr_test: 7.037e-01, rmse_zr_test: 3.648e+01, ergas_zr_test: 2.129e+00, uqi_zr_test: 7.859e-01, psnr_xdsr_test: 1.368e+01, sam_xdsr_test: 2.121e+01
23-11-27 18:09:40.296 : , G_loss_test: 7.854e-02, hsi_likelihood_test: 4.476e-02, msi_likelihood_test: 3.378e-02, regularization_degradation_test: 3.251e-09, regularization_phi_test: 5.090e-02, psnr_xr_test: 1.481e+01, sam_xr_test: 1.884e+01, psnr_yr_test: 1.026e+01, sam_yr_test: 2.075e+01, psnr_zr_test: 1.527e+01, sam_zr_test: 1.943e+01, ssim_zr_test: 7.037e-01, rmse_zr_test: 3.648e+01, ergas_zr_test: 2.129e+00, uqi_zr_test: 7.859e-01, psnr_xdsr_test: 1.368e+01, sam_xdsr_test: 2.121e+01
23-11-27 18:09:45.053 : , G_loss_test: 6.872e-02, hsi_likelihood_test: 3.933e-02, msi_likelihood_test: 2.940e-02, regularization_degradation_test: 4.280e-09, regularization_phi_test: 7.257e-02, psnr_xr_test: 1.567e+01, sam_xr_test: 1.845e+01, psnr_yr_test: 1.164e+01, sam_yr_test: nan, psnr_zr_test: 1.612e+01, sam_zr_test: 1.984e+01, ssim_zr_test: 7.463e-01, rmse_zr_test: 3.320e+01, ergas_zr_test: 1.822e+00, uqi_zr_test: 7.940e-01, psnr_xdsr_test: 1.170e+01, sam_xdsr_test: 2.224e+01
23-11-27 18:09:45.054 : , G_loss_test: 6.872e-02, hsi_likelihood_test: 3.933e-02, msi_likelihood_test: 2.940e-02, regularization_degradation_test: 4.280e-09, regularization_phi_test: 7.257e-02, psnr_xr_test: 1.567e+01, sam_xr_test: 1.845e+01, psnr_yr_test: 1.164e+01, sam_yr_test: nan, psnr_zr_test: 1.612e+01, sam_zr_test: 1.984e+01, ssim_zr_test: 7.463e-01, rmse_zr_test: 3.320e+01, ergas_zr_test: 1.822e+00, uqi_zr_test: 7.940e-01, psnr_xdsr_test: 1.170e+01, sam_xdsr_test: 2.224e+01
23-11-27 18:09:49.835 : , G_loss_test: 7.196e-02, hsi_likelihood_test: 3.923e-02, msi_likelihood_test: 3.273e-02, regularization_degradation_test: 3.806e-09, regularization_phi_test: 5.410e-02, psnr_xr_test: 1.584e+01, sam_xr_test: 1.749e+01, psnr_yr_test: 1.072e+01, sam_yr_test: 2.019e+01, psnr_zr_test: 1.625e+01, sam_zr_test: 1.853e+01, ssim_zr_test: 7.208e-01, rmse_zr_test: 3.212e+01, ergas_zr_test: 1.838e+00, uqi_zr_test: 8.288e-01, psnr_xdsr_test: 1.337e+01, sam_xdsr_test: 2.123e+01
23-11-27 18:09:49.836 : , G_loss_test: 7.196e-02, hsi_likelihood_test: 3.923e-02, msi_likelihood_test: 3.273e-02, regularization_degradation_test: 3.806e-09, regularization_phi_test: 5.410e-02, psnr_xr_test: 1.584e+01, sam_xr_test: 1.749e+01, psnr_yr_test: 1.072e+01, sam_yr_test: 2.019e+01, psnr_zr_test: 1.625e+01, sam_zr_test: 1.853e+01, ssim_zr_test: 7.208e-01, rmse_zr_test: 3.212e+01, ergas_zr_test: 1.838e+00, uqi_zr_test: 8.288e-01, psnr_xdsr_test: 1.337e+01, sam_xdsr_test: 2.123e+01
23-11-27 18:09:54.711 : , G_loss_test: 7.280e-02, hsi_likelihood_test: 4.312e-02, msi_likelihood_test: 2.968e-02, regularization_degradation_test: 4.932e-09, regularization_phi_test: 4.092e-02, psnr_xr_test: 1.562e+01, sam_xr_test: 1.883e+01, psnr_yr_test: 1.179e+01, sam_yr_test: 1.988e+01, psnr_zr_test: 1.605e+01, sam_zr_test: 2.010e+01, ssim_zr_test: 7.232e-01, rmse_zr_test: 3.294e+01, ergas_zr_test: 1.858e+00, uqi_zr_test: 7.880e-01, psnr_xdsr_test: 1.585e+01, sam_xdsr_test: 1.934e+01
23-11-27 18:09:54.712 : , G_loss_test: 7.280e-02, hsi_likelihood_test: 4.312e-02, msi_likelihood_test: 2.968e-02, regularization_degradation_test: 4.932e-09, regularization_phi_test: 4.092e-02, psnr_xr_test: 1.562e+01, sam_xr_test: 1.883e+01, psnr_yr_test: 1.179e+01, sam_yr_test: 1.988e+01, psnr_zr_test: 1.605e+01, sam_zr_test: 2.010e+01, ssim_zr_test: 7.232e-01, rmse_zr_test: 3.294e+01, ergas_zr_test: 1.858e+00, uqi_zr_test: 7.880e-01, psnr_xdsr_test: 1.585e+01, sam_xdsr_test: 1.934e+01
23-11-27 18:09:59.374 : , G_loss_test: 9.182e-02, hsi_likelihood_test: 5.682e-02, msi_likelihood_test: 3.500e-02, regularization_degradation_test: 2.712e-09, regularization_phi_test: 3.915e-02, psnr_xr_test: 1.287e+01, sam_xr_test: 2.089e+01, psnr_yr_test: 9.839e+00, sam_yr_test: 2.033e+01, psnr_zr_test: 1.335e+01, sam_zr_test: 2.141e+01, ssim_zr_test: 6.612e-01, rmse_zr_test: 4.544e+01, ergas_zr_test: 2.477e+00, uqi_zr_test: 7.545e-01, psnr_xdsr_test: 1.567e+01, sam_xdsr_test: 1.834e+01
23-11-27 18:09:59.374 : , G_loss_test: 9.182e-02, hsi_likelihood_test: 5.682e-02, msi_likelihood_test: 3.500e-02, regularization_degradation_test: 2.712e-09, regularization_phi_test: 3.915e-02, psnr_xr_test: 1.287e+01, sam_xr_test: 2.089e+01, psnr_yr_test: 9.839e+00, sam_yr_test: 2.033e+01, psnr_zr_test: 1.335e+01, sam_zr_test: 2.141e+01, ssim_zr_test: 6.612e-01, rmse_zr_test: 4.544e+01, ergas_zr_test: 2.477e+00, uqi_zr_test: 7.545e-01, psnr_xdsr_test: 1.567e+01, sam_xdsr_test: 1.834e+01
23-11-27 18:10:04.104 : , G_loss_test: 7.486e-02, hsi_likelihood_test: 4.392e-02, msi_likelihood_test: 3.093e-02, regularization_degradation_test: 3.989e-09, regularization_phi_test: 4.430e-02, psnr_xr_test: 1.502e+01, sam_xr_test: 1.737e+01, psnr_yr_test: 1.127e+01, sam_yr_test: 2.048e+01, psnr_zr_test: 1.546e+01, sam_zr_test: 1.837e+01, ssim_zr_test: 7.461e-01, rmse_zr_test: 3.688e+01, ergas_zr_test: 1.907e+00, uqi_zr_test: 8.164e-01, psnr_xdsr_test: 1.499e+01, sam_xdsr_test: 1.965e+01
23-11-27 18:10:04.105 : , G_loss_test: 7.486e-02, hsi_likelihood_test: 4.392e-02, msi_likelihood_test: 3.093e-02, regularization_degradation_test: 3.989e-09, regularization_phi_test: 4.430e-02, psnr_xr_test: 1.502e+01, sam_xr_test: 1.737e+01, psnr_yr_test: 1.127e+01, sam_yr_test: 2.048e+01, psnr_zr_test: 1.546e+01, sam_zr_test: 1.837e+01, ssim_zr_test: 7.461e-01, rmse_zr_test: 3.688e+01, ergas_zr_test: 1.907e+00, uqi_zr_test: 8.164e-01, psnr_xdsr_test: 1.499e+01, sam_xdsr_test: 1.965e+01
23-11-27 18:10:08.970 : , G_loss_test: 8.653e-02, hsi_likelihood_test: 5.281e-02, msi_likelihood_test: 3.371e-02, regularization_degradation_test: 3.109e-09, regularization_phi_test: 6.424e-02, psnr_xr_test: 1.367e+01, sam_xr_test: 2.046e+01, psnr_yr_test: 1.024e+01, sam_yr_test: 2.154e+01, psnr_zr_test: 1.413e+01, sam_zr_test: 2.110e+01, ssim_zr_test: 6.670e-01, rmse_zr_test: 4.153e+01, ergas_zr_test: 2.332e+00, uqi_zr_test: 7.308e-01, psnr_xdsr_test: 1.227e+01, sam_xdsr_test: 2.437e+01
23-11-27 18:10:08.970 : , G_loss_test: 8.653e-02, hsi_likelihood_test: 5.281e-02, msi_likelihood_test: 3.371e-02, regularization_degradation_test: 3.109e-09, regularization_phi_test: 6.424e-02, psnr_xr_test: 1.367e+01, sam_xr_test: 2.046e+01, psnr_yr_test: 1.024e+01, sam_yr_test: 2.154e+01, psnr_zr_test: 1.413e+01, sam_zr_test: 2.110e+01, ssim_zr_test: 6.670e-01, rmse_zr_test: 4.153e+01, ergas_zr_test: 2.332e+00, uqi_zr_test: 7.308e-01, psnr_xdsr_test: 1.227e+01, sam_xdsr_test: 2.437e+01
23-11-27 18:10:13.656 : , G_loss_test: 9.167e-02, hsi_likelihood_test: 6.268e-02, msi_likelihood_test: 2.898e-02, regularization_degradation_test: 5.313e-09, regularization_phi_test: 4.113e-02, psnr_xr_test: 1.325e+01, sam_xr_test: 2.206e+01, psnr_yr_test: 1.252e+01, sam_yr_test: 1.960e+01, psnr_zr_test: 1.371e+01, sam_zr_test: 2.389e+01, ssim_zr_test: 6.647e-01, rmse_zr_test: 4.486e+01, ergas_zr_test: 2.325e+00, uqi_zr_test: 6.821e-01, psnr_xdsr_test: 1.575e+01, sam_xdsr_test: 1.915e+01
23-11-27 18:10:13.657 : , G_loss_test: 9.167e-02, hsi_likelihood_test: 6.268e-02, msi_likelihood_test: 2.898e-02, regularization_degradation_test: 5.313e-09, regularization_phi_test: 4.113e-02, psnr_xr_test: 1.325e+01, sam_xr_test: 2.206e+01, psnr_yr_test: 1.252e+01, sam_yr_test: 1.960e+01, psnr_zr_test: 1.371e+01, sam_zr_test: 2.389e+01, ssim_zr_test: 6.647e-01, rmse_zr_test: 4.486e+01, ergas_zr_test: 2.325e+00, uqi_zr_test: 6.821e-01, psnr_xdsr_test: 1.575e+01, sam_xdsr_test: 1.915e+01
23-11-27 18:10:18.409 : , G_loss_test: 1.009e-01, hsi_likelihood_test: 7.198e-02, msi_likelihood_test: 2.893e-02, regularization_degradation_test: 4.968e-09, regularization_phi_test: 4.209e-02, psnr_xr_test: 1.213e+01, sam_xr_test: 2.220e+01, psnr_yr_test: 1.226e+01, sam_yr_test: 1.985e+01, psnr_zr_test: 1.259e+01, sam_zr_test: 2.413e+01, ssim_zr_test: 6.841e-01, rmse_zr_test: 5.331e+01, ergas_zr_test: 2.616e+00, uqi_zr_test: 7.131e-01, psnr_xdsr_test: 1.524e+01, sam_xdsr_test: 1.897e+01
23-11-27 18:10:18.410 : , G_loss_test: 1.009e-01, hsi_likelihood_test: 7.198e-02, msi_likelihood_test: 2.893e-02, regularization_degradation_test: 4.968e-09, regularization_phi_test: 4.209e-02, psnr_xr_test: 1.213e+01, sam_xr_test: 2.220e+01, psnr_yr_test: 1.226e+01, sam_yr_test: 1.985e+01, psnr_zr_test: 1.259e+01, sam_zr_test: 2.413e+01, ssim_zr_test: 6.841e-01, rmse_zr_test: 5.331e+01, ergas_zr_test: 2.616e+00, uqi_zr_test: 7.131e-01, psnr_xdsr_test: 1.524e+01, sam_xdsr_test: 1.897e+01
23-11-27 18:10:28.040 : , G_loss_test: 3.081e-02, hsi_likelihood_test: 2.191e-02, msi_likelihood_test: 8.901e-03, regularization_degradation_test: 3.840e-09, regularization_phi_test: 2.057e-02, psnr_xr_test: 2.033e+01, sam_xr_test: 2.211e+01, psnr_yr_test: 2.165e+01, sam_yr_test: 1.936e+01, psnr_zr_test: 2.145e+01, sam_zr_test: 2.427e+01, ssim_zr_test: 7.568e-01, rmse_zr_test: 2.081e+01, ergas_zr_test: 2.076e+00, uqi_zr_test: 6.269e-01, psnr_xdsr_test: 2.054e+01, sam_xdsr_test: 2.172e+01
23-11-27 18:10:28.040 : , G_loss_test: 3.081e-02, hsi_likelihood_test: 2.191e-02, msi_likelihood_test: 8.901e-03, regularization_degradation_test: 3.840e-09, regularization_phi_test: 2.057e-02, psnr_xr_test: 2.033e+01, sam_xr_test: 2.211e+01, psnr_yr_test: 2.165e+01, sam_yr_test: 1.936e+01, psnr_zr_test: 2.145e+01, sam_zr_test: 2.427e+01, ssim_zr_test: 7.568e-01, rmse_zr_test: 2.081e+01, ergas_zr_test: 2.076e+00, uqi_zr_test: 6.269e-01, psnr_xdsr_test: 2.054e+01, sam_xdsr_test: 2.172e+01
23-11-27 18:10:32.804 : , G_loss_test: 3.367e-02, hsi_likelihood_test: 2.191e-02, msi_likelihood_test: 1.176e-02, regularization_degradation_test: 5.217e-09, regularization_phi_test: 1.990e-02, psnr_xr_test: 2.016e+01, sam_xr_test: 2.257e+01, psnr_yr_test: 1.851e+01, sam_yr_test: 1.962e+01, psnr_zr_test: 2.118e+01, sam_zr_test: 2.386e+01, ssim_zr_test: 8.184e-01, rmse_zr_test: 2.134e+01, ergas_zr_test: 2.130e+00, uqi_zr_test: 7.296e-01, psnr_xdsr_test: 2.098e+01, sam_xdsr_test: 2.206e+01
23-11-27 18:10:32.804 : , G_loss_test: 3.367e-02, hsi_likelihood_test: 2.191e-02, msi_likelihood_test: 1.176e-02, regularization_degradation_test: 5.217e-09, regularization_phi_test: 1.990e-02, psnr_xr_test: 2.016e+01, sam_xr_test: 2.257e+01, psnr_yr_test: 1.851e+01, sam_yr_test: 1.962e+01, psnr_zr_test: 2.118e+01, sam_zr_test: 2.386e+01, ssim_zr_test: 8.184e-01, rmse_zr_test: 2.134e+01, ergas_zr_test: 2.130e+00, uqi_zr_test: 7.296e-01, psnr_xdsr_test: 2.098e+01, sam_xdsr_test: 2.206e+01
23-11-27 18:10:37.739 : , G_loss_test: 3.844e-02, hsi_likelihood_test: 2.557e-02, msi_likelihood_test: 1.287e-02, regularization_degradation_test: 5.273e-09, regularization_phi_test: 2.353e-02, psnr_xr_test: 1.875e+01, sam_xr_test: 2.805e+01, psnr_yr_test: 1.653e+01, sam_yr_test: 2.112e+01, psnr_zr_test: 1.976e+01, sam_zr_test: 3.052e+01, ssim_zr_test: 7.502e-01, rmse_zr_test: 2.505e+01, ergas_zr_test: 2.488e+00, uqi_zr_test: 4.993e-01, psnr_xdsr_test: 2.003e+01, sam_xdsr_test: 3.665e+01
23-11-27 18:10:37.740 : , G_loss_test: 3.844e-02, hsi_likelihood_test: 2.557e-02, msi_likelihood_test: 1.287e-02, regularization_degradation_test: 5.273e-09, regularization_phi_test: 2.353e-02, psnr_xr_test: 1.875e+01, sam_xr_test: 2.805e+01, psnr_yr_test: 1.653e+01, sam_yr_test: 2.112e+01, psnr_zr_test: 1.976e+01, sam_zr_test: 3.052e+01, ssim_zr_test: 7.502e-01, rmse_zr_test: 2.505e+01, ergas_zr_test: 2.488e+00, uqi_zr_test: 4.993e-01, psnr_xdsr_test: 2.003e+01, sam_xdsr_test: 3.665e+01
23-11-27 18:10:42.397 : , G_loss_test: 3.311e-02, hsi_likelihood_test: 2.148e-02, msi_likelihood_test: 1.163e-02, regularization_degradation_test: 5.656e-09, regularization_phi_test: 2.489e-02, psnr_xr_test: 2.013e+01, sam_xr_test: 2.182e+01, psnr_yr_test: 1.787e+01, sam_yr_test: 2.008e+01, psnr_zr_test: 2.105e+01, sam_zr_test: 2.388e+01, ssim_zr_test: 8.117e-01, rmse_zr_test: 2.173e+01, ergas_zr_test: 2.164e+00, uqi_zr_test: 7.015e-01, psnr_xdsr_test: 1.854e+01, sam_xdsr_test: 2.201e+01
23-11-27 18:10:42.398 : , G_loss_test: 3.311e-02, hsi_likelihood_test: 2.148e-02, msi_likelihood_test: 1.163e-02, regularization_degradation_test: 5.656e-09, regularization_phi_test: 2.489e-02, psnr_xr_test: 2.013e+01, sam_xr_test: 2.182e+01, psnr_yr_test: 1.787e+01, sam_yr_test: 2.008e+01, psnr_zr_test: 2.105e+01, sam_zr_test: 2.388e+01, ssim_zr_test: 8.117e-01, rmse_zr_test: 2.173e+01, ergas_zr_test: 2.164e+00, uqi_zr_test: 7.015e-01, psnr_xdsr_test: 1.854e+01, sam_xdsr_test: 2.201e+01
23-11-27 18:10:47.221 : , G_loss_test: 3.290e-02, hsi_likelihood_test: 2.119e-02, msi_likelihood_test: 1.170e-02, regularization_degradation_test: 5.160e-09, regularization_phi_test: 1.949e-02, psnr_xr_test: 2.050e+01, sam_xr_test: 2.291e+01, psnr_yr_test: 1.872e+01, sam_yr_test: 1.936e+01, psnr_zr_test: 2.146e+01, sam_zr_test: 2.468e+01, ssim_zr_test: 7.731e-01, rmse_zr_test: 2.077e+01, ergas_zr_test: 2.073e+00, uqi_zr_test: 6.997e-01, psnr_xdsr_test: 2.114e+01, sam_xdsr_test: 2.246e+01
23-11-27 18:10:47.221 : , G_loss_test: 3.290e-02, hsi_likelihood_test: 2.119e-02, msi_likelihood_test: 1.170e-02, regularization_degradation_test: 5.160e-09, regularization_phi_test: 1.949e-02, psnr_xr_test: 2.050e+01, sam_xr_test: 2.291e+01, psnr_yr_test: 1.872e+01, sam_yr_test: 1.936e+01, psnr_zr_test: 2.146e+01, sam_zr_test: 2.468e+01, ssim_zr_test: 7.731e-01, rmse_zr_test: 2.077e+01, ergas_zr_test: 2.073e+00, uqi_zr_test: 6.997e-01, psnr_xdsr_test: 2.114e+01, sam_xdsr_test: 2.246e+01
23-11-27 18:10:52.072 : , G_loss_test: 3.072e-02, hsi_likelihood_test: 2.047e-02, msi_likelihood_test: 1.025e-02, regularization_degradation_test: 5.132e-09, regularization_phi_test: 2.539e-02, psnr_xr_test: 2.075e+01, sam_xr_test: 2.341e+01, psnr_yr_test: 1.919e+01, sam_yr_test: 2.037e+01, psnr_zr_test: 2.172e+01, sam_zr_test: 2.569e+01, ssim_zr_test: 7.769e-01, rmse_zr_test: 2.031e+01, ergas_zr_test: 2.030e+00, uqi_zr_test: 5.901e-01, psnr_xdsr_test: 1.859e+01, sam_xdsr_test: 2.578e+01
23-11-27 18:10:52.072 : , G_loss_test: 3.072e-02, hsi_likelihood_test: 2.047e-02, msi_likelihood_test: 1.025e-02, regularization_degradation_test: 5.132e-09, regularization_phi_test: 2.539e-02, psnr_xr_test: 2.075e+01, sam_xr_test: 2.341e+01, psnr_yr_test: 1.919e+01, sam_yr_test: 2.037e+01, psnr_zr_test: 2.172e+01, sam_zr_test: 2.569e+01, ssim_zr_test: 7.769e-01, rmse_zr_test: 2.031e+01, ergas_zr_test: 2.030e+00, uqi_zr_test: 5.901e-01, psnr_xdsr_test: 1.859e+01, sam_xdsr_test: 2.578e+01
23-11-27 18:10:56.944 : , G_loss_test: 4.039e-02, hsi_likelihood_test: 2.562e-02, msi_likelihood_test: 1.477e-02, regularization_degradation_test: 6.399e-09, regularization_phi_test: 2.975e-02, psnr_xr_test: 1.844e+01, sam_xr_test: 2.211e+01, psnr_yr_test: 1.573e+01, sam_yr_test: 1.862e+01, psnr_zr_test: 1.946e+01, sam_zr_test: 2.370e+01, ssim_zr_test: 8.278e-01, rmse_zr_test: 2.599e+01, ergas_zr_test: 2.577e+00, uqi_zr_test: 7.255e-01, psnr_xdsr_test: 1.716e+01, sam_xdsr_test: 2.251e+01
23-11-27 18:10:56.944 : , G_loss_test: 4.039e-02, hsi_likelihood_test: 2.562e-02, msi_likelihood_test: 1.477e-02, regularization_degradation_test: 6.399e-09, regularization_phi_test: 2.975e-02, psnr_xr_test: 1.844e+01, sam_xr_test: 2.211e+01, psnr_yr_test: 1.573e+01, sam_yr_test: 1.862e+01, psnr_zr_test: 1.946e+01, sam_zr_test: 2.370e+01, ssim_zr_test: 8.278e-01, rmse_zr_test: 2.599e+01, ergas_zr_test: 2.577e+00, uqi_zr_test: 7.255e-01, psnr_xdsr_test: 1.716e+01, sam_xdsr_test: 2.251e+01
23-11-27 18:11:01.831 : , G_loss_test: 2.972e-02, hsi_likelihood_test: 2.005e-02, msi_likelihood_test: 9.668e-03, regularization_degradation_test: 4.539e-09, regularization_phi_test: 1.996e-02, psnr_xr_test: 2.107e+01, sam_xr_test: 2.314e+01, psnr_yr_test: 2.120e+01, sam_yr_test: 1.914e+01, psnr_zr_test: 2.204e+01, sam_zr_test: 2.465e+01, ssim_zr_test: 7.823e-01, rmse_zr_test: 1.942e+01, ergas_zr_test: 1.951e+00, uqi_zr_test: 7.072e-01, psnr_xdsr_test: 2.097e+01, sam_xdsr_test: 2.240e+01
23-11-27 18:11:01.831 : , G_loss_test: 2.972e-02, hsi_likelihood_test: 2.005e-02, msi_likelihood_test: 9.668e-03, regularization_degradation_test: 4.539e-09, regularization_phi_test: 1.996e-02, psnr_xr_test: 2.107e+01, sam_xr_test: 2.314e+01, psnr_yr_test: 2.120e+01, sam_yr_test: 1.914e+01, psnr_zr_test: 2.204e+01, sam_zr_test: 2.465e+01, ssim_zr_test: 7.823e-01, rmse_zr_test: 1.942e+01, ergas_zr_test: 1.951e+00, uqi_zr_test: 7.072e-01, psnr_xdsr_test: 2.097e+01, sam_xdsr_test: 2.240e+01
23-11-27 18:11:06.707 : , G_loss_test: 3.087e-02, hsi_likelihood_test: 2.274e-02, msi_likelihood_test: 8.133e-03, regularization_degradation_test: 3.509e-09, regularization_phi_test: 1.964e-02, psnr_xr_test: 1.982e+01, sam_xr_test: 2.383e+01, psnr_yr_test: 2.219e+01, sam_yr_test: 2.002e+01, psnr_zr_test: 2.101e+01, sam_zr_test: 2.616e+01, ssim_zr_test: 7.245e-01, rmse_zr_test: 2.160e+01, ergas_zr_test: 2.153e+00, uqi_zr_test: 5.276e-01, psnr_xdsr_test: 2.116e+01, sam_xdsr_test: 2.160e+01
23-11-27 18:11:06.708 : , G_loss_test: 3.087e-02, hsi_likelihood_test: 2.274e-02, msi_likelihood_test: 8.133e-03, regularization_degradation_test: 3.509e-09, regularization_phi_test: 1.964e-02, psnr_xr_test: 1.982e+01, sam_xr_test: 2.383e+01, psnr_yr_test: 2.219e+01, sam_yr_test: 2.002e+01, psnr_zr_test: 2.101e+01, sam_zr_test: 2.616e+01, ssim_zr_test: 7.245e-01, rmse_zr_test: 2.160e+01, ergas_zr_test: 2.153e+00, uqi_zr_test: 5.276e-01, psnr_xdsr_test: 2.116e+01, sam_xdsr_test: 2.160e+01
23-11-27 18:11:11.588 : , G_loss_test: 2.890e-02, hsi_likelihood_test: 1.919e-02, msi_likelihood_test: 9.705e-03, regularization_degradation_test: 4.563e-09, regularization_phi_test: 2.182e-02, psnr_xr_test: 2.114e+01, sam_xr_test: 2.106e+01, psnr_yr_test: 2.138e+01, sam_yr_test: 1.974e+01, psnr_zr_test: 2.208e+01, sam_zr_test: 2.306e+01, ssim_zr_test: 8.247e-01, rmse_zr_test: 1.951e+01, ergas_zr_test: 1.958e+00, uqi_zr_test: 7.457e-01, psnr_xdsr_test: 2.110e+01, sam_xdsr_test: 2.541e+01
23-11-27 18:11:11.589 : , G_loss_test: 2.890e-02, hsi_likelihood_test: 1.919e-02, msi_likelihood_test: 9.705e-03, regularization_degradation_test: 4.563e-09, regularization_phi_test: 2.182e-02, psnr_xr_test: 2.114e+01, sam_xr_test: 2.106e+01, psnr_yr_test: 2.138e+01, sam_yr_test: 1.974e+01, psnr_zr_test: 2.208e+01, sam_zr_test: 2.306e+01, ssim_zr_test: 8.247e-01, rmse_zr_test: 1.951e+01, ergas_zr_test: 1.958e+00, uqi_zr_test: 7.457e-01, psnr_xdsr_test: 2.110e+01, sam_xdsr_test: 2.541e+01
23-11-27 18:11:16.440 : , G_loss_test: 2.887e-02, hsi_likelihood_test: 1.909e-02, msi_likelihood_test: 9.779e-03, regularization_degradation_test: 5.103e-09, regularization_phi_test: 2.297e-02, psnr_xr_test: 2.124e+01, sam_xr_test: 2.346e+01, psnr_yr_test: 2.081e+01, sam_yr_test: 2.022e+01, psnr_zr_test: 2.218e+01, sam_zr_test: 2.511e+01, ssim_zr_test: 7.985e-01, rmse_zr_test: 1.935e+01, ergas_zr_test: 1.943e+00, uqi_zr_test: 6.741e-01, psnr_xdsr_test: 2.015e+01, sam_xdsr_test: 2.411e+01
23-11-27 18:11:16.440 : , G_loss_test: 2.887e-02, hsi_likelihood_test: 1.909e-02, msi_likelihood_test: 9.779e-03, regularization_degradation_test: 5.103e-09, regularization_phi_test: 2.297e-02, psnr_xr_test: 2.124e+01, sam_xr_test: 2.346e+01, psnr_yr_test: 2.081e+01, sam_yr_test: 2.022e+01, psnr_zr_test: 2.218e+01, sam_zr_test: 2.511e+01, ssim_zr_test: 7.985e-01, rmse_zr_test: 1.935e+01, ergas_zr_test: 1.943e+00, uqi_zr_test: 6.741e-01, psnr_xdsr_test: 2.015e+01, sam_xdsr_test: 2.411e+01
23-11-27 18:11:21.303 : , G_loss_test: 3.505e-02, hsi_likelihood_test: 2.559e-02, msi_likelihood_test: 9.461e-03, regularization_degradation_test: 3.268e-09, regularization_phi_test: 2.668e-02, psnr_xr_test: 1.861e+01, sam_xr_test: 2.240e+01, psnr_yr_test: 2.069e+01, sam_yr_test: 1.981e+01, psnr_zr_test: 1.988e+01, sam_zr_test: 2.440e+01, ssim_zr_test: 7.333e-01, rmse_zr_test: 2.454e+01, ergas_zr_test: 2.434e+00, uqi_zr_test: 6.419e-01, psnr_xdsr_test: 1.839e+01, sam_xdsr_test: 2.955e+01
23-11-27 18:11:21.304 : , G_loss_test: 3.505e-02, hsi_likelihood_test: 2.559e-02, msi_likelihood_test: 9.461e-03, regularization_degradation_test: 3.268e-09, regularization_phi_test: 2.668e-02, psnr_xr_test: 1.861e+01, sam_xr_test: 2.240e+01, psnr_yr_test: 2.069e+01, sam_yr_test: 1.981e+01, psnr_zr_test: 1.988e+01, sam_zr_test: 2.440e+01, ssim_zr_test: 7.333e-01, rmse_zr_test: 2.454e+01, ergas_zr_test: 2.434e+00, uqi_zr_test: 6.419e-01, psnr_xdsr_test: 1.839e+01, sam_xdsr_test: 2.955e+01
23-11-27 18:11:26.184 : , G_loss_test: 3.492e-02, hsi_likelihood_test: 2.221e-02, msi_likelihood_test: 1.271e-02, regularization_degradation_test: 5.799e-09, regularization_phi_test: 2.073e-02, psnr_xr_test: 1.982e+01, sam_xr_test: 2.141e+01, psnr_yr_test: 1.730e+01, sam_yr_test: 1.874e+01, psnr_zr_test: 2.082e+01, sam_zr_test: 2.334e+01, ssim_zr_test: 8.221e-01, rmse_zr_test: 2.227e+01, ergas_zr_test: 2.217e+00, uqi_zr_test: 7.234e-01, psnr_xdsr_test: 2.110e+01, sam_xdsr_test: 2.437e+01
23-11-27 18:11:26.184 : , G_loss_test: 3.492e-02, hsi_likelihood_test: 2.221e-02, msi_likelihood_test: 1.271e-02, regularization_degradation_test: 5.799e-09, regularization_phi_test: 2.073e-02, psnr_xr_test: 1.982e+01, sam_xr_test: 2.141e+01, psnr_yr_test: 1.730e+01, sam_yr_test: 1.874e+01, psnr_zr_test: 2.082e+01, sam_zr_test: 2.334e+01, ssim_zr_test: 8.221e-01, rmse_zr_test: 2.227e+01, ergas_zr_test: 2.217e+00, uqi_zr_test: 7.234e-01, psnr_xdsr_test: 2.110e+01, sam_xdsr_test: 2.437e+01
23-11-27 18:11:31.046 : , G_loss_test: 2.895e-02, hsi_likelihood_test: 2.097e-02, msi_likelihood_test: 7.984e-03, regularization_degradation_test: 3.793e-09, regularization_phi_test: 2.825e-02, psnr_xr_test: 2.035e+01, sam_xr_test: 2.092e+01, psnr_yr_test: 2.250e+01, sam_yr_test: 2.005e+01, psnr_zr_test: 2.145e+01, sam_zr_test: 2.313e+01, ssim_zr_test: 8.047e-01, rmse_zr_test: 2.071e+01, ergas_zr_test: 2.070e+00, uqi_zr_test: 7.107e-01, psnr_xdsr_test: 1.932e+01, sam_xdsr_test: 2.765e+01
23-11-27 18:11:31.046 : , G_loss_test: 2.895e-02, hsi_likelihood_test: 2.097e-02, msi_likelihood_test: 7.984e-03, regularization_degradation_test: 3.793e-09, regularization_phi_test: 2.825e-02, psnr_xr_test: 2.035e+01, sam_xr_test: 2.092e+01, psnr_yr_test: 2.250e+01, sam_yr_test: 2.005e+01, psnr_zr_test: 2.145e+01, sam_zr_test: 2.313e+01, ssim_zr_test: 8.047e-01, rmse_zr_test: 2.071e+01, ergas_zr_test: 2.070e+00, uqi_zr_test: 7.107e-01, psnr_xdsr_test: 1.932e+01, sam_xdsr_test: 2.765e+01
23-11-27 18:11:35.807 : , G_loss_test: 3.043e-02, hsi_likelihood_test: 2.214e-02, msi_likelihood_test: 8.290e-03, regularization_degradation_test: 3.522e-09, regularization_phi_test: 2.278e-02, psnr_xr_test: 2.041e+01, sam_xr_test: 2.894e+01, psnr_yr_test: 2.216e+01, sam_yr_test: 2.082e+01, psnr_zr_test: 2.150e+01, sam_zr_test: 3.250e+01, ssim_zr_test: 6.478e-01, rmse_zr_test: 2.068e+01, ergas_zr_test: 2.066e+00, uqi_zr_test: 4.644e-01, psnr_xdsr_test: 2.070e+01, sam_xdsr_test: 3.785e+01
23-11-27 18:11:35.808 : , G_loss_test: 3.043e-02, hsi_likelihood_test: 2.214e-02, msi_likelihood_test: 8.290e-03, regularization_degradation_test: 3.522e-09, regularization_phi_test: 2.278e-02, psnr_xr_test: 2.041e+01, sam_xr_test: 2.894e+01, psnr_yr_test: 2.216e+01, sam_yr_test: 2.082e+01, psnr_zr_test: 2.150e+01, sam_zr_test: 3.250e+01, ssim_zr_test: 6.478e-01, rmse_zr_test: 2.068e+01, ergas_zr_test: 2.066e+00, uqi_zr_test: 4.644e-01, psnr_xdsr_test: 2.070e+01, sam_xdsr_test: 3.785e+01
23-11-27 18:11:40.567 : , G_loss_test: 3.637e-02, hsi_likelihood_test: 2.319e-02, msi_likelihood_test: 1.318e-02, regularization_degradation_test: 5.091e-09, regularization_phi_test: 2.057e-02, psnr_xr_test: 1.995e+01, sam_xr_test: 2.311e+01, psnr_yr_test: 1.793e+01, sam_yr_test: 1.955e+01, psnr_zr_test: 2.096e+01, sam_zr_test: 2.453e+01, ssim_zr_test: 7.440e-01, rmse_zr_test: 2.197e+01, ergas_zr_test: 2.190e+00, uqi_zr_test: 6.702e-01, psnr_xdsr_test: 2.105e+01, sam_xdsr_test: 2.299e+01
23-11-27 18:11:40.568 : , G_loss_test: 3.637e-02, hsi_likelihood_test: 2.319e-02, msi_likelihood_test: 1.318e-02, regularization_degradation_test: 5.091e-09, regularization_phi_test: 2.057e-02, psnr_xr_test: 1.995e+01, sam_xr_test: 2.311e+01, psnr_yr_test: 1.793e+01, sam_yr_test: 1.955e+01, psnr_zr_test: 2.096e+01, sam_zr_test: 2.453e+01, ssim_zr_test: 7.440e-01, rmse_zr_test: 2.197e+01, ergas_zr_test: 2.190e+00, uqi_zr_test: 6.702e-01, psnr_xdsr_test: 2.105e+01, sam_xdsr_test: 2.299e+01
23-11-27 18:11:45.253 : , G_loss_test: 3.260e-02, hsi_likelihood_test: 2.053e-02, msi_likelihood_test: 1.208e-02, regularization_degradation_test: 5.397e-09, regularization_phi_test: 2.074e-02, psnr_xr_test: 2.054e+01, sam_xr_test: 2.274e+01, psnr_yr_test: 1.852e+01, sam_yr_test: 2.085e+01, psnr_zr_test: 2.150e+01, sam_zr_test: 2.440e+01, ssim_zr_test: 8.153e-01, rmse_zr_test: 2.074e+01, ergas_zr_test: 2.072e+00, uqi_zr_test: 7.450e-01, psnr_xdsr_test: 2.065e+01, sam_xdsr_test: 2.328e+01
23-11-27 18:11:45.254 : , G_loss_test: 3.260e-02, hsi_likelihood_test: 2.053e-02, msi_likelihood_test: 1.208e-02, regularization_degradation_test: 5.397e-09, regularization_phi_test: 2.074e-02, psnr_xr_test: 2.054e+01, sam_xr_test: 2.274e+01, psnr_yr_test: 1.852e+01, sam_yr_test: 2.085e+01, psnr_zr_test: 2.150e+01, sam_zr_test: 2.440e+01, ssim_zr_test: 8.153e-01, rmse_zr_test: 2.074e+01, ergas_zr_test: 2.072e+00, uqi_zr_test: 7.450e-01, psnr_xdsr_test: 2.065e+01, sam_xdsr_test: 2.328e+01
23-11-27 18:11:49.986 : , G_loss_test: 2.903e-02, hsi_likelihood_test: 2.005e-02, msi_likelihood_test: 8.978e-03, regularization_degradation_test: 4.238e-09, regularization_phi_test: 2.509e-02, psnr_xr_test: 2.096e+01, sam_xr_test: 2.282e+01, psnr_yr_test: 2.242e+01, sam_yr_test: 1.870e+01, psnr_zr_test: 2.185e+01, sam_zr_test: 2.460e+01, ssim_zr_test: 7.761e-01, rmse_zr_test: 1.999e+01, ergas_zr_test: 1.997e+00, uqi_zr_test: 7.140e-01, psnr_xdsr_test: 1.975e+01, sam_xdsr_test: 2.563e+01
23-11-27 18:11:49.986 : , G_loss_test: 2.903e-02, hsi_likelihood_test: 2.005e-02, msi_likelihood_test: 8.978e-03, regularization_degradation_test: 4.238e-09, regularization_phi_test: 2.509e-02, psnr_xr_test: 2.096e+01, sam_xr_test: 2.282e+01, psnr_yr_test: 2.242e+01, sam_yr_test: 1.870e+01, psnr_zr_test: 2.185e+01, sam_zr_test: 2.460e+01, ssim_zr_test: 7.761e-01, rmse_zr_test: 1.999e+01, ergas_zr_test: 1.997e+00, uqi_zr_test: 7.140e-01, psnr_xdsr_test: 1.975e+01, sam_xdsr_test: 2.563e+01
23-11-27 18:11:54.691 : , G_loss_test: 3.133e-02, hsi_likelihood_test: 2.147e-02, msi_likelihood_test: 9.863e-03, regularization_degradation_test: 3.896e-09, regularization_phi_test: 2.492e-02, psnr_xr_test: 2.097e+01, sam_xr_test: 3.160e+01, psnr_yr_test: 1.992e+01, sam_yr_test: 2.030e+01, psnr_zr_test: 2.194e+01, sam_zr_test: 3.477e+01, ssim_zr_test: 6.378e-01, rmse_zr_test: 1.973e+01, ergas_zr_test: 1.981e+00, uqi_zr_test: 4.713e-01, psnr_xdsr_test: 1.938e+01, sam_xdsr_test: 3.805e+01
23-11-27 18:11:54.692 : , G_loss_test: 3.133e-02, hsi_likelihood_test: 2.147e-02, msi_likelihood_test: 9.863e-03, regularization_degradation_test: 3.896e-09, regularization_phi_test: 2.492e-02, psnr_xr_test: 2.097e+01, sam_xr_test: 3.160e+01, psnr_yr_test: 1.992e+01, sam_yr_test: 2.030e+01, psnr_zr_test: 2.194e+01, sam_zr_test: 3.477e+01, ssim_zr_test: 6.378e-01, rmse_zr_test: 1.973e+01, ergas_zr_test: 1.981e+00, uqi_zr_test: 4.713e-01, psnr_xdsr_test: 1.938e+01, sam_xdsr_test: 3.805e+01
23-11-27 18:11:59.454 : , G_loss_test: 2.900e-02, hsi_likelihood_test: 2.020e-02, msi_likelihood_test: 8.796e-03, regularization_degradation_test: 4.189e-09, regularization_phi_test: 1.958e-02, psnr_xr_test: 2.100e+01, sam_xr_test: 2.277e+01, psnr_yr_test: 2.131e+01, sam_yr_test: 2.006e+01, psnr_zr_test: 2.199e+01, sam_zr_test: 2.519e+01, ssim_zr_test: 7.555e-01, rmse_zr_test: 1.962e+01, ergas_zr_test: 1.966e+00, uqi_zr_test: 6.086e-01, psnr_xdsr_test: 2.131e+01, sam_xdsr_test: 2.162e+01
23-11-27 18:11:59.454 : , G_loss_test: 2.900e-02, hsi_likelihood_test: 2.020e-02, msi_likelihood_test: 8.796e-03, regularization_degradation_test: 4.189e-09, regularization_phi_test: 1.958e-02, psnr_xr_test: 2.100e+01, sam_xr_test: 2.277e+01, psnr_yr_test: 2.131e+01, sam_yr_test: 2.006e+01, psnr_zr_test: 2.199e+01, sam_zr_test: 2.519e+01, ssim_zr_test: 7.555e-01, rmse_zr_test: 1.962e+01, ergas_zr_test: 1.966e+00, uqi_zr_test: 6.086e-01, psnr_xdsr_test: 2.131e+01, sam_xdsr_test: 2.162e+01
23-11-27 18:12:04.156 : , G_loss_test: 2.806e-02, hsi_likelihood_test: 1.930e-02, msi_likelihood_test: 8.764e-03, regularization_degradation_test: 4.235e-09, regularization_phi_test: 1.941e-02, psnr_xr_test: 2.113e+01, sam_xr_test: 2.114e+01, psnr_yr_test: 2.129e+01, sam_yr_test: nan, psnr_zr_test: 2.206e+01, sam_zr_test: 2.310e+01, ssim_zr_test: 8.058e-01, rmse_zr_test: 1.950e+01, ergas_zr_test: 1.953e+00, uqi_zr_test: 7.137e-01, psnr_xdsr_test: 2.129e+01, sam_xdsr_test: 2.436e+01
23-11-27 18:12:04.156 : , G_loss_test: 2.806e-02, hsi_likelihood_test: 1.930e-02, msi_likelihood_test: 8.764e-03, regularization_degradation_test: 4.235e-09, regularization_phi_test: 1.941e-02, psnr_xr_test: 2.113e+01, sam_xr_test: 2.114e+01, psnr_yr_test: 2.129e+01, sam_yr_test: nan, psnr_zr_test: 2.206e+01, sam_zr_test: 2.310e+01, ssim_zr_test: 8.058e-01, rmse_zr_test: 1.950e+01, ergas_zr_test: 1.953e+00, uqi_zr_test: 7.137e-01, psnr_xdsr_test: 2.129e+01, sam_xdsr_test: 2.436e+01
23-11-27 18:12:08.728 : , G_loss_test: 3.433e-02, hsi_likelihood_test: 2.499e-02, msi_likelihood_test: 9.335e-03, regularization_degradation_test: 3.252e-09, regularization_phi_test: 2.256e-02, psnr_xr_test: 1.904e+01, sam_xr_test: 2.273e+01, psnr_yr_test: 2.126e+01, sam_yr_test: 1.875e+01, psnr_zr_test: 2.027e+01, sam_zr_test: 2.492e+01, ssim_zr_test: 6.942e-01, rmse_zr_test: 2.339e+01, ergas_zr_test: 2.329e+00, uqi_zr_test: 6.048e-01, psnr_xdsr_test: 1.976e+01, sam_xdsr_test: 2.175e+01
23-11-27 18:12:08.728 : , G_loss_test: 3.433e-02, hsi_likelihood_test: 2.499e-02, msi_likelihood_test: 9.335e-03, regularization_degradation_test: 3.252e-09, regularization_phi_test: 2.256e-02, psnr_xr_test: 1.904e+01, sam_xr_test: 2.273e+01, psnr_yr_test: 2.126e+01, sam_yr_test: 1.875e+01, psnr_zr_test: 2.027e+01, sam_zr_test: 2.492e+01, ssim_zr_test: 6.942e-01, rmse_zr_test: 2.339e+01, ergas_zr_test: 2.329e+00, uqi_zr_test: 6.048e-01, psnr_xdsr_test: 1.976e+01, sam_xdsr_test: 2.175e+01
23-11-27 18:12:13.476 : , G_loss_test: 2.980e-02, hsi_likelihood_test: 2.159e-02, msi_likelihood_test: 8.208e-03, regularization_degradation_test: 3.831e-09, regularization_phi_test: 2.683e-02, psnr_xr_test: 1.995e+01, sam_xr_test: 2.071e+01, psnr_yr_test: 2.231e+01, sam_yr_test: 1.944e+01, psnr_zr_test: 2.108e+01, sam_zr_test: 2.265e+01, ssim_zr_test: 8.045e-01, rmse_zr_test: 2.148e+01, ergas_zr_test: 2.142e+00, uqi_zr_test: 7.234e-01, psnr_xdsr_test: 1.858e+01, sam_xdsr_test: 2.456e+01
23-11-27 18:12:13.476 : , G_loss_test: 2.980e-02, hsi_likelihood_test: 2.159e-02, msi_likelihood_test: 8.208e-03, regularization_degradation_test: 3.831e-09, regularization_phi_test: 2.683e-02, psnr_xr_test: 1.995e+01, sam_xr_test: 2.071e+01, psnr_yr_test: 2.231e+01, sam_yr_test: 1.944e+01, psnr_zr_test: 2.108e+01, sam_zr_test: 2.265e+01, ssim_zr_test: 8.045e-01, rmse_zr_test: 2.148e+01, ergas_zr_test: 2.142e+00, uqi_zr_test: 7.234e-01, psnr_xdsr_test: 1.858e+01, sam_xdsr_test: 2.456e+01
23-11-27 18:12:18.205 : , G_loss_test: 2.800e-02, hsi_likelihood_test: 1.989e-02, msi_likelihood_test: 8.104e-03, regularization_degradation_test: 3.971e-09, regularization_phi_test: 2.060e-02, psnr_xr_test: 2.103e+01, sam_xr_test: 2.331e+01, psnr_yr_test: 2.192e+01, sam_yr_test: nan, psnr_zr_test: 2.201e+01, sam_zr_test: 2.605e+01, ssim_zr_test: 7.459e-01, rmse_zr_test: 1.955e+01, ergas_zr_test: 1.961e+00, uqi_zr_test: 5.926e-01, psnr_xdsr_test: 2.086e+01, sam_xdsr_test: 2.437e+01
23-11-27 18:12:18.206 : , G_loss_test: 2.800e-02, hsi_likelihood_test: 1.989e-02, msi_likelihood_test: 8.104e-03, regularization_degradation_test: 3.971e-09, regularization_phi_test: 2.060e-02, psnr_xr_test: 2.103e+01, sam_xr_test: 2.331e+01, psnr_yr_test: 2.192e+01, sam_yr_test: nan, psnr_zr_test: 2.201e+01, sam_zr_test: 2.605e+01, ssim_zr_test: 7.459e-01, rmse_zr_test: 1.955e+01, ergas_zr_test: 1.961e+00, uqi_zr_test: 5.926e-01, psnr_xdsr_test: 2.086e+01, sam_xdsr_test: 2.437e+01
23-11-27 18:12:27.947 : , G_loss_test: 2.015e-02, hsi_likelihood_test: 1.303e-02, msi_likelihood_test: 7.116e-03, regularization_degradation_test: 1.861e-09, regularization_phi_test: 1.023e-02, psnr_xr_test: 2.128e+01, sam_xr_test: 2.232e+01, psnr_yr_test: 2.595e+01, sam_yr_test: 1.750e+01, psnr_zr_test: 2.597e+01, sam_zr_test: 2.449e+01, ssim_zr_test: 7.338e-01, rmse_zr_test: 1.393e+01, ergas_zr_test: 3.680e+00, uqi_zr_test: 6.515e-01, psnr_xdsr_test: 2.147e+01, sam_xdsr_test: 1.586e+01
23-11-27 18:12:27.947 : , G_loss_test: 2.015e-02, hsi_likelihood_test: 1.303e-02, msi_likelihood_test: 7.116e-03, regularization_degradation_test: 1.861e-09, regularization_phi_test: 1.023e-02, psnr_xr_test: 2.128e+01, sam_xr_test: 2.232e+01, psnr_yr_test: 2.595e+01, sam_yr_test: 1.750e+01, psnr_zr_test: 2.597e+01, sam_zr_test: 2.449e+01, ssim_zr_test: 7.338e-01, rmse_zr_test: 1.393e+01, ergas_zr_test: 3.680e+00, uqi_zr_test: 6.515e-01, psnr_xdsr_test: 2.147e+01, sam_xdsr_test: 1.586e+01
23-11-27 18:12:32.734 : , G_loss_test: 1.638e-02, hsi_likelihood_test: 9.816e-03, msi_likelihood_test: 6.567e-03, regularization_degradation_test: 1.571e-09, regularization_phi_test: 1.139e-02, psnr_xr_test: 2.285e+01, sam_xr_test: 1.799e+01, psnr_yr_test: 2.594e+01, sam_yr_test: 1.720e+01, psnr_zr_test: 2.718e+01, sam_zr_test: 2.068e+01, ssim_zr_test: 7.720e-01, rmse_zr_test: 1.336e+01, ergas_zr_test: 3.831e+00, uqi_zr_test: 7.363e-01, psnr_xdsr_test: 2.166e+01, sam_xdsr_test: 2.488e+01
23-11-27 18:12:32.734 : , G_loss_test: 1.638e-02, hsi_likelihood_test: 9.816e-03, msi_likelihood_test: 6.567e-03, regularization_degradation_test: 1.571e-09, regularization_phi_test: 1.139e-02, psnr_xr_test: 2.285e+01, sam_xr_test: 1.799e+01, psnr_yr_test: 2.594e+01, sam_yr_test: 1.720e+01, psnr_zr_test: 2.718e+01, sam_zr_test: 2.068e+01, ssim_zr_test: 7.720e-01, rmse_zr_test: 1.336e+01, ergas_zr_test: 3.831e+00, uqi_zr_test: 7.363e-01, psnr_xdsr_test: 2.166e+01, sam_xdsr_test: 2.488e+01
23-11-27 18:12:37.526 : , G_loss_test: 1.935e-02, hsi_likelihood_test: 1.203e-02, msi_likelihood_test: 7.324e-03, regularization_degradation_test: 1.682e-09, regularization_phi_test: 9.827e-03, psnr_xr_test: 2.243e+01, sam_xr_test: 2.436e+01, psnr_yr_test: 2.554e+01, sam_yr_test: 1.729e+01, psnr_zr_test: 2.674e+01, sam_zr_test: 2.657e+01, ssim_zr_test: 6.853e-01, rmse_zr_test: 1.411e+01, ergas_zr_test: 3.966e+00, uqi_zr_test: 6.203e-01, psnr_xdsr_test: 2.179e+01, sam_xdsr_test: 1.561e+01
23-11-27 18:12:37.527 : , G_loss_test: 1.935e-02, hsi_likelihood_test: 1.203e-02, msi_likelihood_test: 7.324e-03, regularization_degradation_test: 1.682e-09, regularization_phi_test: 9.827e-03, psnr_xr_test: 2.243e+01, sam_xr_test: 2.436e+01, psnr_yr_test: 2.554e+01, sam_yr_test: 1.729e+01, psnr_zr_test: 2.674e+01, sam_zr_test: 2.657e+01, ssim_zr_test: 6.853e-01, rmse_zr_test: 1.411e+01, ergas_zr_test: 3.966e+00, uqi_zr_test: 6.203e-01, psnr_xdsr_test: 2.179e+01, sam_xdsr_test: 1.561e+01
23-11-27 18:12:42.390 : , G_loss_test: 2.279e-02, hsi_likelihood_test: 1.446e-02, msi_likelihood_test: 8.327e-03, regularization_degradation_test: 1.507e-09, regularization_phi_test: 1.214e-02, psnr_xr_test: 2.120e+01, sam_xr_test: 2.780e+01, psnr_yr_test: 2.398e+01, sam_yr_test: 1.749e+01, psnr_zr_test: 2.576e+01, sam_zr_test: 3.042e+01, ssim_zr_test: 5.677e-01, rmse_zr_test: 1.450e+01, ergas_zr_test: 4.234e+00, uqi_zr_test: 5.413e-01, psnr_xdsr_test: 2.245e+01, sam_xdsr_test: 2.555e+01
23-11-27 18:12:42.390 : , G_loss_test: 2.279e-02, hsi_likelihood_test: 1.446e-02, msi_likelihood_test: 8.327e-03, regularization_degradation_test: 1.507e-09, regularization_phi_test: 1.214e-02, psnr_xr_test: 2.120e+01, sam_xr_test: 2.780e+01, psnr_yr_test: 2.398e+01, sam_yr_test: 1.749e+01, psnr_zr_test: 2.576e+01, sam_zr_test: 3.042e+01, ssim_zr_test: 5.677e-01, rmse_zr_test: 1.450e+01, ergas_zr_test: 4.234e+00, uqi_zr_test: 5.413e-01, psnr_xdsr_test: 2.245e+01, sam_xdsr_test: 2.555e+01
23-11-27 18:12:47.227 : , G_loss_test: 1.578e-02, hsi_likelihood_test: 9.196e-03, msi_likelihood_test: 6.583e-03, regularization_degradation_test: 1.161e-09, regularization_phi_test: 9.274e-03, psnr_xr_test: 2.284e+01, sam_xr_test: 1.610e+01, psnr_yr_test: 2.538e+01, sam_yr_test: 1.715e+01, psnr_zr_test: 2.713e+01, sam_zr_test: 1.907e+01, ssim_zr_test: 8.058e-01, rmse_zr_test: 1.332e+01, ergas_zr_test: 3.859e+00, uqi_zr_test: 7.744e-01, psnr_xdsr_test: 2.270e+01, sam_xdsr_test: 1.719e+01
23-11-27 18:12:47.227 : , G_loss_test: 1.578e-02, hsi_likelihood_test: 9.196e-03, msi_likelihood_test: 6.583e-03, regularization_degradation_test: 1.161e-09, regularization_phi_test: 9.274e-03, psnr_xr_test: 2.284e+01, sam_xr_test: 1.610e+01, psnr_yr_test: 2.538e+01, sam_yr_test: 1.715e+01, psnr_zr_test: 2.713e+01, sam_zr_test: 1.907e+01, ssim_zr_test: 8.058e-01, rmse_zr_test: 1.332e+01, ergas_zr_test: 3.859e+00, uqi_zr_test: 7.744e-01, psnr_xdsr_test: 2.270e+01, sam_xdsr_test: 1.719e+01
23-11-27 18:12:52.038 : , G_loss_test: 1.653e-02, hsi_likelihood_test: 9.854e-03, msi_likelihood_test: 6.680e-03, regularization_degradation_test: 1.219e-09, regularization_phi_test: 9.906e-03, psnr_xr_test: 2.174e+01, sam_xr_test: 1.536e+01, psnr_yr_test: 2.492e+01, sam_yr_test: 1.735e+01, psnr_zr_test: 2.628e+01, sam_zr_test: 1.880e+01, ssim_zr_test: 7.903e-01, rmse_zr_test: 1.398e+01, ergas_zr_test: 3.968e+00, uqi_zr_test: 7.745e-01, psnr_xdsr_test: 2.118e+01, sam_xdsr_test: 1.489e+01
23-11-27 18:12:52.039 : , G_loss_test: 1.653e-02, hsi_likelihood_test: 9.854e-03, msi_likelihood_test: 6.680e-03, regularization_degradation_test: 1.219e-09, regularization_phi_test: 9.906e-03, psnr_xr_test: 2.174e+01, sam_xr_test: 1.536e+01, psnr_yr_test: 2.492e+01, sam_yr_test: 1.735e+01, psnr_zr_test: 2.628e+01, sam_zr_test: 1.880e+01, ssim_zr_test: 7.903e-01, rmse_zr_test: 1.398e+01, ergas_zr_test: 3.968e+00, uqi_zr_test: 7.745e-01, psnr_xdsr_test: 2.118e+01, sam_xdsr_test: 1.489e+01
23-11-27 18:12:56.830 : , G_loss_test: 1.749e-02, hsi_likelihood_test: 1.151e-02, msi_likelihood_test: 5.984e-03, regularization_degradation_test: 9.706e-10, regularization_phi_test: 1.001e-02, psnr_xr_test: 2.078e+01, sam_xr_test: 2.118e+01, psnr_yr_test: 2.475e+01, sam_yr_test: 1.619e+01, psnr_zr_test: 2.555e+01, sam_zr_test: 2.242e+01, ssim_zr_test: 6.736e-01, rmse_zr_test: 1.488e+01, ergas_zr_test: 4.177e+00, uqi_zr_test: 5.620e-01, psnr_xdsr_test: 2.191e+01, sam_xdsr_test: 1.830e+01
23-11-27 18:12:56.831 : , G_loss_test: 1.749e-02, hsi_likelihood_test: 1.151e-02, msi_likelihood_test: 5.984e-03, regularization_degradation_test: 9.706e-10, regularization_phi_test: 1.001e-02, psnr_xr_test: 2.078e+01, sam_xr_test: 2.118e+01, psnr_yr_test: 2.475e+01, sam_yr_test: 1.619e+01, psnr_zr_test: 2.555e+01, sam_zr_test: 2.242e+01, ssim_zr_test: 6.736e-01, rmse_zr_test: 1.488e+01, ergas_zr_test: 4.177e+00, uqi_zr_test: 5.620e-01, psnr_xdsr_test: 2.191e+01, sam_xdsr_test: 1.830e+01
23-11-27 18:13:01.464 : , G_loss_test: 1.523e-02, hsi_likelihood_test: 9.350e-03, msi_likelihood_test: 5.881e-03, regularization_degradation_test: 1.253e-09, regularization_phi_test: 9.788e-03, psnr_xr_test: 2.267e+01, sam_xr_test: 1.761e+01, psnr_yr_test: 2.483e+01, sam_yr_test: 1.677e+01, psnr_zr_test: 2.646e+01, sam_zr_test: 2.014e+01, ssim_zr_test: 7.942e-01, rmse_zr_test: 1.475e+01, ergas_zr_test: 3.874e+00, uqi_zr_test: 6.604e-01, psnr_xdsr_test: 2.223e+01, sam_xdsr_test: 1.815e+01
23-11-27 18:13:01.464 : , G_loss_test: 1.523e-02, hsi_likelihood_test: 9.350e-03, msi_likelihood_test: 5.881e-03, regularization_degradation_test: 1.253e-09, regularization_phi_test: 9.788e-03, psnr_xr_test: 2.267e+01, sam_xr_test: 1.761e+01, psnr_yr_test: 2.483e+01, sam_yr_test: 1.677e+01, psnr_zr_test: 2.646e+01, sam_zr_test: 2.014e+01, ssim_zr_test: 7.942e-01, rmse_zr_test: 1.475e+01, ergas_zr_test: 3.874e+00, uqi_zr_test: 6.604e-01, psnr_xdsr_test: 2.223e+01, sam_xdsr_test: 1.815e+01
23-11-27 18:13:06.350 : , G_loss_test: 1.515e-02, hsi_likelihood_test: 9.023e-03, msi_likelihood_test: 6.130e-03, regularization_degradation_test: 1.096e-09, regularization_phi_test: 1.018e-02, psnr_xr_test: 2.298e+01, sam_xr_test: 1.708e+01, psnr_yr_test: 2.538e+01, sam_yr_test: 1.667e+01, psnr_zr_test: 2.725e+01, sam_zr_test: 1.950e+01, ssim_zr_test: 8.125e-01, rmse_zr_test: 1.314e+01, ergas_zr_test: 3.839e+00, uqi_zr_test: 7.134e-01, psnr_xdsr_test: 2.213e+01, sam_xdsr_test: 1.981e+01
23-11-27 18:13:06.350 : , G_loss_test: 1.515e-02, hsi_likelihood_test: 9.023e-03, msi_likelihood_test: 6.130e-03, regularization_degradation_test: 1.096e-09, regularization_phi_test: 1.018e-02, psnr_xr_test: 2.298e+01, sam_xr_test: 1.708e+01, psnr_yr_test: 2.538e+01, sam_yr_test: 1.667e+01, psnr_zr_test: 2.725e+01, sam_zr_test: 1.950e+01, ssim_zr_test: 8.125e-01, rmse_zr_test: 1.314e+01, ergas_zr_test: 3.839e+00, uqi_zr_test: 7.134e-01, psnr_xdsr_test: 2.213e+01, sam_xdsr_test: 1.981e+01
23-11-27 18:13:11.234 : , G_loss_test: 1.626e-02, hsi_likelihood_test: 9.811e-03, msi_likelihood_test: 6.449e-03, regularization_degradation_test: 1.061e-09, regularization_phi_test: 9.501e-03, psnr_xr_test: 2.173e+01, sam_xr_test: 1.430e+01, psnr_yr_test: 2.494e+01, sam_yr_test: 1.692e+01, psnr_zr_test: 2.626e+01, sam_zr_test: 1.840e+01, ssim_zr_test: 7.848e-01, rmse_zr_test: 1.414e+01, ergas_zr_test: 3.969e+00, uqi_zr_test: 7.583e-01, psnr_xdsr_test: 2.206e+01, sam_xdsr_test: 1.590e+01
23-11-27 18:13:11.234 : , G_loss_test: 1.626e-02, hsi_likelihood_test: 9.811e-03, msi_likelihood_test: 6.449e-03, regularization_degradation_test: 1.061e-09, regularization_phi_test: 9.501e-03, psnr_xr_test: 2.173e+01, sam_xr_test: 1.430e+01, psnr_yr_test: 2.494e+01, sam_yr_test: 1.692e+01, psnr_zr_test: 2.626e+01, sam_zr_test: 1.840e+01, ssim_zr_test: 7.848e-01, rmse_zr_test: 1.414e+01, ergas_zr_test: 3.969e+00, uqi_zr_test: 7.583e-01, psnr_xdsr_test: 2.206e+01, sam_xdsr_test: 1.590e+01
23-11-27 18:13:16.218 : , G_loss_test: 1.505e-02, hsi_likelihood_test: 8.798e-03, msi_likelihood_test: 6.255e-03, regularization_degradation_test: 1.494e-09, regularization_phi_test: 9.341e-03, psnr_xr_test: 2.268e+01, sam_xr_test: 1.538e+01, psnr_yr_test: 2.501e+01, sam_yr_test: 1.682e+01, psnr_zr_test: 2.652e+01, sam_zr_test: 1.884e+01, ssim_zr_test: 8.289e-01, rmse_zr_test: 1.451e+01, ergas_zr_test: 3.873e+00, uqi_zr_test: 7.774e-01, psnr_xdsr_test: 2.206e+01, sam_xdsr_test: 1.608e+01
23-11-27 18:13:16.219 : , G_loss_test: 1.505e-02, hsi_likelihood_test: 8.798e-03, msi_likelihood_test: 6.255e-03, regularization_degradation_test: 1.494e-09, regularization_phi_test: 9.341e-03, psnr_xr_test: 2.268e+01, sam_xr_test: 1.538e+01, psnr_yr_test: 2.501e+01, sam_yr_test: 1.682e+01, psnr_zr_test: 2.652e+01, sam_zr_test: 1.884e+01, ssim_zr_test: 8.289e-01, rmse_zr_test: 1.451e+01, ergas_zr_test: 3.873e+00, uqi_zr_test: 7.774e-01, psnr_xdsr_test: 2.206e+01, sam_xdsr_test: 1.608e+01
23-11-27 18:13:20.974 : , G_loss_test: 1.709e-02, hsi_likelihood_test: 1.019e-02, msi_likelihood_test: 6.900e-03, regularization_degradation_test: 1.366e-09, regularization_phi_test: 8.840e-03, psnr_xr_test: 2.332e+01, sam_xr_test: 2.108e+01, psnr_yr_test: 2.541e+01, sam_yr_test: 1.733e+01, psnr_zr_test: 2.735e+01, sam_zr_test: 2.334e+01, ssim_zr_test: 7.396e-01, rmse_zr_test: 1.330e+01, ergas_zr_test: 3.861e+00, uqi_zr_test: 6.846e-01, psnr_xdsr_test: 2.303e+01, sam_xdsr_test: 1.645e+01
23-11-27 18:13:20.974 : , G_loss_test: 1.709e-02, hsi_likelihood_test: 1.019e-02, msi_likelihood_test: 6.900e-03, regularization_degradation_test: 1.366e-09, regularization_phi_test: 8.840e-03, psnr_xr_test: 2.332e+01, sam_xr_test: 2.108e+01, psnr_yr_test: 2.541e+01, sam_yr_test: 1.733e+01, psnr_zr_test: 2.735e+01, sam_zr_test: 2.334e+01, ssim_zr_test: 7.396e-01, rmse_zr_test: 1.330e+01, ergas_zr_test: 3.861e+00, uqi_zr_test: 6.846e-01, psnr_xdsr_test: 2.303e+01, sam_xdsr_test: 1.645e+01
23-11-27 18:13:25.752 : , G_loss_test: 1.390e-02, hsi_likelihood_test: 7.837e-03, msi_likelihood_test: 6.067e-03, regularization_degradation_test: 1.208e-09, regularization_phi_test: 1.094e-02, psnr_xr_test: 2.359e+01, sam_xr_test: 1.346e+01, psnr_yr_test: 2.589e+01, sam_yr_test: 1.720e+01, psnr_zr_test: 2.729e+01, sam_zr_test: 1.740e+01, ssim_zr_test: 8.088e-01, rmse_zr_test: 1.398e+01, ergas_zr_test: 3.928e+00, uqi_zr_test: 8.093e-01, psnr_xdsr_test: 2.061e+01, sam_xdsr_test: 1.569e+01
23-11-27 18:13:25.752 : , G_loss_test: 1.390e-02, hsi_likelihood_test: 7.837e-03, msi_likelihood_test: 6.067e-03, regularization_degradation_test: 1.208e-09, regularization_phi_test: 1.094e-02, psnr_xr_test: 2.359e+01, sam_xr_test: 1.346e+01, psnr_yr_test: 2.589e+01, sam_yr_test: 1.720e+01, psnr_zr_test: 2.729e+01, sam_zr_test: 1.740e+01, ssim_zr_test: 8.088e-01, rmse_zr_test: 1.398e+01, ergas_zr_test: 3.928e+00, uqi_zr_test: 8.093e-01, psnr_xdsr_test: 2.061e+01, sam_xdsr_test: 1.569e+01
23-11-27 18:13:30.471 : , G_loss_test: 1.527e-02, hsi_likelihood_test: 9.435e-03, msi_likelihood_test: 5.832e-03, regularization_degradation_test: 1.222e-09, regularization_phi_test: 9.994e-03, psnr_xr_test: 2.312e+01, sam_xr_test: 1.899e+01, psnr_yr_test: 2.577e+01, sam_yr_test: 1.725e+01, psnr_zr_test: 2.709e+01, sam_zr_test: 2.106e+01, ssim_zr_test: 7.708e-01, rmse_zr_test: 1.375e+01, ergas_zr_test: 3.773e+00, uqi_zr_test: 6.282e-01, psnr_xdsr_test: 2.249e+01, sam_xdsr_test: 1.993e+01
23-11-27 18:13:30.471 : , G_loss_test: 1.527e-02, hsi_likelihood_test: 9.435e-03, msi_likelihood_test: 5.832e-03, regularization_degradation_test: 1.222e-09, regularization_phi_test: 9.994e-03, psnr_xr_test: 2.312e+01, sam_xr_test: 1.899e+01, psnr_yr_test: 2.577e+01, sam_yr_test: 1.725e+01, psnr_zr_test: 2.709e+01, sam_zr_test: 2.106e+01, ssim_zr_test: 7.708e-01, rmse_zr_test: 1.375e+01, ergas_zr_test: 3.773e+00, uqi_zr_test: 6.282e-01, psnr_xdsr_test: 2.249e+01, sam_xdsr_test: 1.993e+01
23-11-27 18:13:35.228 : , G_loss_test: 1.489e-02, hsi_likelihood_test: 8.446e-03, msi_likelihood_test: 6.446e-03, regularization_degradation_test: 1.296e-09, regularization_phi_test: 8.708e-03, psnr_xr_test: 2.287e+01, sam_xr_test: 1.382e+01, psnr_yr_test: 2.530e+01, sam_yr_test: 1.728e+01, psnr_zr_test: 2.655e+01, sam_zr_test: 1.773e+01, ssim_zr_test: 8.140e-01, rmse_zr_test: 1.504e+01, ergas_zr_test: 3.991e+00, uqi_zr_test: 7.897e-01, psnr_xdsr_test: 2.275e+01, sam_xdsr_test: 1.511e+01
23-11-27 18:13:35.228 : , G_loss_test: 1.489e-02, hsi_likelihood_test: 8.446e-03, msi_likelihood_test: 6.446e-03, regularization_degradation_test: 1.296e-09, regularization_phi_test: 8.708e-03, psnr_xr_test: 2.287e+01, sam_xr_test: 1.382e+01, psnr_yr_test: 2.530e+01, sam_yr_test: 1.728e+01, psnr_zr_test: 2.655e+01, sam_zr_test: 1.773e+01, ssim_zr_test: 8.140e-01, rmse_zr_test: 1.504e+01, ergas_zr_test: 3.991e+00, uqi_zr_test: 7.897e-01, psnr_xdsr_test: 2.275e+01, sam_xdsr_test: 1.511e+01
23-11-27 18:13:39.996 : , G_loss_test: 1.464e-02, hsi_likelihood_test: 8.386e-03, msi_likelihood_test: 6.259e-03, regularization_degradation_test: 1.214e-09, regularization_phi_test: 9.984e-03, psnr_xr_test: 2.342e+01, sam_xr_test: 1.416e+01, psnr_yr_test: 2.566e+01, sam_yr_test: 1.660e+01, psnr_zr_test: 2.736e+01, sam_zr_test: 1.820e+01, ssim_zr_test: 8.137e-01, rmse_zr_test: 1.334e+01, ergas_zr_test: 3.802e+00, uqi_zr_test: 7.855e-01, psnr_xdsr_test: 2.261e+01, sam_xdsr_test: 2.069e+01
23-11-27 18:13:39.996 : , G_loss_test: 1.464e-02, hsi_likelihood_test: 8.386e-03, msi_likelihood_test: 6.259e-03, regularization_degradation_test: 1.214e-09, regularization_phi_test: 9.984e-03, psnr_xr_test: 2.342e+01, sam_xr_test: 1.416e+01, psnr_yr_test: 2.566e+01, sam_yr_test: 1.660e+01, psnr_zr_test: 2.736e+01, sam_zr_test: 1.820e+01, ssim_zr_test: 8.137e-01, rmse_zr_test: 1.334e+01, ergas_zr_test: 3.802e+00, uqi_zr_test: 7.855e-01, psnr_xdsr_test: 2.261e+01, sam_xdsr_test: 2.069e+01
23-11-27 18:13:44.744 : , G_loss_test: 1.837e-02, hsi_likelihood_test: 1.094e-02, msi_likelihood_test: 7.430e-03, regularization_degradation_test: 1.007e-09, regularization_phi_test: 8.615e-03, psnr_xr_test: 2.061e+01, sam_xr_test: 1.775e+01, psnr_yr_test: 2.356e+01, sam_yr_test: 1.674e+01, psnr_zr_test: 2.529e+01, sam_zr_test: 2.088e+01, ssim_zr_test: 7.330e-01, rmse_zr_test: 1.500e+01, ergas_zr_test: 4.384e+00, uqi_zr_test: 7.328e-01, psnr_xdsr_test: 2.279e+01, sam_xdsr_test: 1.544e+01
23-11-27 18:13:44.744 : , G_loss_test: 1.837e-02, hsi_likelihood_test: 1.094e-02, msi_likelihood_test: 7.430e-03, regularization_degradation_test: 1.007e-09, regularization_phi_test: 8.615e-03, psnr_xr_test: 2.061e+01, sam_xr_test: 1.775e+01, psnr_yr_test: 2.356e+01, sam_yr_test: 1.674e+01, psnr_zr_test: 2.529e+01, sam_zr_test: 2.088e+01, ssim_zr_test: 7.330e-01, rmse_zr_test: 1.500e+01, ergas_zr_test: 4.384e+00, uqi_zr_test: 7.328e-01, psnr_xdsr_test: 2.279e+01, sam_xdsr_test: 1.544e+01
23-11-27 18:13:49.482 : , G_loss_test: 1.679e-02, hsi_likelihood_test: 1.055e-02, msi_likelihood_test: 6.247e-03, regularization_degradation_test: 9.716e-10, regularization_phi_test: 9.512e-03, psnr_xr_test: 2.171e+01, sam_xr_test: 2.051e+01, psnr_yr_test: 2.488e+01, sam_yr_test: 1.739e+01, psnr_zr_test: 2.632e+01, sam_zr_test: 2.212e+01, ssim_zr_test: 6.957e-01, rmse_zr_test: 1.386e+01, ergas_zr_test: 4.024e+00, uqi_zr_test: 5.720e-01, psnr_xdsr_test: 2.168e+01, sam_xdsr_test: 1.505e+01
23-11-27 18:13:49.482 : , G_loss_test: 1.679e-02, hsi_likelihood_test: 1.055e-02, msi_likelihood_test: 6.247e-03, regularization_degradation_test: 9.716e-10, regularization_phi_test: 9.512e-03, psnr_xr_test: 2.171e+01, sam_xr_test: 2.051e+01, psnr_yr_test: 2.488e+01, sam_yr_test: 1.739e+01, psnr_zr_test: 2.632e+01, sam_zr_test: 2.212e+01, ssim_zr_test: 6.957e-01, rmse_zr_test: 1.386e+01, ergas_zr_test: 4.024e+00, uqi_zr_test: 5.720e-01, psnr_xdsr_test: 2.168e+01, sam_xdsr_test: 1.505e+01
23-11-27 18:13:54.197 : , G_loss_test: 1.595e-02, hsi_likelihood_test: 8.979e-03, msi_likelihood_test: 6.967e-03, regularization_degradation_test: 1.055e-09, regularization_phi_test: 8.679e-03, psnr_xr_test: 2.222e+01, sam_xr_test: 1.350e+01, psnr_yr_test: 2.436e+01, sam_yr_test: 1.685e+01, psnr_zr_test: 2.660e+01, sam_zr_test: 1.806e+01, ssim_zr_test: 7.656e-01, rmse_zr_test: 1.359e+01, ergas_zr_test: 4.034e+00, uqi_zr_test: 7.823e-01, psnr_xdsr_test: 2.303e+01, sam_xdsr_test: 1.528e+01
23-11-27 18:13:54.198 : , G_loss_test: 1.595e-02, hsi_likelihood_test: 8.979e-03, msi_likelihood_test: 6.967e-03, regularization_degradation_test: 1.055e-09, regularization_phi_test: 8.679e-03, psnr_xr_test: 2.222e+01, sam_xr_test: 1.350e+01, psnr_yr_test: 2.436e+01, sam_yr_test: 1.685e+01, psnr_zr_test: 2.660e+01, sam_zr_test: 1.806e+01, ssim_zr_test: 7.656e-01, rmse_zr_test: 1.359e+01, ergas_zr_test: 4.034e+00, uqi_zr_test: 7.823e-01, psnr_xdsr_test: 2.303e+01, sam_xdsr_test: 1.528e+01
23-11-27 18:13:58.955 : , G_loss_test: 1.585e-02, hsi_likelihood_test: 9.224e-03, msi_likelihood_test: 6.626e-03, regularization_degradation_test: 1.042e-09, regularization_phi_test: 1.215e-02, psnr_xr_test: 2.174e+01, sam_xr_test: 1.307e+01, psnr_yr_test: 2.458e+01, sam_yr_test: 1.698e+01, psnr_zr_test: 2.624e+01, sam_zr_test: 1.721e+01, ssim_zr_test: 7.986e-01, rmse_zr_test: 1.387e+01, ergas_zr_test: 4.043e+00, uqi_zr_test: 7.940e-01, psnr_xdsr_test: 1.951e+01, sam_xdsr_test: 1.576e+01
23-11-27 18:13:58.956 : , G_loss_test: 1.585e-02, hsi_likelihood_test: 9.224e-03, msi_likelihood_test: 6.626e-03, regularization_degradation_test: 1.042e-09, regularization_phi_test: 1.215e-02, psnr_xr_test: 2.174e+01, sam_xr_test: 1.307e+01, psnr_yr_test: 2.458e+01, sam_yr_test: 1.698e+01, psnr_zr_test: 2.624e+01, sam_zr_test: 1.721e+01, ssim_zr_test: 7.986e-01, rmse_zr_test: 1.387e+01, ergas_zr_test: 4.043e+00, uqi_zr_test: 7.940e-01, psnr_xdsr_test: 1.951e+01, sam_xdsr_test: 1.576e+01
23-11-27 18:14:03.726 : , G_loss_test: 1.530e-02, hsi_likelihood_test: 9.162e-03, msi_likelihood_test: 6.138e-03, regularization_degradation_test: 1.361e-09, regularization_phi_test: 1.205e-02, psnr_xr_test: 2.249e+01, sam_xr_test: 1.504e+01, psnr_yr_test: 2.549e+01, sam_yr_test: 1.721e+01, psnr_zr_test: 2.617e+01, sam_zr_test: 1.943e+01, ssim_zr_test: 7.411e-01, rmse_zr_test: 1.534e+01, ergas_zr_test: 4.046e+00, uqi_zr_test: 7.178e-01, psnr_xdsr_test: 2.182e+01, sam_xdsr_test: 2.500e+01
23-11-27 18:14:03.726 : , G_loss_test: 1.530e-02, hsi_likelihood_test: 9.162e-03, msi_likelihood_test: 6.138e-03, regularization_degradation_test: 1.361e-09, regularization_phi_test: 1.205e-02, psnr_xr_test: 2.249e+01, sam_xr_test: 1.504e+01, psnr_yr_test: 2.549e+01, sam_yr_test: 1.721e+01, psnr_zr_test: 2.617e+01, sam_zr_test: 1.943e+01, ssim_zr_test: 7.411e-01, rmse_zr_test: 1.534e+01, ergas_zr_test: 4.046e+00, uqi_zr_test: 7.178e-01, psnr_xdsr_test: 2.182e+01, sam_xdsr_test: 2.500e+01
23-11-27 18:14:08.522 : , G_loss_test: 1.663e-02, hsi_likelihood_test: 9.755e-03, msi_likelihood_test: 6.873e-03, regularization_degradation_test: 9.672e-10, regularization_phi_test: 1.004e-02, psnr_xr_test: 2.121e+01, sam_xr_test: 1.406e+01, psnr_yr_test: 2.395e+01, sam_yr_test: 1.704e+01, psnr_zr_test: 2.581e+01, sam_zr_test: 1.807e+01, ssim_zr_test: 7.731e-01, rmse_zr_test: 1.417e+01, ergas_zr_test: 4.130e+00, uqi_zr_test: 7.616e-01, psnr_xdsr_test: 2.230e+01, sam_xdsr_test: 2.053e+01
23-11-27 18:14:08.523 : , G_loss_test: 1.663e-02, hsi_likelihood_test: 9.755e-03, msi_likelihood_test: 6.873e-03, regularization_degradation_test: 9.672e-10, regularization_phi_test: 1.004e-02, psnr_xr_test: 2.121e+01, sam_xr_test: 1.406e+01, psnr_yr_test: 2.395e+01, sam_yr_test: 1.704e+01, psnr_zr_test: 2.581e+01, sam_zr_test: 1.807e+01, ssim_zr_test: 7.731e-01, rmse_zr_test: 1.417e+01, ergas_zr_test: 4.130e+00, uqi_zr_test: 7.616e-01, psnr_xdsr_test: 2.230e+01, sam_xdsr_test: 2.053e+01
23-11-27 18:14:13.443 : , G_loss_test: 1.590e-02, hsi_likelihood_test: 9.573e-03, msi_likelihood_test: 6.332e-03, regularization_degradation_test: 1.363e-09, regularization_phi_test: 1.168e-02, psnr_xr_test: 2.334e+01, sam_xr_test: 1.956e+01, psnr_yr_test: 2.579e+01, sam_yr_test: 1.723e+01, psnr_zr_test: 2.739e+01, sam_zr_test: 2.255e+01, ssim_zr_test: 7.678e-01, rmse_zr_test: 1.326e+01, ergas_zr_test: 3.774e+00, uqi_zr_test: 7.158e-01, psnr_xdsr_test: 2.178e+01, sam_xdsr_test: 2.422e+01
23-11-27 18:14:13.444 : , G_loss_test: 1.590e-02, hsi_likelihood_test: 9.573e-03, msi_likelihood_test: 6.332e-03, regularization_degradation_test: 1.363e-09, regularization_phi_test: 1.168e-02, psnr_xr_test: 2.334e+01, sam_xr_test: 1.956e+01, psnr_yr_test: 2.579e+01, sam_yr_test: 1.723e+01, psnr_zr_test: 2.739e+01, sam_zr_test: 2.255e+01, ssim_zr_test: 7.678e-01, rmse_zr_test: 1.326e+01, ergas_zr_test: 3.774e+00, uqi_zr_test: 7.158e-01, psnr_xdsr_test: 2.178e+01, sam_xdsr_test: 2.422e+01
23-11-27 18:14:18.301 : , G_loss_test: 1.862e-02, hsi_likelihood_test: 1.152e-02, msi_likelihood_test: 7.094e-03, regularization_degradation_test: 9.114e-10, regularization_phi_test: 8.105e-03, psnr_xr_test: 2.001e+01, sam_xr_test: 1.881e+01, psnr_yr_test: 2.325e+01, sam_yr_test: 1.697e+01, psnr_zr_test: 2.475e+01, sam_zr_test: 2.075e+01, ssim_zr_test: 6.471e-01, rmse_zr_test: 1.572e+01, ergas_zr_test: 4.524e+00, uqi_zr_test: 6.496e-01, psnr_xdsr_test: 2.309e+01, sam_xdsr_test: 1.477e+01
23-11-27 18:14:18.301 : , G_loss_test: 1.862e-02, hsi_likelihood_test: 1.152e-02, msi_likelihood_test: 7.094e-03, regularization_degradation_test: 9.114e-10, regularization_phi_test: 8.105e-03, psnr_xr_test: 2.001e+01, sam_xr_test: 1.881e+01, psnr_yr_test: 2.325e+01, sam_yr_test: 1.697e+01, psnr_zr_test: 2.475e+01, sam_zr_test: 2.075e+01, ssim_zr_test: 6.471e-01, rmse_zr_test: 1.572e+01, ergas_zr_test: 4.524e+00, uqi_zr_test: 6.496e-01, psnr_xdsr_test: 2.309e+01, sam_xdsr_test: 1.477e+01
23-11-27 18:14:27.715 : , G_loss_test: 2.092e-02, hsi_likelihood_test: 1.409e-02, msi_likelihood_test: 6.836e-03, regularization_degradation_test: 1.722e-09, regularization_phi_test: 1.119e-02, psnr_xr_test: 1.984e+01, sam_xr_test: 1.892e+01, psnr_yr_test: 2.500e+01, sam_yr_test: 1.791e+01, psnr_zr_test: 2.530e+01, sam_zr_test: 2.121e+01, ssim_zr_test: 7.786e-01, rmse_zr_test: 1.411e+01, ergas_zr_test: 2.041e+00, uqi_zr_test: 5.716e-01, psnr_xdsr_test: 2.185e+01, sam_xdsr_test: 1.783e+01
23-11-27 18:14:27.716 : , G_loss_test: 2.092e-02, hsi_likelihood_test: 1.409e-02, msi_likelihood_test: 6.836e-03, regularization_degradation_test: 1.722e-09, regularization_phi_test: 1.119e-02, psnr_xr_test: 1.984e+01, sam_xr_test: 1.892e+01, psnr_yr_test: 2.500e+01, sam_yr_test: 1.791e+01, psnr_zr_test: 2.530e+01, sam_zr_test: 2.121e+01, ssim_zr_test: 7.786e-01, rmse_zr_test: 1.411e+01, ergas_zr_test: 2.041e+00, uqi_zr_test: 5.716e-01, psnr_xdsr_test: 2.185e+01, sam_xdsr_test: 1.783e+01
23-11-27 18:14:32.388 : , G_loss_test: 2.228e-02, hsi_likelihood_test: 1.413e-02, msi_likelihood_test: 8.159e-03, regularization_degradation_test: 2.064e-09, regularization_phi_test: 1.130e-02, psnr_xr_test: 1.955e+01, sam_xr_test: 1.738e+01, psnr_yr_test: 2.409e+01, sam_yr_test: 1.895e+01, psnr_zr_test: 2.512e+01, sam_zr_test: 2.021e+01, ssim_zr_test: 7.913e-01, rmse_zr_test: 1.437e+01, ergas_zr_test: 2.079e+00, uqi_zr_test: 7.087e-01, psnr_xdsr_test: 2.173e+01, sam_xdsr_test: 1.583e+01
23-11-27 18:14:32.388 : , G_loss_test: 2.228e-02, hsi_likelihood_test: 1.413e-02, msi_likelihood_test: 8.159e-03, regularization_degradation_test: 2.064e-09, regularization_phi_test: 1.130e-02, psnr_xr_test: 1.955e+01, sam_xr_test: 1.738e+01, psnr_yr_test: 2.409e+01, sam_yr_test: 1.895e+01, psnr_zr_test: 2.512e+01, sam_zr_test: 2.021e+01, ssim_zr_test: 7.913e-01, rmse_zr_test: 1.437e+01, ergas_zr_test: 2.079e+00, uqi_zr_test: 7.087e-01, psnr_xdsr_test: 2.173e+01, sam_xdsr_test: 1.583e+01
23-11-27 18:14:37.184 : , G_loss_test: 2.297e-02, hsi_likelihood_test: 1.480e-02, msi_likelihood_test: 8.165e-03, regularization_degradation_test: 1.852e-09, regularization_phi_test: 1.499e-02, psnr_xr_test: 1.932e+01, sam_xr_test: 1.775e+01, psnr_yr_test: 2.406e+01, sam_yr_test: 1.915e+01, psnr_zr_test: 2.484e+01, sam_zr_test: 2.132e+01, ssim_zr_test: 7.488e-01, rmse_zr_test: 1.481e+01, ergas_zr_test: 2.140e+00, uqi_zr_test: 6.656e-01, psnr_xdsr_test: 1.913e+01, sam_xdsr_test: 1.907e+01
23-11-27 18:14:37.185 : , G_loss_test: 2.297e-02, hsi_likelihood_test: 1.480e-02, msi_likelihood_test: 8.165e-03, regularization_degradation_test: 1.852e-09, regularization_phi_test: 1.499e-02, psnr_xr_test: 1.932e+01, sam_xr_test: 1.775e+01, psnr_yr_test: 2.406e+01, sam_yr_test: 1.915e+01, psnr_zr_test: 2.484e+01, sam_zr_test: 2.132e+01, ssim_zr_test: 7.488e-01, rmse_zr_test: 1.481e+01, ergas_zr_test: 2.140e+00, uqi_zr_test: 6.656e-01, psnr_xdsr_test: 1.913e+01, sam_xdsr_test: 1.907e+01
23-11-27 18:14:41.874 : , G_loss_test: 2.038e-02, hsi_likelihood_test: 1.321e-02, msi_likelihood_test: 7.166e-03, regularization_degradation_test: 2.200e-09, regularization_phi_test: 1.467e-02, psnr_xr_test: 2.022e+01, sam_xr_test: 1.605e+01, psnr_yr_test: 2.488e+01, sam_yr_test: 1.928e+01, psnr_zr_test: 2.538e+01, sam_zr_test: 1.906e+01, ssim_zr_test: 7.977e-01, rmse_zr_test: 1.407e+01, ergas_zr_test: 2.011e+00, uqi_zr_test: 6.920e-01, psnr_xdsr_test: 2.010e+01, sam_xdsr_test: 2.106e+01
23-11-27 18:14:41.875 : , G_loss_test: 2.038e-02, hsi_likelihood_test: 1.321e-02, msi_likelihood_test: 7.166e-03, regularization_degradation_test: 2.200e-09, regularization_phi_test: 1.467e-02, psnr_xr_test: 2.022e+01, sam_xr_test: 1.605e+01, psnr_yr_test: 2.488e+01, sam_yr_test: 1.928e+01, psnr_zr_test: 2.538e+01, sam_zr_test: 1.906e+01, ssim_zr_test: 7.977e-01, rmse_zr_test: 1.407e+01, ergas_zr_test: 2.011e+00, uqi_zr_test: 6.920e-01, psnr_xdsr_test: 2.010e+01, sam_xdsr_test: 2.106e+01
23-11-27 18:14:46.522 : , G_loss_test: 2.513e-02, hsi_likelihood_test: 1.589e-02, msi_likelihood_test: 9.240e-03, regularization_degradation_test: 1.727e-09, regularization_phi_test: 1.299e-02, psnr_xr_test: 1.850e+01, sam_xr_test: 1.812e+01, psnr_yr_test: 2.276e+01, sam_yr_test: 1.912e+01, psnr_zr_test: 2.404e+01, sam_zr_test: 2.140e+01, ssim_zr_test: 7.297e-01, rmse_zr_test: 1.571e+01, ergas_zr_test: 2.385e+00, uqi_zr_test: 6.685e-01, psnr_xdsr_test: 2.082e+01, sam_xdsr_test: 1.886e+01
23-11-27 18:14:46.523 : , G_loss_test: 2.513e-02, hsi_likelihood_test: 1.589e-02, msi_likelihood_test: 9.240e-03, regularization_degradation_test: 1.727e-09, regularization_phi_test: 1.299e-02, psnr_xr_test: 1.850e+01, sam_xr_test: 1.812e+01, psnr_yr_test: 2.276e+01, sam_yr_test: 1.912e+01, psnr_zr_test: 2.404e+01, sam_zr_test: 2.140e+01, ssim_zr_test: 7.297e-01, rmse_zr_test: 1.571e+01, ergas_zr_test: 2.385e+00, uqi_zr_test: 6.685e-01, psnr_xdsr_test: 2.082e+01, sam_xdsr_test: 1.886e+01
23-11-27 18:14:51.196 : , G_loss_test: 2.310e-02, hsi_likelihood_test: 1.417e-02, msi_likelihood_test: 8.932e-03, regularization_degradation_test: 1.983e-09, regularization_phi_test: 2.138e-02, psnr_xr_test: 1.997e+01, sam_xr_test: 1.949e+01, psnr_yr_test: 2.371e+01, sam_yr_test: 1.975e+01, psnr_zr_test: 2.503e+01, sam_zr_test: 2.282e+01, ssim_zr_test: 7.121e-01, rmse_zr_test: 1.423e+01, ergas_zr_test: 2.115e+00, uqi_zr_test: 6.726e-01, psnr_xdsr_test: 1.643e+01, sam_xdsr_test: 2.304e+01
23-11-27 18:14:51.197 : , G_loss_test: 2.310e-02, hsi_likelihood_test: 1.417e-02, msi_likelihood_test: 8.932e-03, regularization_degradation_test: 1.983e-09, regularization_phi_test: 2.138e-02, psnr_xr_test: 1.997e+01, sam_xr_test: 1.949e+01, psnr_yr_test: 2.371e+01, sam_yr_test: 1.975e+01, psnr_zr_test: 2.503e+01, sam_zr_test: 2.282e+01, ssim_zr_test: 7.121e-01, rmse_zr_test: 1.423e+01, ergas_zr_test: 2.115e+00, uqi_zr_test: 6.726e-01, psnr_xdsr_test: 1.643e+01, sam_xdsr_test: 2.304e+01
23-11-27 18:14:55.851 : , G_loss_test: 1.930e-02, hsi_likelihood_test: 1.231e-02, msi_likelihood_test: 6.983e-03, regularization_degradation_test: 2.114e-09, regularization_phi_test: 1.167e-02, psnr_xr_test: 2.060e+01, sam_xr_test: 1.761e+01, psnr_yr_test: 2.505e+01, sam_yr_test: 1.986e+01, psnr_zr_test: 2.541e+01, sam_zr_test: 2.014e+01, ssim_zr_test: 7.991e-01, rmse_zr_test: 1.355e+01, ergas_zr_test: 2.013e+00, uqi_zr_test: 7.102e-01, psnr_xdsr_test: 2.146e+01, sam_xdsr_test: 1.883e+01
23-11-27 18:14:55.852 : , G_loss_test: 1.930e-02, hsi_likelihood_test: 1.231e-02, msi_likelihood_test: 6.983e-03, regularization_degradation_test: 2.114e-09, regularization_phi_test: 1.167e-02, psnr_xr_test: 2.060e+01, sam_xr_test: 1.761e+01, psnr_yr_test: 2.505e+01, sam_yr_test: 1.986e+01, psnr_zr_test: 2.541e+01, sam_zr_test: 2.014e+01, ssim_zr_test: 7.991e-01, rmse_zr_test: 1.355e+01, ergas_zr_test: 2.013e+00, uqi_zr_test: 7.102e-01, psnr_xdsr_test: 2.146e+01, sam_xdsr_test: 1.883e+01
23-11-27 18:15:00.429 : , G_loss_test: 1.850e-02, hsi_likelihood_test: 1.268e-02, msi_likelihood_test: 5.816e-03, regularization_degradation_test: 2.440e-09, regularization_phi_test: 1.466e-02, psnr_xr_test: 2.146e+01, sam_xr_test: 2.360e+01, psnr_yr_test: 2.572e+01, sam_yr_test: 2.012e+01, psnr_zr_test: 2.553e+01, sam_zr_test: 2.684e+01, ssim_zr_test: 7.049e-01, rmse_zr_test: 1.395e+01, ergas_zr_test: 2.178e+00, uqi_zr_test: 4.676e-01, psnr_xdsr_test: 1.981e+01, sam_xdsr_test: 2.023e+01
23-11-27 18:15:00.430 : , G_loss_test: 1.850e-02, hsi_likelihood_test: 1.268e-02, msi_likelihood_test: 5.816e-03, regularization_degradation_test: 2.440e-09, regularization_phi_test: 1.466e-02, psnr_xr_test: 2.146e+01, sam_xr_test: 2.360e+01, psnr_yr_test: 2.572e+01, sam_yr_test: 2.012e+01, psnr_zr_test: 2.553e+01, sam_zr_test: 2.684e+01, ssim_zr_test: 7.049e-01, rmse_zr_test: 1.395e+01, ergas_zr_test: 2.178e+00, uqi_zr_test: 4.676e-01, psnr_xdsr_test: 1.981e+01, sam_xdsr_test: 2.023e+01
23-11-27 18:15:05.077 : , G_loss_test: 1.922e-02, hsi_likelihood_test: 1.307e-02, msi_likelihood_test: 6.147e-03, regularization_degradation_test: 1.911e-09, regularization_phi_test: 1.469e-02, psnr_xr_test: 2.123e+01, sam_xr_test: 2.773e+01, psnr_yr_test: 2.584e+01, sam_yr_test: 2.038e+01, psnr_zr_test: 2.602e+01, sam_zr_test: 3.051e+01, ssim_zr_test: 6.321e-01, rmse_zr_test: 1.302e+01, ergas_zr_test: 1.885e+00, uqi_zr_test: 4.851e-01, psnr_xdsr_test: 1.987e+01, sam_xdsr_test: 2.845e+01
23-11-27 18:15:05.078 : , G_loss_test: 1.922e-02, hsi_likelihood_test: 1.307e-02, msi_likelihood_test: 6.147e-03, regularization_degradation_test: 1.911e-09, regularization_phi_test: 1.469e-02, psnr_xr_test: 2.123e+01, sam_xr_test: 2.773e+01, psnr_yr_test: 2.584e+01, sam_yr_test: 2.038e+01, psnr_zr_test: 2.602e+01, sam_zr_test: 3.051e+01, ssim_zr_test: 6.321e-01, rmse_zr_test: 1.302e+01, ergas_zr_test: 1.885e+00, uqi_zr_test: 4.851e-01, psnr_xdsr_test: 1.987e+01, sam_xdsr_test: 2.845e+01
23-11-27 18:15:09.722 : , G_loss_test: 2.239e-02, hsi_likelihood_test: 1.427e-02, msi_likelihood_test: 8.113e-03, regularization_degradation_test: 1.860e-09, regularization_phi_test: 1.327e-02, psnr_xr_test: 1.941e+01, sam_xr_test: 1.760e+01, psnr_yr_test: 2.359e+01, sam_yr_test: 1.956e+01, psnr_zr_test: 2.466e+01, sam_zr_test: 2.047e+01, ssim_zr_test: 7.566e-01, rmse_zr_test: 1.470e+01, ergas_zr_test: 2.200e+00, uqi_zr_test: 6.499e-01, psnr_xdsr_test: 2.003e+01, sam_xdsr_test: 1.722e+01
23-11-27 18:15:09.722 : , G_loss_test: 2.239e-02, hsi_likelihood_test: 1.427e-02, msi_likelihood_test: 8.113e-03, regularization_degradation_test: 1.860e-09, regularization_phi_test: 1.327e-02, psnr_xr_test: 1.941e+01, sam_xr_test: 1.760e+01, psnr_yr_test: 2.359e+01, sam_yr_test: 1.956e+01, psnr_zr_test: 2.466e+01, sam_zr_test: 2.047e+01, ssim_zr_test: 7.566e-01, rmse_zr_test: 1.470e+01, ergas_zr_test: 2.200e+00, uqi_zr_test: 6.499e-01, psnr_xdsr_test: 2.003e+01, sam_xdsr_test: 1.722e+01
23-11-27 18:15:14.370 : , G_loss_test: 1.969e-02, hsi_likelihood_test: 1.212e-02, msi_likelihood_test: 7.568e-03, regularization_degradation_test: 2.190e-09, regularization_phi_test: 1.155e-02, psnr_xr_test: 2.123e+01, sam_xr_test: 1.784e+01, psnr_yr_test: 2.526e+01, sam_yr_test: 1.916e+01, psnr_zr_test: 2.581e+01, sam_zr_test: 2.126e+01, ssim_zr_test: 7.599e-01, rmse_zr_test: 1.316e+01, ergas_zr_test: 1.930e+00, uqi_zr_test: 7.081e-01, psnr_xdsr_test: 2.131e+01, sam_xdsr_test: 1.487e+01
23-11-27 18:15:14.370 : , G_loss_test: 1.969e-02, hsi_likelihood_test: 1.212e-02, msi_likelihood_test: 7.568e-03, regularization_degradation_test: 2.190e-09, regularization_phi_test: 1.155e-02, psnr_xr_test: 2.123e+01, sam_xr_test: 1.784e+01, psnr_yr_test: 2.526e+01, sam_yr_test: 1.916e+01, psnr_zr_test: 2.581e+01, sam_zr_test: 2.126e+01, ssim_zr_test: 7.599e-01, rmse_zr_test: 1.316e+01, ergas_zr_test: 1.930e+00, uqi_zr_test: 7.081e-01, psnr_xdsr_test: 2.131e+01, sam_xdsr_test: 1.487e+01
23-11-27 18:15:18.922 : , G_loss_test: 1.757e-02, hsi_likelihood_test: 1.184e-02, msi_likelihood_test: 5.727e-03, regularization_degradation_test: 2.083e-09, regularization_phi_test: 1.210e-02, psnr_xr_test: 2.176e+01, sam_xr_test: 2.081e+01, psnr_yr_test: 2.626e+01, sam_yr_test: 2.072e+01, psnr_zr_test: 2.647e+01, sam_zr_test: 2.338e+01, ssim_zr_test: 7.478e-01, rmse_zr_test: 1.227e+01, ergas_zr_test: 1.820e+00, uqi_zr_test: 5.285e-01, psnr_xdsr_test: 2.166e+01, sam_xdsr_test: 2.238e+01
23-11-27 18:15:18.923 : , G_loss_test: 1.757e-02, hsi_likelihood_test: 1.184e-02, msi_likelihood_test: 5.727e-03, regularization_degradation_test: 2.083e-09, regularization_phi_test: 1.210e-02, psnr_xr_test: 2.176e+01, sam_xr_test: 2.081e+01, psnr_yr_test: 2.626e+01, sam_yr_test: 2.072e+01, psnr_zr_test: 2.647e+01, sam_zr_test: 2.338e+01, ssim_zr_test: 7.478e-01, rmse_zr_test: 1.227e+01, ergas_zr_test: 1.820e+00, uqi_zr_test: 5.285e-01, psnr_xdsr_test: 2.166e+01, sam_xdsr_test: 2.238e+01
23-11-27 18:15:23.540 : , G_loss_test: 2.811e-02, hsi_likelihood_test: 1.869e-02, msi_likelihood_test: 9.420e-03, regularization_degradation_test: 1.449e-09, regularization_phi_test: 1.552e-02, psnr_xr_test: 1.704e+01, sam_xr_test: 1.824e+01, psnr_yr_test: 2.192e+01, sam_yr_test: 1.846e+01, psnr_zr_test: 2.282e+01, sam_zr_test: 2.128e+01, ssim_zr_test: 7.065e-01, rmse_zr_test: 1.806e+01, ergas_zr_test: 2.730e+00, uqi_zr_test: 6.058e-01, psnr_xdsr_test: 1.902e+01, sam_xdsr_test: 2.029e+01
23-11-27 18:15:23.541 : , G_loss_test: 2.811e-02, hsi_likelihood_test: 1.869e-02, msi_likelihood_test: 9.420e-03, regularization_degradation_test: 1.449e-09, regularization_phi_test: 1.552e-02, psnr_xr_test: 1.704e+01, sam_xr_test: 1.824e+01, psnr_yr_test: 2.192e+01, sam_yr_test: 1.846e+01, psnr_zr_test: 2.282e+01, sam_zr_test: 2.128e+01, ssim_zr_test: 7.065e-01, rmse_zr_test: 1.806e+01, ergas_zr_test: 2.730e+00, uqi_zr_test: 6.058e-01, psnr_xdsr_test: 1.902e+01, sam_xdsr_test: 2.029e+01
23-11-27 18:15:28.176 : , G_loss_test: 1.757e-02, hsi_likelihood_test: 1.108e-02, msi_likelihood_test: 6.486e-03, regularization_degradation_test: 2.402e-09, regularization_phi_test: 1.225e-02, psnr_xr_test: 2.186e+01, sam_xr_test: 1.589e+01, psnr_yr_test: 2.620e+01, sam_yr_test: 1.913e+01, psnr_zr_test: 2.595e+01, sam_zr_test: 1.983e+01, ssim_zr_test: 8.047e-01, rmse_zr_test: 1.329e+01, ergas_zr_test: 1.934e+00, uqi_zr_test: 7.320e-01, psnr_xdsr_test: 2.175e+01, sam_xdsr_test: 1.886e+01
23-11-27 18:15:28.176 : , G_loss_test: 1.757e-02, hsi_likelihood_test: 1.108e-02, msi_likelihood_test: 6.486e-03, regularization_degradation_test: 2.402e-09, regularization_phi_test: 1.225e-02, psnr_xr_test: 2.186e+01, sam_xr_test: 1.589e+01, psnr_yr_test: 2.620e+01, sam_yr_test: 1.913e+01, psnr_zr_test: 2.595e+01, sam_zr_test: 1.983e+01, ssim_zr_test: 8.047e-01, rmse_zr_test: 1.329e+01, ergas_zr_test: 1.934e+00, uqi_zr_test: 7.320e-01, psnr_xdsr_test: 2.175e+01, sam_xdsr_test: 1.886e+01
23-11-27 18:15:32.951 : , G_loss_test: 2.400e-02, hsi_likelihood_test: 1.524e-02, msi_likelihood_test: 8.759e-03, regularization_degradation_test: 1.728e-09, regularization_phi_test: 1.347e-02, psnr_xr_test: 1.848e+01, sam_xr_test: 1.580e+01, psnr_yr_test: 2.297e+01, sam_yr_test: 1.862e+01, psnr_zr_test: 2.401e+01, sam_zr_test: 1.865e+01, ssim_zr_test: 7.936e-01, rmse_zr_test: 1.588e+01, ergas_zr_test: 2.381e+00, uqi_zr_test: 7.247e-01, psnr_xdsr_test: 2.050e+01, sam_xdsr_test: 1.632e+01
23-11-27 18:15:32.951 : , G_loss_test: 2.400e-02, hsi_likelihood_test: 1.524e-02, msi_likelihood_test: 8.759e-03, regularization_degradation_test: 1.728e-09, regularization_phi_test: 1.347e-02, psnr_xr_test: 1.848e+01, sam_xr_test: 1.580e+01, psnr_yr_test: 2.297e+01, sam_yr_test: 1.862e+01, psnr_zr_test: 2.401e+01, sam_zr_test: 1.865e+01, ssim_zr_test: 7.936e-01, rmse_zr_test: 1.588e+01, ergas_zr_test: 2.381e+00, uqi_zr_test: 7.247e-01, psnr_xdsr_test: 2.050e+01, sam_xdsr_test: 1.632e+01
23-11-27 18:15:37.550 : , G_loss_test: 1.700e-02, hsi_likelihood_test: 1.094e-02, msi_likelihood_test: 6.056e-03, regularization_degradation_test: 2.348e-09, regularization_phi_test: 1.154e-02, psnr_xr_test: 2.188e+01, sam_xr_test: 1.554e+01, psnr_yr_test: 2.627e+01, sam_yr_test: 1.826e+01, psnr_zr_test: 2.622e+01, sam_zr_test: 1.872e+01, ssim_zr_test: 8.213e-01, rmse_zr_test: 1.283e+01, ergas_zr_test: 1.866e+00, uqi_zr_test: 7.208e-01, psnr_xdsr_test: 2.138e+01, sam_xdsr_test: 1.525e+01
23-11-27 18:15:37.551 : , G_loss_test: 1.700e-02, hsi_likelihood_test: 1.094e-02, msi_likelihood_test: 6.056e-03, regularization_degradation_test: 2.348e-09, regularization_phi_test: 1.154e-02, psnr_xr_test: 2.188e+01, sam_xr_test: 1.554e+01, psnr_yr_test: 2.627e+01, sam_yr_test: 1.826e+01, psnr_zr_test: 2.622e+01, sam_zr_test: 1.872e+01, ssim_zr_test: 8.213e-01, rmse_zr_test: 1.283e+01, ergas_zr_test: 1.866e+00, uqi_zr_test: 7.208e-01, psnr_xdsr_test: 2.138e+01, sam_xdsr_test: 1.525e+01
23-11-27 18:15:42.265 : , G_loss_test: 1.653e-02, hsi_likelihood_test: 1.061e-02, msi_likelihood_test: 5.918e-03, regularization_degradation_test: 2.443e-09, regularization_phi_test: 1.403e-02, psnr_xr_test: 2.219e+01, sam_xr_test: 1.458e+01, psnr_yr_test: 2.642e+01, sam_yr_test: 1.890e+01, psnr_zr_test: 2.622e+01, sam_zr_test: 1.810e+01, ssim_zr_test: 8.271e-01, rmse_zr_test: 1.269e+01, ergas_zr_test: 1.920e+00, uqi_zr_test: 7.476e-01, psnr_xdsr_test: 2.041e+01, sam_xdsr_test: 1.943e+01
23-11-27 18:15:42.265 : , G_loss_test: 1.653e-02, hsi_likelihood_test: 1.061e-02, msi_likelihood_test: 5.918e-03, regularization_degradation_test: 2.443e-09, regularization_phi_test: 1.403e-02, psnr_xr_test: 2.219e+01, sam_xr_test: 1.458e+01, psnr_yr_test: 2.642e+01, sam_yr_test: 1.890e+01, psnr_zr_test: 2.622e+01, sam_zr_test: 1.810e+01, ssim_zr_test: 8.271e-01, rmse_zr_test: 1.269e+01, ergas_zr_test: 1.920e+00, uqi_zr_test: 7.476e-01, psnr_xdsr_test: 2.041e+01, sam_xdsr_test: 1.943e+01
23-11-27 18:15:46.836 : , G_loss_test: 1.801e-02, hsi_likelihood_test: 1.194e-02, msi_likelihood_test: 6.065e-03, regularization_degradation_test: 2.082e-09, regularization_phi_test: 1.184e-02, psnr_xr_test: 2.172e+01, sam_xr_test: 1.978e+01, psnr_yr_test: 2.597e+01, sam_yr_test: 1.962e+01, psnr_zr_test: 2.615e+01, sam_zr_test: 2.211e+01, ssim_zr_test: 7.508e-01, rmse_zr_test: 1.281e+01, ergas_zr_test: 1.889e+00, uqi_zr_test: 5.270e-01, psnr_xdsr_test: 2.172e+01, sam_xdsr_test: 1.923e+01
23-11-27 18:15:46.836 : , G_loss_test: 1.801e-02, hsi_likelihood_test: 1.194e-02, msi_likelihood_test: 6.065e-03, regularization_degradation_test: 2.082e-09, regularization_phi_test: 1.184e-02, psnr_xr_test: 2.172e+01, sam_xr_test: 1.978e+01, psnr_yr_test: 2.597e+01, sam_yr_test: 1.962e+01, psnr_zr_test: 2.615e+01, sam_zr_test: 2.211e+01, ssim_zr_test: 7.508e-01, rmse_zr_test: 1.281e+01, ergas_zr_test: 1.889e+00, uqi_zr_test: 5.270e-01, psnr_xdsr_test: 2.172e+01, sam_xdsr_test: 1.923e+01
23-11-27 18:15:51.606 : , G_loss_test: 1.921e-02, hsi_likelihood_test: 1.173e-02, msi_likelihood_test: 7.481e-03, regularization_degradation_test: 2.134e-09, regularization_phi_test: 2.404e-02, psnr_xr_test: 2.123e+01, sam_xr_test: 1.546e+01, psnr_yr_test: 2.483e+01, sam_yr_test: 1.932e+01, psnr_zr_test: 2.580e+01, sam_zr_test: 1.880e+01, ssim_zr_test: 7.938e-01, rmse_zr_test: 1.316e+01, ergas_zr_test: 1.935e+00, uqi_zr_test: 7.365e-01, psnr_xdsr_test: 1.688e+01, sam_xdsr_test: 2.480e+01
23-11-27 18:15:51.606 : , G_loss_test: 1.921e-02, hsi_likelihood_test: 1.173e-02, msi_likelihood_test: 7.481e-03, regularization_degradation_test: 2.134e-09, regularization_phi_test: 2.404e-02, psnr_xr_test: 2.123e+01, sam_xr_test: 1.546e+01, psnr_yr_test: 2.483e+01, sam_yr_test: 1.932e+01, psnr_zr_test: 2.580e+01, sam_zr_test: 1.880e+01, ssim_zr_test: 7.938e-01, rmse_zr_test: 1.316e+01, ergas_zr_test: 1.935e+00, uqi_zr_test: 7.365e-01, psnr_xdsr_test: 1.688e+01, sam_xdsr_test: 2.480e+01
23-11-27 18:15:56.226 : , G_loss_test: 2.385e-02, hsi_likelihood_test: 1.570e-02, msi_likelihood_test: 8.149e-03, regularization_degradation_test: 1.608e-09, regularization_phi_test: 1.436e-02, psnr_xr_test: 1.909e+01, sam_xr_test: 2.509e+01, psnr_yr_test: 2.327e+01, sam_yr_test: 2.123e+01, psnr_zr_test: 2.485e+01, sam_zr_test: 2.754e+01, ssim_zr_test: 6.458e-01, rmse_zr_test: 1.444e+01, ergas_zr_test: 2.195e+00, uqi_zr_test: 4.526e-01, psnr_xdsr_test: 1.999e+01, sam_xdsr_test: 2.456e+01
23-11-27 18:15:56.226 : , G_loss_test: 2.385e-02, hsi_likelihood_test: 1.570e-02, msi_likelihood_test: 8.149e-03, regularization_degradation_test: 1.608e-09, regularization_phi_test: 1.436e-02, psnr_xr_test: 1.909e+01, sam_xr_test: 2.509e+01, psnr_yr_test: 2.327e+01, sam_yr_test: 2.123e+01, psnr_zr_test: 2.485e+01, sam_zr_test: 2.754e+01, ssim_zr_test: 6.458e-01, rmse_zr_test: 1.444e+01, ergas_zr_test: 2.195e+00, uqi_zr_test: 4.526e-01, psnr_xdsr_test: 1.999e+01, sam_xdsr_test: 2.456e+01
23-11-27 18:16:00.940 : , G_loss_test: 2.009e-02, hsi_likelihood_test: 1.330e-02, msi_likelihood_test: 6.785e-03, regularization_degradation_test: 1.921e-09, regularization_phi_test: 1.182e-02, psnr_xr_test: 2.038e+01, sam_xr_test: 1.761e+01, psnr_yr_test: 2.509e+01, sam_yr_test: 1.992e+01, psnr_zr_test: 2.552e+01, sam_zr_test: 1.995e+01, ssim_zr_test: 7.789e-01, rmse_zr_test: 1.374e+01, ergas_zr_test: 1.977e+00, uqi_zr_test: 6.113e-01, psnr_xdsr_test: 2.119e+01, sam_xdsr_test: 1.623e+01
23-11-27 18:16:00.941 : , G_loss_test: 2.009e-02, hsi_likelihood_test: 1.330e-02, msi_likelihood_test: 6.785e-03, regularization_degradation_test: 1.921e-09, regularization_phi_test: 1.182e-02, psnr_xr_test: 2.038e+01, sam_xr_test: 1.761e+01, psnr_yr_test: 2.509e+01, sam_yr_test: 1.992e+01, psnr_zr_test: 2.552e+01, sam_zr_test: 1.995e+01, ssim_zr_test: 7.789e-01, rmse_zr_test: 1.374e+01, ergas_zr_test: 1.977e+00, uqi_zr_test: 6.113e-01, psnr_xdsr_test: 2.119e+01, sam_xdsr_test: 1.623e+01
23-11-27 18:16:05.666 : , G_loss_test: 1.840e-02, hsi_likelihood_test: 1.214e-02, msi_likelihood_test: 6.257e-03, regularization_degradation_test: 2.162e-09, regularization_phi_test: 1.517e-02, psnr_xr_test: 2.128e+01, sam_xr_test: 1.781e+01, psnr_yr_test: 2.583e+01, sam_yr_test: 2.004e+01, psnr_zr_test: 2.594e+01, sam_zr_test: 2.040e+01, ssim_zr_test: 7.806e-01, rmse_zr_test: 1.309e+01, ergas_zr_test: 1.909e+00, uqi_zr_test: 6.022e-01, psnr_xdsr_test: 1.904e+01, sam_xdsr_test: 1.730e+01
23-11-27 18:16:05.667 : , G_loss_test: 1.840e-02, hsi_likelihood_test: 1.214e-02, msi_likelihood_test: 6.257e-03, regularization_degradation_test: 2.162e-09, regularization_phi_test: 1.517e-02, psnr_xr_test: 2.128e+01, sam_xr_test: 1.781e+01, psnr_yr_test: 2.583e+01, sam_yr_test: 2.004e+01, psnr_zr_test: 2.594e+01, sam_zr_test: 2.040e+01, ssim_zr_test: 7.806e-01, rmse_zr_test: 1.309e+01, ergas_zr_test: 1.909e+00, uqi_zr_test: 6.022e-01, psnr_xdsr_test: 1.904e+01, sam_xdsr_test: 1.730e+01
23-11-27 18:16:10.384 : , G_loss_test: 2.724e-02, hsi_likelihood_test: 1.833e-02, msi_likelihood_test: 8.908e-03, regularization_degradation_test: 1.432e-09, regularization_phi_test: 1.142e-02, psnr_xr_test: 1.730e+01, sam_xr_test: 1.788e+01, psnr_yr_test: 2.265e+01, sam_yr_test: 1.934e+01, psnr_zr_test: 2.312e+01, sam_zr_test: 2.031e+01, ssim_zr_test: 7.259e-01, rmse_zr_test: 1.773e+01, ergas_zr_test: 2.622e+00, uqi_zr_test: 5.874e-01, psnr_xdsr_test: 2.156e+01, sam_xdsr_test: 1.629e+01
23-11-27 18:16:10.385 : , G_loss_test: 2.724e-02, hsi_likelihood_test: 1.833e-02, msi_likelihood_test: 8.908e-03, regularization_degradation_test: 1.432e-09, regularization_phi_test: 1.142e-02, psnr_xr_test: 1.730e+01, sam_xr_test: 1.788e+01, psnr_yr_test: 2.265e+01, sam_yr_test: 1.934e+01, psnr_zr_test: 2.312e+01, sam_zr_test: 2.031e+01, ssim_zr_test: 7.259e-01, rmse_zr_test: 1.773e+01, ergas_zr_test: 2.622e+00, uqi_zr_test: 5.874e-01, psnr_xdsr_test: 2.156e+01, sam_xdsr_test: 1.629e+01
23-11-27 18:16:15.525 : , G_loss_test: 1.959e-02, hsi_likelihood_test: 1.289e-02, msi_likelihood_test: 6.699e-03, regularization_degradation_test: 1.953e-09, regularization_phi_test: 2.256e-02, psnr_xr_test: 2.064e+01, sam_xr_test: 1.610e+01, psnr_yr_test: 2.544e+01, sam_yr_test: nan, psnr_zr_test: 2.558e+01, sam_zr_test: 1.909e+01, ssim_zr_test: 7.774e-01, rmse_zr_test: 1.374e+01, ergas_zr_test: 1.968e+00, uqi_zr_test: 6.604e-01, psnr_xdsr_test: 1.526e+01, sam_xdsr_test: 1.834e+01
23-11-27 18:16:15.526 : , G_loss_test: 1.959e-02, hsi_likelihood_test: 1.289e-02, msi_likelihood_test: 6.699e-03, regularization_degradation_test: 1.953e-09, regularization_phi_test: 2.256e-02, psnr_xr_test: 2.064e+01, sam_xr_test: 1.610e+01, psnr_yr_test: 2.544e+01, sam_yr_test: nan, psnr_zr_test: 2.558e+01, sam_zr_test: 1.909e+01, ssim_zr_test: 7.774e-01, rmse_zr_test: 1.374e+01, ergas_zr_test: 1.968e+00, uqi_zr_test: 6.604e-01, psnr_xdsr_test: 1.526e+01, sam_xdsr_test: 1.834e+01
23-11-27 18:16:25.818 : , G_loss_test: 6.645e-02, hsi_likelihood_test: 4.100e-02, msi_likelihood_test: 2.545e-02, regularization_degradation_test: 8.199e-09, regularization_phi_test: 3.426e-02, psnr_xr_test: 1.821e+01, sam_xr_test: 9.989e+00, psnr_yr_test: 1.534e+01, sam_yr_test: nan, psnr_zr_test: 1.817e+01, sam_zr_test: 1.183e+01, ssim_zr_test: 7.769e-01, rmse_zr_test: 2.793e+01, ergas_zr_test: 9.712e-01, uqi_zr_test: 8.586e-01, psnr_xdsr_test: 1.972e+01, sam_xdsr_test: 1.111e+01
23-11-27 18:16:25.818 : , G_loss_test: 6.645e-02, hsi_likelihood_test: 4.100e-02, msi_likelihood_test: 2.545e-02, regularization_degradation_test: 8.199e-09, regularization_phi_test: 3.426e-02, psnr_xr_test: 1.821e+01, sam_xr_test: 9.989e+00, psnr_yr_test: 1.534e+01, sam_yr_test: nan, psnr_zr_test: 1.817e+01, sam_zr_test: 1.183e+01, ssim_zr_test: 7.769e-01, rmse_zr_test: 2.793e+01, ergas_zr_test: 9.712e-01, uqi_zr_test: 8.586e-01, psnr_xdsr_test: 1.972e+01, sam_xdsr_test: 1.111e+01
23-11-27 18:16:30.783 : , G_loss_test: 9.578e-02, hsi_likelihood_test: 7.330e-02, msi_likelihood_test: 2.247e-02, regularization_degradation_test: 1.419e-08, regularization_phi_test: 1.912e-02, psnr_xr_test: 1.344e+01, sam_xr_test: 6.824e+00, psnr_yr_test: 1.546e+01, sam_yr_test: 6.706e+00, psnr_zr_test: 1.359e+01, sam_zr_test: 9.464e+00, ssim_zr_test: 8.475e-01, rmse_zr_test: 4.845e+01, ergas_zr_test: 1.701e+00, uqi_zr_test: 8.702e-01, psnr_xdsr_test: 2.470e+01, sam_xdsr_test: 7.628e+00
23-11-27 18:16:30.784 : , G_loss_test: 9.578e-02, hsi_likelihood_test: 7.330e-02, msi_likelihood_test: 2.247e-02, regularization_degradation_test: 1.419e-08, regularization_phi_test: 1.912e-02, psnr_xr_test: 1.344e+01, sam_xr_test: 6.824e+00, psnr_yr_test: 1.546e+01, sam_yr_test: 6.706e+00, psnr_zr_test: 1.359e+01, sam_zr_test: 9.464e+00, ssim_zr_test: 8.475e-01, rmse_zr_test: 4.845e+01, ergas_zr_test: 1.701e+00, uqi_zr_test: 8.702e-01, psnr_xdsr_test: 2.470e+01, sam_xdsr_test: 7.628e+00
23-11-27 18:16:35.835 : , G_loss_test: 3.421e-02, hsi_likelihood_test: 2.490e-02, msi_likelihood_test: 9.314e-03, regularization_degradation_test: 1.175e-08, regularization_phi_test: 2.077e-02, psnr_xr_test: 2.242e+01, sam_xr_test: 7.736e+00, psnr_yr_test: 2.348e+01, sam_yr_test: nan, psnr_zr_test: 2.237e+01, sam_zr_test: 1.008e+01, ssim_zr_test: 8.892e-01, rmse_zr_test: 1.776e+01, ergas_zr_test: 6.306e-01, uqi_zr_test: 9.202e-01, psnr_xdsr_test: 2.345e+01, sam_xdsr_test: 7.096e+00
23-11-27 18:16:35.836 : , G_loss_test: 3.421e-02, hsi_likelihood_test: 2.490e-02, msi_likelihood_test: 9.314e-03, regularization_degradation_test: 1.175e-08, regularization_phi_test: 2.077e-02, psnr_xr_test: 2.242e+01, sam_xr_test: 7.736e+00, psnr_yr_test: 2.348e+01, sam_yr_test: nan, psnr_zr_test: 2.237e+01, sam_zr_test: 1.008e+01, ssim_zr_test: 8.892e-01, rmse_zr_test: 1.776e+01, ergas_zr_test: 6.306e-01, uqi_zr_test: 9.202e-01, psnr_xdsr_test: 2.345e+01, sam_xdsr_test: 7.096e+00
23-11-27 18:16:40.925 : , G_loss_test: 9.980e-02, hsi_likelihood_test: 7.244e-02, msi_likelihood_test: 2.736e-02, regularization_degradation_test: 1.640e-08, regularization_phi_test: 3.580e-02, psnr_xr_test: 1.393e+01, sam_xr_test: 8.851e+00, psnr_yr_test: 1.412e+01, sam_yr_test: nan, psnr_zr_test: 1.415e+01, sam_zr_test: 1.089e+01, ssim_zr_test: 8.373e-01, rmse_zr_test: 4.722e+01, ergas_zr_test: 1.693e+00, uqi_zr_test: 8.342e-01, psnr_xdsr_test: 1.924e+01, sam_xdsr_test: 6.997e+00
23-11-27 18:16:40.926 : , G_loss_test: 9.980e-02, hsi_likelihood_test: 7.244e-02, msi_likelihood_test: 2.736e-02, regularization_degradation_test: 1.640e-08, regularization_phi_test: 3.580e-02, psnr_xr_test: 1.393e+01, sam_xr_test: 8.851e+00, psnr_yr_test: 1.412e+01, sam_yr_test: nan, psnr_zr_test: 1.415e+01, sam_zr_test: 1.089e+01, ssim_zr_test: 8.373e-01, rmse_zr_test: 4.722e+01, ergas_zr_test: 1.693e+00, uqi_zr_test: 8.342e-01, psnr_xdsr_test: 1.924e+01, sam_xdsr_test: 6.997e+00
23-11-27 18:16:46.278 : , G_loss_test: 2.867e-02, hsi_likelihood_test: 1.979e-02, msi_likelihood_test: 8.877e-03, regularization_degradation_test: 1.172e-08, regularization_phi_test: 7.399e-02, psnr_xr_test: 2.393e+01, sam_xr_test: 6.446e+00, psnr_yr_test: 2.347e+01, sam_yr_test: 7.113e+00, psnr_zr_test: 2.381e+01, sam_zr_test: 8.656e+00, ssim_zr_test: 9.123e-01, rmse_zr_test: 1.494e+01, ergas_zr_test: 5.303e-01, uqi_zr_test: 9.590e-01, psnr_xdsr_test: 1.337e+01, sam_xdsr_test: 7.177e+00
23-11-27 18:16:46.278 : , G_loss_test: 2.867e-02, hsi_likelihood_test: 1.979e-02, msi_likelihood_test: 8.877e-03, regularization_degradation_test: 1.172e-08, regularization_phi_test: 7.399e-02, psnr_xr_test: 2.393e+01, sam_xr_test: 6.446e+00, psnr_yr_test: 2.347e+01, sam_yr_test: 7.113e+00, psnr_zr_test: 2.381e+01, sam_zr_test: 8.656e+00, ssim_zr_test: 9.123e-01, rmse_zr_test: 1.494e+01, ergas_zr_test: 5.303e-01, uqi_zr_test: 9.590e-01, psnr_xdsr_test: 1.337e+01, sam_xdsr_test: 7.177e+00
23-11-27 18:16:51.454 : , G_loss_test: 3.731e-02, hsi_likelihood_test: 2.778e-02, msi_likelihood_test: 9.538e-03, regularization_degradation_test: 1.179e-08, regularization_phi_test: 3.083e-02, psnr_xr_test: 2.181e+01, sam_xr_test: 8.290e+00, psnr_yr_test: 2.349e+01, sam_yr_test: 6.954e+00, psnr_zr_test: 2.182e+01, sam_zr_test: 1.047e+01, ssim_zr_test: 8.518e-01, rmse_zr_test: 1.881e+01, ergas_zr_test: 6.676e-01, uqi_zr_test: 8.866e-01, psnr_xdsr_test: 2.050e+01, sam_xdsr_test: 7.688e+00
23-11-27 18:16:51.455 : , G_loss_test: 3.731e-02, hsi_likelihood_test: 2.778e-02, msi_likelihood_test: 9.538e-03, regularization_degradation_test: 1.179e-08, regularization_phi_test: 3.083e-02, psnr_xr_test: 2.181e+01, sam_xr_test: 8.290e+00, psnr_yr_test: 2.349e+01, sam_yr_test: 6.954e+00, psnr_zr_test: 2.182e+01, sam_zr_test: 1.047e+01, ssim_zr_test: 8.518e-01, rmse_zr_test: 1.881e+01, ergas_zr_test: 6.676e-01, uqi_zr_test: 8.866e-01, psnr_xdsr_test: 2.050e+01, sam_xdsr_test: 7.688e+00
23-11-27 18:16:56.533 : , G_loss_test: 5.991e-02, hsi_likelihood_test: 4.697e-02, msi_likelihood_test: 1.294e-02, regularization_degradation_test: 1.407e-08, regularization_phi_test: 2.982e-02, psnr_xr_test: 1.734e+01, sam_xr_test: 7.574e+00, psnr_yr_test: 2.097e+01, sam_yr_test: 7.060e+00, psnr_zr_test: 1.756e+01, sam_zr_test: 1.006e+01, ssim_zr_test: 8.616e-01, rmse_zr_test: 3.112e+01, ergas_zr_test: 1.108e+00, uqi_zr_test: 9.003e-01, psnr_xdsr_test: 2.110e+01, sam_xdsr_test: 7.861e+00
23-11-27 18:16:56.533 : , G_loss_test: 5.991e-02, hsi_likelihood_test: 4.697e-02, msi_likelihood_test: 1.294e-02, regularization_degradation_test: 1.407e-08, regularization_phi_test: 2.982e-02, psnr_xr_test: 1.734e+01, sam_xr_test: 7.574e+00, psnr_yr_test: 2.097e+01, sam_yr_test: 7.060e+00, psnr_zr_test: 1.756e+01, sam_zr_test: 1.006e+01, ssim_zr_test: 8.616e-01, rmse_zr_test: 3.112e+01, ergas_zr_test: 1.108e+00, uqi_zr_test: 9.003e-01, psnr_xdsr_test: 2.110e+01, sam_xdsr_test: 7.861e+00
23-11-27 18:17:01.664 : , G_loss_test: 6.138e-02, hsi_likelihood_test: 4.643e-02, msi_likelihood_test: 1.495e-02, regularization_degradation_test: 1.276e-08, regularization_phi_test: 5.292e-02, psnr_xr_test: 1.735e+01, sam_xr_test: 6.953e+00, psnr_yr_test: 1.919e+01, sam_yr_test: nan, psnr_zr_test: 1.751e+01, sam_zr_test: 9.225e+00, ssim_zr_test: 8.815e-01, rmse_zr_test: 3.137e+01, ergas_zr_test: 1.121e+00, uqi_zr_test: 9.167e-01, psnr_xdsr_test: 1.622e+01, sam_xdsr_test: 7.308e+00
23-11-27 18:17:01.664 : , G_loss_test: 6.138e-02, hsi_likelihood_test: 4.643e-02, msi_likelihood_test: 1.495e-02, regularization_degradation_test: 1.276e-08, regularization_phi_test: 5.292e-02, psnr_xr_test: 1.735e+01, sam_xr_test: 6.953e+00, psnr_yr_test: 1.919e+01, sam_yr_test: nan, psnr_zr_test: 1.751e+01, sam_zr_test: 9.225e+00, ssim_zr_test: 8.815e-01, rmse_zr_test: 3.137e+01, ergas_zr_test: 1.121e+00, uqi_zr_test: 9.167e-01, psnr_xdsr_test: 1.622e+01, sam_xdsr_test: 7.308e+00
23-11-27 18:17:06.786 : , G_loss_test: 6.839e-02, hsi_likelihood_test: 4.322e-02, msi_likelihood_test: 2.517e-02, regularization_degradation_test: 8.065e-09, regularization_phi_test: 2.049e-02, psnr_xr_test: 1.764e+01, sam_xr_test: 7.192e+00, psnr_yr_test: 1.528e+01, sam_yr_test: 6.616e+00, psnr_zr_test: 1.766e+01, sam_zr_test: 9.352e+00, ssim_zr_test: 8.514e-01, rmse_zr_test: 2.997e+01, ergas_zr_test: 1.037e+00, uqi_zr_test: 9.077e-01, psnr_xdsr_test: 2.405e+01, sam_xdsr_test: 8.438e+00
23-11-27 18:17:06.787 : , G_loss_test: 6.839e-02, hsi_likelihood_test: 4.322e-02, msi_likelihood_test: 2.517e-02, regularization_degradation_test: 8.065e-09, regularization_phi_test: 2.049e-02, psnr_xr_test: 1.764e+01, sam_xr_test: 7.192e+00, psnr_yr_test: 1.528e+01, sam_yr_test: 6.616e+00, psnr_zr_test: 1.766e+01, sam_zr_test: 9.352e+00, ssim_zr_test: 8.514e-01, rmse_zr_test: 2.997e+01, ergas_zr_test: 1.037e+00, uqi_zr_test: 9.077e-01, psnr_xdsr_test: 2.405e+01, sam_xdsr_test: 8.438e+00
23-11-27 18:17:12.003 : , G_loss_test: 6.697e-02, hsi_likelihood_test: 4.373e-02, msi_likelihood_test: 2.323e-02, regularization_degradation_test: 7.800e-09, regularization_phi_test: 3.456e-02, psnr_xr_test: 1.793e+01, sam_xr_test: 1.135e+01, psnr_yr_test: 1.591e+01, sam_yr_test: nan, psnr_zr_test: 1.804e+01, sam_zr_test: 1.264e+01, ssim_zr_test: 7.979e-01, rmse_zr_test: 2.872e+01, ergas_zr_test: 9.919e-01, uqi_zr_test: 8.307e-01, psnr_xdsr_test: 1.968e+01, sam_xdsr_test: 1.032e+01
23-11-27 18:17:12.004 : , G_loss_test: 6.697e-02, hsi_likelihood_test: 4.373e-02, msi_likelihood_test: 2.323e-02, regularization_degradation_test: 7.800e-09, regularization_phi_test: 3.456e-02, psnr_xr_test: 1.793e+01, sam_xr_test: 1.135e+01, psnr_yr_test: 1.591e+01, sam_yr_test: nan, psnr_zr_test: 1.804e+01, sam_zr_test: 1.264e+01, ssim_zr_test: 7.979e-01, rmse_zr_test: 2.872e+01, ergas_zr_test: 9.919e-01, uqi_zr_test: 8.307e-01, psnr_xdsr_test: 1.968e+01, sam_xdsr_test: 1.032e+01
23-11-27 18:17:17.240 : , G_loss_test: 2.826e-02, hsi_likelihood_test: 1.869e-02, msi_likelihood_test: 9.579e-03, regularization_degradation_test: 1.033e-08, regularization_phi_test: 4.245e-02, psnr_xr_test: 2.465e+01, sam_xr_test: 7.311e+00, psnr_yr_test: 2.323e+01, sam_yr_test: 6.501e+00, psnr_zr_test: 2.448e+01, sam_zr_test: 9.401e+00, ssim_zr_test: 9.125e-01, rmse_zr_test: 1.397e+01, ergas_zr_test: 4.904e-01, uqi_zr_test: 9.465e-01, psnr_xdsr_test: 1.807e+01, sam_xdsr_test: 7.529e+00
23-11-27 18:17:17.241 : , G_loss_test: 2.826e-02, hsi_likelihood_test: 1.869e-02, msi_likelihood_test: 9.579e-03, regularization_degradation_test: 1.033e-08, regularization_phi_test: 4.245e-02, psnr_xr_test: 2.465e+01, sam_xr_test: 7.311e+00, psnr_yr_test: 2.323e+01, sam_yr_test: 6.501e+00, psnr_zr_test: 2.448e+01, sam_zr_test: 9.401e+00, ssim_zr_test: 9.125e-01, rmse_zr_test: 1.397e+01, ergas_zr_test: 4.904e-01, uqi_zr_test: 9.465e-01, psnr_xdsr_test: 1.807e+01, sam_xdsr_test: 7.529e+00
23-11-27 18:17:22.433 : , G_loss_test: 2.968e-02, hsi_likelihood_test: 1.804e-02, msi_likelihood_test: 1.164e-02, regularization_degradation_test: 1.006e-08, regularization_phi_test: 2.293e-02, psnr_xr_test: 2.487e+01, sam_xr_test: 6.842e+00, psnr_yr_test: 2.195e+01, sam_yr_test: 6.916e+00, psnr_zr_test: 2.432e+01, sam_zr_test: 9.436e+00, ssim_zr_test: 8.689e-01, rmse_zr_test: 1.425e+01, ergas_zr_test: 5.014e-01, uqi_zr_test: 9.512e-01, psnr_xdsr_test: 2.267e+01, sam_xdsr_test: 7.259e+00
23-11-27 18:17:22.433 : , G_loss_test: 2.968e-02, hsi_likelihood_test: 1.804e-02, msi_likelihood_test: 1.164e-02, regularization_degradation_test: 1.006e-08, regularization_phi_test: 2.293e-02, psnr_xr_test: 2.487e+01, sam_xr_test: 6.842e+00, psnr_yr_test: 2.195e+01, sam_yr_test: 6.916e+00, psnr_zr_test: 2.432e+01, sam_zr_test: 9.436e+00, ssim_zr_test: 8.689e-01, rmse_zr_test: 1.425e+01, ergas_zr_test: 5.014e-01, uqi_zr_test: 9.512e-01, psnr_xdsr_test: 2.267e+01, sam_xdsr_test: 7.259e+00
23-11-27 18:17:27.582 : , G_loss_test: 5.435e-02, hsi_likelihood_test: 3.207e-02, msi_likelihood_test: 2.228e-02, regularization_degradation_test: 8.062e-09, regularization_phi_test: 2.070e-02, psnr_xr_test: 1.990e+01, sam_xr_test: 6.934e+00, psnr_yr_test: 1.650e+01, sam_yr_test: nan, psnr_zr_test: 1.980e+01, sam_zr_test: 9.476e+00, ssim_zr_test: 8.607e-01, rmse_zr_test: 2.315e+01, ergas_zr_test: 8.074e-01, uqi_zr_test: 9.290e-01, psnr_xdsr_test: 2.347e+01, sam_xdsr_test: 6.976e+00
23-11-27 18:17:27.582 : , G_loss_test: 5.435e-02, hsi_likelihood_test: 3.207e-02, msi_likelihood_test: 2.228e-02, regularization_degradation_test: 8.062e-09, regularization_phi_test: 2.070e-02, psnr_xr_test: 1.990e+01, sam_xr_test: 6.934e+00, psnr_yr_test: 1.650e+01, sam_yr_test: nan, psnr_zr_test: 1.980e+01, sam_zr_test: 9.476e+00, ssim_zr_test: 8.607e-01, rmse_zr_test: 2.315e+01, ergas_zr_test: 8.074e-01, uqi_zr_test: 9.290e-01, psnr_xdsr_test: 2.347e+01, sam_xdsr_test: 6.976e+00
23-11-27 18:17:32.704 : , G_loss_test: 3.168e-02, hsi_likelihood_test: 2.366e-02, msi_likelihood_test: 8.013e-03, regularization_degradation_test: 1.126e-08, regularization_phi_test: 2.843e-02, psnr_xr_test: 2.260e+01, sam_xr_test: 7.007e+00, psnr_yr_test: 2.439e+01, sam_yr_test: nan, psnr_zr_test: 2.262e+01, sam_zr_test: 9.222e+00, ssim_zr_test: 9.090e-01, rmse_zr_test: 1.748e+01, ergas_zr_test: 6.287e-01, uqi_zr_test: 9.509e-01, psnr_xdsr_test: 2.108e+01, sam_xdsr_test: 6.844e+00
23-11-27 18:17:32.704 : , G_loss_test: 3.168e-02, hsi_likelihood_test: 2.366e-02, msi_likelihood_test: 8.013e-03, regularization_degradation_test: 1.126e-08, regularization_phi_test: 2.843e-02, psnr_xr_test: 2.260e+01, sam_xr_test: 7.007e+00, psnr_yr_test: 2.439e+01, sam_yr_test: nan, psnr_zr_test: 2.262e+01, sam_zr_test: 9.222e+00, ssim_zr_test: 9.090e-01, rmse_zr_test: 1.748e+01, ergas_zr_test: 6.287e-01, uqi_zr_test: 9.509e-01, psnr_xdsr_test: 2.108e+01, sam_xdsr_test: 6.844e+00
23-11-27 18:17:37.890 : , G_loss_test: 3.445e-02, hsi_likelihood_test: 2.605e-02, msi_likelihood_test: 8.406e-03, regularization_degradation_test: 1.153e-08, regularization_phi_test: 1.954e-02, psnr_xr_test: 2.202e+01, sam_xr_test: 7.458e+00, psnr_yr_test: 2.411e+01, sam_yr_test: 6.736e+00, psnr_zr_test: 2.208e+01, sam_zr_test: 9.408e+00, ssim_zr_test: 9.010e-01, rmse_zr_test: 1.861e+01, ergas_zr_test: 6.674e-01, uqi_zr_test: 9.405e-01, psnr_xdsr_test: 2.398e+01, sam_xdsr_test: 7.221e+00
23-11-27 18:17:37.890 : , G_loss_test: 3.445e-02, hsi_likelihood_test: 2.605e-02, msi_likelihood_test: 8.406e-03, regularization_degradation_test: 1.153e-08, regularization_phi_test: 1.954e-02, psnr_xr_test: 2.202e+01, sam_xr_test: 7.458e+00, psnr_yr_test: 2.411e+01, sam_yr_test: 6.736e+00, psnr_zr_test: 2.208e+01, sam_zr_test: 9.408e+00, ssim_zr_test: 9.010e-01, rmse_zr_test: 1.861e+01, ergas_zr_test: 6.674e-01, uqi_zr_test: 9.405e-01, psnr_xdsr_test: 2.398e+01, sam_xdsr_test: 7.221e+00
23-11-27 18:17:43.191 : , G_loss_test: 2.831e-02, hsi_likelihood_test: 1.783e-02, msi_likelihood_test: 1.048e-02, regularization_degradation_test: 1.091e-08, regularization_phi_test: 7.791e-02, psnr_xr_test: 2.476e+01, sam_xr_test: 6.907e+00, psnr_yr_test: 2.255e+01, sam_yr_test: nan, psnr_zr_test: 2.439e+01, sam_zr_test: 8.828e+00, ssim_zr_test: 9.015e-01, rmse_zr_test: 1.410e+01, ergas_zr_test: 4.910e-01, uqi_zr_test: 9.651e-01, psnr_xdsr_test: 1.288e+01, sam_xdsr_test: 7.907e+00
23-11-27 18:17:43.191 : , G_loss_test: 2.831e-02, hsi_likelihood_test: 1.783e-02, msi_likelihood_test: 1.048e-02, regularization_degradation_test: 1.091e-08, regularization_phi_test: 7.791e-02, psnr_xr_test: 2.476e+01, sam_xr_test: 6.907e+00, psnr_yr_test: 2.255e+01, sam_yr_test: nan, psnr_zr_test: 2.439e+01, sam_zr_test: 8.828e+00, ssim_zr_test: 9.015e-01, rmse_zr_test: 1.410e+01, ergas_zr_test: 4.910e-01, uqi_zr_test: 9.651e-01, psnr_xdsr_test: 1.288e+01, sam_xdsr_test: 7.907e+00
23-11-27 18:17:48.268 : , G_loss_test: 7.245e-02, hsi_likelihood_test: 5.830e-02, msi_likelihood_test: 1.414e-02, regularization_degradation_test: 1.371e-08, regularization_phi_test: 3.334e-02, psnr_xr_test: 1.571e+01, sam_xr_test: 7.823e+00, psnr_yr_test: 2.056e+01, sam_yr_test: 7.092e+00, psnr_zr_test: 1.598e+01, sam_zr_test: 1.047e+01, ssim_zr_test: 8.546e-01, rmse_zr_test: 3.677e+01, ergas_zr_test: 1.270e+00, uqi_zr_test: 8.438e-01, psnr_xdsr_test: 2.001e+01, sam_xdsr_test: 7.760e+00
23-11-27 18:17:48.269 : , G_loss_test: 7.245e-02, hsi_likelihood_test: 5.830e-02, msi_likelihood_test: 1.414e-02, regularization_degradation_test: 1.371e-08, regularization_phi_test: 3.334e-02, psnr_xr_test: 1.571e+01, sam_xr_test: 7.823e+00, psnr_yr_test: 2.056e+01, sam_yr_test: 7.092e+00, psnr_zr_test: 1.598e+01, sam_zr_test: 1.047e+01, ssim_zr_test: 8.546e-01, rmse_zr_test: 3.677e+01, ergas_zr_test: 1.270e+00, uqi_zr_test: 8.438e-01, psnr_xdsr_test: 2.001e+01, sam_xdsr_test: 7.760e+00
23-11-27 18:17:53.809 : , G_loss_test: 4.904e-02, hsi_likelihood_test: 3.774e-02, msi_likelihood_test: 1.130e-02, regularization_degradation_test: 1.183e-08, regularization_phi_test: 4.291e-02, psnr_xr_test: 1.898e+01, sam_xr_test: 7.325e+00, psnr_yr_test: 2.163e+01, sam_yr_test: 6.889e+00, psnr_zr_test: 1.913e+01, sam_zr_test: 9.516e+00, ssim_zr_test: 8.912e-01, rmse_zr_test: 2.590e+01, ergas_zr_test: 9.254e-01, uqi_zr_test: 9.274e-01, psnr_xdsr_test: 1.792e+01, sam_xdsr_test: 7.333e+00
23-11-27 18:17:53.809 : , G_loss_test: 4.904e-02, hsi_likelihood_test: 3.774e-02, msi_likelihood_test: 1.130e-02, regularization_degradation_test: 1.183e-08, regularization_phi_test: 4.291e-02, psnr_xr_test: 1.898e+01, sam_xr_test: 7.325e+00, psnr_yr_test: 2.163e+01, sam_yr_test: 6.889e+00, psnr_zr_test: 1.913e+01, sam_zr_test: 9.516e+00, ssim_zr_test: 8.912e-01, rmse_zr_test: 2.590e+01, ergas_zr_test: 9.254e-01, uqi_zr_test: 9.274e-01, psnr_xdsr_test: 1.792e+01, sam_xdsr_test: 7.333e+00
23-11-27 18:17:59.008 : , G_loss_test: 7.677e-02, hsi_likelihood_test: 5.886e-02, msi_likelihood_test: 1.792e-02, regularization_degradation_test: 1.325e-08, regularization_phi_test: 3.822e-02, psnr_xr_test: 1.550e+01, sam_xr_test: 7.538e+00, psnr_yr_test: 1.798e+01, sam_yr_test: 6.787e+00, psnr_zr_test: 1.577e+01, sam_zr_test: 9.862e+00, ssim_zr_test: 8.686e-01, rmse_zr_test: 3.743e+01, ergas_zr_test: 1.323e+00, uqi_zr_test: 8.718e-01, psnr_xdsr_test: 1.884e+01, sam_xdsr_test: 7.107e+00
23-11-27 18:17:59.009 : , G_loss_test: 7.677e-02, hsi_likelihood_test: 5.886e-02, msi_likelihood_test: 1.792e-02, regularization_degradation_test: 1.325e-08, regularization_phi_test: 3.822e-02, psnr_xr_test: 1.550e+01, sam_xr_test: 7.538e+00, psnr_yr_test: 1.798e+01, sam_yr_test: 6.787e+00, psnr_zr_test: 1.577e+01, sam_zr_test: 9.862e+00, ssim_zr_test: 8.686e-01, rmse_zr_test: 3.743e+01, ergas_zr_test: 1.323e+00, uqi_zr_test: 8.718e-01, psnr_xdsr_test: 1.884e+01, sam_xdsr_test: 7.107e+00
23-11-27 18:18:04.266 : , G_loss_test: 5.986e-02, hsi_likelihood_test: 3.430e-02, msi_likelihood_test: 2.556e-02, regularization_degradation_test: 8.172e-09, regularization_phi_test: 2.073e-02, psnr_xr_test: 1.939e+01, sam_xr_test: 7.294e+00, psnr_yr_test: 1.524e+01, sam_yr_test: 7.224e+00, psnr_zr_test: 1.939e+01, sam_zr_test: 9.469e+00, ssim_zr_test: 8.642e-01, rmse_zr_test: 2.446e+01, ergas_zr_test: 8.602e-01, uqi_zr_test: 9.204e-01, psnr_xdsr_test: 2.376e+01, sam_xdsr_test: 7.221e+00
23-11-27 18:18:04.267 : , G_loss_test: 5.986e-02, hsi_likelihood_test: 3.430e-02, msi_likelihood_test: 2.556e-02, regularization_degradation_test: 8.172e-09, regularization_phi_test: 2.073e-02, psnr_xr_test: 1.939e+01, sam_xr_test: 7.294e+00, psnr_yr_test: 1.524e+01, sam_yr_test: 7.224e+00, psnr_zr_test: 1.939e+01, sam_zr_test: 9.469e+00, ssim_zr_test: 8.642e-01, rmse_zr_test: 2.446e+01, ergas_zr_test: 8.602e-01, uqi_zr_test: 9.204e-01, psnr_xdsr_test: 2.376e+01, sam_xdsr_test: 7.221e+00
23-11-27 18:18:08.965 : , G_loss_test: 4.702e-02, hsi_likelihood_test: 2.844e-02, msi_likelihood_test: 1.858e-02, regularization_degradation_test: 8.964e-09, regularization_phi_test: 1.873e-02, psnr_xr_test: 2.092e+01, sam_xr_test: 6.905e+00, psnr_yr_test: 1.797e+01, sam_yr_test: nan, psnr_zr_test: 2.081e+01, sam_zr_test: 9.090e+00, ssim_zr_test: 8.748e-01, rmse_zr_test: 2.092e+01, ergas_zr_test: 7.223e-01, uqi_zr_test: 9.376e-01, psnr_xdsr_test: 2.472e+01, sam_xdsr_test: 7.394e+00
23-11-27 18:18:08.965 : , G_loss_test: 4.702e-02, hsi_likelihood_test: 2.844e-02, msi_likelihood_test: 1.858e-02, regularization_degradation_test: 8.964e-09, regularization_phi_test: 1.873e-02, psnr_xr_test: 2.092e+01, sam_xr_test: 6.905e+00, psnr_yr_test: 1.797e+01, sam_yr_test: nan, psnr_zr_test: 2.081e+01, sam_zr_test: 9.090e+00, ssim_zr_test: 8.748e-01, rmse_zr_test: 2.092e+01, ergas_zr_test: 7.223e-01, uqi_zr_test: 9.376e-01, psnr_xdsr_test: 2.472e+01, sam_xdsr_test: 7.394e+00
23-11-27 18:18:13.650 : , G_loss_test: 4.554e-02, hsi_likelihood_test: 3.545e-02, msi_likelihood_test: 1.009e-02, regularization_degradation_test: 1.316e-08, regularization_phi_test: 2.373e-02, psnr_xr_test: 1.943e+01, sam_xr_test: 6.746e+00, psnr_yr_test: 2.260e+01, sam_yr_test: 7.237e+00, psnr_zr_test: 1.957e+01, sam_zr_test: 8.910e+00, ssim_zr_test: 9.008e-01, rmse_zr_test: 2.447e+01, ergas_zr_test: 8.659e-01, uqi_zr_test: 9.373e-01, psnr_xdsr_test: 2.282e+01, sam_xdsr_test: 9.998e+00
23-11-27 18:18:13.651 : , G_loss_test: 4.554e-02, hsi_likelihood_test: 3.545e-02, msi_likelihood_test: 1.009e-02, regularization_degradation_test: 1.316e-08, regularization_phi_test: 2.373e-02, psnr_xr_test: 1.943e+01, sam_xr_test: 6.746e+00, psnr_yr_test: 2.260e+01, sam_yr_test: 7.237e+00, psnr_zr_test: 1.957e+01, sam_zr_test: 8.910e+00, ssim_zr_test: 9.008e-01, rmse_zr_test: 2.447e+01, ergas_zr_test: 8.659e-01, uqi_zr_test: 9.373e-01, psnr_xdsr_test: 2.282e+01, sam_xdsr_test: 9.998e+00
23-11-27 18:18:18.339 : , G_loss_test: 6.767e-02, hsi_likelihood_test: 4.145e-02, msi_likelihood_test: 2.623e-02, regularization_degradation_test: 7.112e-09, regularization_phi_test: 2.332e-02, psnr_xr_test: 1.795e+01, sam_xr_test: 7.125e+00, psnr_yr_test: 1.492e+01, sam_yr_test: 6.869e+00, psnr_zr_test: 1.793e+01, sam_zr_test: 9.519e+00, ssim_zr_test: 8.489e-01, rmse_zr_test: 2.883e+01, ergas_zr_test: 1.003e+00, uqi_zr_test: 9.005e-01, psnr_xdsr_test: 2.266e+01, sam_xdsr_test: 7.022e+00
23-11-27 18:18:18.340 : , G_loss_test: 6.767e-02, hsi_likelihood_test: 4.145e-02, msi_likelihood_test: 2.623e-02, regularization_degradation_test: 7.112e-09, regularization_phi_test: 2.332e-02, psnr_xr_test: 1.795e+01, sam_xr_test: 7.125e+00, psnr_yr_test: 1.492e+01, sam_yr_test: 6.869e+00, psnr_zr_test: 1.793e+01, sam_zr_test: 9.519e+00, ssim_zr_test: 8.489e-01, rmse_zr_test: 2.883e+01, ergas_zr_test: 1.003e+00, uqi_zr_test: 9.005e-01, psnr_xdsr_test: 2.266e+01, sam_xdsr_test: 7.022e+00
23-11-27 18:18:23.192 : , G_loss_test: 2.792e-02, hsi_likelihood_test: 1.822e-02, msi_likelihood_test: 9.700e-03, regularization_degradation_test: 1.077e-08, regularization_phi_test: 6.370e-02, psnr_xr_test: 2.477e+01, sam_xr_test: 6.512e+00, psnr_yr_test: 2.298e+01, sam_yr_test: 6.889e+00, psnr_zr_test: 2.459e+01, sam_zr_test: 8.322e+00, ssim_zr_test: 9.205e-01, rmse_zr_test: 1.387e+01, ergas_zr_test: 4.869e-01, uqi_zr_test: 9.623e-01, psnr_xdsr_test: 1.482e+01, sam_xdsr_test: 7.344e+00
23-11-27 18:18:23.192 : , G_loss_test: 2.792e-02, hsi_likelihood_test: 1.822e-02, msi_likelihood_test: 9.700e-03, regularization_degradation_test: 1.077e-08, regularization_phi_test: 6.370e-02, psnr_xr_test: 2.477e+01, sam_xr_test: 6.512e+00, psnr_yr_test: 2.298e+01, sam_yr_test: 6.889e+00, psnr_zr_test: 2.459e+01, sam_zr_test: 8.322e+00, ssim_zr_test: 9.205e-01, rmse_zr_test: 1.387e+01, ergas_zr_test: 4.869e-01, uqi_zr_test: 9.623e-01, psnr_xdsr_test: 1.482e+01, sam_xdsr_test: 7.344e+00
